sj.sw.js:1 service worker activated, notifying clients to revive
engine.js:173 [lux] Scramjet controller init failed, using server-proxy fallback: Class constructor EpoxyTransport cannot be invoked without 'new'
tryInitController @ engine.js:173
await in tryInitController
init @ engine.js:195
await in init
navigateTab @ tabs.js:141
await in navigateTab
navigate @ main.js:302
(anonymous) @ main.js:180
engine.js:173 [lux] Scramjet controller init failed, using server-proxy fallback: Class constructor EpoxyTransport cannot be invoked without 'new'
tryInitController @ engine.js:173
await in tryInitController
init @ engine.js:195
await in init
mount @ engine.js:203
mountTab @ tab-nav.js:33
navigateTab @ tabs.js:142
await in navigateTab
navigate @ main.js:302
(anonymous) @ main.js:180
sj-proxy?url=https%3A%2F%2Fgoogle.com:1 Setting the document's base URI to 'https://google.com/' violates the following Content Security Policy directive: "base-uri 'self'". The policy is report-only, so the violation has been logged but no further action has been taken.
[NEW] Explain Console errors by using Copilot in Edge: click  to explain an error. Learn moreDon't show again
sj-proxy?url=https%3A%2F%2Fgoogle.com:1 Access to XMLHttpRequest at 'https://google.com/async/hpba?yv=3&cs=0&ei=d8A0aqf8N9CQm9cPrY6E4AQ&async=_basejs:/xjs/_/js/k%3Dxjs.hd.en.rRRcCZse8Zo.2019.O/am%3DAAAAAAAAAAAAAAAAAAAAAAAAAAAAAAAAAAAAAAAAAAAAAAAAAAAAAAAAAAhAAAAAAACAQAAAAAAAAAAAAAAADCAAAAAAAAAAAAAAAAAAAIBAAAAAQAAAAAAAAACAAAAAAAAEAAAAAAAAAAwACAAIIAAAADAAAAAAAAAAAAAAAAAAAABABAAAAAABAMAfDDACAAAAAAAAACQAAAAAAAAAAABYAAAABQAAAAiAAAAAAAAAAAAAAAAAAAAAAAIAAAAAAAAAAAAAABAAAABAAQAAAAABAAAAAAAAAAAAAAAAAAAAAAIAAAAAAAAAAAAAAEAAAAUAAAIAgAAAAAAAAAAAAAAAAACgAwAAAAABAAAAAAAAAAAAAAAAAAA4AAAEBAAAAAAAAAAIBAAIAAAAAB0AgQcYUlMAAAAAAAAAAAAAAAAAAAAAAAAAARTALiQQEAABAAAAAAAAAAAAAAAAAAAAAAAAAACA0FMAAAAAAACLAQ/dg%3D0/rs%3DACT90oFXKPqCzmXEpln-tvq5f91j9v2OvQ?cb%3D121509378,_basecss:/xjs/_/ss/k%3Dxjs.hd.Yojy9DoOLV8.L.W.O/am%3DAAAEBAAAEAAAAAAAAAIAAAAAAAAAAAAAAAAAAAAAAAAQAAAAgBICABAAACAAAAAAEAAAgBpEAAACAAAAAAAIDwAAYAAAAAAAAAAAEAAAAAAAQAAAQAAAAAAAAACAAAAAAAAAAAAAAgAAAAAACAAIIAEAAAQoAAAAAAACAAAAAAAAAAAEBAAAAAAAAAAAAAAEAAAAAAAAMADCACAAAAAAQBgAAAAAAAAAAAAAAAAAAAAAAECQAAgAgIABAAAAACAAAAAAACAAgBCCACBAAQQAAAAAAAAsAAAAAHRAAAQEAAAAAAAAgABAIBACCAAAAEAAAAAIAAIAAgACAgCMoAEASFQIAACiAwAAAAIBAAAAEAAAAAAAAAAAAAAYAQAAAAAAgAUAwBAIBAAAAAAAAAAAAAAAAAMAAAAAAAAAAAAAAAAAAAAAAAAAAAAAAABQ/rs%3DACT90oFkT_XmaEnNHQpmftaNt1WwLxaQXw?cb%3D121509378,_basecomb:/xjs/_/js/k%3Dxjs.hd.en.rRRcCZse8Zo.2019.O/ck%3Dxjs.hd.Yojy9DoOLV8.L.W.O/am%3DAAAEBAAAEAAAAAAAAAIAAAAAAAAAAAAAAAAAAAAAAAAQAAAAgBICABAAAChAAAAAEACAwBpEAAACAAAAAAAIDyAAYAAAAAAAAAAAEAAAAIBAQAAAQAAAAAAAAACAAAAAAAAEAAAAAgAAAAwACAAIIAEAADQoAAAAAAACAAAAAAAAAABEBAAAAAABAMAfDDAGAAAAAAAAMCTCACAAAAAAQBhYAAAABQAAAAiAAAAAAAAAAECQAAgAgIABAAIAACAAAAAAACAAgBCCACBAAQQAAAABAAAsAAAAAHRAAAQEAAAAAAIAgABAIBACCAAAAEAAAAUIAAIAggACAgCMoAEASFQIAACiAwAAAAIBAAAAEAAAAAAAAAAAAAA4AQAEBAAAgAUAwBAIBAAIAAAAAB0AgQcYUlMAAAAAAAAAAAAAAAAAAAAAAAAAARTALiRQEAABAAAAAAAAAAAAAAAAAAAAAAAAAACA0FMAAAAAAACLAQ/d%3D1/ed%3D1/dg%3D0/ujg%3D1/rs%3DACT90oFPiMTqR-hZY7es2_sD8wdxhs5_mA?cb%3D121509378,_fmt:prog,_id:_d8A0aqf8N9CQm9cPrY6E4AQ_10&sp_imghp=false&sp_hpep=2&sp_hpte=0&vet=10ahUKEwjnk9futpKVAxVQyOYEHS0HAUwQj-0KCDs..i' from origin 'http://localhost:8080' has been blocked by CORS policy: No 'Access-Control-Allow-Origin' header is present on the requested resource.
sj-proxy?url=https%3A%2F%2Fgoogle.com:34  GET https://google.com/async/hpba?yv=3&cs=0&ei=d8A0aqf8N9CQm9cPrY6E4AQ&async=_basejs:/xjs/_/js/k%3Dxjs.hd.en.rRRcCZse8Zo.2019.O/am%3DAAAAAAAAAAAAAAAAAAAAAAAAAAAAAAAAAAAAAAAAAAAAAAAAAAAAAAAAAAhAAAAAAACAQAAAAAAAAAAAAAAADCAAAAAAAAAAAAAAAAAAAIBAAAAAQAAAAAAAAACAAAAAAAAEAAAAAAAAAAwACAAIIAAAADAAAAAAAAAAAAAAAAAAAABABAAAAAABAMAfDDACAAAAAAAAACQAAAAAAAAAAABYAAAABQAAAAiAAAAAAAAAAAAAAAAAAAAAAAIAAAAAAAAAAAAAABAAAABAAQAAAAABAAAAAAAAAAAAAAAAAAAAAAIAAAAAAAAAAAAAAEAAAAUAAAIAgAAAAAAAAAAAAAAAAACgAwAAAAABAAAAAAAAAAAAAAAAAAA4AAAEBAAAAAAAAAAIBAAIAAAAAB0AgQcYUlMAAAAAAAAAAAAAAAAAAAAAAAAAARTALiQQEAABAAAAAAAAAAAAAAAAAAAAAAAAAACA0FMAAAAAAACLAQ/dg%3D0/rs%3DACT90oFXKPqCzmXEpln-tvq5f91j9v2OvQ?cb%3D121509378,_basecss:/xjs/_/ss/k%3Dxjs.hd.Yojy9DoOLV8.L.W.O/am%3DAAAEBAAAEAAAAAAAAAIAAAAAAAAAAAAAAAAAAAAAAAAQAAAAgBICABAAACAAAAAAEAAAgBpEAAACAAAAAAAIDwAAYAAAAAAAAAAAEAAAAAAAQAAAQAAAAAAAAACAAAAAAAAAAAAAAgAAAAAACAAIIAEAAAQoAAAAAAACAAAAAAAAAAAEBAAAAAAAAAAAAAAEAAAAAAAAMADCACAAAAAAQBgAAAAAAAAAAAAAAAAAAAAAAECQAAgAgIABAAAAACAAAAAAACAAgBCCACBAAQQAAAAAAAAsAAAAAHRAAAQEAAAAAAAAgABAIBACCAAAAEAAAAAIAAIAAgACAgCMoAEASFQIAACiAwAAAAIBAAAAEAAAAAAAAAAAAAAYAQAAAAAAgAUAwBAIBAAAAAAAAAAAAAAAAAMAAAAAAAAAAAAAAAAAAAAAAAAAAAAAAABQ/rs%3DACT90oFkT_XmaEnNHQpmftaNt1WwLxaQXw?cb%3D121509378,_basecomb:/xjs/_/js/k%3Dxjs.hd.en.rRRcCZse8Zo.2019.O/ck%3Dxjs.hd.Yojy9DoOLV8.L.W.O/am%3DAAAEBAAAEAAAAAAAAAIAAAAAAAAAAAAAAAAAAAAAAAAQAAAAgBICABAAAChAAAAAEACAwBpEAAACAAAAAAAIDyAAYAAAAAAAAAAAEAAAAIBAQAAAQAAAAAAAAACAAAAAAAAEAAAAAgAAAAwACAAIIAEAADQoAAAAAAACAAAAAAAAAABEBAAAAAABAMAfDDAGAAAAAAAAMCTCACAAAAAAQBhYAAAABQAAAAiAAAAAAAAAAECQAAgAgIABAAIAACAAAAAAACAAgBCCACBAAQQAAAABAAAsAAAAAHRAAAQEAAAAAAIAgABAIBACCAAAAEAAAAUIAAIAggACAgCMoAEASFQIAACiAwAAAAIBAAAAEAAAAAAAAAAAAAA4AQAEBAAAgAUAwBAIBAAIAAAAAB0AgQcYUlMAAAAAAAAAAAAAAAAAAAAAAAAAARTALiRQEAABAAAAAAAAAAAAAAAAAAAAAAAAAACA0FMAAAAAAACLAQ/d%3D1/ed%3D1/dg%3D0/ujg%3D1/rs%3DACT90oFPiMTqR-hZY7es2_sD8wdxhs5_mA?cb%3D121509378,_fmt:prog,_id:_d8A0aqf8N9CQm9cPrY6E4AQ_10&sp_imghp=false&sp_hpep=2&sp_hpte=0&vet=10ahUKEwjnk9futpKVAxVQyOYEHS0HAUwQj-0KCDs..i net::ERR_FAILED 404 (Not Found)
(anonymous) @ sj-proxy?url=https%3A%2F%2Fgoogle.com:34
d @ sj-proxy?url=https%3A%2F%2Fgoogle.com:26
pa @ sj-proxy?url=https%3A%2F%2Fgoogle.com:34
e @ sj-proxy?url=https%3A%2F%2Fgoogle.com:27
(anonymous) @ sj-proxy?url=https%3A%2F%2Fgoogle.com:37
(anonymous) @ sj-proxy?url=https%3A%2F%2Fgoogle.com:37
sj-proxy?url=https%3A%2F%2Fgoogle.com:1 Access to XMLHttpRequest at 'https://ogads-pa.clients6.google.com/$rpc/google.internal.onegoogle.asyncdata.v1.AsyncDataService/GetAsyncData' from origin 'http://localhost:8080' has been blocked by CORS policy: Response to preflight request doesn't pass access control check: The value of the 'Access-Control-Allow-Credentials' header in the response is '' which must be 'true' when the request's credentials mode is 'include'. The credentials mode of requests initiated by the XMLHttpRequest is controlled by the withCredentials attribute.
rs=AA2YrTsQS372_IBtlHypMBVngIiWg5aPdw:120  POST https://ogads-pa.clients6.google.com/$rpc/google.internal.onegoogle.asyncdata.v1.AsyncDataService/GetAsyncData net::ERR_FAILED
_.rh.send @ rs=AA2YrTsQS372_IBtlHypMBVngIiWg5aPdw:120
$l @ rs=AA2YrTsQS372_IBtlHypMBVngIiWg5aPdw:291
(anonymous) @ rs=AA2YrTsQS372_IBtlHypMBVngIiWg5aPdw:292
(anonymous) @ rs=AA2YrTsQS372_IBtlHypMBVngIiWg5aPdw:292
am @ rs=AA2YrTsQS372_IBtlHypMBVngIiWg5aPdw:292
_.bm @ rs=AA2YrTsQS372_IBtlHypMBVngIiWg5aPdw:293
QC @ rs=AA2YrTsQS372_IBtlHypMBVngIiWg5aPdw:555
start @ rs=AA2YrTsQS372_IBtlHypMBVngIiWg5aPdw:562
ZC @ rs=AA2YrTsQS372_IBtlHypMBVngIiWg5aPdw:561
(anonymous) @ rs=AA2YrTsQS372_IBtlHypMBVngIiWg5aPdw:564
(anonymous) @ rs=AA2YrTsQS372_IBtlHypMBVngIiWg5aPdw:564
(anonymous) @ rs=AA2YrTsQS372_IBtlHypMBVngIiWg5aPdw:572
m=cdos,cr,hsm,jsa,mb4ZUb,cEt90b,SNUn3,qddgKe,sTsDMc,dtl0hd,eHDfl,YV5bee,d,csi?cb=121509378:756 Uncaught SecurityError: Failed to execute 'replaceState' on 'History': A history state object with URL 'https://google.com/sj-proxy?url=https%3A%2F%2Fgoogle.com' cannot be created in a document with origin 'http://localhost:8080' and URL 'http://localhost:8080/sj-proxy?url=https%3A%2F%2Fgoogle.com'.
_.qqa @ m=cdos,cr,hsm,jsa,mb4ZUb,cEt90b,SNUn3,qddgKe,sTsDMc,dtl0hd,eHDfl,YV5bee,d,csi?cb=121509378:756
gqa @ m=cdos,cr,hsm,jsa,mb4ZUb,cEt90b,SNUn3,qddgKe,sTsDMc,dtl0hd,eHDfl,YV5bee,d,csi?cb=121509378:273
(anonymous) @ m=cdos,cr,hsm,jsa,mb4ZUb,cEt90b,SNUn3,qddgKe,sTsDMc,dtl0hd,eHDfl,YV5bee,d,csi?cb=121509378:271
bqa @ m=cdos,cr,hsm,jsa,mb4ZUb,cEt90b,SNUn3,qddgKe,sTsDMc,dtl0hd,eHDfl,YV5bee,d,csi?cb=121509378:268
k @ m=cdos,cr,hsm,jsa,mb4ZUb,cEt90b,SNUn3,qddgKe,sTsDMc,dtl0hd,eHDfl,YV5bee,d,csi?cb=121509378:269
cqa @ m=cdos,cr,hsm,jsa,mb4ZUb,cEt90b,SNUn3,qddgKe,sTsDMc,dtl0hd,eHDfl,YV5bee,d,csi?cb=121509378:269
eqa @ m=cdos,cr,hsm,jsa,mb4ZUb,cEt90b,SNUn3,qddgKe,sTsDMc,dtl0hd,eHDfl,YV5bee,d,csi?cb=121509378:269
jqa @ m=cdos,cr,hsm,jsa,mb4ZUb,cEt90b,SNUn3,qddgKe,sTsDMc,dtl0hd,eHDfl,YV5bee,d,csi?cb=121509378:271
(anonymous) @ m=cdos,cr,hsm,jsa,mb4ZUb,cEt90b,SNUn3,qddgKe,sTsDMc,dtl0hd,eHDfl,YV5bee,d,csi?cb=121509378:757
Tna.execute @ m=cdos,cr,hsm,jsa,mb4ZUb,cEt90b,SNUn3,qddgKe,sTsDMc,dtl0hd,eHDfl,YV5bee,d,csi?cb=121509378:698
gMa @ m=cdos,cr,hsm,jsa,mb4ZUb,cEt90b,SNUn3,qddgKe,sTsDMc,dtl0hd,eHDfl,YV5bee,d,csi?cb=121509378:699
_.aa.onLoad @ m=cdos,cr,hsm,jsa,mb4ZUb,cEt90b,SNUn3,qddgKe,sTsDMc,dtl0hd,eHDfl,YV5bee,d,csi?cb=121509378:699
go.Rqa @ m=cdos,cr,hsm,jsa,mb4ZUb,cEt90b,SNUn3,qddgKe,sTsDMc,dtl0hd,eHDfl,YV5bee,d,csi?cb=121509378:715
Oha @ m=cdos,cr,hsm,jsa,mb4ZUb,cEt90b,SNUn3,qddgKe,sTsDMc,dtl0hd,eHDfl,YV5bee,d,csi?cb=121509378:717
_.u @ m=cdos,cr,hsm,jsa,mb4ZUb,cEt90b,SNUn3,qddgKe,sTsDMc,dtl0hd,eHDfl,YV5bee,d,csi?cb=121509378:151
(anonymous) @ m=cdos,cr,hsm,jsa,mb4ZUb,cEt90b,SNUn3,qddgKe,sTsDMc,dtl0hd,eHDfl,YV5bee,d,csi?cb=121509378:1062
(anonymous) @ m=cdos,cr,hsm,jsa,mb4ZUb,cEt90b,SNUn3,qddgKe,sTsDMc,dtl0hd,eHDfl,YV5bee,d,csi?cb=121509378:2881
sj-proxy?url=https%3A%2F%2Fgoogle.com:1 Access to fetch at 'https://google.com/xjs/_/js/md=2/k=xjs.hd.en.rRRcCZse8Zo.2019.O/am=AAAAAAAAAAAAAAAAAAAAAAAAAAAAAAAAAAAAAAAAAAAAAAAAAAAAAAAAAAhAAAAAAACAQAAAAAAAAAAAAAAADCAAAAAAAAAAAAAAAAAAAIBAQAAAQAAAAAAAAACAAAAAAAAEAAAAAAAAAAwACAAIIAEAADAIAAAAAAAAAAAAAAAAAABABAAAAAABAMAfDDACAAAAAAAAACQAAAAAAAAAAABYAAAABQAAAAiAAAAAAAAAAAAAAAAAAAAAAAIAAAAAAAAAAAAAABAAAABAAQAAAAABAAAAAAAAAAAAAAAAAAAAAAIAAAAAAAAAAAAAAEAAAAUAAAIAgAAAAAAAAAAAAAAAAACgAwAAAAABAAAAAAAAAAAAAAAAAAA4AAAEBAAAAAAAABAIBAAIAAAAAB0AgQcYUlMAAAAAAAAAAAAAAAAAAAAAAAAAARTALiRQEAABAAAAAAAAAAAAAAAAAAAAAAAAAACA0FMAAAAAAACLAQ/rs=ACT90oHcO9dpqtluHUx_6GfzaXpKT8w-pw?cb=121509378' from origin 'http://localhost:8080' has been blocked by CORS policy: No 'Access-Control-Allow-Origin' header is present on the requested resource.
m=cdos,cr,hsm,jsa,mb4ZUb,cEt90b,SNUn3,qddgKe,sTsDMc,dtl0hd,eHDfl,YV5bee,d,csi?cb=121509378:801  GET https://google.com/xjs/_/js/md=2/k=xjs.hd.en.rRRcCZse8Zo.2019.O/am=AAAAAAAAAAAAAAAAAAAAAAAAAAAAAAAAAAAAAAAAAAAAAAAAAAAAAAAAAAhAAAAAAACAQAAAAAAAAAAAAAAADCAAAAAAAAAAAAAAAAAAAIBAQAAAQAAAAAAAAACAAAAAAAAEAAAAAAAAAAwACAAIIAEAADAIAAAAAAAAAAAAAAAAAABABAAAAAABAMAfDDACAAAAAAAAACQAAAAAAAAAAABYAAAABQAAAAiAAAAAAAAAAAAAAAAAAAAAAAIAAAAAAAAAAAAAABAAAABAAQAAAAABAAAAAAAAAAAAAAAAAAAAAAIAAAAAAAAAAAAAAEAAAAUAAAIAgAAAAAAAAAAAAAAAAACgAwAAAAABAAAAAAAAAAAAAAAAAAA4AAAEBAAAAAAAABAIBAAIAAAAAB0AgQcYUlMAAAAAAAAAAAAAAAAAAAAAAAAAARTALiRQEAABAAAAAAAAAAAAAAAAAAAAAAAAAACA0FMAAAAAAACLAQ/rs=ACT90oHcO9dpqtluHUx_6GfzaXpKT8w-pw?cb=121509378 net::ERR_FAILED 200 (OK)
_.GPa @ m=cdos,cr,hsm,jsa,mb4ZUb,cEt90b,SNUn3,qddgKe,sTsDMc,dtl0hd,eHDfl,YV5bee,d,csi?cb=121509378:801
(anonymous) @ m=cdos,cr,hsm,jsa,mb4ZUb,cEt90b,SNUn3,qddgKe,sTsDMc,dtl0hd,eHDfl,YV5bee,d,csi?cb=121509378:796
(anonymous) @ m=cdos,cr,hsm,jsa,mb4ZUb,cEt90b,SNUn3,qddgKe,sTsDMc,dtl0hd,eHDfl,YV5bee,d,csi?cb=121509378:775
BOa @ m=cdos,cr,hsm,jsa,mb4ZUb,cEt90b,SNUn3,qddgKe,sTsDMc,dtl0hd,eHDfl,YV5bee,d,csi?cb=121509378:775
(anonymous) @ m=cdos,cr,hsm,jsa,mb4ZUb,cEt90b,SNUn3,qddgKe,sTsDMc,dtl0hd,eHDfl,YV5bee,d,csi?cb=121509378:775
COa @ m=cdos,cr,hsm,jsa,mb4ZUb,cEt90b,SNUn3,qddgKe,sTsDMc,dtl0hd,eHDfl,YV5bee,d,csi?cb=121509378:775
DPa @ m=cdos,cr,hsm,jsa,mb4ZUb,cEt90b,SNUn3,qddgKe,sTsDMc,dtl0hd,eHDfl,YV5bee,d,csi?cb=121509378:796
oPa @ m=cdos,cr,hsm,jsa,mb4ZUb,cEt90b,SNUn3,qddgKe,sTsDMc,dtl0hd,eHDfl,YV5bee,d,csi?cb=121509378:792
iPa @ m=cdos,cr,hsm,jsa,mb4ZUb,cEt90b,SNUn3,qddgKe,sTsDMc,dtl0hd,eHDfl,YV5bee,d,csi?cb=121509378:784
kPa @ m=cdos,cr,hsm,jsa,mb4ZUb,cEt90b,SNUn3,qddgKe,sTsDMc,dtl0hd,eHDfl,YV5bee,d,csi?cb=121509378:780
ePa @ m=cdos,cr,hsm,jsa,mb4ZUb,cEt90b,SNUn3,qddgKe,sTsDMc,dtl0hd,eHDfl,YV5bee,d,csi?cb=121509378:782
uMa @ m=cdos,cr,hsm,jsa,mb4ZUb,cEt90b,SNUn3,qddgKe,sTsDMc,dtl0hd,eHDfl,YV5bee,d,csi?cb=121509378:779
go.Oa @ m=cdos,cr,hsm,jsa,mb4ZUb,cEt90b,SNUn3,qddgKe,sTsDMc,dtl0hd,eHDfl,YV5bee,d,csi?cb=121509378:712
sMa @ m=cdos,cr,hsm,jsa,mb4ZUb,cEt90b,SNUn3,qddgKe,sTsDMc,dtl0hd,eHDfl,YV5bee,d,csi?cb=121509378:711
Mta @ m=cdos,cr,hsm,jsa,mb4ZUb,cEt90b,SNUn3,qddgKe,sTsDMc,dtl0hd,eHDfl,YV5bee,d,csi?cb=121509378:710
_.Ota @ m=cdos,cr,hsm,jsa,mb4ZUb,cEt90b,SNUn3,qddgKe,sTsDMc,dtl0hd,eHDfl,YV5bee,d,csi?cb=121509378:321
thl @ m=cdos,cr,hsm,jsa,mb4ZUb,cEt90b,SNUn3,qddgKe,sTsDMc,dtl0hd,eHDfl,YV5bee,d,csi?cb=121509378:2798
(anonymous) @ m=cdos,cr,hsm,jsa,mb4ZUb,cEt90b,SNUn3,qddgKe,sTsDMc,dtl0hd,eHDfl,YV5bee,d,csi?cb=121509378:2799
(anonymous) @ m=cdos,cr,hsm,jsa,mb4ZUb,cEt90b,SNUn3,qddgKe,sTsDMc,dtl0hd,eHDfl,YV5bee,d,csi?cb=121509378:406
Promise.then
then @ m=cdos,cr,hsm,jsa,mb4ZUb,cEt90b,SNUn3,qddgKe,sTsDMc,dtl0hd,eHDfl,YV5bee,d,csi?cb=121509378:420
whl @ m=cdos,cr,hsm,jsa,mb4ZUb,cEt90b,SNUn3,qddgKe,sTsDMc,dtl0hd,eHDfl,YV5bee,d,csi?cb=121509378:2799
xhl @ m=cdos,cr,hsm,jsa,mb4ZUb,cEt90b,SNUn3,qddgKe,sTsDMc,dtl0hd,eHDfl,YV5bee,d,csi?cb=121509378:2799
(anonymous) @ m=cdos,cr,hsm,jsa,mb4ZUb,cEt90b,SNUn3,qddgKe,sTsDMc,dtl0hd,eHDfl,YV5bee,d,csi?cb=121509378:2800
(anonymous) @ m=cdos,cr,hsm,jsa,mb4ZUb,cEt90b,SNUn3,qddgKe,sTsDMc,dtl0hd,eHDfl,YV5bee,d,csi?cb=121509378:2800
(anonymous) @ m=cdos,cr,hsm,jsa,mb4ZUb,cEt90b,SNUn3,qddgKe,sTsDMc,dtl0hd,eHDfl,YV5bee,d,csi?cb=121509378:406
e.wa @ m=cdos,cr,hsm,jsa,mb4ZUb,cEt90b,SNUn3,qddgKe,sTsDMc,dtl0hd,eHDfl,YV5bee,d,csi?cb=121509378:594
QIa @ m=cdos,cr,hsm,jsa,mb4ZUb,cEt90b,SNUn3,qddgKe,sTsDMc,dtl0hd,eHDfl,YV5bee,d,csi?cb=121509378:597
MIa @ m=cdos,cr,hsm,jsa,mb4ZUb,cEt90b,SNUn3,qddgKe,sTsDMc,dtl0hd,eHDfl,YV5bee,d,csi?cb=121509378:597
_.Lg.t4a @ m=cdos,cr,hsm,jsa,mb4ZUb,cEt90b,SNUn3,qddgKe,sTsDMc,dtl0hd,eHDfl,YV5bee,d,csi?cb=121509378:597
wla @ m=cdos,cr,hsm,jsa,mb4ZUb,cEt90b,SNUn3,qddgKe,sTsDMc,dtl0hd,eHDfl,YV5bee,d,csi?cb=121509378:200
(anonymous) @ m=cdos,cr,hsm,jsa,mb4ZUb,cEt90b,SNUn3,qddgKe,sTsDMc,dtl0hd,eHDfl,YV5bee,d,csi?cb=121509378:406
Promise.then
then @ m=cdos,cr,hsm,jsa,mb4ZUb,cEt90b,SNUn3,qddgKe,sTsDMc,dtl0hd,eHDfl,YV5bee,d,csi?cb=121509378:420
sIa @ m=cdos,cr,hsm,jsa,mb4ZUb,cEt90b,SNUn3,qddgKe,sTsDMc,dtl0hd,eHDfl,YV5bee,d,csi?cb=121509378:588
_.wn @ m=cdos,cr,hsm,jsa,mb4ZUb,cEt90b,SNUn3,qddgKe,sTsDMc,dtl0hd,eHDfl,YV5bee,d,csi?cb=121509378:588
W6a @ m=cdos,cr,hsm,jsa,mb4ZUb,cEt90b,SNUn3,qddgKe,sTsDMc,dtl0hd,eHDfl,YV5bee,d,csi?cb=121509378:979
Oza.Ga @ m=cdos,cr,hsm,jsa,mb4ZUb,cEt90b,SNUn3,qddgKe,sTsDMc,dtl0hd,eHDfl,YV5bee,d,csi?cb=121509378:980
M6a @ m=cdos,cr,hsm,jsa,mb4ZUb,cEt90b,SNUn3,qddgKe,sTsDMc,dtl0hd,eHDfl,YV5bee,d,csi?cb=121509378:976
execute @ m=cdos,cr,hsm,jsa,mb4ZUb,cEt90b,SNUn3,qddgKe,sTsDMc,dtl0hd,eHDfl,YV5bee,d,csi?cb=121509378:977
(anonymous) @ m=cdos,cr,hsm,jsa,mb4ZUb,cEt90b,SNUn3,qddgKe,sTsDMc,dtl0hd,eHDfl,YV5bee,d,csi?cb=121509378:1035
(anonymous) @ m=cdos,cr,hsm,jsa,mb4ZUb,cEt90b,SNUn3,qddgKe,sTsDMc,dtl0hd,eHDfl,YV5bee,d,csi?cb=121509378:406
a.port1.onmessage @ m=cdos,cr,hsm,jsa,mb4ZUb,cEt90b,SNUn3,qddgKe,sTsDMc,dtl0hd,eHDfl,YV5bee,d,csi?cb=121509378:588
postMessage
(anonymous) @ m=cdos,cr,hsm,jsa,mb4ZUb,cEt90b,SNUn3,qddgKe,sTsDMc,dtl0hd,eHDfl,YV5bee,d,csi?cb=121509378:588
_.ie @ m=cdos,cr,hsm,jsa,mb4ZUb,cEt90b,SNUn3,qddgKe,sTsDMc,dtl0hd,eHDfl,YV5bee,d,csi?cb=121509378:200
Acb @ m=cdos,cr,hsm,jsa,mb4ZUb,cEt90b,SNUn3,qddgKe,sTsDMc,dtl0hd,eHDfl,YV5bee,d,csi?cb=121509378:1035
Aa @ m=cdos,cr,hsm,jsa,mb4ZUb,cEt90b,SNUn3,qddgKe,sTsDMc,dtl0hd,eHDfl,YV5bee,d,csi?cb=121509378:1035
ZVa @ m=cdos,cr,hsm,jsa,mb4ZUb,cEt90b,SNUn3,qddgKe,sTsDMc,dtl0hd,eHDfl,YV5bee,d,csi?cb=121509378:1023
(anonymous) @ m=cdos,cr,hsm,jsa,mb4ZUb,cEt90b,SNUn3,qddgKe,sTsDMc,dtl0hd,eHDfl,YV5bee,d,csi?cb=121509378:979
wla @ m=cdos,cr,hsm,jsa,mb4ZUb,cEt90b,SNUn3,qddgKe,sTsDMc,dtl0hd,eHDfl,YV5bee,d,csi?cb=121509378:200
(anonymous) @ m=cdos,cr,hsm,jsa,mb4ZUb,cEt90b,SNUn3,qddgKe,sTsDMc,dtl0hd,eHDfl,YV5bee,d,csi?cb=121509378:406
Promise.then
then @ m=cdos,cr,hsm,jsa,mb4ZUb,cEt90b,SNUn3,qddgKe,sTsDMc,dtl0hd,eHDfl,YV5bee,d,csi?cb=121509378:420
sIa @ m=cdos,cr,hsm,jsa,mb4ZUb,cEt90b,SNUn3,qddgKe,sTsDMc,dtl0hd,eHDfl,YV5bee,d,csi?cb=121509378:588
_.wn @ m=cdos,cr,hsm,jsa,mb4ZUb,cEt90b,SNUn3,qddgKe,sTsDMc,dtl0hd,eHDfl,YV5bee,d,csi?cb=121509378:588
NIa @ m=cdos,cr,hsm,jsa,mb4ZUb,cEt90b,SNUn3,qddgKe,sTsDMc,dtl0hd,eHDfl,YV5bee,d,csi?cb=121509378:596
_.Lg.OP @ m=cdos,cr,hsm,jsa,mb4ZUb,cEt90b,SNUn3,qddgKe,sTsDMc,dtl0hd,eHDfl,YV5bee,d,csi?cb=121509378:595
(anonymous) @ m=cdos,cr,hsm,jsa,mb4ZUb,cEt90b,SNUn3,qddgKe,sTsDMc,dtl0hd,eHDfl,YV5bee,d,csi?cb=121509378:589
AXa @ m=cdos,cr,hsm,jsa,mb4ZUb,cEt90b,SNUn3,qddgKe,sTsDMc,dtl0hd,eHDfl,YV5bee,d,csi?cb=121509378:945
initialize @ m=cdos,cr,hsm,jsa,mb4ZUb,cEt90b,SNUn3,qddgKe,sTsDMc,dtl0hd,eHDfl,YV5bee,d,csi?cb=121509378:946
_.aa.onLoad @ m=cdos,cr,hsm,jsa,mb4ZUb,cEt90b,SNUn3,qddgKe,sTsDMc,dtl0hd,eHDfl,YV5bee,d,csi?cb=121509378:699
oMa @ m=cdos,cr,hsm,jsa,mb4ZUb,cEt90b,SNUn3,qddgKe,sTsDMc,dtl0hd,eHDfl,YV5bee,d,csi?cb=121509378:714
go.Abb @ m=cdos,cr,hsm,jsa,mb4ZUb,cEt90b,SNUn3,qddgKe,sTsDMc,dtl0hd,eHDfl,YV5bee,d,csi?cb=121509378:705
_._ModuleManager_initialize @ m=cdos,cr,hsm,jsa,mb4ZUb,cEt90b,SNUn3,qddgKe,sTsDMc,dtl0hd,eHDfl,YV5bee,d,csi?cb=121509378:1046
(anonymous) @ m=cdos,cr,hsm,jsa,mb4ZUb,cEt90b,SNUn3,qddgKe,sTsDMc,dtl0hd,eHDfl,YV5bee,d,csi?cb=121509378:1047
(anonymous) @ m=cdos,cr,hsm,jsa,mb4ZUb,cEt90b,SNUn3,qddgKe,sTsDMc,dtl0hd,eHDfl,YV5bee,d,csi?cb=121509378:2881
sj-proxy?url=https%3A%2F%2Fgoogle.com:1 Access to XMLHttpRequest at 'https://google.com/complete/s?q&cp=0&client=gws-wiz&xssi=t&gs_pcrt=2&hl=en&authuser=0&psi=d8A0aqf8N9CQm9cPrY6E4AQ.1781842040456&dpr=1&nolsbt=1' from origin 'http://localhost:8080' has been blocked by CORS policy: No 'Access-Control-Allow-Origin' header is present on the requested resource.
m=cdos,cr,hsm,jsa,mb4ZUb,cEt90b,SNUn3,qddgKe,sTsDMc,dtl0hd,eHDfl,YV5bee,d,csi?cb=121509378:422  GET https://google.com/complete/s?q&cp=0&client=gws-wiz&xssi=t&gs_pcrt=2&hl=en&authuser=0&psi=d8A0aqf8N9CQm9cPrY6E4AQ.1781842040456&dpr=1&nolsbt=1 net::ERR_FAILED 200 (OK)
(anonymous) @ m=cdos,cr,hsm,jsa,mb4ZUb,cEt90b,SNUn3,qddgKe,sTsDMc,dtl0hd,eHDfl,YV5bee,d,csi?cb=121509378:422
_.aa.send @ m=cdos,cr,hsm,jsa,mb4ZUb,cEt90b,SNUn3,qddgKe,sTsDMc,dtl0hd,eHDfl,YV5bee,d,csi?cb=121509378:991
(anonymous) @ m=cdos,cr,hsm,jsa,mb4ZUb,cEt90b,SNUn3,qddgKe,sTsDMc,dtl0hd,eHDfl,YV5bee,d,csi?cb=121509378:2472
Oa @ m=cdos,cr,hsm,jsa,mb4ZUb,cEt90b,SNUn3,qddgKe,sTsDMc,dtl0hd,eHDfl,YV5bee,d,csi?cb=121509378:2471
p7d @ m=cdos,cr,hsm,jsa,mb4ZUb,cEt90b,SNUn3,qddgKe,sTsDMc,dtl0hd,eHDfl,YV5bee,d,csi?cb=121509378:2465
uH @ m=cdos,cr,hsm,jsa,mb4ZUb,cEt90b,SNUn3,qddgKe,sTsDMc,dtl0hd,eHDfl,YV5bee,d,csi?cb=121509378:2471
uH @ m=cdos,cr,hsm,jsa,mb4ZUb,cEt90b,SNUn3,qddgKe,sTsDMc,dtl0hd,eHDfl,YV5bee,d,csi?cb=121509378:2593
D8d.oa @ m=cdos,cr,hsm,jsa,mb4ZUb,cEt90b,SNUn3,qddgKe,sTsDMc,dtl0hd,eHDfl,YV5bee,d,csi?cb=121509378:2593
Ow @ m=cdos,cr,hsm,jsa,mb4ZUb,cEt90b,SNUn3,qddgKe,sTsDMc,dtl0hd,eHDfl,YV5bee,d,csi?cb=121509378:1910
initialize @ m=cdos,cr,hsm,jsa,mb4ZUb,cEt90b,SNUn3,qddgKe,sTsDMc,dtl0hd,eHDfl,YV5bee,d,csi?cb=121509378:1953
M9d @ m=cdos,cr,hsm,jsa,mb4ZUb,cEt90b,SNUn3,qddgKe,sTsDMc,dtl0hd,eHDfl,YV5bee,d,csi?cb=121509378:2597
nJ @ m=cdos,cr,hsm,jsa,mb4ZUb,cEt90b,SNUn3,qddgKe,sTsDMc,dtl0hd,eHDfl,YV5bee,d,csi?cb=121509378:2612
(anonymous) @ m=cdos,cr,hsm,jsa,mb4ZUb,cEt90b,SNUn3,qddgKe,sTsDMc,dtl0hd,eHDfl,YV5bee,d,csi?cb=121509378:735
(anonymous) @ m=cdos,cr,hsm,jsa,mb4ZUb,cEt90b,SNUn3,qddgKe,sTsDMc,dtl0hd,eHDfl,YV5bee,d,csi?cb=121509378:735
rpa @ m=cdos,cr,hsm,jsa,mb4ZUb,cEt90b,SNUn3,qddgKe,sTsDMc,dtl0hd,eHDfl,YV5bee,d,csi?cb=121509378:257
(anonymous) @ m=cdos,cr,hsm,jsa,mb4ZUb,cEt90b,SNUn3,qddgKe,sTsDMc,dtl0hd,eHDfl,YV5bee,d,csi?cb=121509378:735
(anonymous) @ m=cdos,cr,hsm,jsa,mb4ZUb,cEt90b,SNUn3,qddgKe,sTsDMc,dtl0hd,eHDfl,YV5bee,d,csi?cb=121509378:725
b @ m=cdos,cr,hsm,jsa,mb4ZUb,cEt90b,SNUn3,qddgKe,sTsDMc,dtl0hd,eHDfl,YV5bee,d,csi?cb=121509378:723
(anonymous) @ m=cdos,cr,hsm,jsa,mb4ZUb,cEt90b,SNUn3,qddgKe,sTsDMc,dtl0hd,eHDfl,YV5bee,d,csi?cb=121509378:724
b @ m=cdos,cr,hsm,jsa,mb4ZUb,cEt90b,SNUn3,qddgKe,sTsDMc,dtl0hd,eHDfl,YV5bee,d,csi?cb=121509378:723
(anonymous) @ m=cdos,cr,hsm,jsa,mb4ZUb,cEt90b,SNUn3,qddgKe,sTsDMc,dtl0hd,eHDfl,YV5bee,d,csi?cb=121509378:724
b @ m=cdos,cr,hsm,jsa,mb4ZUb,cEt90b,SNUn3,qddgKe,sTsDMc,dtl0hd,eHDfl,YV5bee,d,csi?cb=121509378:723
(anonymous) @ m=cdos,cr,hsm,jsa,mb4ZUb,cEt90b,SNUn3,qddgKe,sTsDMc,dtl0hd,eHDfl,YV5bee,d,csi?cb=121509378:724
b @ m=cdos,cr,hsm,jsa,mb4ZUb,cEt90b,SNUn3,qddgKe,sTsDMc,dtl0hd,eHDfl,YV5bee,d,csi?cb=121509378:723
(anonymous) @ m=cdos,cr,hsm,jsa,mb4ZUb,cEt90b,SNUn3,qddgKe,sTsDMc,dtl0hd,eHDfl,YV5bee,d,csi?cb=121509378:722
b @ m=cdos,cr,hsm,jsa,mb4ZUb,cEt90b,SNUn3,qddgKe,sTsDMc,dtl0hd,eHDfl,YV5bee,d,csi?cb=121509378:723
(anonymous) @ m=cdos,cr,hsm,jsa,mb4ZUb,cEt90b,SNUn3,qddgKe,sTsDMc,dtl0hd,eHDfl,YV5bee,d,csi?cb=121509378:724
b @ m=cdos,cr,hsm,jsa,mb4ZUb,cEt90b,SNUn3,qddgKe,sTsDMc,dtl0hd,eHDfl,YV5bee,d,csi?cb=121509378:723
(anonymous) @ m=cdos,cr,hsm,jsa,mb4ZUb,cEt90b,SNUn3,qddgKe,sTsDMc,dtl0hd,eHDfl,YV5bee,d,csi?cb=121509378:724
b @ m=cdos,cr,hsm,jsa,mb4ZUb,cEt90b,SNUn3,qddgKe,sTsDMc,dtl0hd,eHDfl,YV5bee,d,csi?cb=121509378:723
(anonymous) @ m=cdos,cr,hsm,jsa,mb4ZUb,cEt90b,SNUn3,qddgKe,sTsDMc,dtl0hd,eHDfl,YV5bee,d,csi?cb=121509378:722
b @ m=cdos,cr,hsm,jsa,mb4ZUb,cEt90b,SNUn3,qddgKe,sTsDMc,dtl0hd,eHDfl,YV5bee,d,csi?cb=121509378:723
(anonymous) @ m=cdos,cr,hsm,jsa,mb4ZUb,cEt90b,SNUn3,qddgKe,sTsDMc,dtl0hd,eHDfl,YV5bee,d,csi?cb=121509378:724
b @ m=cdos,cr,hsm,jsa,mb4ZUb,cEt90b,SNUn3,qddgKe,sTsDMc,dtl0hd,eHDfl,YV5bee,d,csi?cb=121509378:723
(anonymous) @ m=cdos,cr,hsm,jsa,mb4ZUb,cEt90b,SNUn3,qddgKe,sTsDMc,dtl0hd,eHDfl,YV5bee,d,csi?cb=121509378:406
e.wa @ m=cdos,cr,hsm,jsa,mb4ZUb,cEt90b,SNUn3,qddgKe,sTsDMc,dtl0hd,eHDfl,YV5bee,d,csi?cb=121509378:594
QIa @ m=cdos,cr,hsm,jsa,mb4ZUb,cEt90b,SNUn3,qddgKe,sTsDMc,dtl0hd,eHDfl,YV5bee,d,csi?cb=121509378:597
MIa @ m=cdos,cr,hsm,jsa,mb4ZUb,cEt90b,SNUn3,qddgKe,sTsDMc,dtl0hd,eHDfl,YV5bee,d,csi?cb=121509378:597
_.Lg.t4a @ m=cdos,cr,hsm,jsa,mb4ZUb,cEt90b,SNUn3,qddgKe,sTsDMc,dtl0hd,eHDfl,YV5bee,d,csi?cb=121509378:597
wla @ m=cdos,cr,hsm,jsa,mb4ZUb,cEt90b,SNUn3,qddgKe,sTsDMc,dtl0hd,eHDfl,YV5bee,d,csi?cb=121509378:200
(anonymous) @ m=cdos,cr,hsm,jsa,mb4ZUb,cEt90b,SNUn3,qddgKe,sTsDMc,dtl0hd,eHDfl,YV5bee,d,csi?cb=121509378:406
Promise.then
then @ m=cdos,cr,hsm,jsa,mb4ZUb,cEt90b,SNUn3,qddgKe,sTsDMc,dtl0hd,eHDfl,YV5bee,d,csi?cb=121509378:420
sIa @ m=cdos,cr,hsm,jsa,mb4ZUb,cEt90b,SNUn3,qddgKe,sTsDMc,dtl0hd,eHDfl,YV5bee,d,csi?cb=121509378:588
_.wn @ m=cdos,cr,hsm,jsa,mb4ZUb,cEt90b,SNUn3,qddgKe,sTsDMc,dtl0hd,eHDfl,YV5bee,d,csi?cb=121509378:588
NIa @ m=cdos,cr,hsm,jsa,mb4ZUb,cEt90b,SNUn3,qddgKe,sTsDMc,dtl0hd,eHDfl,YV5bee,d,csi?cb=121509378:596
_.Lg.OP @ m=cdos,cr,hsm,jsa,mb4ZUb,cEt90b,SNUn3,qddgKe,sTsDMc,dtl0hd,eHDfl,YV5bee,d,csi?cb=121509378:595
(anonymous) @ m=cdos,cr,hsm,jsa,mb4ZUb,cEt90b,SNUn3,qddgKe,sTsDMc,dtl0hd,eHDfl,YV5bee,d,csi?cb=121509378:589
f @ m=cdos,cr,hsm,jsa,mb4ZUb,cEt90b,SNUn3,qddgKe,sTsDMc,dtl0hd,eHDfl,YV5bee,d,csi?cb=121509378:591
(anonymous) @ m=cdos,cr,hsm,jsa,mb4ZUb,cEt90b,SNUn3,qddgKe,sTsDMc,dtl0hd,eHDfl,YV5bee,d,csi?cb=121509378:428
g @ m=cdos,cr,hsm,jsa,mb4ZUb,cEt90b,SNUn3,qddgKe,sTsDMc,dtl0hd,eHDfl,YV5bee,d,csi?cb=121509378:596
(anonymous) @ m=cdos,cr,hsm,jsa,mb4ZUb,cEt90b,SNUn3,qddgKe,sTsDMc,dtl0hd,eHDfl,YV5bee,d,csi?cb=121509378:406
Promise.then
then @ m=cdos,cr,hsm,jsa,mb4ZUb,cEt90b,SNUn3,qddgKe,sTsDMc,dtl0hd,eHDfl,YV5bee,d,csi?cb=121509378:420
PIa @ m=cdos,cr,hsm,jsa,mb4ZUb,cEt90b,SNUn3,qddgKe,sTsDMc,dtl0hd,eHDfl,YV5bee,d,csi?cb=121509378:596
DIa @ m=cdos,cr,hsm,jsa,mb4ZUb,cEt90b,SNUn3,qddgKe,sTsDMc,dtl0hd,eHDfl,YV5bee,d,csi?cb=121509378:596
_.EIa @ m=cdos,cr,hsm,jsa,mb4ZUb,cEt90b,SNUn3,qddgKe,sTsDMc,dtl0hd,eHDfl,YV5bee,d,csi?cb=121509378:590
(anonymous) @ m=cdos,cr,hsm,jsa,mb4ZUb,cEt90b,SNUn3,qddgKe,sTsDMc,dtl0hd,eHDfl,YV5bee,d,csi?cb=121509378:591
_.Lg @ m=cdos,cr,hsm,jsa,mb4ZUb,cEt90b,SNUn3,qddgKe,sTsDMc,dtl0hd,eHDfl,YV5bee,d,csi?cb=121509378:589
_.Eh @ m=cdos,cr,hsm,jsa,mb4ZUb,cEt90b,SNUn3,qddgKe,sTsDMc,dtl0hd,eHDfl,YV5bee,d,csi?cb=121509378:591
RMa @ m=cdos,cr,hsm,jsa,mb4ZUb,cEt90b,SNUn3,qddgKe,sTsDMc,dtl0hd,eHDfl,YV5bee,d,csi?cb=121509378:725
UMa @ m=cdos,cr,hsm,jsa,mb4ZUb,cEt90b,SNUn3,qddgKe,sTsDMc,dtl0hd,eHDfl,YV5bee,d,csi?cb=121509378:728
_.SMa @ m=cdos,cr,hsm,jsa,mb4ZUb,cEt90b,SNUn3,qddgKe,sTsDMc,dtl0hd,eHDfl,YV5bee,d,csi?cb=121509378:726
(anonymous) @ m=cdos,cr,hsm,jsa,mb4ZUb,cEt90b,SNUn3,qddgKe,sTsDMc,dtl0hd,eHDfl,YV5bee,d,csi?cb=121509378:725
_.vf @ m=cdos,cr,hsm,jsa,mb4ZUb,cEt90b,SNUn3,qddgKe,sTsDMc,dtl0hd,eHDfl,YV5bee,d,csi?cb=121509378:723
_.Noa @ m=cdos,cr,hsm,jsa,mb4ZUb,cEt90b,SNUn3,qddgKe,sTsDMc,dtl0hd,eHDfl,YV5bee,d,csi?cb=121509378:725
_.jXa @ m=cdos,cr,hsm,jsa,mb4ZUb,cEt90b,SNUn3,qddgKe,sTsDMc,dtl0hd,eHDfl,YV5bee,d,csi?cb=121509378:927
cG @ m=cdos,cr,hsm,jsa,mb4ZUb,cEt90b,SNUn3,qddgKe,sTsDMc,dtl0hd,eHDfl,YV5bee,d,csi?cb=121509378:942
nXa @ m=cdos,cr,hsm,jsa,mb4ZUb,cEt90b,SNUn3,qddgKe,sTsDMc,dtl0hd,eHDfl,YV5bee,d,csi?cb=121509378:934
oXa @ m=cdos,cr,hsm,jsa,mb4ZUb,cEt90b,SNUn3,qddgKe,sTsDMc,dtl0hd,eHDfl,YV5bee,d,csi?cb=121509378:933
(anonymous) @ m=cdos,cr,hsm,jsa,mb4ZUb,cEt90b,SNUn3,qddgKe,sTsDMc,dtl0hd,eHDfl,YV5bee,d,csi?cb=121509378:943
OWa.qM.MWa.MCa @ m=cdos,cr,hsm,jsa,mb4ZUb,cEt90b,SNUn3,qddgKe,sTsDMc,dtl0hd,eHDfl,YV5bee,d,csi?cb=121509378:920
dispatch @ m=cdos,cr,hsm,jsa,mb4ZUb,cEt90b,SNUn3,qddgKe,sTsDMc,dtl0hd,eHDfl,YV5bee,d,csi?cb=121509378:920
dispatch @ m=cdos,cr,hsm,jsa,mb4ZUb,cEt90b,SNUn3,qddgKe,sTsDMc,dtl0hd,eHDfl,YV5bee,d,csi?cb=121509378:921
(anonymous) @ m=cdos,cr,hsm,jsa,mb4ZUb,cEt90b,SNUn3,qddgKe,sTsDMc,dtl0hd,eHDfl,YV5bee,d,csi?cb=121509378:380
F @ sj-proxy?url=https%3A%2F%2Fgoogle.com:18
E.handleEvent @ sj-proxy?url=https%3A%2F%2Fgoogle.com:18
f @ sj-proxy?url=https%3A%2F%2Fgoogle.com:18
trigger @ sj-proxy?url=https%3A%2F%2Fgoogle.com:18
trigger @ m=cdos,cr,hsm,jsa,mb4ZUb,cEt90b,SNUn3,qddgKe,sTsDMc,dtl0hd,eHDfl,YV5bee,d,csi?cb=121509378:942
xra @ m=cdos,cr,hsm,jsa,mb4ZUb,cEt90b,SNUn3,qddgKe,sTsDMc,dtl0hd,eHDfl,YV5bee,d,csi?cb=121509378:927
_.Sg @ m=cdos,cr,hsm,jsa,mb4ZUb,cEt90b,SNUn3,qddgKe,sTsDMc,dtl0hd,eHDfl,YV5bee,d,csi?cb=121509378:288
(anonymous) @ m=cdos,cr,hsm,jsa,mb4ZUb,cEt90b,SNUn3,qddgKe,sTsDMc,dtl0hd,eHDfl,YV5bee,d,csi?cb=121509378:808
YPa @ m=cdos,cr,hsm,jsa,mb4ZUb,cEt90b,SNUn3,qddgKe,sTsDMc,dtl0hd,eHDfl,YV5bee,d,csi?cb=121509378:808
ZPa @ m=cdos,cr,hsm,jsa,mb4ZUb,cEt90b,SNUn3,qddgKe,sTsDMc,dtl0hd,eHDfl,YV5bee,d,csi?cb=121509378:805
QPa @ m=cdos,cr,hsm,jsa,mb4ZUb,cEt90b,SNUn3,qddgKe,sTsDMc,dtl0hd,eHDfl,YV5bee,d,csi?cb=121509378:807
PPa @ m=cdos,cr,hsm,jsa,mb4ZUb,cEt90b,SNUn3,qddgKe,sTsDMc,dtl0hd,eHDfl,YV5bee,d,csi?cb=121509378:801
(anonymous) @ m=cdos,cr,hsm,jsa,mb4ZUb,cEt90b,SNUn3,qddgKe,sTsDMc,dtl0hd,eHDfl,YV5bee,d,csi?cb=121509378:809
a.Ba @ m=cdos,cr,hsm,jsa,mb4ZUb,cEt90b,SNUn3,qddgKe,sTsDMc,dtl0hd,eHDfl,YV5bee,d,csi?cb=121509378:811
(anonymous) @ m=cdos,cr,hsm,jsa,mb4ZUb,cEt90b,SNUn3,qddgKe,sTsDMc,dtl0hd,eHDfl,YV5bee,d,csi?cb=121509378:406
a.port1.onmessage @ m=cdos,cr,hsm,jsa,mb4ZUb,cEt90b,SNUn3,qddgKe,sTsDMc,dtl0hd,eHDfl,YV5bee,d,csi?cb=121509378:588
postMessage
(anonymous) @ m=cdos,cr,hsm,jsa,mb4ZUb,cEt90b,SNUn3,qddgKe,sTsDMc,dtl0hd,eHDfl,YV5bee,d,csi?cb=121509378:588
_.ie @ m=cdos,cr,hsm,jsa,mb4ZUb,cEt90b,SNUn3,qddgKe,sTsDMc,dtl0hd,eHDfl,YV5bee,d,csi?cb=121509378:200
Ra @ m=cdos,cr,hsm,jsa,mb4ZUb,cEt90b,SNUn3,qddgKe,sTsDMc,dtl0hd,eHDfl,YV5bee,d,csi?cb=121509378:809
(anonymous) @ m=cdos,cr,hsm,jsa,mb4ZUb,cEt90b,SNUn3,qddgKe,sTsDMc,dtl0hd,eHDfl,YV5bee,d,csi?cb=121509378:811
_.Lg @ m=cdos,cr,hsm,jsa,mb4ZUb,cEt90b,SNUn3,qddgKe,sTsDMc,dtl0hd,eHDfl,YV5bee,d,csi?cb=121509378:589
_.cQa @ m=cdos,cr,hsm,jsa,mb4ZUb,cEt90b,SNUn3,qddgKe,sTsDMc,dtl0hd,eHDfl,YV5bee,d,csi?cb=121509378:811
dirty @ m=cdos,cr,hsm,jsa,mb4ZUb,cEt90b,SNUn3,qddgKe,sTsDMc,dtl0hd,eHDfl,YV5bee,d,csi?cb=121509378:809
dirty @ m=cdos,cr,hsm,jsa,mb4ZUb,cEt90b,SNUn3,qddgKe,sTsDMc,dtl0hd,eHDfl,YV5bee,d,csi?cb=121509378:946
(anonymous) @ m=cdos,cr,hsm,jsa,mb4ZUb,cEt90b,SNUn3,qddgKe,sTsDMc,dtl0hd,eHDfl,YV5bee,d,csi?cb=121509378:946
(anonymous) @ m=cdos,cr,hsm,jsa,mb4ZUb,cEt90b,SNUn3,qddgKe,sTsDMc,dtl0hd,eHDfl,YV5bee,d,csi?cb=121509378:237
oa @ m=cdos,cr,hsm,jsa,mb4ZUb,cEt90b,SNUn3,qddgKe,sTsDMc,dtl0hd,eHDfl,YV5bee,d,csi?cb=121509378:977
execute @ m=cdos,cr,hsm,jsa,mb4ZUb,cEt90b,SNUn3,qddgKe,sTsDMc,dtl0hd,eHDfl,YV5bee,d,csi?cb=121509378:977
(anonymous) @ m=cdos,cr,hsm,jsa,mb4ZUb,cEt90b,SNUn3,qddgKe,sTsDMc,dtl0hd,eHDfl,YV5bee,d,csi?cb=121509378:1035
(anonymous) @ m=cdos,cr,hsm,jsa,mb4ZUb,cEt90b,SNUn3,qddgKe,sTsDMc,dtl0hd,eHDfl,YV5bee,d,csi?cb=121509378:406
a.port1.onmessage @ m=cdos,cr,hsm,jsa,mb4ZUb,cEt90b,SNUn3,qddgKe,sTsDMc,dtl0hd,eHDfl,YV5bee,d,csi?cb=121509378:588
postMessage
(anonymous) @ m=cdos,cr,hsm,jsa,mb4ZUb,cEt90b,SNUn3,qddgKe,sTsDMc,dtl0hd,eHDfl,YV5bee,d,csi?cb=121509378:588
_.ie @ m=cdos,cr,hsm,jsa,mb4ZUb,cEt90b,SNUn3,qddgKe,sTsDMc,dtl0hd,eHDfl,YV5bee,d,csi?cb=121509378:200
Acb @ m=cdos,cr,hsm,jsa,mb4ZUb,cEt90b,SNUn3,qddgKe,sTsDMc,dtl0hd,eHDfl,YV5bee,d,csi?cb=121509378:1035
Aa @ m=cdos,cr,hsm,jsa,mb4ZUb,cEt90b,SNUn3,qddgKe,sTsDMc,dtl0hd,eHDfl,YV5bee,d,csi?cb=121509378:1035
ZVa @ m=cdos,cr,hsm,jsa,mb4ZUb,cEt90b,SNUn3,qddgKe,sTsDMc,dtl0hd,eHDfl,YV5bee,d,csi?cb=121509378:1023
(anonymous) @ m=cdos,cr,hsm,jsa,mb4ZUb,cEt90b,SNUn3,qddgKe,sTsDMc,dtl0hd,eHDfl,YV5bee,d,csi?cb=121509378:979
wla @ m=cdos,cr,hsm,jsa,mb4ZUb,cEt90b,SNUn3,qddgKe,sTsDMc,dtl0hd,eHDfl,YV5bee,d,csi?cb=121509378:200
(anonymous) @ m=cdos,cr,hsm,jsa,mb4ZUb,cEt90b,SNUn3,qddgKe,sTsDMc,dtl0hd,eHDfl,YV5bee,d,csi?cb=121509378:406
Promise.then
then @ m=cdos,cr,hsm,jsa,mb4ZUb,cEt90b,SNUn3,qddgKe,sTsDMc,dtl0hd,eHDfl,YV5bee,d,csi?cb=121509378:420
sIa @ m=cdos,cr,hsm,jsa,mb4ZUb,cEt90b,SNUn3,qddgKe,sTsDMc,dtl0hd,eHDfl,YV5bee,d,csi?cb=121509378:588
_.wn @ m=cdos,cr,hsm,jsa,mb4ZUb,cEt90b,SNUn3,qddgKe,sTsDMc,dtl0hd,eHDfl,YV5bee,d,csi?cb=121509378:588
NIa @ m=cdos,cr,hsm,jsa,mb4ZUb,cEt90b,SNUn3,qddgKe,sTsDMc,dtl0hd,eHDfl,YV5bee,d,csi?cb=121509378:596
_.Lg.OP @ m=cdos,cr,hsm,jsa,mb4ZUb,cEt90b,SNUn3,qddgKe,sTsDMc,dtl0hd,eHDfl,YV5bee,d,csi?cb=121509378:595
(anonymous) @ m=cdos,cr,hsm,jsa,mb4ZUb,cEt90b,SNUn3,qddgKe,sTsDMc,dtl0hd,eHDfl,YV5bee,d,csi?cb=121509378:589
AXa @ m=cdos,cr,hsm,jsa,mb4ZUb,cEt90b,SNUn3,qddgKe,sTsDMc,dtl0hd,eHDfl,YV5bee,d,csi?cb=121509378:945
initialize @ m=cdos,cr,hsm,jsa,mb4ZUb,cEt90b,SNUn3,qddgKe,sTsDMc,dtl0hd,eHDfl,YV5bee,d,csi?cb=121509378:946
_.aa.onLoad @ m=cdos,cr,hsm,jsa,mb4ZUb,cEt90b,SNUn3,qddgKe,sTsDMc,dtl0hd,eHDfl,YV5bee,d,csi?cb=121509378:699
oMa @ m=cdos,cr,hsm,jsa,mb4ZUb,cEt90b,SNUn3,qddgKe,sTsDMc,dtl0hd,eHDfl,YV5bee,d,csi?cb=121509378:714
go.Abb @ m=cdos,cr,hsm,jsa,mb4ZUb,cEt90b,SNUn3,qddgKe,sTsDMc,dtl0hd,eHDfl,YV5bee,d,csi?cb=121509378:705
_._ModuleManager_initialize @ m=cdos,cr,hsm,jsa,mb4ZUb,cEt90b,SNUn3,qddgKe,sTsDMc,dtl0hd,eHDfl,YV5bee,d,csi?cb=121509378:1046
(anonymous) @ m=cdos,cr,hsm,jsa,mb4ZUb,cEt90b,SNUn3,qddgKe,sTsDMc,dtl0hd,eHDfl,YV5bee,d,csi?cb=121509378:1047
(anonymous) @ m=cdos,cr,hsm,jsa,mb4ZUb,cEt90b,SNUn3,qddgKe,sTsDMc,dtl0hd,eHDfl,YV5bee,d,csi?cb=121509378:2881
sj-proxy?url=https%3A%2F%2Fgoogle.com:1 Access to XMLHttpRequest at 'https://google.com/async/hpba?vet=10ahUKEwjnk9futpKVAxVQyOYEHS0HAUwQj-0KCDw..i&ei=d8A0aqf8N9CQm9cPrY6E4AQ&opi=89978449&yv=3&sp_imghp=false&sp_hpte=1&sp_hrh=http://localhost:8080/&sp_hpep=1&stick=&cs=0&async=_basejs:%2Fxjs%2F_%2Fjs%2Fk%3Dxjs.hd.en.rRRcCZse8Zo.2019.O%2Fam%3DAAAAAAAAAAAAAAAAAAAAAAAAAAAAAAAAAAAAAAAAAAAAAAAAAAAAAAAAAAhAAAAAAACAQAAAAAAAAAAAAAAADCAAAAAAAAAAAAAAAAAAAIBAAAAAQAAAAAAAAACAAAAAAAAEAAAAAAAAAAwACAAIIAAAADAAAAAAAAAAAAAAAAAAAABABAAAAAABAMAfDDACAAAAAAAAACQAAAAAAAAAAABYAAAABQAAAAiAAAAAAAAAAAAAAAAAAAAAAAIAAAAAAAAAAAAAABAAAABAAQAAAAABAAAAAAAAAAAAAAAAAAAAAAIAAAAAAAAAAAAAAEAAAAUAAAIAgAAAAAAAAAAAAAAAAACgAwAAAAABAAAAAAAAAAAAAAAAAAA4AAAEBAAAAAAAAAAIBAAIAAAAAB0AgQcYUlMAAAAAAAAAAAAAAAAAAAAAAAAAARTALiQQEAABAAAAAAAAAAAAAAAAAAAAAAAAAACA0FMAAAAAAACLAQ%2Fdg%3D0%2Frs%3DACT90oFXKPqCzmXEpln-tvq5f91j9v2OvQ%3Fcb%3D121509378,_basecss:%2Fxjs%2F_%2Fss%2Fk%3Dxjs.hd.Yojy9DoOLV8.L.W.O%2Fam%3DAAAEBAAAEAAAAAAAAAIAAAAAAAAAAAAAAAAAAAAAAAAQAAAAgBICABAAACAAAAAAEAAAgBpEAAACAAAAAAAIDwAAYAAAAAAAAAAAEAAAAAAAQAAAQAAAAAAAAACAAAAAAAAAAAAAAgAAAAAACAAIIAEAAAQoAAAAAAACAAAAAAAAAAAEBAAAAAAAAAAAAAAEAAAAAAAAMADCACAAAAAAQBgAAAAAAAAAAAAAAAAAAAAAAECQAAgAgIABAAAAACAAAAAAACAAgBCCACBAAQQAAAAAAAAsAAAAAHRAAAQEAAAAAAAAgABAIBACCAAAAEAAAAAIAAIAAgACAgCMoAEASFQIAACiAwAAAAIBAAAAEAAAAAAAAAAAAAAYAQAAAAAAgAUAwBAIBAAAAAAAAAAAAAAAAAMAAAAAAAAAAAAAAAAAAAAAAAAAAAAAAABQ%2Frs%3DACT90oFkT_XmaEnNHQpmftaNt1WwLxaQXw%3Fcb%3D121509378,_basecomb:%2Fxjs%2F_%2Fjs%2Fk%3Dxjs.hd.en.rRRcCZse8Zo.2019.O%2Fck%3Dxjs.hd.Yojy9DoOLV8.L.W.O%2Fam%3DAAAEBAAAEAAAAAAAAAIAAAAAAAAAAAAAAAAAAAAAAAAQAAAAgBICABAAAChAAAAAEACAwBpEAAACAAAAAAAIDyAAYAAAAAAAAAAAEAAAAIBAQAAAQAAAAAAAAACAAAAAAAAEAAAAAgAAAAwACAAIIAEAADQoAAAAAAACAAAAAAAAAABEBAAAAAABAMAfDDAGAAAAAAAAMCTCACAAAAAAQBhYAAAABQAAAAiAAAAAAAAAAECQAAgAgIABAAIAACAAAAAAACAAgBCCACBAAQQAAAABAAAsAAAAAHRAAAQEAAAAAAIAgABAIBACCAAAAEAAAAUIAAIAggACAgCMoAEASFQIAACiAwAAAAIBAAAAEAAAAAAAAAAAAAA4AQAEBAAAgAUAwBAIBAAIAAAAAB0AgQcYUlMAAAAAAAAAAAAAAAAAAAAAAAAAARTALiRQEAABAAAAAAAAAAAAAAAAAAAAAAAAAACA0FMAAAAAAACLAQ%2Fd%3D1%2Fed%3D1%2Fdg%3D0%2Fujg%3D1%2Frs%3DACT90oFPiMTqR-hZY7es2_sD8wdxhs5_mA%3Fcb%3D121509378,_fmt:prog,_id:_d8A0aqf8N9CQm9cPrY6E4AQ_11' from origin 'http://localhost:8080' has been blocked by CORS policy: Response to preflight request doesn't pass access control check: No 'Access-Control-Allow-Origin' header is present on the requested resource.
m=cdos,cr,hsm,jsa,mb4ZUb,cEt90b,SNUn3,qddgKe,sTsDMc,dtl0hd,eHDfl,YV5bee,d,csi?cb=121509378:422  GET https://google.com/async/hpba?vet=10ahUKEwjnk9futpKVAxVQyOYEHS0HAUwQj-0KCDw..i&ei=d8A0aqf8N9CQm9cPrY6E4AQ&opi=89978449&yv=3&sp_imghp=false&sp_hpte=1&sp_hrh=http://localhost:8080/&sp_hpep=1&stick=&cs=0&async=_basejs:%2Fxjs%2F_%2Fjs%2Fk%3Dxjs.hd.en.rRRcCZse8Zo.2019.O%2Fam%3DAAAAAAAAAAAAAAAAAAAAAAAAAAAAAAAAAAAAAAAAAAAAAAAAAAAAAAAAAAhAAAAAAACAQAAAAAAAAAAAAAAADCAAAAAAAAAAAAAAAAAAAIBAAAAAQAAAAAAAAACAAAAAAAAEAAAAAAAAAAwACAAIIAAAADAAAAAAAAAAAAAAAAAAAABABAAAAAABAMAfDDACAAAAAAAAACQAAAAAAAAAAABYAAAABQAAAAiAAAAAAAAAAAAAAAAAAAAAAAIAAAAAAAAAAAAAABAAAABAAQAAAAABAAAAAAAAAAAAAAAAAAAAAAIAAAAAAAAAAAAAAEAAAAUAAAIAgAAAAAAAAAAAAAAAAACgAwAAAAABAAAAAAAAAAAAAAAAAAA4AAAEBAAAAAAAAAAIBAAIAAAAAB0AgQcYUlMAAAAAAAAAAAAAAAAAAAAAAAAAARTALiQQEAABAAAAAAAAAAAAAAAAAAAAAAAAAACA0FMAAAAAAACLAQ%2Fdg%3D0%2Frs%3DACT90oFXKPqCzmXEpln-tvq5f91j9v2OvQ%3Fcb%3D121509378,_basecss:%2Fxjs%2F_%2Fss%2Fk%3Dxjs.hd.Yojy9DoOLV8.L.W.O%2Fam%3DAAAEBAAAEAAAAAAAAAIAAAAAAAAAAAAAAAAAAAAAAAAQAAAAgBICABAAACAAAAAAEAAAgBpEAAACAAAAAAAIDwAAYAAAAAAAAAAAEAAAAAAAQAAAQAAAAAAAAACAAAAAAAAAAAAAAgAAAAAACAAIIAEAAAQoAAAAAAACAAAAAAAAAAAEBAAAAAAAAAAAAAAEAAAAAAAAMADCACAAAAAAQBgAAAAAAAAAAAAAAAAAAAAAAECQAAgAgIABAAAAACAAAAAAACAAgBCCACBAAQQAAAAAAAAsAAAAAHRAAAQEAAAAAAAAgABAIBACCAAAAEAAAAAIAAIAAgACAgCMoAEASFQIAACiAwAAAAIBAAAAEAAAAAAAAAAAAAAYAQAAAAAAgAUAwBAIBAAAAAAAAAAAAAAAAAMAAAAAAAAAAAAAAAAAAAAAAAAAAAAAAABQ%2Frs%3DACT90oFkT_XmaEnNHQpmftaNt1WwLxaQXw%3Fcb%3D121509378,_basecomb:%2Fxjs%2F_%2Fjs%2Fk%3Dxjs.hd.en.rRRcCZse8Zo.2019.O%2Fck%3Dxjs.hd.Yojy9DoOLV8.L.W.O%2Fam%3DAAAEBAAAEAAAAAAAAAIAAAAAAAAAAAAAAAAAAAAAAAAQAAAAgBICABAAAChAAAAAEACAwBpEAAACAAAAAAAIDyAAYAAAAAAAAAAAEAAAAIBAQAAAQAAAAAAAAACAAAAAAAAEAAAAAgAAAAwACAAIIAEAADQoAAAAAAACAAAAAAAAAABEBAAAAAABAMAfDDAGAAAAAAAAMCTCACAAAAAAQBhYAAAABQAAAAiAAAAAAAAAAECQAAgAgIABAAIAACAAAAAAACAAgBCCACBAAQQAAAABAAAsAAAAAHRAAAQEAAAAAAIAgABAIBACCAAAAEAAAAUIAAIAggACAgCMoAEASFQIAACiAwAAAAIBAAAAEAAAAAAAAAAAAAA4AQAEBAAAgAUAwBAIBAAIAAAAAB0AgQcYUlMAAAAAAAAAAAAAAAAAAAAAAAAAARTALiRQEAABAAAAAAAAAAAAAAAAAAAAAAAAAACA0FMAAAAAAACLAQ%2Fd%3D1%2Fed%3D1%2Fdg%3D0%2Fujg%3D1%2Frs%3DACT90oFPiMTqR-hZY7es2_sD8wdxhs5_mA%3Fcb%3D121509378,_fmt:prog,_id:_d8A0aqf8N9CQm9cPrY6E4AQ_11 net::ERR_FAILED
(anonymous) @ m=cdos,cr,hsm,jsa,mb4ZUb,cEt90b,SNUn3,qddgKe,sTsDMc,dtl0hd,eHDfl,YV5bee,d,csi?cb=121509378:422
(anonymous) @ m=syxk,HGv0mf,sy133,sy134,Qj0suc,JXS8fb,sy122,QKZgZd,sy136,sy13z,sy13y,sy13o,sy13x,sy13q,sy13t,sy130,sy13p,sy131,sy13s,sy13m,sydc,sydd,syd7,sy10v,sy110,sy13i,sydq,syc3,sy13d,sygj,sy13k,sy13v,sy10u,sy10t,sy10s,sy109,sy108,sy100,sy103,sy10x,sygw,sygv,sygu,sy10w,sy10c,sy10b,sy10a,syzx,syzz,sy13l,sydo,sy13h,sy13g,sy13f,sy13e,sy13c,sy13b,sy13a,sy10d,syp7,Wct42,UEShwc,sy1yd,sy14b,YHnUBc,sy241,VtMfj,U9EYge,sy11s,loL8vb,sy11v,sy11u,sy10z,sy111,sy112,sy10y,sy107,sy10g,sy10r,sy10i,sy10n,sy10j,sy10f,sy10e,syzu,syyo,syyn,sy101,ms4mZb,syxb,B2qlPe,sy143,NzU6V,sy14l,sy9b,WlNQGd,syzt,syzr,syzq,DPreE,sy14n,sy14m,nabPbb,abd,sy477,TDFkye?cb=121509378&xjs=s3:446
_.T2b @ m=syxk,HGv0mf,sy133,sy134,Qj0suc,JXS8fb,sy122,QKZgZd,sy136,sy13z,sy13y,sy13o,sy13x,sy13q,sy13t,sy130,sy13p,sy131,sy13s,sy13m,sydc,sydd,syd7,sy10v,sy110,sy13i,sydq,syc3,sy13d,sygj,sy13k,sy13v,sy10u,sy10t,sy10s,sy109,sy108,sy100,sy103,sy10x,sygw,sygv,sygu,sy10w,sy10c,sy10b,sy10a,syzx,syzz,sy13l,sydo,sy13h,sy13g,sy13f,sy13e,sy13c,sy13b,sy13a,sy10d,syp7,Wct42,UEShwc,sy1yd,sy14b,YHnUBc,sy241,VtMfj,U9EYge,sy11s,loL8vb,sy11v,sy11u,sy10z,sy111,sy112,sy10y,sy107,sy10g,sy10r,sy10i,sy10n,sy10j,sy10f,sy10e,syzu,syyo,syyn,sy101,ms4mZb,syxb,B2qlPe,sy143,NzU6V,sy14l,sy9b,WlNQGd,syzt,syzr,syzq,DPreE,sy14n,sy14m,nabPbb,abd,sy477,TDFkye?cb=121509378&xjs=s3:149
i7b @ m=syxk,HGv0mf,sy133,sy134,Qj0suc,JXS8fb,sy122,QKZgZd,sy136,sy13z,sy13y,sy13o,sy13x,sy13q,sy13t,sy130,sy13p,sy131,sy13s,sy13m,sydc,sydd,syd7,sy10v,sy110,sy13i,sydq,syc3,sy13d,sygj,sy13k,sy13v,sy10u,sy10t,sy10s,sy109,sy108,sy100,sy103,sy10x,sygw,sygv,sygu,sy10w,sy10c,sy10b,sy10a,syzx,syzz,sy13l,sydo,sy13h,sy13g,sy13f,sy13e,sy13c,sy13b,sy13a,sy10d,syp7,Wct42,UEShwc,sy1yd,sy14b,YHnUBc,sy241,VtMfj,U9EYge,sy11s,loL8vb,sy11v,sy11u,sy10z,sy111,sy112,sy10y,sy107,sy10g,sy10r,sy10i,sy10n,sy10j,sy10f,sy10e,syzu,syyo,syyn,sy101,ms4mZb,syxb,B2qlPe,sy143,NzU6V,sy14l,sy9b,WlNQGd,syzt,syzr,syzq,DPreE,sy14n,sy14m,nabPbb,abd,sy477,TDFkye?cb=121509378&xjs=s3:444
(anonymous) @ m=syxk,HGv0mf,sy133,sy134,Qj0suc,JXS8fb,sy122,QKZgZd,sy136,sy13z,sy13y,sy13o,sy13x,sy13q,sy13t,sy130,sy13p,sy131,sy13s,sy13m,sydc,sydd,syd7,sy10v,sy110,sy13i,sydq,syc3,sy13d,sygj,sy13k,sy13v,sy10u,sy10t,sy10s,sy109,sy108,sy100,sy103,sy10x,sygw,sygv,sygu,sy10w,sy10c,sy10b,sy10a,syzx,syzz,sy13l,sydo,sy13h,sy13g,sy13f,sy13e,sy13c,sy13b,sy13a,sy10d,syp7,Wct42,UEShwc,sy1yd,sy14b,YHnUBc,sy241,VtMfj,U9EYge,sy11s,loL8vb,sy11v,sy11u,sy10z,sy111,sy112,sy10y,sy107,sy10g,sy10r,sy10i,sy10n,sy10j,sy10f,sy10e,syzu,syyo,syyn,sy101,ms4mZb,syxb,B2qlPe,sy143,NzU6V,sy14l,sy9b,WlNQGd,syzt,syzr,syzq,DPreE,sy14n,sy14m,nabPbb,abd,sy477,TDFkye?cb=121509378&xjs=s3:450
q7b @ m=syxk,HGv0mf,sy133,sy134,Qj0suc,JXS8fb,sy122,QKZgZd,sy136,sy13z,sy13y,sy13o,sy13x,sy13q,sy13t,sy130,sy13p,sy131,sy13s,sy13m,sydc,sydd,syd7,sy10v,sy110,sy13i,sydq,syc3,sy13d,sygj,sy13k,sy13v,sy10u,sy10t,sy10s,sy109,sy108,sy100,sy103,sy10x,sygw,sygv,sygu,sy10w,sy10c,sy10b,sy10a,syzx,syzz,sy13l,sydo,sy13h,sy13g,sy13f,sy13e,sy13c,sy13b,sy13a,sy10d,syp7,Wct42,UEShwc,sy1yd,sy14b,YHnUBc,sy241,VtMfj,U9EYge,sy11s,loL8vb,sy11v,sy11u,sy10z,sy111,sy112,sy10y,sy107,sy10g,sy10r,sy10i,sy10n,sy10j,sy10f,sy10e,syzu,syyo,syyn,sy101,ms4mZb,syxb,B2qlPe,sy143,NzU6V,sy14l,sy9b,WlNQGd,syzt,syzr,syzq,DPreE,sy14n,sy14m,nabPbb,abd,sy477,TDFkye?cb=121509378&xjs=s3:450
await in q7b
n7b @ m=syxk,HGv0mf,sy133,sy134,Qj0suc,JXS8fb,sy122,QKZgZd,sy136,sy13z,sy13y,sy13o,sy13x,sy13q,sy13t,sy130,sy13p,sy131,sy13s,sy13m,sydc,sydd,syd7,sy10v,sy110,sy13i,sydq,syc3,sy13d,sygj,sy13k,sy13v,sy10u,sy10t,sy10s,sy109,sy108,sy100,sy103,sy10x,sygw,sygv,sygu,sy10w,sy10c,sy10b,sy10a,syzx,syzz,sy13l,sydo,sy13h,sy13g,sy13f,sy13e,sy13c,sy13b,sy13a,sy10d,syp7,Wct42,UEShwc,sy1yd,sy14b,YHnUBc,sy241,VtMfj,U9EYge,sy11s,loL8vb,sy11v,sy11u,sy10z,sy111,sy112,sy10y,sy107,sy10g,sy10r,sy10i,sy10n,sy10j,sy10f,sy10e,syzu,syyo,syyn,sy101,ms4mZb,syxb,B2qlPe,sy143,NzU6V,sy14l,sy9b,WlNQGd,syzt,syzr,syzq,DPreE,sy14n,sy14m,nabPbb,abd,sy477,TDFkye?cb=121509378&xjs=s3:450
p7b @ m=syxk,HGv0mf,sy133,sy134,Qj0suc,JXS8fb,sy122,QKZgZd,sy136,sy13z,sy13y,sy13o,sy13x,sy13q,sy13t,sy130,sy13p,sy131,sy13s,sy13m,sydc,sydd,syd7,sy10v,sy110,sy13i,sydq,syc3,sy13d,sygj,sy13k,sy13v,sy10u,sy10t,sy10s,sy109,sy108,sy100,sy103,sy10x,sygw,sygv,sygu,sy10w,sy10c,sy10b,sy10a,syzx,syzz,sy13l,sydo,sy13h,sy13g,sy13f,sy13e,sy13c,sy13b,sy13a,sy10d,syp7,Wct42,UEShwc,sy1yd,sy14b,YHnUBc,sy241,VtMfj,U9EYge,sy11s,loL8vb,sy11v,sy11u,sy10z,sy111,sy112,sy10y,sy107,sy10g,sy10r,sy10i,sy10n,sy10j,sy10f,sy10e,syzu,syyo,syyn,sy101,ms4mZb,syxb,B2qlPe,sy143,NzU6V,sy14l,sy9b,WlNQGd,syzt,syzr,syzq,DPreE,sy14n,sy14m,nabPbb,abd,sy477,TDFkye?cb=121509378&xjs=s3:449
fetch @ m=syxk,HGv0mf,sy133,sy134,Qj0suc,JXS8fb,sy122,QKZgZd,sy136,sy13z,sy13y,sy13o,sy13x,sy13q,sy13t,sy130,sy13p,sy131,sy13s,sy13m,sydc,sydd,syd7,sy10v,sy110,sy13i,sydq,syc3,sy13d,sygj,sy13k,sy13v,sy10u,sy10t,sy10s,sy109,sy108,sy100,sy103,sy10x,sygw,sygv,sygu,sy10w,sy10c,sy10b,sy10a,syzx,syzz,sy13l,sydo,sy13h,sy13g,sy13f,sy13e,sy13c,sy13b,sy13a,sy10d,syp7,Wct42,UEShwc,sy1yd,sy14b,YHnUBc,sy241,VtMfj,U9EYge,sy11s,loL8vb,sy11v,sy11u,sy10z,sy111,sy112,sy10y,sy107,sy10g,sy10r,sy10i,sy10n,sy10j,sy10f,sy10e,syzu,syyo,syyn,sy101,ms4mZb,syxb,B2qlPe,sy143,NzU6V,sy14l,sy9b,WlNQGd,syzt,syzr,syzq,DPreE,sy14n,sy14m,nabPbb,abd,sy477,TDFkye?cb=121509378&xjs=s3:454
r4b @ m=syxk,HGv0mf,sy133,sy134,Qj0suc,JXS8fb,sy122,QKZgZd,sy136,sy13z,sy13y,sy13o,sy13x,sy13q,sy13t,sy130,sy13p,sy131,sy13s,sy13m,sydc,sydd,syd7,sy10v,sy110,sy13i,sydq,syc3,sy13d,sygj,sy13k,sy13v,sy10u,sy10t,sy10s,sy109,sy108,sy100,sy103,sy10x,sygw,sygv,sygu,sy10w,sy10c,sy10b,sy10a,syzx,syzz,sy13l,sydo,sy13h,sy13g,sy13f,sy13e,sy13c,sy13b,sy13a,sy10d,syp7,Wct42,UEShwc,sy1yd,sy14b,YHnUBc,sy241,VtMfj,U9EYge,sy11s,loL8vb,sy11v,sy11u,sy10z,sy111,sy112,sy10y,sy107,sy10g,sy10r,sy10i,sy10n,sy10j,sy10f,sy10e,syzu,syyo,syyn,sy101,ms4mZb,syxb,B2qlPe,sy143,NzU6V,sy14l,sy9b,WlNQGd,syzt,syzr,syzq,DPreE,sy14n,sy14m,nabPbb,abd,sy477,TDFkye?cb=121509378&xjs=s3:498
o4b @ m=syxk,HGv0mf,sy133,sy134,Qj0suc,JXS8fb,sy122,QKZgZd,sy136,sy13z,sy13y,sy13o,sy13x,sy13q,sy13t,sy130,sy13p,sy131,sy13s,sy13m,sydc,sydd,syd7,sy10v,sy110,sy13i,sydq,syc3,sy13d,sygj,sy13k,sy13v,sy10u,sy10t,sy10s,sy109,sy108,sy100,sy103,sy10x,sygw,sygv,sygu,sy10w,sy10c,sy10b,sy10a,syzx,syzz,sy13l,sydo,sy13h,sy13g,sy13f,sy13e,sy13c,sy13b,sy13a,sy10d,syp7,Wct42,UEShwc,sy1yd,sy14b,YHnUBc,sy241,VtMfj,U9EYge,sy11s,loL8vb,sy11v,sy11u,sy10z,sy111,sy112,sy10y,sy107,sy10g,sy10r,sy10i,sy10n,sy10j,sy10f,sy10e,syzu,syyo,syyn,sy101,ms4mZb,syxb,B2qlPe,sy143,NzU6V,sy14l,sy9b,WlNQGd,syzt,syzr,syzq,DPreE,sy14n,sy14m,nabPbb,abd,sy477,TDFkye?cb=121509378&xjs=s3:496
_.Fx @ m=syxk,HGv0mf,sy133,sy134,Qj0suc,JXS8fb,sy122,QKZgZd,sy136,sy13z,sy13y,sy13o,sy13x,sy13q,sy13t,sy130,sy13p,sy131,sy13s,sy13m,sydc,sydd,syd7,sy10v,sy110,sy13i,sydq,syc3,sy13d,sygj,sy13k,sy13v,sy10u,sy10t,sy10s,sy109,sy108,sy100,sy103,sy10x,sygw,sygv,sygu,sy10w,sy10c,sy10b,sy10a,syzx,syzz,sy13l,sydo,sy13h,sy13g,sy13f,sy13e,sy13c,sy13b,sy13a,sy10d,syp7,Wct42,UEShwc,sy1yd,sy14b,YHnUBc,sy241,VtMfj,U9EYge,sy11s,loL8vb,sy11v,sy11u,sy10z,sy111,sy112,sy10y,sy107,sy10g,sy10r,sy10i,sy10n,sy10j,sy10f,sy10e,syzu,syyo,syyn,sy101,ms4mZb,syxb,B2qlPe,sy143,NzU6V,sy14l,sy9b,WlNQGd,syzt,syzr,syzq,DPreE,sy14n,sy14m,nabPbb,abd,sy477,TDFkye?cb=121509378&xjs=s3:494
Od @ m=syxk,HGv0mf,sy133,sy134,Qj0suc,JXS8fb,sy122,QKZgZd,sy136,sy13z,sy13y,sy13o,sy13x,sy13q,sy13t,sy130,sy13p,sy131,sy13s,sy13m,sydc,sydd,syd7,sy10v,sy110,sy13i,sydq,syc3,sy13d,sygj,sy13k,sy13v,sy10u,sy10t,sy10s,sy109,sy108,sy100,sy103,sy10x,sygw,sygv,sygu,sy10w,sy10c,sy10b,sy10a,syzx,syzz,sy13l,sydo,sy13h,sy13g,sy13f,sy13e,sy13c,sy13b,sy13a,sy10d,syp7,Wct42,UEShwc,sy1yd,sy14b,YHnUBc,sy241,VtMfj,U9EYge,sy11s,loL8vb,sy11v,sy11u,sy10z,sy111,sy112,sy10y,sy107,sy10g,sy10r,sy10i,sy10n,sy10j,sy10f,sy10e,syzu,syyo,syyn,sy101,ms4mZb,syxb,B2qlPe,sy143,NzU6V,sy14l,sy9b,WlNQGd,syzt,syzr,syzq,DPreE,sy14n,sy14m,nabPbb,abd,sy477,TDFkye?cb=121509378&xjs=s3:522
(anonymous) @ m=cdos,cr,hsm,jsa,mb4ZUb,cEt90b,SNUn3,qddgKe,sTsDMc,dtl0hd,eHDfl,YV5bee,d,csi?cb=121509378:938
map @ m=cdos,cr,hsm,jsa,mb4ZUb,cEt90b,SNUn3,qddgKe,sTsDMc,dtl0hd,eHDfl,YV5bee,d,csi?cb=121509378:724
sXa @ m=cdos,cr,hsm,jsa,mb4ZUb,cEt90b,SNUn3,qddgKe,sTsDMc,dtl0hd,eHDfl,YV5bee,d,csi?cb=121509378:938
(anonymous) @ m=cdos,cr,hsm,jsa,mb4ZUb,cEt90b,SNUn3,qddgKe,sTsDMc,dtl0hd,eHDfl,YV5bee,d,csi?cb=121509378:935
(anonymous) @ m=cdos,cr,hsm,jsa,mb4ZUb,cEt90b,SNUn3,qddgKe,sTsDMc,dtl0hd,eHDfl,YV5bee,d,csi?cb=121509378:725
b @ m=cdos,cr,hsm,jsa,mb4ZUb,cEt90b,SNUn3,qddgKe,sTsDMc,dtl0hd,eHDfl,YV5bee,d,csi?cb=121509378:723
b @ m=cdos,cr,hsm,jsa,mb4ZUb,cEt90b,SNUn3,qddgKe,sTsDMc,dtl0hd,eHDfl,YV5bee,d,csi?cb=121509378:723
Xx @ m=cdos,cr,hsm,jsa,mb4ZUb,cEt90b,SNUn3,qddgKe,sTsDMc,dtl0hd,eHDfl,YV5bee,d,csi?cb=121509378:723
(anonymous) @ m=cdos,cr,hsm,jsa,mb4ZUb,cEt90b,SNUn3,qddgKe,sTsDMc,dtl0hd,eHDfl,YV5bee,d,csi?cb=121509378:725
b @ m=cdos,cr,hsm,jsa,mb4ZUb,cEt90b,SNUn3,qddgKe,sTsDMc,dtl0hd,eHDfl,YV5bee,d,csi?cb=121509378:723
(anonymous) @ m=cdos,cr,hsm,jsa,mb4ZUb,cEt90b,SNUn3,qddgKe,sTsDMc,dtl0hd,eHDfl,YV5bee,d,csi?cb=121509378:725
(anonymous) @ m=cdos,cr,hsm,jsa,mb4ZUb,cEt90b,SNUn3,qddgKe,sTsDMc,dtl0hd,eHDfl,YV5bee,d,csi?cb=121509378:406
e.wa @ m=cdos,cr,hsm,jsa,mb4ZUb,cEt90b,SNUn3,qddgKe,sTsDMc,dtl0hd,eHDfl,YV5bee,d,csi?cb=121509378:594
QIa @ m=cdos,cr,hsm,jsa,mb4ZUb,cEt90b,SNUn3,qddgKe,sTsDMc,dtl0hd,eHDfl,YV5bee,d,csi?cb=121509378:597
MIa @ m=cdos,cr,hsm,jsa,mb4ZUb,cEt90b,SNUn3,qddgKe,sTsDMc,dtl0hd,eHDfl,YV5bee,d,csi?cb=121509378:597
_.Lg.t4a @ m=cdos,cr,hsm,jsa,mb4ZUb,cEt90b,SNUn3,qddgKe,sTsDMc,dtl0hd,eHDfl,YV5bee,d,csi?cb=121509378:597
wla @ m=cdos,cr,hsm,jsa,mb4ZUb,cEt90b,SNUn3,qddgKe,sTsDMc,dtl0hd,eHDfl,YV5bee,d,csi?cb=121509378:200
(anonymous) @ m=cdos,cr,hsm,jsa,mb4ZUb,cEt90b,SNUn3,qddgKe,sTsDMc,dtl0hd,eHDfl,YV5bee,d,csi?cb=121509378:406
Promise.then
then @ m=cdos,cr,hsm,jsa,mb4ZUb,cEt90b,SNUn3,qddgKe,sTsDMc,dtl0hd,eHDfl,YV5bee,d,csi?cb=121509378:420
sIa @ m=cdos,cr,hsm,jsa,mb4ZUb,cEt90b,SNUn3,qddgKe,sTsDMc,dtl0hd,eHDfl,YV5bee,d,csi?cb=121509378:588
_.wn @ m=cdos,cr,hsm,jsa,mb4ZUb,cEt90b,SNUn3,qddgKe,sTsDMc,dtl0hd,eHDfl,YV5bee,d,csi?cb=121509378:588
NIa @ m=cdos,cr,hsm,jsa,mb4ZUb,cEt90b,SNUn3,qddgKe,sTsDMc,dtl0hd,eHDfl,YV5bee,d,csi?cb=121509378:596
_.Lg.OP @ m=cdos,cr,hsm,jsa,mb4ZUb,cEt90b,SNUn3,qddgKe,sTsDMc,dtl0hd,eHDfl,YV5bee,d,csi?cb=121509378:595
(anonymous) @ m=cdos,cr,hsm,jsa,mb4ZUb,cEt90b,SNUn3,qddgKe,sTsDMc,dtl0hd,eHDfl,YV5bee,d,csi?cb=121509378:589
f @ m=cdos,cr,hsm,jsa,mb4ZUb,cEt90b,SNUn3,qddgKe,sTsDMc,dtl0hd,eHDfl,YV5bee,d,csi?cb=121509378:591
(anonymous) @ m=cdos,cr,hsm,jsa,mb4ZUb,cEt90b,SNUn3,qddgKe,sTsDMc,dtl0hd,eHDfl,YV5bee,d,csi?cb=121509378:428
g @ m=cdos,cr,hsm,jsa,mb4ZUb,cEt90b,SNUn3,qddgKe,sTsDMc,dtl0hd,eHDfl,YV5bee,d,csi?cb=121509378:596
(anonymous) @ m=cdos,cr,hsm,jsa,mb4ZUb,cEt90b,SNUn3,qddgKe,sTsDMc,dtl0hd,eHDfl,YV5bee,d,csi?cb=121509378:406
Promise.then
then @ m=cdos,cr,hsm,jsa,mb4ZUb,cEt90b,SNUn3,qddgKe,sTsDMc,dtl0hd,eHDfl,YV5bee,d,csi?cb=121509378:420
PIa @ m=cdos,cr,hsm,jsa,mb4ZUb,cEt90b,SNUn3,qddgKe,sTsDMc,dtl0hd,eHDfl,YV5bee,d,csi?cb=121509378:596
DIa @ m=cdos,cr,hsm,jsa,mb4ZUb,cEt90b,SNUn3,qddgKe,sTsDMc,dtl0hd,eHDfl,YV5bee,d,csi?cb=121509378:596
_.EIa @ m=cdos,cr,hsm,jsa,mb4ZUb,cEt90b,SNUn3,qddgKe,sTsDMc,dtl0hd,eHDfl,YV5bee,d,csi?cb=121509378:590
(anonymous) @ m=cdos,cr,hsm,jsa,mb4ZUb,cEt90b,SNUn3,qddgKe,sTsDMc,dtl0hd,eHDfl,YV5bee,d,csi?cb=121509378:591
_.Lg @ m=cdos,cr,hsm,jsa,mb4ZUb,cEt90b,SNUn3,qddgKe,sTsDMc,dtl0hd,eHDfl,YV5bee,d,csi?cb=121509378:589
_.Eh @ m=cdos,cr,hsm,jsa,mb4ZUb,cEt90b,SNUn3,qddgKe,sTsDMc,dtl0hd,eHDfl,YV5bee,d,csi?cb=121509378:591
RMa @ m=cdos,cr,hsm,jsa,mb4ZUb,cEt90b,SNUn3,qddgKe,sTsDMc,dtl0hd,eHDfl,YV5bee,d,csi?cb=121509378:725
UMa @ m=cdos,cr,hsm,jsa,mb4ZUb,cEt90b,SNUn3,qddgKe,sTsDMc,dtl0hd,eHDfl,YV5bee,d,csi?cb=121509378:728
_.SMa @ m=cdos,cr,hsm,jsa,mb4ZUb,cEt90b,SNUn3,qddgKe,sTsDMc,dtl0hd,eHDfl,YV5bee,d,csi?cb=121509378:726
(anonymous) @ m=cdos,cr,hsm,jsa,mb4ZUb,cEt90b,SNUn3,qddgKe,sTsDMc,dtl0hd,eHDfl,YV5bee,d,csi?cb=121509378:725
_.vf @ m=cdos,cr,hsm,jsa,mb4ZUb,cEt90b,SNUn3,qddgKe,sTsDMc,dtl0hd,eHDfl,YV5bee,d,csi?cb=121509378:723
_.Noa @ m=cdos,cr,hsm,jsa,mb4ZUb,cEt90b,SNUn3,qddgKe,sTsDMc,dtl0hd,eHDfl,YV5bee,d,csi?cb=121509378:725
_.jXa @ m=cdos,cr,hsm,jsa,mb4ZUb,cEt90b,SNUn3,qddgKe,sTsDMc,dtl0hd,eHDfl,YV5bee,d,csi?cb=121509378:927
cG @ m=cdos,cr,hsm,jsa,mb4ZUb,cEt90b,SNUn3,qddgKe,sTsDMc,dtl0hd,eHDfl,YV5bee,d,csi?cb=121509378:942
nXa @ m=cdos,cr,hsm,jsa,mb4ZUb,cEt90b,SNUn3,qddgKe,sTsDMc,dtl0hd,eHDfl,YV5bee,d,csi?cb=121509378:934
oXa @ m=cdos,cr,hsm,jsa,mb4ZUb,cEt90b,SNUn3,qddgKe,sTsDMc,dtl0hd,eHDfl,YV5bee,d,csi?cb=121509378:933
(anonymous) @ m=cdos,cr,hsm,jsa,mb4ZUb,cEt90b,SNUn3,qddgKe,sTsDMc,dtl0hd,eHDfl,YV5bee,d,csi?cb=121509378:943
OWa.qM.MWa.MCa @ m=cdos,cr,hsm,jsa,mb4ZUb,cEt90b,SNUn3,qddgKe,sTsDMc,dtl0hd,eHDfl,YV5bee,d,csi?cb=121509378:920
dispatch @ m=cdos,cr,hsm,jsa,mb4ZUb,cEt90b,SNUn3,qddgKe,sTsDMc,dtl0hd,eHDfl,YV5bee,d,csi?cb=121509378:920
dispatch @ m=cdos,cr,hsm,jsa,mb4ZUb,cEt90b,SNUn3,qddgKe,sTsDMc,dtl0hd,eHDfl,YV5bee,d,csi?cb=121509378:921
(anonymous) @ m=cdos,cr,hsm,jsa,mb4ZUb,cEt90b,SNUn3,qddgKe,sTsDMc,dtl0hd,eHDfl,YV5bee,d,csi?cb=121509378:380
F @ sj-proxy?url=https%3A%2F%2Fgoogle.com:18
E.handleEvent @ sj-proxy?url=https%3A%2F%2Fgoogle.com:18
f @ sj-proxy?url=https%3A%2F%2Fgoogle.com:18
trigger @ sj-proxy?url=https%3A%2F%2Fgoogle.com:18
trigger @ m=cdos,cr,hsm,jsa,mb4ZUb,cEt90b,SNUn3,qddgKe,sTsDMc,dtl0hd,eHDfl,YV5bee,d,csi?cb=121509378:942
xra @ m=cdos,cr,hsm,jsa,mb4ZUb,cEt90b,SNUn3,qddgKe,sTsDMc,dtl0hd,eHDfl,YV5bee,d,csi?cb=121509378:927
_.Sg @ m=cdos,cr,hsm,jsa,mb4ZUb,cEt90b,SNUn3,qddgKe,sTsDMc,dtl0hd,eHDfl,YV5bee,d,csi?cb=121509378:288
(anonymous) @ m=cdos,cr,hsm,jsa,mb4ZUb,cEt90b,SNUn3,qddgKe,sTsDMc,dtl0hd,eHDfl,YV5bee,d,csi?cb=121509378:808
YPa @ m=cdos,cr,hsm,jsa,mb4ZUb,cEt90b,SNUn3,qddgKe,sTsDMc,dtl0hd,eHDfl,YV5bee,d,csi?cb=121509378:808
ZPa @ m=cdos,cr,hsm,jsa,mb4ZUb,cEt90b,SNUn3,qddgKe,sTsDMc,dtl0hd,eHDfl,YV5bee,d,csi?cb=121509378:805
QPa @ m=cdos,cr,hsm,jsa,mb4ZUb,cEt90b,SNUn3,qddgKe,sTsDMc,dtl0hd,eHDfl,YV5bee,d,csi?cb=121509378:807
PPa @ m=cdos,cr,hsm,jsa,mb4ZUb,cEt90b,SNUn3,qddgKe,sTsDMc,dtl0hd,eHDfl,YV5bee,d,csi?cb=121509378:801
(anonymous) @ m=cdos,cr,hsm,jsa,mb4ZUb,cEt90b,SNUn3,qddgKe,sTsDMc,dtl0hd,eHDfl,YV5bee,d,csi?cb=121509378:809
a.Ba @ m=cdos,cr,hsm,jsa,mb4ZUb,cEt90b,SNUn3,qddgKe,sTsDMc,dtl0hd,eHDfl,YV5bee,d,csi?cb=121509378:811
(anonymous) @ m=cdos,cr,hsm,jsa,mb4ZUb,cEt90b,SNUn3,qddgKe,sTsDMc,dtl0hd,eHDfl,YV5bee,d,csi?cb=121509378:406
a.port1.onmessage @ m=cdos,cr,hsm,jsa,mb4ZUb,cEt90b,SNUn3,qddgKe,sTsDMc,dtl0hd,eHDfl,YV5bee,d,csi?cb=121509378:588
postMessage
(anonymous) @ m=cdos,cr,hsm,jsa,mb4ZUb,cEt90b,SNUn3,qddgKe,sTsDMc,dtl0hd,eHDfl,YV5bee,d,csi?cb=121509378:588
_.ie @ m=cdos,cr,hsm,jsa,mb4ZUb,cEt90b,SNUn3,qddgKe,sTsDMc,dtl0hd,eHDfl,YV5bee,d,csi?cb=121509378:200
Ra @ m=cdos,cr,hsm,jsa,mb4ZUb,cEt90b,SNUn3,qddgKe,sTsDMc,dtl0hd,eHDfl,YV5bee,d,csi?cb=121509378:809
(anonymous) @ m=cdos,cr,hsm,jsa,mb4ZUb,cEt90b,SNUn3,qddgKe,sTsDMc,dtl0hd,eHDfl,YV5bee,d,csi?cb=121509378:811
_.Lg @ m=cdos,cr,hsm,jsa,mb4ZUb,cEt90b,SNUn3,qddgKe,sTsDMc,dtl0hd,eHDfl,YV5bee,d,csi?cb=121509378:589
_.cQa @ m=cdos,cr,hsm,jsa,mb4ZUb,cEt90b,SNUn3,qddgKe,sTsDMc,dtl0hd,eHDfl,YV5bee,d,csi?cb=121509378:811
dirty @ m=cdos,cr,hsm,jsa,mb4ZUb,cEt90b,SNUn3,qddgKe,sTsDMc,dtl0hd,eHDfl,YV5bee,d,csi?cb=121509378:809
dirty @ m=cdos,cr,hsm,jsa,mb4ZUb,cEt90b,SNUn3,qddgKe,sTsDMc,dtl0hd,eHDfl,YV5bee,d,csi?cb=121509378:946
(anonymous) @ m=cdos,cr,hsm,jsa,mb4ZUb,cEt90b,SNUn3,qddgKe,sTsDMc,dtl0hd,eHDfl,YV5bee,d,csi?cb=121509378:946
(anonymous) @ m=cdos,cr,hsm,jsa,mb4ZUb,cEt90b,SNUn3,qddgKe,sTsDMc,dtl0hd,eHDfl,YV5bee,d,csi?cb=121509378:237
oa @ m=cdos,cr,hsm,jsa,mb4ZUb,cEt90b,SNUn3,qddgKe,sTsDMc,dtl0hd,eHDfl,YV5bee,d,csi?cb=121509378:977
execute @ m=cdos,cr,hsm,jsa,mb4ZUb,cEt90b,SNUn3,qddgKe,sTsDMc,dtl0hd,eHDfl,YV5bee,d,csi?cb=121509378:977
(anonymous) @ m=cdos,cr,hsm,jsa,mb4ZUb,cEt90b,SNUn3,qddgKe,sTsDMc,dtl0hd,eHDfl,YV5bee,d,csi?cb=121509378:1035
(anonymous) @ m=cdos,cr,hsm,jsa,mb4ZUb,cEt90b,SNUn3,qddgKe,sTsDMc,dtl0hd,eHDfl,YV5bee,d,csi?cb=121509378:406
a.port1.onmessage @ m=cdos,cr,hsm,jsa,mb4ZUb,cEt90b,SNUn3,qddgKe,sTsDMc,dtl0hd,eHDfl,YV5bee,d,csi?cb=121509378:588
postMessage
(anonymous) @ m=cdos,cr,hsm,jsa,mb4ZUb,cEt90b,SNUn3,qddgKe,sTsDMc,dtl0hd,eHDfl,YV5bee,d,csi?cb=121509378:588
_.ie @ m=cdos,cr,hsm,jsa,mb4ZUb,cEt90b,SNUn3,qddgKe,sTsDMc,dtl0hd,eHDfl,YV5bee,d,csi?cb=121509378:200
Acb @ m=cdos,cr,hsm,jsa,mb4ZUb,cEt90b,SNUn3,qddgKe,sTsDMc,dtl0hd,eHDfl,YV5bee,d,csi?cb=121509378:1035
Aa @ m=cdos,cr,hsm,jsa,mb4ZUb,cEt90b,SNUn3,qddgKe,sTsDMc,dtl0hd,eHDfl,YV5bee,d,csi?cb=121509378:1035
ZVa @ m=cdos,cr,hsm,jsa,mb4ZUb,cEt90b,SNUn3,qddgKe,sTsDMc,dtl0hd,eHDfl,YV5bee,d,csi?cb=121509378:1023
(anonymous) @ m=cdos,cr,hsm,jsa,mb4ZUb,cEt90b,SNUn3,qddgKe,sTsDMc,dtl0hd,eHDfl,YV5bee,d,csi?cb=121509378:979
wla @ m=cdos,cr,hsm,jsa,mb4ZUb,cEt90b,SNUn3,qddgKe,sTsDMc,dtl0hd,eHDfl,YV5bee,d,csi?cb=121509378:200
(anonymous) @ m=cdos,cr,hsm,jsa,mb4ZUb,cEt90b,SNUn3,qddgKe,sTsDMc,dtl0hd,eHDfl,YV5bee,d,csi?cb=121509378:406
Promise.then
then @ m=cdos,cr,hsm,jsa,mb4ZUb,cEt90b,SNUn3,qddgKe,sTsDMc,dtl0hd,eHDfl,YV5bee,d,csi?cb=121509378:420
sIa @ m=cdos,cr,hsm,jsa,mb4ZUb,cEt90b,SNUn3,qddgKe,sTsDMc,dtl0hd,eHDfl,YV5bee,d,csi?cb=121509378:588
_.wn @ m=cdos,cr,hsm,jsa,mb4ZUb,cEt90b,SNUn3,qddgKe,sTsDMc,dtl0hd,eHDfl,YV5bee,d,csi?cb=121509378:588
NIa @ m=cdos,cr,hsm,jsa,mb4ZUb,cEt90b,SNUn3,qddgKe,sTsDMc,dtl0hd,eHDfl,YV5bee,d,csi?cb=121509378:596
_.Lg.OP @ m=cdos,cr,hsm,jsa,mb4ZUb,cEt90b,SNUn3,qddgKe,sTsDMc,dtl0hd,eHDfl,YV5bee,d,csi?cb=121509378:595
(anonymous) @ m=cdos,cr,hsm,jsa,mb4ZUb,cEt90b,SNUn3,qddgKe,sTsDMc,dtl0hd,eHDfl,YV5bee,d,csi?cb=121509378:589
AXa @ m=cdos,cr,hsm,jsa,mb4ZUb,cEt90b,SNUn3,qddgKe,sTsDMc,dtl0hd,eHDfl,YV5bee,d,csi?cb=121509378:945
initialize @ m=cdos,cr,hsm,jsa,mb4ZUb,cEt90b,SNUn3,qddgKe,sTsDMc,dtl0hd,eHDfl,YV5bee,d,csi?cb=121509378:946
_.aa.onLoad @ m=cdos,cr,hsm,jsa,mb4ZUb,cEt90b,SNUn3,qddgKe,sTsDMc,dtl0hd,eHDfl,YV5bee,d,csi?cb=121509378:699
oMa @ m=cdos,cr,hsm,jsa,mb4ZUb,cEt90b,SNUn3,qddgKe,sTsDMc,dtl0hd,eHDfl,YV5bee,d,csi?cb=121509378:714
go.Abb @ m=cdos,cr,hsm,jsa,mb4ZUb,cEt90b,SNUn3,qddgKe,sTsDMc,dtl0hd,eHDfl,YV5bee,d,csi?cb=121509378:705
_._ModuleManager_initialize @ m=cdos,cr,hsm,jsa,mb4ZUb,cEt90b,SNUn3,qddgKe,sTsDMc,dtl0hd,eHDfl,YV5bee,d,csi?cb=121509378:1046
(anonymous) @ m=cdos,cr,hsm,jsa,mb4ZUb,cEt90b,SNUn3,qddgKe,sTsDMc,dtl0hd,eHDfl,YV5bee,d,csi?cb=121509378:1047
(anonymous) @ m=cdos,cr,hsm,jsa,mb4ZUb,cEt90b,SNUn3,qddgKe,sTsDMc,dtl0hd,eHDfl,YV5bee,d,csi?cb=121509378:2881
m=syxk,HGv0mf,sy133,sy134,Qj0suc,JXS8fb,sy122,QKZgZd,sy136,sy13z,sy13y,sy13o,sy13x,sy13q,sy13t,sy130,sy13p,sy131,sy13s,sy13m,sydc,sydd,syd7,sy10v,sy110,sy13i,sydq,syc3,sy13d,sygj,sy13k,sy13v,sy10u,sy10t,sy10s,sy109,sy108,sy100,sy103,sy10x,sygw,sygv,sygu,sy10w,sy10c,sy10b,sy10a,syzx,syzz,sy13l,sydo,sy13h,sy13g,sy13f,sy13e,sy13c,sy13b,sy13a,sy10d,syp7,Wct42,UEShwc,sy1yd,sy14b,YHnUBc,sy241,VtMfj,U9EYge,sy11s,loL8vb,sy11v,sy11u,sy10z,sy111,sy112,sy10y,sy107,sy10g,sy10r,sy10i,sy10n,sy10j,sy10f,sy10e,syzu,syyo,syyn,sy101,ms4mZb,syxb,B2qlPe,sy143,NzU6V,sy14l,sy9b,WlNQGd,syzt,syzr,syzq,DPreE,sy14n,sy14m,nabPbb,abd,sy477,TDFkye?cb=121509378&xjs=s3:445 Uncaught (in promise) Error: HTTP error
n.onreadystatechange @ m=syxk,HGv0mf,sy133,sy134,Qj0suc,JXS8fb,sy122,QKZgZd,sy136,sy13z,sy13y,sy13o,sy13x,sy13q,sy13t,sy130,sy13p,sy131,sy13s,sy13m,sydc,sydd,syd7,sy10v,sy110,sy13i,sydq,syc3,sy13d,sygj,sy13k,sy13v,sy10u,sy10t,sy10s,sy109,sy108,sy100,sy103,sy10x,sygw,sygv,sygu,sy10w,sy10c,sy10b,sy10a,syzx,syzz,sy13l,sydo,sy13h,sy13g,sy13f,sy13e,sy13c,sy13b,sy13a,sy10d,syp7,Wct42,UEShwc,sy1yd,sy14b,YHnUBc,sy241,VtMfj,U9EYge,sy11s,loL8vb,sy11v,sy11u,sy10z,sy111,sy112,sy10y,sy107,sy10g,sy10r,sy10i,sy10n,sy10j,sy10f,sy10e,syzu,syyo,syyn,sy101,ms4mZb,syxb,B2qlPe,sy143,NzU6V,sy14l,sy9b,WlNQGd,syzt,syzr,syzq,DPreE,sy14n,sy14m,nabPbb,abd,sy477,TDFkye?cb=121509378&xjs=s3:445
XMLHttpRequest.send
(anonymous) @ m=cdos,cr,hsm,jsa,mb4ZUb,cEt90b,SNUn3,qddgKe,sTsDMc,dtl0hd,eHDfl,YV5bee,d,csi?cb=121509378:422
(anonymous) @ m=syxk,HGv0mf,sy133,sy134,Qj0suc,JXS8fb,sy122,QKZgZd,sy136,sy13z,sy13y,sy13o,sy13x,sy13q,sy13t,sy130,sy13p,sy131,sy13s,sy13m,sydc,sydd,syd7,sy10v,sy110,sy13i,sydq,syc3,sy13d,sygj,sy13k,sy13v,sy10u,sy10t,sy10s,sy109,sy108,sy100,sy103,sy10x,sygw,sygv,sygu,sy10w,sy10c,sy10b,sy10a,syzx,syzz,sy13l,sydo,sy13h,sy13g,sy13f,sy13e,sy13c,sy13b,sy13a,sy10d,syp7,Wct42,UEShwc,sy1yd,sy14b,YHnUBc,sy241,VtMfj,U9EYge,sy11s,loL8vb,sy11v,sy11u,sy10z,sy111,sy112,sy10y,sy107,sy10g,sy10r,sy10i,sy10n,sy10j,sy10f,sy10e,syzu,syyo,syyn,sy101,ms4mZb,syxb,B2qlPe,sy143,NzU6V,sy14l,sy9b,WlNQGd,syzt,syzr,syzq,DPreE,sy14n,sy14m,nabPbb,abd,sy477,TDFkye?cb=121509378&xjs=s3:446
_.T2b @ m=syxk,HGv0mf,sy133,sy134,Qj0suc,JXS8fb,sy122,QKZgZd,sy136,sy13z,sy13y,sy13o,sy13x,sy13q,sy13t,sy130,sy13p,sy131,sy13s,sy13m,sydc,sydd,syd7,sy10v,sy110,sy13i,sydq,syc3,sy13d,sygj,sy13k,sy13v,sy10u,sy10t,sy10s,sy109,sy108,sy100,sy103,sy10x,sygw,sygv,sygu,sy10w,sy10c,sy10b,sy10a,syzx,syzz,sy13l,sydo,sy13h,sy13g,sy13f,sy13e,sy13c,sy13b,sy13a,sy10d,syp7,Wct42,UEShwc,sy1yd,sy14b,YHnUBc,sy241,VtMfj,U9EYge,sy11s,loL8vb,sy11v,sy11u,sy10z,sy111,sy112,sy10y,sy107,sy10g,sy10r,sy10i,sy10n,sy10j,sy10f,sy10e,syzu,syyo,syyn,sy101,ms4mZb,syxb,B2qlPe,sy143,NzU6V,sy14l,sy9b,WlNQGd,syzt,syzr,syzq,DPreE,sy14n,sy14m,nabPbb,abd,sy477,TDFkye?cb=121509378&xjs=s3:149
i7b @ m=syxk,HGv0mf,sy133,sy134,Qj0suc,JXS8fb,sy122,QKZgZd,sy136,sy13z,sy13y,sy13o,sy13x,sy13q,sy13t,sy130,sy13p,sy131,sy13s,sy13m,sydc,sydd,syd7,sy10v,sy110,sy13i,sydq,syc3,sy13d,sygj,sy13k,sy13v,sy10u,sy10t,sy10s,sy109,sy108,sy100,sy103,sy10x,sygw,sygv,sygu,sy10w,sy10c,sy10b,sy10a,syzx,syzz,sy13l,sydo,sy13h,sy13g,sy13f,sy13e,sy13c,sy13b,sy13a,sy10d,syp7,Wct42,UEShwc,sy1yd,sy14b,YHnUBc,sy241,VtMfj,U9EYge,sy11s,loL8vb,sy11v,sy11u,sy10z,sy111,sy112,sy10y,sy107,sy10g,sy10r,sy10i,sy10n,sy10j,sy10f,sy10e,syzu,syyo,syyn,sy101,ms4mZb,syxb,B2qlPe,sy143,NzU6V,sy14l,sy9b,WlNQGd,syzt,syzr,syzq,DPreE,sy14n,sy14m,nabPbb,abd,sy477,TDFkye?cb=121509378&xjs=s3:444
(anonymous) @ m=syxk,HGv0mf,sy133,sy134,Qj0suc,JXS8fb,sy122,QKZgZd,sy136,sy13z,sy13y,sy13o,sy13x,sy13q,sy13t,sy130,sy13p,sy131,sy13s,sy13m,sydc,sydd,syd7,sy10v,sy110,sy13i,sydq,syc3,sy13d,sygj,sy13k,sy13v,sy10u,sy10t,sy10s,sy109,sy108,sy100,sy103,sy10x,sygw,sygv,sygu,sy10w,sy10c,sy10b,sy10a,syzx,syzz,sy13l,sydo,sy13h,sy13g,sy13f,sy13e,sy13c,sy13b,sy13a,sy10d,syp7,Wct42,UEShwc,sy1yd,sy14b,YHnUBc,sy241,VtMfj,U9EYge,sy11s,loL8vb,sy11v,sy11u,sy10z,sy111,sy112,sy10y,sy107,sy10g,sy10r,sy10i,sy10n,sy10j,sy10f,sy10e,syzu,syyo,syyn,sy101,ms4mZb,syxb,B2qlPe,sy143,NzU6V,sy14l,sy9b,WlNQGd,syzt,syzr,syzq,DPreE,sy14n,sy14m,nabPbb,abd,sy477,TDFkye?cb=121509378&xjs=s3:450
q7b @ m=syxk,HGv0mf,sy133,sy134,Qj0suc,JXS8fb,sy122,QKZgZd,sy136,sy13z,sy13y,sy13o,sy13x,sy13q,sy13t,sy130,sy13p,sy131,sy13s,sy13m,sydc,sydd,syd7,sy10v,sy110,sy13i,sydq,syc3,sy13d,sygj,sy13k,sy13v,sy10u,sy10t,sy10s,sy109,sy108,sy100,sy103,sy10x,sygw,sygv,sygu,sy10w,sy10c,sy10b,sy10a,syzx,syzz,sy13l,sydo,sy13h,sy13g,sy13f,sy13e,sy13c,sy13b,sy13a,sy10d,syp7,Wct42,UEShwc,sy1yd,sy14b,YHnUBc,sy241,VtMfj,U9EYge,sy11s,loL8vb,sy11v,sy11u,sy10z,sy111,sy112,sy10y,sy107,sy10g,sy10r,sy10i,sy10n,sy10j,sy10f,sy10e,syzu,syyo,syyn,sy101,ms4mZb,syxb,B2qlPe,sy143,NzU6V,sy14l,sy9b,WlNQGd,syzt,syzr,syzq,DPreE,sy14n,sy14m,nabPbb,abd,sy477,TDFkye?cb=121509378&xjs=s3:450
await in q7b
n7b @ m=syxk,HGv0mf,sy133,sy134,Qj0suc,JXS8fb,sy122,QKZgZd,sy136,sy13z,sy13y,sy13o,sy13x,sy13q,sy13t,sy130,sy13p,sy131,sy13s,sy13m,sydc,sydd,syd7,sy10v,sy110,sy13i,sydq,syc3,sy13d,sygj,sy13k,sy13v,sy10u,sy10t,sy10s,sy109,sy108,sy100,sy103,sy10x,sygw,sygv,sygu,sy10w,sy10c,sy10b,sy10a,syzx,syzz,sy13l,sydo,sy13h,sy13g,sy13f,sy13e,sy13c,sy13b,sy13a,sy10d,syp7,Wct42,UEShwc,sy1yd,sy14b,YHnUBc,sy241,VtMfj,U9EYge,sy11s,loL8vb,sy11v,sy11u,sy10z,sy111,sy112,sy10y,sy107,sy10g,sy10r,sy10i,sy10n,sy10j,sy10f,sy10e,syzu,syyo,syyn,sy101,ms4mZb,syxb,B2qlPe,sy143,NzU6V,sy14l,sy9b,WlNQGd,syzt,syzr,syzq,DPreE,sy14n,sy14m,nabPbb,abd,sy477,TDFkye?cb=121509378&xjs=s3:450
p7b @ m=syxk,HGv0mf,sy133,sy134,Qj0suc,JXS8fb,sy122,QKZgZd,sy136,sy13z,sy13y,sy13o,sy13x,sy13q,sy13t,sy130,sy13p,sy131,sy13s,sy13m,sydc,sydd,syd7,sy10v,sy110,sy13i,sydq,syc3,sy13d,sygj,sy13k,sy13v,sy10u,sy10t,sy10s,sy109,sy108,sy100,sy103,sy10x,sygw,sygv,sygu,sy10w,sy10c,sy10b,sy10a,syzx,syzz,sy13l,sydo,sy13h,sy13g,sy13f,sy13e,sy13c,sy13b,sy13a,sy10d,syp7,Wct42,UEShwc,sy1yd,sy14b,YHnUBc,sy241,VtMfj,U9EYge,sy11s,loL8vb,sy11v,sy11u,sy10z,sy111,sy112,sy10y,sy107,sy10g,sy10r,sy10i,sy10n,sy10j,sy10f,sy10e,syzu,syyo,syyn,sy101,ms4mZb,syxb,B2qlPe,sy143,NzU6V,sy14l,sy9b,WlNQGd,syzt,syzr,syzq,DPreE,sy14n,sy14m,nabPbb,abd,sy477,TDFkye?cb=121509378&xjs=s3:449
fetch @ m=syxk,HGv0mf,sy133,sy134,Qj0suc,JXS8fb,sy122,QKZgZd,sy136,sy13z,sy13y,sy13o,sy13x,sy13q,sy13t,sy130,sy13p,sy131,sy13s,sy13m,sydc,sydd,syd7,sy10v,sy110,sy13i,sydq,syc3,sy13d,sygj,sy13k,sy13v,sy10u,sy10t,sy10s,sy109,sy108,sy100,sy103,sy10x,sygw,sygv,sygu,sy10w,sy10c,sy10b,sy10a,syzx,syzz,sy13l,sydo,sy13h,sy13g,sy13f,sy13e,sy13c,sy13b,sy13a,sy10d,syp7,Wct42,UEShwc,sy1yd,sy14b,YHnUBc,sy241,VtMfj,U9EYge,sy11s,loL8vb,sy11v,sy11u,sy10z,sy111,sy112,sy10y,sy107,sy10g,sy10r,sy10i,sy10n,sy10j,sy10f,sy10e,syzu,syyo,syyn,sy101,ms4mZb,syxb,B2qlPe,sy143,NzU6V,sy14l,sy9b,WlNQGd,syzt,syzr,syzq,DPreE,sy14n,sy14m,nabPbb,abd,sy477,TDFkye?cb=121509378&xjs=s3:454
r4b @ m=syxk,HGv0mf,sy133,sy134,Qj0suc,JXS8fb,sy122,QKZgZd,sy136,sy13z,sy13y,sy13o,sy13x,sy13q,sy13t,sy130,sy13p,sy131,sy13s,sy13m,sydc,sydd,syd7,sy10v,sy110,sy13i,sydq,syc3,sy13d,sygj,sy13k,sy13v,sy10u,sy10t,sy10s,sy109,sy108,sy100,sy103,sy10x,sygw,sygv,sygu,sy10w,sy10c,sy10b,sy10a,syzx,syzz,sy13l,sydo,sy13h,sy13g,sy13f,sy13e,sy13c,sy13b,sy13a,sy10d,syp7,Wct42,UEShwc,sy1yd,sy14b,YHnUBc,sy241,VtMfj,U9EYge,sy11s,loL8vb,sy11v,sy11u,sy10z,sy111,sy112,sy10y,sy107,sy10g,sy10r,sy10i,sy10n,sy10j,sy10f,sy10e,syzu,syyo,syyn,sy101,ms4mZb,syxb,B2qlPe,sy143,NzU6V,sy14l,sy9b,WlNQGd,syzt,syzr,syzq,DPreE,sy14n,sy14m,nabPbb,abd,sy477,TDFkye?cb=121509378&xjs=s3:498
o4b @ m=syxk,HGv0mf,sy133,sy134,Qj0suc,JXS8fb,sy122,QKZgZd,sy136,sy13z,sy13y,sy13o,sy13x,sy13q,sy13t,sy130,sy13p,sy131,sy13s,sy13m,sydc,sydd,syd7,sy10v,sy110,sy13i,sydq,syc3,sy13d,sygj,sy13k,sy13v,sy10u,sy10t,sy10s,sy109,sy108,sy100,sy103,sy10x,sygw,sygv,sygu,sy10w,sy10c,sy10b,sy10a,syzx,syzz,sy13l,sydo,sy13h,sy13g,sy13f,sy13e,sy13c,sy13b,sy13a,sy10d,syp7,Wct42,UEShwc,sy1yd,sy14b,YHnUBc,sy241,VtMfj,U9EYge,sy11s,loL8vb,sy11v,sy11u,sy10z,sy111,sy112,sy10y,sy107,sy10g,sy10r,sy10i,sy10n,sy10j,sy10f,sy10e,syzu,syyo,syyn,sy101,ms4mZb,syxb,B2qlPe,sy143,NzU6V,sy14l,sy9b,WlNQGd,syzt,syzr,syzq,DPreE,sy14n,sy14m,nabPbb,abd,sy477,TDFkye?cb=121509378&xjs=s3:496
_.Fx @ m=syxk,HGv0mf,sy133,sy134,Qj0suc,JXS8fb,sy122,QKZgZd,sy136,sy13z,sy13y,sy13o,sy13x,sy13q,sy13t,sy130,sy13p,sy131,sy13s,sy13m,sydc,sydd,syd7,sy10v,sy110,sy13i,sydq,syc3,sy13d,sygj,sy13k,sy13v,sy10u,sy10t,sy10s,sy109,sy108,sy100,sy103,sy10x,sygw,sygv,sygu,sy10w,sy10c,sy10b,sy10a,syzx,syzz,sy13l,sydo,sy13h,sy13g,sy13f,sy13e,sy13c,sy13b,sy13a,sy10d,syp7,Wct42,UEShwc,sy1yd,sy14b,YHnUBc,sy241,VtMfj,U9EYge,sy11s,loL8vb,sy11v,sy11u,sy10z,sy111,sy112,sy10y,sy107,sy10g,sy10r,sy10i,sy10n,sy10j,sy10f,sy10e,syzu,syyo,syyn,sy101,ms4mZb,syxb,B2qlPe,sy143,NzU6V,sy14l,sy9b,WlNQGd,syzt,syzr,syzq,DPreE,sy14n,sy14m,nabPbb,abd,sy477,TDFkye?cb=121509378&xjs=s3:494
Od @ m=syxk,HGv0mf,sy133,sy134,Qj0suc,JXS8fb,sy122,QKZgZd,sy136,sy13z,sy13y,sy13o,sy13x,sy13q,sy13t,sy130,sy13p,sy131,sy13s,sy13m,sydc,sydd,syd7,sy10v,sy110,sy13i,sydq,syc3,sy13d,sygj,sy13k,sy13v,sy10u,sy10t,sy10s,sy109,sy108,sy100,sy103,sy10x,sygw,sygv,sygu,sy10w,sy10c,sy10b,sy10a,syzx,syzz,sy13l,sydo,sy13h,sy13g,sy13f,sy13e,sy13c,sy13b,sy13a,sy10d,syp7,Wct42,UEShwc,sy1yd,sy14b,YHnUBc,sy241,VtMfj,U9EYge,sy11s,loL8vb,sy11v,sy11u,sy10z,sy111,sy112,sy10y,sy107,sy10g,sy10r,sy10i,sy10n,sy10j,sy10f,sy10e,syzu,syyo,syyn,sy101,ms4mZb,syxb,B2qlPe,sy143,NzU6V,sy14l,sy9b,WlNQGd,syzt,syzr,syzq,DPreE,sy14n,sy14m,nabPbb,abd,sy477,TDFkye?cb=121509378&xjs=s3:522
(anonymous) @ m=cdos,cr,hsm,jsa,mb4ZUb,cEt90b,SNUn3,qddgKe,sTsDMc,dtl0hd,eHDfl,YV5bee,d,csi?cb=121509378:938
map @ m=cdos,cr,hsm,jsa,mb4ZUb,cEt90b,SNUn3,qddgKe,sTsDMc,dtl0hd,eHDfl,YV5bee,d,csi?cb=121509378:724
sXa @ m=cdos,cr,hsm,jsa,mb4ZUb,cEt90b,SNUn3,qddgKe,sTsDMc,dtl0hd,eHDfl,YV5bee,d,csi?cb=121509378:938
(anonymous) @ m=cdos,cr,hsm,jsa,mb4ZUb,cEt90b,SNUn3,qddgKe,sTsDMc,dtl0hd,eHDfl,YV5bee,d,csi?cb=121509378:935
(anonymous) @ m=cdos,cr,hsm,jsa,mb4ZUb,cEt90b,SNUn3,qddgKe,sTsDMc,dtl0hd,eHDfl,YV5bee,d,csi?cb=121509378:725
b @ m=cdos,cr,hsm,jsa,mb4ZUb,cEt90b,SNUn3,qddgKe,sTsDMc,dtl0hd,eHDfl,YV5bee,d,csi?cb=121509378:723
b @ m=cdos,cr,hsm,jsa,mb4ZUb,cEt90b,SNUn3,qddgKe,sTsDMc,dtl0hd,eHDfl,YV5bee,d,csi?cb=121509378:723
Xx @ m=cdos,cr,hsm,jsa,mb4ZUb,cEt90b,SNUn3,qddgKe,sTsDMc,dtl0hd,eHDfl,YV5bee,d,csi?cb=121509378:723
(anonymous) @ m=cdos,cr,hsm,jsa,mb4ZUb,cEt90b,SNUn3,qddgKe,sTsDMc,dtl0hd,eHDfl,YV5bee,d,csi?cb=121509378:725
b @ m=cdos,cr,hsm,jsa,mb4ZUb,cEt90b,SNUn3,qddgKe,sTsDMc,dtl0hd,eHDfl,YV5bee,d,csi?cb=121509378:723
(anonymous) @ m=cdos,cr,hsm,jsa,mb4ZUb,cEt90b,SNUn3,qddgKe,sTsDMc,dtl0hd,eHDfl,YV5bee,d,csi?cb=121509378:725
(anonymous) @ m=cdos,cr,hsm,jsa,mb4ZUb,cEt90b,SNUn3,qddgKe,sTsDMc,dtl0hd,eHDfl,YV5bee,d,csi?cb=121509378:406
e.wa @ m=cdos,cr,hsm,jsa,mb4ZUb,cEt90b,SNUn3,qddgKe,sTsDMc,dtl0hd,eHDfl,YV5bee,d,csi?cb=121509378:594
QIa @ m=cdos,cr,hsm,jsa,mb4ZUb,cEt90b,SNUn3,qddgKe,sTsDMc,dtl0hd,eHDfl,YV5bee,d,csi?cb=121509378:597
MIa @ m=cdos,cr,hsm,jsa,mb4ZUb,cEt90b,SNUn3,qddgKe,sTsDMc,dtl0hd,eHDfl,YV5bee,d,csi?cb=121509378:597
_.Lg.t4a @ m=cdos,cr,hsm,jsa,mb4ZUb,cEt90b,SNUn3,qddgKe,sTsDMc,dtl0hd,eHDfl,YV5bee,d,csi?cb=121509378:597
wla @ m=cdos,cr,hsm,jsa,mb4ZUb,cEt90b,SNUn3,qddgKe,sTsDMc,dtl0hd,eHDfl,YV5bee,d,csi?cb=121509378:200
(anonymous) @ m=cdos,cr,hsm,jsa,mb4ZUb,cEt90b,SNUn3,qddgKe,sTsDMc,dtl0hd,eHDfl,YV5bee,d,csi?cb=121509378:406
Promise.then
then @ m=cdos,cr,hsm,jsa,mb4ZUb,cEt90b,SNUn3,qddgKe,sTsDMc,dtl0hd,eHDfl,YV5bee,d,csi?cb=121509378:420
sIa @ m=cdos,cr,hsm,jsa,mb4ZUb,cEt90b,SNUn3,qddgKe,sTsDMc,dtl0hd,eHDfl,YV5bee,d,csi?cb=121509378:588
_.wn @ m=cdos,cr,hsm,jsa,mb4ZUb,cEt90b,SNUn3,qddgKe,sTsDMc,dtl0hd,eHDfl,YV5bee,d,csi?cb=121509378:588
NIa @ m=cdos,cr,hsm,jsa,mb4ZUb,cEt90b,SNUn3,qddgKe,sTsDMc,dtl0hd,eHDfl,YV5bee,d,csi?cb=121509378:596
_.Lg.OP @ m=cdos,cr,hsm,jsa,mb4ZUb,cEt90b,SNUn3,qddgKe,sTsDMc,dtl0hd,eHDfl,YV5bee,d,csi?cb=121509378:595
(anonymous) @ m=cdos,cr,hsm,jsa,mb4ZUb,cEt90b,SNUn3,qddgKe,sTsDMc,dtl0hd,eHDfl,YV5bee,d,csi?cb=121509378:589
f @ m=cdos,cr,hsm,jsa,mb4ZUb,cEt90b,SNUn3,qddgKe,sTsDMc,dtl0hd,eHDfl,YV5bee,d,csi?cb=121509378:591
(anonymous) @ m=cdos,cr,hsm,jsa,mb4ZUb,cEt90b,SNUn3,qddgKe,sTsDMc,dtl0hd,eHDfl,YV5bee,d,csi?cb=121509378:428
g @ m=cdos,cr,hsm,jsa,mb4ZUb,cEt90b,SNUn3,qddgKe,sTsDMc,dtl0hd,eHDfl,YV5bee,d,csi?cb=121509378:596
(anonymous) @ m=cdos,cr,hsm,jsa,mb4ZUb,cEt90b,SNUn3,qddgKe,sTsDMc,dtl0hd,eHDfl,YV5bee,d,csi?cb=121509378:406
Promise.then
then @ m=cdos,cr,hsm,jsa,mb4ZUb,cEt90b,SNUn3,qddgKe,sTsDMc,dtl0hd,eHDfl,YV5bee,d,csi?cb=121509378:420
PIa @ m=cdos,cr,hsm,jsa,mb4ZUb,cEt90b,SNUn3,qddgKe,sTsDMc,dtl0hd,eHDfl,YV5bee,d,csi?cb=121509378:596
DIa @ m=cdos,cr,hsm,jsa,mb4ZUb,cEt90b,SNUn3,qddgKe,sTsDMc,dtl0hd,eHDfl,YV5bee,d,csi?cb=121509378:596
_.EIa @ m=cdos,cr,hsm,jsa,mb4ZUb,cEt90b,SNUn3,qddgKe,sTsDMc,dtl0hd,eHDfl,YV5bee,d,csi?cb=121509378:590
(anonymous) @ m=cdos,cr,hsm,jsa,mb4ZUb,cEt90b,SNUn3,qddgKe,sTsDMc,dtl0hd,eHDfl,YV5bee,d,csi?cb=121509378:591
_.Lg @ m=cdos,cr,hsm,jsa,mb4ZUb,cEt90b,SNUn3,qddgKe,sTsDMc,dtl0hd,eHDfl,YV5bee,d,csi?cb=121509378:589
_.Eh @ m=cdos,cr,hsm,jsa,mb4ZUb,cEt90b,SNUn3,qddgKe,sTsDMc,dtl0hd,eHDfl,YV5bee,d,csi?cb=121509378:591
RMa @ m=cdos,cr,hsm,jsa,mb4ZUb,cEt90b,SNUn3,qddgKe,sTsDMc,dtl0hd,eHDfl,YV5bee,d,csi?cb=121509378:725
UMa @ m=cdos,cr,hsm,jsa,mb4ZUb,cEt90b,SNUn3,qddgKe,sTsDMc,dtl0hd,eHDfl,YV5bee,d,csi?cb=121509378:728
_.SMa @ m=cdos,cr,hsm,jsa,mb4ZUb,cEt90b,SNUn3,qddgKe,sTsDMc,dtl0hd,eHDfl,YV5bee,d,csi?cb=121509378:726
(anonymous) @ m=cdos,cr,hsm,jsa,mb4ZUb,cEt90b,SNUn3,qddgKe,sTsDMc,dtl0hd,eHDfl,YV5bee,d,csi?cb=121509378:725
_.vf @ m=cdos,cr,hsm,jsa,mb4ZUb,cEt90b,SNUn3,qddgKe,sTsDMc,dtl0hd,eHDfl,YV5bee,d,csi?cb=121509378:723
_.Noa @ m=cdos,cr,hsm,jsa,mb4ZUb,cEt90b,SNUn3,qddgKe,sTsDMc,dtl0hd,eHDfl,YV5bee,d,csi?cb=121509378:725
_.jXa @ m=cdos,cr,hsm,jsa,mb4ZUb,cEt90b,SNUn3,qddgKe,sTsDMc,dtl0hd,eHDfl,YV5bee,d,csi?cb=121509378:927
cG @ m=cdos,cr,hsm,jsa,mb4ZUb,cEt90b,SNUn3,qddgKe,sTsDMc,dtl0hd,eHDfl,YV5bee,d,csi?cb=121509378:942
nXa @ m=cdos,cr,hsm,jsa,mb4ZUb,cEt90b,SNUn3,qddgKe,sTsDMc,dtl0hd,eHDfl,YV5bee,d,csi?cb=121509378:934
oXa @ m=cdos,cr,hsm,jsa,mb4ZUb,cEt90b,SNUn3,qddgKe,sTsDMc,dtl0hd,eHDfl,YV5bee,d,csi?cb=121509378:933
(anonymous) @ m=cdos,cr,hsm,jsa,mb4ZUb,cEt90b,SNUn3,qddgKe,sTsDMc,dtl0hd,eHDfl,YV5bee,d,csi?cb=121509378:943
OWa.qM.MWa.MCa @ m=cdos,cr,hsm,jsa,mb4ZUb,cEt90b,SNUn3,qddgKe,sTsDMc,dtl0hd,eHDfl,YV5bee,d,csi?cb=121509378:920
dispatch @ m=cdos,cr,hsm,jsa,mb4ZUb,cEt90b,SNUn3,qddgKe,sTsDMc,dtl0hd,eHDfl,YV5bee,d,csi?cb=121509378:920
dispatch @ m=cdos,cr,hsm,jsa,mb4ZUb,cEt90b,SNUn3,qddgKe,sTsDMc,dtl0hd,eHDfl,YV5bee,d,csi?cb=121509378:921
(anonymous) @ m=cdos,cr,hsm,jsa,mb4ZUb,cEt90b,SNUn3,qddgKe,sTsDMc,dtl0hd,eHDfl,YV5bee,d,csi?cb=121509378:380
F @ sj-proxy?url=https%3A%2F%2Fgoogle.com:18
E.handleEvent @ sj-proxy?url=https%3A%2F%2Fgoogle.com:18
f @ sj-proxy?url=https%3A%2F%2Fgoogle.com:18
trigger @ sj-proxy?url=https%3A%2F%2Fgoogle.com:18
trigger @ m=cdos,cr,hsm,jsa,mb4ZUb,cEt90b,SNUn3,qddgKe,sTsDMc,dtl0hd,eHDfl,YV5bee,d,csi?cb=121509378:942
xra @ m=cdos,cr,hsm,jsa,mb4ZUb,cEt90b,SNUn3,qddgKe,sTsDMc,dtl0hd,eHDfl,YV5bee,d,csi?cb=121509378:927
_.Sg @ m=cdos,cr,hsm,jsa,mb4ZUb,cEt90b,SNUn3,qddgKe,sTsDMc,dtl0hd,eHDfl,YV5bee,d,csi?cb=121509378:288
(anonymous) @ m=cdos,cr,hsm,jsa,mb4ZUb,cEt90b,SNUn3,qddgKe,sTsDMc,dtl0hd,eHDfl,YV5bee,d,csi?cb=121509378:808
YPa @ m=cdos,cr,hsm,jsa,mb4ZUb,cEt90b,SNUn3,qddgKe,sTsDMc,dtl0hd,eHDfl,YV5bee,d,csi?cb=121509378:808
ZPa @ m=cdos,cr,hsm,jsa,mb4ZUb,cEt90b,SNUn3,qddgKe,sTsDMc,dtl0hd,eHDfl,YV5bee,d,csi?cb=121509378:805
QPa @ m=cdos,cr,hsm,jsa,mb4ZUb,cEt90b,SNUn3,qddgKe,sTsDMc,dtl0hd,eHDfl,YV5bee,d,csi?cb=121509378:807
PPa @ m=cdos,cr,hsm,jsa,mb4ZUb,cEt90b,SNUn3,qddgKe,sTsDMc,dtl0hd,eHDfl,YV5bee,d,csi?cb=121509378:801
(anonymous) @ m=cdos,cr,hsm,jsa,mb4ZUb,cEt90b,SNUn3,qddgKe,sTsDMc,dtl0hd,eHDfl,YV5bee,d,csi?cb=121509378:809
a.Ba @ m=cdos,cr,hsm,jsa,mb4ZUb,cEt90b,SNUn3,qddgKe,sTsDMc,dtl0hd,eHDfl,YV5bee,d,csi?cb=121509378:811
(anonymous) @ m=cdos,cr,hsm,jsa,mb4ZUb,cEt90b,SNUn3,qddgKe,sTsDMc,dtl0hd,eHDfl,YV5bee,d,csi?cb=121509378:406
a.port1.onmessage @ m=cdos,cr,hsm,jsa,mb4ZUb,cEt90b,SNUn3,qddgKe,sTsDMc,dtl0hd,eHDfl,YV5bee,d,csi?cb=121509378:588
postMessage
(anonymous) @ m=cdos,cr,hsm,jsa,mb4ZUb,cEt90b,SNUn3,qddgKe,sTsDMc,dtl0hd,eHDfl,YV5bee,d,csi?cb=121509378:588
_.ie @ m=cdos,cr,hsm,jsa,mb4ZUb,cEt90b,SNUn3,qddgKe,sTsDMc,dtl0hd,eHDfl,YV5bee,d,csi?cb=121509378:200
Ra @ m=cdos,cr,hsm,jsa,mb4ZUb,cEt90b,SNUn3,qddgKe,sTsDMc,dtl0hd,eHDfl,YV5bee,d,csi?cb=121509378:809
(anonymous) @ m=cdos,cr,hsm,jsa,mb4ZUb,cEt90b,SNUn3,qddgKe,sTsDMc,dtl0hd,eHDfl,YV5bee,d,csi?cb=121509378:811
_.Lg @ m=cdos,cr,hsm,jsa,mb4ZUb,cEt90b,SNUn3,qddgKe,sTsDMc,dtl0hd,eHDfl,YV5bee,d,csi?cb=121509378:589
_.cQa @ m=cdos,cr,hsm,jsa,mb4ZUb,cEt90b,SNUn3,qddgKe,sTsDMc,dtl0hd,eHDfl,YV5bee,d,csi?cb=121509378:811
dirty @ m=cdos,cr,hsm,jsa,mb4ZUb,cEt90b,SNUn3,qddgKe,sTsDMc,dtl0hd,eHDfl,YV5bee,d,csi?cb=121509378:809
dirty @ m=cdos,cr,hsm,jsa,mb4ZUb,cEt90b,SNUn3,qddgKe,sTsDMc,dtl0hd,eHDfl,YV5bee,d,csi?cb=121509378:946
(anonymous) @ m=cdos,cr,hsm,jsa,mb4ZUb,cEt90b,SNUn3,qddgKe,sTsDMc,dtl0hd,eHDfl,YV5bee,d,csi?cb=121509378:946
(anonymous) @ m=cdos,cr,hsm,jsa,mb4ZUb,cEt90b,SNUn3,qddgKe,sTsDMc,dtl0hd,eHDfl,YV5bee,d,csi?cb=121509378:237
oa @ m=cdos,cr,hsm,jsa,mb4ZUb,cEt90b,SNUn3,qddgKe,sTsDMc,dtl0hd,eHDfl,YV5bee,d,csi?cb=121509378:977
execute @ m=cdos,cr,hsm,jsa,mb4ZUb,cEt90b,SNUn3,qddgKe,sTsDMc,dtl0hd,eHDfl,YV5bee,d,csi?cb=121509378:977
(anonymous) @ m=cdos,cr,hsm,jsa,mb4ZUb,cEt90b,SNUn3,qddgKe,sTsDMc,dtl0hd,eHDfl,YV5bee,d,csi?cb=121509378:1035
(anonymous) @ m=cdos,cr,hsm,jsa,mb4ZUb,cEt90b,SNUn3,qddgKe,sTsDMc,dtl0hd,eHDfl,YV5bee,d,csi?cb=121509378:406
a.port1.onmessage @ m=cdos,cr,hsm,jsa,mb4ZUb,cEt90b,SNUn3,qddgKe,sTsDMc,dtl0hd,eHDfl,YV5bee,d,csi?cb=121509378:588
postMessage
(anonymous) @ m=cdos,cr,hsm,jsa,mb4ZUb,cEt90b,SNUn3,qddgKe,sTsDMc,dtl0hd,eHDfl,YV5bee,d,csi?cb=121509378:588
_.ie @ m=cdos,cr,hsm,jsa,mb4ZUb,cEt90b,SNUn3,qddgKe,sTsDMc,dtl0hd,eHDfl,YV5bee,d,csi?cb=121509378:200
Acb @ m=cdos,cr,hsm,jsa,mb4ZUb,cEt90b,SNUn3,qddgKe,sTsDMc,dtl0hd,eHDfl,YV5bee,d,csi?cb=121509378:1035
Aa @ m=cdos,cr,hsm,jsa,mb4ZUb,cEt90b,SNUn3,qddgKe,sTsDMc,dtl0hd,eHDfl,YV5bee,d,csi?cb=121509378:1035
ZVa @ m=cdos,cr,hsm,jsa,mb4ZUb,cEt90b,SNUn3,qddgKe,sTsDMc,dtl0hd,eHDfl,YV5bee,d,csi?cb=121509378:1023
(anonymous) @ m=cdos,cr,hsm,jsa,mb4ZUb,cEt90b,SNUn3,qddgKe,sTsDMc,dtl0hd,eHDfl,YV5bee,d,csi?cb=121509378:979
wla @ m=cdos,cr,hsm,jsa,mb4ZUb,cEt90b,SNUn3,qddgKe,sTsDMc,dtl0hd,eHDfl,YV5bee,d,csi?cb=121509378:200
(anonymous) @ m=cdos,cr,hsm,jsa,mb4ZUb,cEt90b,SNUn3,qddgKe,sTsDMc,dtl0hd,eHDfl,YV5bee,d,csi?cb=121509378:406
Promise.then
then @ m=cdos,cr,hsm,jsa,mb4ZUb,cEt90b,SNUn3,qddgKe,sTsDMc,dtl0hd,eHDfl,YV5bee,d,csi?cb=121509378:420
sIa @ m=cdos,cr,hsm,jsa,mb4ZUb,cEt90b,SNUn3,qddgKe,sTsDMc,dtl0hd,eHDfl,YV5bee,d,csi?cb=121509378:588
_.wn @ m=cdos,cr,hsm,jsa,mb4ZUb,cEt90b,SNUn3,qddgKe,sTsDMc,dtl0hd,eHDfl,YV5bee,d,csi?cb=121509378:588
NIa @ m=cdos,cr,hsm,jsa,mb4ZUb,cEt90b,SNUn3,qddgKe,sTsDMc,dtl0hd,eHDfl,YV5bee,d,csi?cb=121509378:596
_.Lg.OP @ m=cdos,cr,hsm,jsa,mb4ZUb,cEt90b,SNUn3,qddgKe,sTsDMc,dtl0hd,eHDfl,YV5bee,d,csi?cb=121509378:595
(anonymous) @ m=cdos,cr,hsm,jsa,mb4ZUb,cEt90b,SNUn3,qddgKe,sTsDMc,dtl0hd,eHDfl,YV5bee,d,csi?cb=121509378:589
AXa @ m=cdos,cr,hsm,jsa,mb4ZUb,cEt90b,SNUn3,qddgKe,sTsDMc,dtl0hd,eHDfl,YV5bee,d,csi?cb=121509378:945
initialize @ m=cdos,cr,hsm,jsa,mb4ZUb,cEt90b,SNUn3,qddgKe,sTsDMc,dtl0hd,eHDfl,YV5bee,d,csi?cb=121509378:946
_.aa.onLoad @ m=cdos,cr,hsm,jsa,mb4ZUb,cEt90b,SNUn3,qddgKe,sTsDMc,dtl0hd,eHDfl,YV5bee,d,csi?cb=121509378:699
oMa @ m=cdos,cr,hsm,jsa,mb4ZUb,cEt90b,SNUn3,qddgKe,sTsDMc,dtl0hd,eHDfl,YV5bee,d,csi?cb=121509378:714
go.Abb @ m=cdos,cr,hsm,jsa,mb4ZUb,cEt90b,SNUn3,qddgKe,sTsDMc,dtl0hd,eHDfl,YV5bee,d,csi?cb=121509378:705
_._ModuleManager_initialize @ m=cdos,cr,hsm,jsa,mb4ZUb,cEt90b,SNUn3,qddgKe,sTsDMc,dtl0hd,eHDfl,YV5bee,d,csi?cb=121509378:1046
(anonymous) @ m=cdos,cr,hsm,jsa,mb4ZUb,cEt90b,SNUn3,qddgKe,sTsDMc,dtl0hd,eHDfl,YV5bee,d,csi?cb=121509378:1047
(anonymous) @ m=cdos,cr,hsm,jsa,mb4ZUb,cEt90b,SNUn3,qddgKe,sTsDMc,dtl0hd,eHDfl,YV5bee,d,csi?cb=121509378:2881
sj-proxy?url=https%3A%2F%2Fgoogle.com:1 Access to XMLHttpRequest at 'https://google.com/client_204?cs=1&opi=89978449' from origin 'http://localhost:8080' has been blocked by CORS policy: No 'Access-Control-Allow-Origin' header is present on the requested resource.
m=cdos,cr,hsm,jsa,mb4ZUb,cEt90b,SNUn3,qddgKe,sTsDMc,dtl0hd,eHDfl,YV5bee,d,csi?cb=121509378:422  GET https://google.com/client_204?cs=1&opi=89978449 net::ERR_FAILED 301 (Moved Permanently)
(anonymous) @ m=cdos,cr,hsm,jsa,mb4ZUb,cEt90b,SNUn3,qddgKe,sTsDMc,dtl0hd,eHDfl,YV5bee,d,csi?cb=121509378:422
_.aa.send @ m=cdos,cr,hsm,jsa,mb4ZUb,cEt90b,SNUn3,qddgKe,sTsDMc,dtl0hd,eHDfl,YV5bee,d,csi?cb=121509378:991
wa @ m=syap,sye5,JKoKVe,pXdRYb,sy3it,syaq,syan,sy9d,O1Gjze,TtcOte,wR5FRb,kQvlef,syfs,syfp,syfl,syfk,sycx,syfj,sydw,syfi,syfh,syfg,syfd,syfb,syf9,syf7,sybj,syb7,syba,syb8,sybi,sybf,syb4,syax,syav,syf8,syf6,syf4,syds,syf3,syf2,syer,syf0,syeh,sye8,sye9,syez,sycq,syep,syey,syec,syed,syew,syeb,syev,sydt,sydu,syee,sye6,syeo,syet,syen,syes,syem,syel,syea,syej,syei,syeg,syef,syeq,sye7,sye0,sydv,syau,sy8o,zbML3c,gskBEc,sy21c,s980lf,sy16a,sy168,zGLm3b,sy461,sy460,sy45z,sy2a0,sy1ol,sy1om,DhPYme,sy46a,sy3ph,sy3pf,syhu,sy3pm,sy3pg,sy3po,sy3pc,sy469,KHourd,sy47g,syyu,oQfbDd,sy1og,sy24s,sy24t,sy24r,akFige,sy47j,sy254,sy1r9,sy1e1,sy1e0,syym,syyk,syyl,syyj,sy1uy,sy1uz,sy1qz,sy1qy,syyt,sy255,qmjr3?cb=121509378&xjs=s3:411
Plc @ m=syap,sye5,JKoKVe,pXdRYb,sy3it,syaq,syan,sy9d,O1Gjze,TtcOte,wR5FRb,kQvlef,syfs,syfp,syfl,syfk,sycx,syfj,sydw,syfi,syfh,syfg,syfd,syfb,syf9,syf7,sybj,syb7,syba,syb8,sybi,sybf,syb4,syax,syav,syf8,syf6,syf4,syds,syf3,syf2,syer,syf0,syeh,sye8,sye9,syez,sycq,syep,syey,syec,syed,syew,syeb,syev,sydt,sydu,syee,sye6,syeo,syet,syen,syes,syem,syel,syea,syej,syei,syeg,syef,syeq,sye7,sye0,sydv,syau,sy8o,zbML3c,gskBEc,sy21c,s980lf,sy16a,sy168,zGLm3b,sy461,sy460,sy45z,sy2a0,sy1ol,sy1om,DhPYme,sy46a,sy3ph,sy3pf,syhu,sy3pm,sy3pg,sy3po,sy3pc,sy469,KHourd,sy47g,syyu,oQfbDd,sy1og,sy24s,sy24t,sy24r,akFige,sy47j,sy254,sy1r9,sy1e1,sy1e0,syym,syyk,syyl,syyj,sy1uy,sy1uz,sy1qz,sy1qy,syyt,sy255,qmjr3?cb=121509378&xjs=s3:411
(anonymous) @ m=cdos,cr,hsm,jsa,mb4ZUb,cEt90b,SNUn3,qddgKe,sTsDMc,dtl0hd,eHDfl,YV5bee,d,csi?cb=121509378:735
(anonymous) @ m=cdos,cr,hsm,jsa,mb4ZUb,cEt90b,SNUn3,qddgKe,sTsDMc,dtl0hd,eHDfl,YV5bee,d,csi?cb=121509378:735
rpa @ m=cdos,cr,hsm,jsa,mb4ZUb,cEt90b,SNUn3,qddgKe,sTsDMc,dtl0hd,eHDfl,YV5bee,d,csi?cb=121509378:257
(anonymous) @ m=cdos,cr,hsm,jsa,mb4ZUb,cEt90b,SNUn3,qddgKe,sTsDMc,dtl0hd,eHDfl,YV5bee,d,csi?cb=121509378:735
flatMap @ m=cdos,cr,hsm,jsa,mb4ZUb,cEt90b,SNUn3,qddgKe,sTsDMc,dtl0hd,eHDfl,YV5bee,d,csi?cb=121509378:724
Uoa @ m=cdos,cr,hsm,jsa,mb4ZUb,cEt90b,SNUn3,qddgKe,sTsDMc,dtl0hd,eHDfl,YV5bee,d,csi?cb=121509378:735
_.Voa @ m=cdos,cr,hsm,jsa,mb4ZUb,cEt90b,SNUn3,qddgKe,sTsDMc,dtl0hd,eHDfl,YV5bee,d,csi?cb=121509378:251
_.PWa @ m=cdos,cr,hsm,jsa,mb4ZUb,cEt90b,SNUn3,qddgKe,sTsDMc,dtl0hd,eHDfl,YV5bee,d,csi?cb=121509378:1716
iXa @ m=cdos,cr,hsm,jsa,mb4ZUb,cEt90b,SNUn3,qddgKe,sTsDMc,dtl0hd,eHDfl,YV5bee,d,csi?cb=121509378:931
(anonymous) @ m=cdos,cr,hsm,jsa,mb4ZUb,cEt90b,SNUn3,qddgKe,sTsDMc,dtl0hd,eHDfl,YV5bee,d,csi?cb=121509378:927
(anonymous) @ m=cdos,cr,hsm,jsa,mb4ZUb,cEt90b,SNUn3,qddgKe,sTsDMc,dtl0hd,eHDfl,YV5bee,d,csi?cb=121509378:725
b @ m=cdos,cr,hsm,jsa,mb4ZUb,cEt90b,SNUn3,qddgKe,sTsDMc,dtl0hd,eHDfl,YV5bee,d,csi?cb=121509378:723
(anonymous) @ m=cdos,cr,hsm,jsa,mb4ZUb,cEt90b,SNUn3,qddgKe,sTsDMc,dtl0hd,eHDfl,YV5bee,d,csi?cb=121509378:725
(anonymous) @ m=cdos,cr,hsm,jsa,mb4ZUb,cEt90b,SNUn3,qddgKe,sTsDMc,dtl0hd,eHDfl,YV5bee,d,csi?cb=121509378:406
e.wa @ m=cdos,cr,hsm,jsa,mb4ZUb,cEt90b,SNUn3,qddgKe,sTsDMc,dtl0hd,eHDfl,YV5bee,d,csi?cb=121509378:594
QIa @ m=cdos,cr,hsm,jsa,mb4ZUb,cEt90b,SNUn3,qddgKe,sTsDMc,dtl0hd,eHDfl,YV5bee,d,csi?cb=121509378:597
MIa @ m=cdos,cr,hsm,jsa,mb4ZUb,cEt90b,SNUn3,qddgKe,sTsDMc,dtl0hd,eHDfl,YV5bee,d,csi?cb=121509378:597
_.Lg.t4a @ m=cdos,cr,hsm,jsa,mb4ZUb,cEt90b,SNUn3,qddgKe,sTsDMc,dtl0hd,eHDfl,YV5bee,d,csi?cb=121509378:597
wla @ m=cdos,cr,hsm,jsa,mb4ZUb,cEt90b,SNUn3,qddgKe,sTsDMc,dtl0hd,eHDfl,YV5bee,d,csi?cb=121509378:200
(anonymous) @ m=cdos,cr,hsm,jsa,mb4ZUb,cEt90b,SNUn3,qddgKe,sTsDMc,dtl0hd,eHDfl,YV5bee,d,csi?cb=121509378:406
Promise.then
then @ m=cdos,cr,hsm,jsa,mb4ZUb,cEt90b,SNUn3,qddgKe,sTsDMc,dtl0hd,eHDfl,YV5bee,d,csi?cb=121509378:420
sIa @ m=cdos,cr,hsm,jsa,mb4ZUb,cEt90b,SNUn3,qddgKe,sTsDMc,dtl0hd,eHDfl,YV5bee,d,csi?cb=121509378:588
_.wn @ m=cdos,cr,hsm,jsa,mb4ZUb,cEt90b,SNUn3,qddgKe,sTsDMc,dtl0hd,eHDfl,YV5bee,d,csi?cb=121509378:588
NIa @ m=cdos,cr,hsm,jsa,mb4ZUb,cEt90b,SNUn3,qddgKe,sTsDMc,dtl0hd,eHDfl,YV5bee,d,csi?cb=121509378:596
_.Lg.OP @ m=cdos,cr,hsm,jsa,mb4ZUb,cEt90b,SNUn3,qddgKe,sTsDMc,dtl0hd,eHDfl,YV5bee,d,csi?cb=121509378:595
(anonymous) @ m=cdos,cr,hsm,jsa,mb4ZUb,cEt90b,SNUn3,qddgKe,sTsDMc,dtl0hd,eHDfl,YV5bee,d,csi?cb=121509378:589
f @ m=cdos,cr,hsm,jsa,mb4ZUb,cEt90b,SNUn3,qddgKe,sTsDMc,dtl0hd,eHDfl,YV5bee,d,csi?cb=121509378:591
(anonymous) @ m=cdos,cr,hsm,jsa,mb4ZUb,cEt90b,SNUn3,qddgKe,sTsDMc,dtl0hd,eHDfl,YV5bee,d,csi?cb=121509378:428
g @ m=cdos,cr,hsm,jsa,mb4ZUb,cEt90b,SNUn3,qddgKe,sTsDMc,dtl0hd,eHDfl,YV5bee,d,csi?cb=121509378:596
(anonymous) @ m=cdos,cr,hsm,jsa,mb4ZUb,cEt90b,SNUn3,qddgKe,sTsDMc,dtl0hd,eHDfl,YV5bee,d,csi?cb=121509378:406
Promise.then
then @ m=cdos,cr,hsm,jsa,mb4ZUb,cEt90b,SNUn3,qddgKe,sTsDMc,dtl0hd,eHDfl,YV5bee,d,csi?cb=121509378:420
PIa @ m=cdos,cr,hsm,jsa,mb4ZUb,cEt90b,SNUn3,qddgKe,sTsDMc,dtl0hd,eHDfl,YV5bee,d,csi?cb=121509378:596
DIa @ m=cdos,cr,hsm,jsa,mb4ZUb,cEt90b,SNUn3,qddgKe,sTsDMc,dtl0hd,eHDfl,YV5bee,d,csi?cb=121509378:596
_.EIa @ m=cdos,cr,hsm,jsa,mb4ZUb,cEt90b,SNUn3,qddgKe,sTsDMc,dtl0hd,eHDfl,YV5bee,d,csi?cb=121509378:590
(anonymous) @ m=cdos,cr,hsm,jsa,mb4ZUb,cEt90b,SNUn3,qddgKe,sTsDMc,dtl0hd,eHDfl,YV5bee,d,csi?cb=121509378:591
_.Lg @ m=cdos,cr,hsm,jsa,mb4ZUb,cEt90b,SNUn3,qddgKe,sTsDMc,dtl0hd,eHDfl,YV5bee,d,csi?cb=121509378:589
_.Eh @ m=cdos,cr,hsm,jsa,mb4ZUb,cEt90b,SNUn3,qddgKe,sTsDMc,dtl0hd,eHDfl,YV5bee,d,csi?cb=121509378:591
RMa @ m=cdos,cr,hsm,jsa,mb4ZUb,cEt90b,SNUn3,qddgKe,sTsDMc,dtl0hd,eHDfl,YV5bee,d,csi?cb=121509378:725
UMa @ m=cdos,cr,hsm,jsa,mb4ZUb,cEt90b,SNUn3,qddgKe,sTsDMc,dtl0hd,eHDfl,YV5bee,d,csi?cb=121509378:728
_.SMa @ m=cdos,cr,hsm,jsa,mb4ZUb,cEt90b,SNUn3,qddgKe,sTsDMc,dtl0hd,eHDfl,YV5bee,d,csi?cb=121509378:726
(anonymous) @ m=cdos,cr,hsm,jsa,mb4ZUb,cEt90b,SNUn3,qddgKe,sTsDMc,dtl0hd,eHDfl,YV5bee,d,csi?cb=121509378:725
_.vf @ m=cdos,cr,hsm,jsa,mb4ZUb,cEt90b,SNUn3,qddgKe,sTsDMc,dtl0hd,eHDfl,YV5bee,d,csi?cb=121509378:723
_.Noa @ m=cdos,cr,hsm,jsa,mb4ZUb,cEt90b,SNUn3,qddgKe,sTsDMc,dtl0hd,eHDfl,YV5bee,d,csi?cb=121509378:725
_.jXa @ m=cdos,cr,hsm,jsa,mb4ZUb,cEt90b,SNUn3,qddgKe,sTsDMc,dtl0hd,eHDfl,YV5bee,d,csi?cb=121509378:927
cG @ m=cdos,cr,hsm,jsa,mb4ZUb,cEt90b,SNUn3,qddgKe,sTsDMc,dtl0hd,eHDfl,YV5bee,d,csi?cb=121509378:942
nXa @ m=cdos,cr,hsm,jsa,mb4ZUb,cEt90b,SNUn3,qddgKe,sTsDMc,dtl0hd,eHDfl,YV5bee,d,csi?cb=121509378:934
oXa @ m=cdos,cr,hsm,jsa,mb4ZUb,cEt90b,SNUn3,qddgKe,sTsDMc,dtl0hd,eHDfl,YV5bee,d,csi?cb=121509378:933
(anonymous) @ m=cdos,cr,hsm,jsa,mb4ZUb,cEt90b,SNUn3,qddgKe,sTsDMc,dtl0hd,eHDfl,YV5bee,d,csi?cb=121509378:943
OWa.qM.MWa.MCa @ m=cdos,cr,hsm,jsa,mb4ZUb,cEt90b,SNUn3,qddgKe,sTsDMc,dtl0hd,eHDfl,YV5bee,d,csi?cb=121509378:920
dispatch @ m=cdos,cr,hsm,jsa,mb4ZUb,cEt90b,SNUn3,qddgKe,sTsDMc,dtl0hd,eHDfl,YV5bee,d,csi?cb=121509378:920
dispatch @ m=cdos,cr,hsm,jsa,mb4ZUb,cEt90b,SNUn3,qddgKe,sTsDMc,dtl0hd,eHDfl,YV5bee,d,csi?cb=121509378:921
(anonymous) @ m=cdos,cr,hsm,jsa,mb4ZUb,cEt90b,SNUn3,qddgKe,sTsDMc,dtl0hd,eHDfl,YV5bee,d,csi?cb=121509378:380
F @ sj-proxy?url=https%3A%2F%2Fgoogle.com:18
E.handleEvent @ sj-proxy?url=https%3A%2F%2Fgoogle.com:18
f @ sj-proxy?url=https%3A%2F%2Fgoogle.com:18
trigger @ sj-proxy?url=https%3A%2F%2Fgoogle.com:18
trigger @ m=cdos,cr,hsm,jsa,mb4ZUb,cEt90b,SNUn3,qddgKe,sTsDMc,dtl0hd,eHDfl,YV5bee,d,csi?cb=121509378:942
xra @ m=cdos,cr,hsm,jsa,mb4ZUb,cEt90b,SNUn3,qddgKe,sTsDMc,dtl0hd,eHDfl,YV5bee,d,csi?cb=121509378:927
_.Sg @ m=cdos,cr,hsm,jsa,mb4ZUb,cEt90b,SNUn3,qddgKe,sTsDMc,dtl0hd,eHDfl,YV5bee,d,csi?cb=121509378:288
(anonymous) @ m=cdos,cr,hsm,jsa,mb4ZUb,cEt90b,SNUn3,qddgKe,sTsDMc,dtl0hd,eHDfl,YV5bee,d,csi?cb=121509378:808
YPa @ m=cdos,cr,hsm,jsa,mb4ZUb,cEt90b,SNUn3,qddgKe,sTsDMc,dtl0hd,eHDfl,YV5bee,d,csi?cb=121509378:808
ZPa @ m=cdos,cr,hsm,jsa,mb4ZUb,cEt90b,SNUn3,qddgKe,sTsDMc,dtl0hd,eHDfl,YV5bee,d,csi?cb=121509378:805
QPa @ m=cdos,cr,hsm,jsa,mb4ZUb,cEt90b,SNUn3,qddgKe,sTsDMc,dtl0hd,eHDfl,YV5bee,d,csi?cb=121509378:807
PPa @ m=cdos,cr,hsm,jsa,mb4ZUb,cEt90b,SNUn3,qddgKe,sTsDMc,dtl0hd,eHDfl,YV5bee,d,csi?cb=121509378:801
(anonymous) @ m=cdos,cr,hsm,jsa,mb4ZUb,cEt90b,SNUn3,qddgKe,sTsDMc,dtl0hd,eHDfl,YV5bee,d,csi?cb=121509378:809
a.Ba @ m=cdos,cr,hsm,jsa,mb4ZUb,cEt90b,SNUn3,qddgKe,sTsDMc,dtl0hd,eHDfl,YV5bee,d,csi?cb=121509378:811
(anonymous) @ m=cdos,cr,hsm,jsa,mb4ZUb,cEt90b,SNUn3,qddgKe,sTsDMc,dtl0hd,eHDfl,YV5bee,d,csi?cb=121509378:406
a.port1.onmessage @ m=cdos,cr,hsm,jsa,mb4ZUb,cEt90b,SNUn3,qddgKe,sTsDMc,dtl0hd,eHDfl,YV5bee,d,csi?cb=121509378:588
postMessage
(anonymous) @ m=cdos,cr,hsm,jsa,mb4ZUb,cEt90b,SNUn3,qddgKe,sTsDMc,dtl0hd,eHDfl,YV5bee,d,csi?cb=121509378:588
_.ie @ m=cdos,cr,hsm,jsa,mb4ZUb,cEt90b,SNUn3,qddgKe,sTsDMc,dtl0hd,eHDfl,YV5bee,d,csi?cb=121509378:200
Ra @ m=cdos,cr,hsm,jsa,mb4ZUb,cEt90b,SNUn3,qddgKe,sTsDMc,dtl0hd,eHDfl,YV5bee,d,csi?cb=121509378:809
(anonymous) @ m=cdos,cr,hsm,jsa,mb4ZUb,cEt90b,SNUn3,qddgKe,sTsDMc,dtl0hd,eHDfl,YV5bee,d,csi?cb=121509378:811
_.Lg @ m=cdos,cr,hsm,jsa,mb4ZUb,cEt90b,SNUn3,qddgKe,sTsDMc,dtl0hd,eHDfl,YV5bee,d,csi?cb=121509378:589
_.cQa @ m=cdos,cr,hsm,jsa,mb4ZUb,cEt90b,SNUn3,qddgKe,sTsDMc,dtl0hd,eHDfl,YV5bee,d,csi?cb=121509378:811
dirty @ m=cdos,cr,hsm,jsa,mb4ZUb,cEt90b,SNUn3,qddgKe,sTsDMc,dtl0hd,eHDfl,YV5bee,d,csi?cb=121509378:809
dirty @ m=cdos,cr,hsm,jsa,mb4ZUb,cEt90b,SNUn3,qddgKe,sTsDMc,dtl0hd,eHDfl,YV5bee,d,csi?cb=121509378:946
(anonymous) @ m=cdos,cr,hsm,jsa,mb4ZUb,cEt90b,SNUn3,qddgKe,sTsDMc,dtl0hd,eHDfl,YV5bee,d,csi?cb=121509378:946
(anonymous) @ m=cdos,cr,hsm,jsa,mb4ZUb,cEt90b,SNUn3,qddgKe,sTsDMc,dtl0hd,eHDfl,YV5bee,d,csi?cb=121509378:237
oa @ m=cdos,cr,hsm,jsa,mb4ZUb,cEt90b,SNUn3,qddgKe,sTsDMc,dtl0hd,eHDfl,YV5bee,d,csi?cb=121509378:977
execute @ m=cdos,cr,hsm,jsa,mb4ZUb,cEt90b,SNUn3,qddgKe,sTsDMc,dtl0hd,eHDfl,YV5bee,d,csi?cb=121509378:977
(anonymous) @ m=cdos,cr,hsm,jsa,mb4ZUb,cEt90b,SNUn3,qddgKe,sTsDMc,dtl0hd,eHDfl,YV5bee,d,csi?cb=121509378:1035
(anonymous) @ m=cdos,cr,hsm,jsa,mb4ZUb,cEt90b,SNUn3,qddgKe,sTsDMc,dtl0hd,eHDfl,YV5bee,d,csi?cb=121509378:406
a.port1.onmessage @ m=cdos,cr,hsm,jsa,mb4ZUb,cEt90b,SNUn3,qddgKe,sTsDMc,dtl0hd,eHDfl,YV5bee,d,csi?cb=121509378:588
postMessage
(anonymous) @ m=cdos,cr,hsm,jsa,mb4ZUb,cEt90b,SNUn3,qddgKe,sTsDMc,dtl0hd,eHDfl,YV5bee,d,csi?cb=121509378:588
_.ie @ m=cdos,cr,hsm,jsa,mb4ZUb,cEt90b,SNUn3,qddgKe,sTsDMc,dtl0hd,eHDfl,YV5bee,d,csi?cb=121509378:200
Acb @ m=cdos,cr,hsm,jsa,mb4ZUb,cEt90b,SNUn3,qddgKe,sTsDMc,dtl0hd,eHDfl,YV5bee,d,csi?cb=121509378:1035
Aa @ m=cdos,cr,hsm,jsa,mb4ZUb,cEt90b,SNUn3,qddgKe,sTsDMc,dtl0hd,eHDfl,YV5bee,d,csi?cb=121509378:1035
ZVa @ m=cdos,cr,hsm,jsa,mb4ZUb,cEt90b,SNUn3,qddgKe,sTsDMc,dtl0hd,eHDfl,YV5bee,d,csi?cb=121509378:1023
(anonymous) @ m=cdos,cr,hsm,jsa,mb4ZUb,cEt90b,SNUn3,qddgKe,sTsDMc,dtl0hd,eHDfl,YV5bee,d,csi?cb=121509378:979
wla @ m=cdos,cr,hsm,jsa,mb4ZUb,cEt90b,SNUn3,qddgKe,sTsDMc,dtl0hd,eHDfl,YV5bee,d,csi?cb=121509378:200
(anonymous) @ m=cdos,cr,hsm,jsa,mb4ZUb,cEt90b,SNUn3,qddgKe,sTsDMc,dtl0hd,eHDfl,YV5bee,d,csi?cb=121509378:406
Promise.then
then @ m=cdos,cr,hsm,jsa,mb4ZUb,cEt90b,SNUn3,qddgKe,sTsDMc,dtl0hd,eHDfl,YV5bee,d,csi?cb=121509378:420
sIa @ m=cdos,cr,hsm,jsa,mb4ZUb,cEt90b,SNUn3,qddgKe,sTsDMc,dtl0hd,eHDfl,YV5bee,d,csi?cb=121509378:588
_.wn @ m=cdos,cr,hsm,jsa,mb4ZUb,cEt90b,SNUn3,qddgKe,sTsDMc,dtl0hd,eHDfl,YV5bee,d,csi?cb=121509378:588
NIa @ m=cdos,cr,hsm,jsa,mb4ZUb,cEt90b,SNUn3,qddgKe,sTsDMc,dtl0hd,eHDfl,YV5bee,d,csi?cb=121509378:596
_.Lg.OP @ m=cdos,cr,hsm,jsa,mb4ZUb,cEt90b,SNUn3,qddgKe,sTsDMc,dtl0hd,eHDfl,YV5bee,d,csi?cb=121509378:595
(anonymous) @ m=cdos,cr,hsm,jsa,mb4ZUb,cEt90b,SNUn3,qddgKe,sTsDMc,dtl0hd,eHDfl,YV5bee,d,csi?cb=121509378:589
AXa @ m=cdos,cr,hsm,jsa,mb4ZUb,cEt90b,SNUn3,qddgKe,sTsDMc,dtl0hd,eHDfl,YV5bee,d,csi?cb=121509378:945
initialize @ m=cdos,cr,hsm,jsa,mb4ZUb,cEt90b,SNUn3,qddgKe,sTsDMc,dtl0hd,eHDfl,YV5bee,d,csi?cb=121509378:946
_.aa.onLoad @ m=cdos,cr,hsm,jsa,mb4ZUb,cEt90b,SNUn3,qddgKe,sTsDMc,dtl0hd,eHDfl,YV5bee,d,csi?cb=121509378:699
oMa @ m=cdos,cr,hsm,jsa,mb4ZUb,cEt90b,SNUn3,qddgKe,sTsDMc,dtl0hd,eHDfl,YV5bee,d,csi?cb=121509378:714
go.Abb @ m=cdos,cr,hsm,jsa,mb4ZUb,cEt90b,SNUn3,qddgKe,sTsDMc,dtl0hd,eHDfl,YV5bee,d,csi?cb=121509378:705
_._ModuleManager_initialize @ m=cdos,cr,hsm,jsa,mb4ZUb,cEt90b,SNUn3,qddgKe,sTsDMc,dtl0hd,eHDfl,YV5bee,d,csi?cb=121509378:1046
(anonymous) @ m=cdos,cr,hsm,jsa,mb4ZUb,cEt90b,SNUn3,qddgKe,sTsDMc,dtl0hd,eHDfl,YV5bee,d,csi?cb=121509378:1047
(anonymous) @ m=cdos,cr,hsm,jsa,mb4ZUb,cEt90b,SNUn3,qddgKe,sTsDMc,dtl0hd,eHDfl,YV5bee,d,csi?cb=121509378:2881
sj-proxy?url=https%3A%2F%2Fgoogle.com:1 Access to XMLHttpRequest at 'https://play.google.com/log?format=json&hasfast=true' from origin 'http://localhost:8080' has been blocked by CORS policy: The 'Access-Control-Allow-Origin' header has a value 'http://play.google.com' that is not equal to the supplied origin.
m=cdos,cr,hsm,jsa,mb4ZUb,cEt90b,SNUn3,qddgKe,sTsDMc,dtl0hd,eHDfl,YV5bee,d,csi?cb=121509378:422  POST https://play.google.com/log?format=json&hasfast=true net::ERR_FAILED 200 (OK)
(anonymous) @ m=cdos,cr,hsm,jsa,mb4ZUb,cEt90b,SNUn3,qddgKe,sTsDMc,dtl0hd,eHDfl,YV5bee,d,csi?cb=121509378:422
_.rh.send @ rs=AA2YrTsQS372_IBtlHypMBVngIiWg5aPdw:120
_.vh @ rs=AA2YrTsQS372_IBtlHypMBVngIiWg5aPdw:117
send @ rs=AA2YrTsQS372_IBtlHypMBVngIiWg5aPdw:123
m @ rs=AA2YrTsQS372_IBtlHypMBVngIiWg5aPdw:102
flush @ rs=AA2YrTsQS372_IBtlHypMBVngIiWg5aPdw:102
c @ rs=AA2YrTsQS372_IBtlHypMBVngIiWg5aPdw:90
sf @ rs=AA2YrTsQS372_IBtlHypMBVngIiWg5aPdw:82
(anonymous) @ rs=AA2YrTsQS372_IBtlHypMBVngIiWg5aPdw:82
setTimeout
start @ rs=AA2YrTsQS372_IBtlHypMBVngIiWg5aPdw:82
log @ rs=AA2YrTsQS372_IBtlHypMBVngIiWg5aPdw:99
_.wg @ rs=AA2YrTsQS372_IBtlHypMBVngIiWg5aPdw:91
log @ rs=AA2YrTsQS372_IBtlHypMBVngIiWg5aPdw:126
_.gj @ rs=AA2YrTsQS372_IBtlHypMBVngIiWg5aPdw:166
_.Ph @ rs=AA2YrTsQS372_IBtlHypMBVngIiWg5aPdw:128
i @ rs=AA2YrTsQS372_IBtlHypMBVngIiWg5aPdw:166
_.hj @ rs=AA2YrTsQS372_IBtlHypMBVngIiWg5aPdw:166
(anonymous) @ rs=AA2YrTsQS372_IBtlHypMBVngIiWg5aPdw:166
(anonymous) @ rs=AA2YrTsQS372_IBtlHypMBVngIiWg5aPdw:572
sj-proxy?url=https%3A%2F%2Fgoogle.com:1 Access to fetch at 'https://google.com/xjs/_/js/md=2/k=xjs.hd.en.rRRcCZse8Zo.2019.O/am=AAAAAAAAAAAAAAAAAAAAAAAAAAAAAAAAAAAAAAAAAAAAAAAAAAAAAAAAAAhAAAAAAACAQAAAAAAAAAAAAAAADCAAAAAAAAAAAAAAAAAAAIBAQAAAQAAAAAAAAACAAAAAAAAEAAAAAAAAAAwACAAIIAEAADAIAAAAAAAAAAAAAAAAAABABAAAAAABAMAfDDACAAAAAAAAACQAAAAAAAAAAABYAAAABQAAAAiAAAAAAAAAAAAAAAAAAAAAAAIAAAAAAAAAAAAAABAAAABAAQAAAAABAAAAAAAAAAAAAAAAAAAAAAIAAAAAAAAAAAAAAEAAAAUAAAIAgAAAAAAAAAAAAAAAAACgAwAAAAABAAAAAAAAAAAAAAAAAAA4AAAEBAAAAAAAABAIBAAIAAAAAB0AgQcYUlMAAAAAAAAAAAAAAAAAAAAAAAAAARTALiRQEAABAAAAAAAAAAAAAAAAAAAAAAAAAACA0FMAAAAAAACLAQ/rs=ACT90oHcO9dpqtluHUx_6GfzaXpKT8w-pw?cb=121509378' from origin 'http://localhost:8080' has been blocked by CORS policy: No 'Access-Control-Allow-Origin' header is present on the requested resource.
m=cdos,cr,hsm,jsa,mb4ZUb,cEt90b,SNUn3,qddgKe,sTsDMc,dtl0hd,eHDfl,YV5bee,d,csi?cb=121509378:801  GET https://google.com/xjs/_/js/md=2/k=xjs.hd.en.rRRcCZse8Zo.2019.O/am=AAAAAAAAAAAAAAAAAAAAAAAAAAAAAAAAAAAAAAAAAAAAAAAAAAAAAAAAAAhAAAAAAACAQAAAAAAAAAAAAAAADCAAAAAAAAAAAAAAAAAAAIBAQAAAQAAAAAAAAACAAAAAAAAEAAAAAAAAAAwACAAIIAEAADAIAAAAAAAAAAAAAAAAAABABAAAAAABAMAfDDACAAAAAAAAACQAAAAAAAAAAABYAAAABQAAAAiAAAAAAAAAAAAAAAAAAAAAAAIAAAAAAAAAAAAAABAAAABAAQAAAAABAAAAAAAAAAAAAAAAAAAAAAIAAAAAAAAAAAAAAEAAAAUAAAIAgAAAAAAAAAAAAAAAAACgAwAAAAABAAAAAAAAAAAAAAAAAAA4AAAEBAAAAAAAABAIBAAIAAAAAB0AgQcYUlMAAAAAAAAAAAAAAAAAAAAAAAAAARTALiRQEAABAAAAAAAAAAAAAAAAAAAAAAAAAACA0FMAAAAAAACLAQ/rs=ACT90oHcO9dpqtluHUx_6GfzaXpKT8w-pw?cb=121509378 net::ERR_FAILED 200 (OK)
_.GPa @ m=cdos,cr,hsm,jsa,mb4ZUb,cEt90b,SNUn3,qddgKe,sTsDMc,dtl0hd,eHDfl,YV5bee,d,csi?cb=121509378:801
(anonymous) @ m=cdos,cr,hsm,jsa,mb4ZUb,cEt90b,SNUn3,qddgKe,sTsDMc,dtl0hd,eHDfl,YV5bee,d,csi?cb=121509378:796
(anonymous) @ m=cdos,cr,hsm,jsa,mb4ZUb,cEt90b,SNUn3,qddgKe,sTsDMc,dtl0hd,eHDfl,YV5bee,d,csi?cb=121509378:775
BOa @ m=cdos,cr,hsm,jsa,mb4ZUb,cEt90b,SNUn3,qddgKe,sTsDMc,dtl0hd,eHDfl,YV5bee,d,csi?cb=121509378:775
(anonymous) @ m=cdos,cr,hsm,jsa,mb4ZUb,cEt90b,SNUn3,qddgKe,sTsDMc,dtl0hd,eHDfl,YV5bee,d,csi?cb=121509378:775
COa @ m=cdos,cr,hsm,jsa,mb4ZUb,cEt90b,SNUn3,qddgKe,sTsDMc,dtl0hd,eHDfl,YV5bee,d,csi?cb=121509378:775
DPa @ m=cdos,cr,hsm,jsa,mb4ZUb,cEt90b,SNUn3,qddgKe,sTsDMc,dtl0hd,eHDfl,YV5bee,d,csi?cb=121509378:796
oPa @ m=cdos,cr,hsm,jsa,mb4ZUb,cEt90b,SNUn3,qddgKe,sTsDMc,dtl0hd,eHDfl,YV5bee,d,csi?cb=121509378:792
(anonymous) @ m=cdos,cr,hsm,jsa,mb4ZUb,cEt90b,SNUn3,qddgKe,sTsDMc,dtl0hd,eHDfl,YV5bee,d,csi?cb=121509378:792
oa @ m=cdos,cr,hsm,jsa,mb4ZUb,cEt90b,SNUn3,qddgKe,sTsDMc,dtl0hd,eHDfl,YV5bee,d,csi?cb=121509378:977
execute @ m=cdos,cr,hsm,jsa,mb4ZUb,cEt90b,SNUn3,qddgKe,sTsDMc,dtl0hd,eHDfl,YV5bee,d,csi?cb=121509378:977
(anonymous) @ m=cdos,cr,hsm,jsa,mb4ZUb,cEt90b,SNUn3,qddgKe,sTsDMc,dtl0hd,eHDfl,YV5bee,d,csi?cb=121509378:1035
(anonymous) @ m=cdos,cr,hsm,jsa,mb4ZUb,cEt90b,SNUn3,qddgKe,sTsDMc,dtl0hd,eHDfl,YV5bee,d,csi?cb=121509378:406
a.port1.onmessage @ m=cdos,cr,hsm,jsa,mb4ZUb,cEt90b,SNUn3,qddgKe,sTsDMc,dtl0hd,eHDfl,YV5bee,d,csi?cb=121509378:588
postMessage
(anonymous) @ m=cdos,cr,hsm,jsa,mb4ZUb,cEt90b,SNUn3,qddgKe,sTsDMc,dtl0hd,eHDfl,YV5bee,d,csi?cb=121509378:588
_.ie @ m=cdos,cr,hsm,jsa,mb4ZUb,cEt90b,SNUn3,qddgKe,sTsDMc,dtl0hd,eHDfl,YV5bee,d,csi?cb=121509378:200
Acb @ m=cdos,cr,hsm,jsa,mb4ZUb,cEt90b,SNUn3,qddgKe,sTsDMc,dtl0hd,eHDfl,YV5bee,d,csi?cb=121509378:1035
Aa @ m=cdos,cr,hsm,jsa,mb4ZUb,cEt90b,SNUn3,qddgKe,sTsDMc,dtl0hd,eHDfl,YV5bee,d,csi?cb=121509378:1035
ZVa @ m=cdos,cr,hsm,jsa,mb4ZUb,cEt90b,SNUn3,qddgKe,sTsDMc,dtl0hd,eHDfl,YV5bee,d,csi?cb=121509378:1023
(anonymous) @ m=cdos,cr,hsm,jsa,mb4ZUb,cEt90b,SNUn3,qddgKe,sTsDMc,dtl0hd,eHDfl,YV5bee,d,csi?cb=121509378:979
wla @ m=cdos,cr,hsm,jsa,mb4ZUb,cEt90b,SNUn3,qddgKe,sTsDMc,dtl0hd,eHDfl,YV5bee,d,csi?cb=121509378:200
(anonymous) @ m=cdos,cr,hsm,jsa,mb4ZUb,cEt90b,SNUn3,qddgKe,sTsDMc,dtl0hd,eHDfl,YV5bee,d,csi?cb=121509378:406
Promise.then
then @ m=cdos,cr,hsm,jsa,mb4ZUb,cEt90b,SNUn3,qddgKe,sTsDMc,dtl0hd,eHDfl,YV5bee,d,csi?cb=121509378:420
sIa @ m=cdos,cr,hsm,jsa,mb4ZUb,cEt90b,SNUn3,qddgKe,sTsDMc,dtl0hd,eHDfl,YV5bee,d,csi?cb=121509378:588
_.wn @ m=cdos,cr,hsm,jsa,mb4ZUb,cEt90b,SNUn3,qddgKe,sTsDMc,dtl0hd,eHDfl,YV5bee,d,csi?cb=121509378:588
W6a @ m=cdos,cr,hsm,jsa,mb4ZUb,cEt90b,SNUn3,qddgKe,sTsDMc,dtl0hd,eHDfl,YV5bee,d,csi?cb=121509378:979
Oza.Ga @ m=cdos,cr,hsm,jsa,mb4ZUb,cEt90b,SNUn3,qddgKe,sTsDMc,dtl0hd,eHDfl,YV5bee,d,csi?cb=121509378:980
M6a @ m=cdos,cr,hsm,jsa,mb4ZUb,cEt90b,SNUn3,qddgKe,sTsDMc,dtl0hd,eHDfl,YV5bee,d,csi?cb=121509378:976
_.N6a @ m=cdos,cr,hsm,jsa,mb4ZUb,cEt90b,SNUn3,qddgKe,sTsDMc,dtl0hd,eHDfl,YV5bee,d,csi?cb=121509378:976
ka @ m=cdos,cr,hsm,jsa,mb4ZUb,cEt90b,SNUn3,qddgKe,sTsDMc,dtl0hd,eHDfl,YV5bee,d,csi?cb=121509378:978
(anonymous) @ m=cdos,cr,hsm,jsa,mb4ZUb,cEt90b,SNUn3,qddgKe,sTsDMc,dtl0hd,eHDfl,YV5bee,d,csi?cb=121509378:977
(anonymous) @ m=cdos,cr,hsm,jsa,mb4ZUb,cEt90b,SNUn3,qddgKe,sTsDMc,dtl0hd,eHDfl,YV5bee,d,csi?cb=121509378:406
setTimeout
setTimeout @ m=cdos,cr,hsm,jsa,mb4ZUb,cEt90b,SNUn3,qddgKe,sTsDMc,dtl0hd,eHDfl,YV5bee,d,csi?cb=121509378:420
V6a @ m=cdos,cr,hsm,jsa,mb4ZUb,cEt90b,SNUn3,qddgKe,sTsDMc,dtl0hd,eHDfl,YV5bee,d,csi?cb=121509378:977
setTimeout @ m=cdos,cr,hsm,jsa,mb4ZUb,cEt90b,SNUn3,qddgKe,sTsDMc,dtl0hd,eHDfl,YV5bee,d,csi?cb=121509378:978
setTimeout @ m=cdos,cr,hsm,jsa,mb4ZUb,cEt90b,SNUn3,qddgKe,sTsDMc,dtl0hd,eHDfl,YV5bee,d,csi?cb=121509378:1001
setTimeout @ m=cdos,cr,hsm,jsa,mb4ZUb,cEt90b,SNUn3,qddgKe,sTsDMc,dtl0hd,eHDfl,YV5bee,d,csi?cb=121509378:1044
setTimeout @ m=cdos,cr,hsm,jsa,mb4ZUb,cEt90b,SNUn3,qddgKe,sTsDMc,dtl0hd,eHDfl,YV5bee,d,csi?cb=121509378:674
(anonymous) @ m=cdos,cr,hsm,jsa,mb4ZUb,cEt90b,SNUn3,qddgKe,sTsDMc,dtl0hd,eHDfl,YV5bee,d,csi?cb=121509378:792
(anonymous) @ m=cdos,cr,hsm,jsa,mb4ZUb,cEt90b,SNUn3,qddgKe,sTsDMc,dtl0hd,eHDfl,YV5bee,d,csi?cb=121509378:792
(anonymous) @ m=cdos,cr,hsm,jsa,mb4ZUb,cEt90b,SNUn3,qddgKe,sTsDMc,dtl0hd,eHDfl,YV5bee,d,csi?cb=121509378:406
(anonymous) @ m=cdos,cr,hsm,jsa,mb4ZUb,cEt90b,SNUn3,qddgKe,sTsDMc,dtl0hd,eHDfl,YV5bee,d,csi?cb=121509378:406
Promise.then
then @ m=cdos,cr,hsm,jsa,mb4ZUb,cEt90b,SNUn3,qddgKe,sTsDMc,dtl0hd,eHDfl,YV5bee,d,csi?cb=121509378:420
catch @ m=cdos,cr,hsm,jsa,mb4ZUb,cEt90b,SNUn3,qddgKe,sTsDMc,dtl0hd,eHDfl,YV5bee,d,csi?cb=121509378:420
oPa @ m=cdos,cr,hsm,jsa,mb4ZUb,cEt90b,SNUn3,qddgKe,sTsDMc,dtl0hd,eHDfl,YV5bee,d,csi?cb=121509378:792
iPa @ m=cdos,cr,hsm,jsa,mb4ZUb,cEt90b,SNUn3,qddgKe,sTsDMc,dtl0hd,eHDfl,YV5bee,d,csi?cb=121509378:784
kPa @ m=cdos,cr,hsm,jsa,mb4ZUb,cEt90b,SNUn3,qddgKe,sTsDMc,dtl0hd,eHDfl,YV5bee,d,csi?cb=121509378:780
ePa @ m=cdos,cr,hsm,jsa,mb4ZUb,cEt90b,SNUn3,qddgKe,sTsDMc,dtl0hd,eHDfl,YV5bee,d,csi?cb=121509378:782
uMa @ m=cdos,cr,hsm,jsa,mb4ZUb,cEt90b,SNUn3,qddgKe,sTsDMc,dtl0hd,eHDfl,YV5bee,d,csi?cb=121509378:779
go.Oa @ m=cdos,cr,hsm,jsa,mb4ZUb,cEt90b,SNUn3,qddgKe,sTsDMc,dtl0hd,eHDfl,YV5bee,d,csi?cb=121509378:712
sMa @ m=cdos,cr,hsm,jsa,mb4ZUb,cEt90b,SNUn3,qddgKe,sTsDMc,dtl0hd,eHDfl,YV5bee,d,csi?cb=121509378:711
Mta @ m=cdos,cr,hsm,jsa,mb4ZUb,cEt90b,SNUn3,qddgKe,sTsDMc,dtl0hd,eHDfl,YV5bee,d,csi?cb=121509378:710
_.Ota @ m=cdos,cr,hsm,jsa,mb4ZUb,cEt90b,SNUn3,qddgKe,sTsDMc,dtl0hd,eHDfl,YV5bee,d,csi?cb=121509378:321
thl @ m=cdos,cr,hsm,jsa,mb4ZUb,cEt90b,SNUn3,qddgKe,sTsDMc,dtl0hd,eHDfl,YV5bee,d,csi?cb=121509378:2798
(anonymous) @ m=cdos,cr,hsm,jsa,mb4ZUb,cEt90b,SNUn3,qddgKe,sTsDMc,dtl0hd,eHDfl,YV5bee,d,csi?cb=121509378:2799
(anonymous) @ m=cdos,cr,hsm,jsa,mb4ZUb,cEt90b,SNUn3,qddgKe,sTsDMc,dtl0hd,eHDfl,YV5bee,d,csi?cb=121509378:406
Promise.then
then @ m=cdos,cr,hsm,jsa,mb4ZUb,cEt90b,SNUn3,qddgKe,sTsDMc,dtl0hd,eHDfl,YV5bee,d,csi?cb=121509378:420
whl @ m=cdos,cr,hsm,jsa,mb4ZUb,cEt90b,SNUn3,qddgKe,sTsDMc,dtl0hd,eHDfl,YV5bee,d,csi?cb=121509378:2799
xhl @ m=cdos,cr,hsm,jsa,mb4ZUb,cEt90b,SNUn3,qddgKe,sTsDMc,dtl0hd,eHDfl,YV5bee,d,csi?cb=121509378:2799
(anonymous) @ m=cdos,cr,hsm,jsa,mb4ZUb,cEt90b,SNUn3,qddgKe,sTsDMc,dtl0hd,eHDfl,YV5bee,d,csi?cb=121509378:2800
(anonymous) @ m=cdos,cr,hsm,jsa,mb4ZUb,cEt90b,SNUn3,qddgKe,sTsDMc,dtl0hd,eHDfl,YV5bee,d,csi?cb=121509378:2800
(anonymous) @ m=cdos,cr,hsm,jsa,mb4ZUb,cEt90b,SNUn3,qddgKe,sTsDMc,dtl0hd,eHDfl,YV5bee,d,csi?cb=121509378:406
e.wa @ m=cdos,cr,hsm,jsa,mb4ZUb,cEt90b,SNUn3,qddgKe,sTsDMc,dtl0hd,eHDfl,YV5bee,d,csi?cb=121509378:594
QIa @ m=cdos,cr,hsm,jsa,mb4ZUb,cEt90b,SNUn3,qddgKe,sTsDMc,dtl0hd,eHDfl,YV5bee,d,csi?cb=121509378:597
MIa @ m=cdos,cr,hsm,jsa,mb4ZUb,cEt90b,SNUn3,qddgKe,sTsDMc,dtl0hd,eHDfl,YV5bee,d,csi?cb=121509378:597
_.Lg.t4a @ m=cdos,cr,hsm,jsa,mb4ZUb,cEt90b,SNUn3,qddgKe,sTsDMc,dtl0hd,eHDfl,YV5bee,d,csi?cb=121509378:597
wla @ m=cdos,cr,hsm,jsa,mb4ZUb,cEt90b,SNUn3,qddgKe,sTsDMc,dtl0hd,eHDfl,YV5bee,d,csi?cb=121509378:200
(anonymous) @ m=cdos,cr,hsm,jsa,mb4ZUb,cEt90b,SNUn3,qddgKe,sTsDMc,dtl0hd,eHDfl,YV5bee,d,csi?cb=121509378:406
Promise.then
then @ m=cdos,cr,hsm,jsa,mb4ZUb,cEt90b,SNUn3,qddgKe,sTsDMc,dtl0hd,eHDfl,YV5bee,d,csi?cb=121509378:420
sIa @ m=cdos,cr,hsm,jsa,mb4ZUb,cEt90b,SNUn3,qddgKe,sTsDMc,dtl0hd,eHDfl,YV5bee,d,csi?cb=121509378:588
_.wn @ m=cdos,cr,hsm,jsa,mb4ZUb,cEt90b,SNUn3,qddgKe,sTsDMc,dtl0hd,eHDfl,YV5bee,d,csi?cb=121509378:588
W6a @ m=cdos,cr,hsm,jsa,mb4ZUb,cEt90b,SNUn3,qddgKe,sTsDMc,dtl0hd,eHDfl,YV5bee,d,csi?cb=121509378:979
Oza.Ga @ m=cdos,cr,hsm,jsa,mb4ZUb,cEt90b,SNUn3,qddgKe,sTsDMc,dtl0hd,eHDfl,YV5bee,d,csi?cb=121509378:980
M6a @ m=cdos,cr,hsm,jsa,mb4ZUb,cEt90b,SNUn3,qddgKe,sTsDMc,dtl0hd,eHDfl,YV5bee,d,csi?cb=121509378:976
execute @ m=cdos,cr,hsm,jsa,mb4ZUb,cEt90b,SNUn3,qddgKe,sTsDMc,dtl0hd,eHDfl,YV5bee,d,csi?cb=121509378:977
(anonymous) @ m=cdos,cr,hsm,jsa,mb4ZUb,cEt90b,SNUn3,qddgKe,sTsDMc,dtl0hd,eHDfl,YV5bee,d,csi?cb=121509378:1035
(anonymous) @ m=cdos,cr,hsm,jsa,mb4ZUb,cEt90b,SNUn3,qddgKe,sTsDMc,dtl0hd,eHDfl,YV5bee,d,csi?cb=121509378:406
a.port1.onmessage @ m=cdos,cr,hsm,jsa,mb4ZUb,cEt90b,SNUn3,qddgKe,sTsDMc,dtl0hd,eHDfl,YV5bee,d,csi?cb=121509378:588
postMessage
(anonymous) @ m=cdos,cr,hsm,jsa,mb4ZUb,cEt90b,SNUn3,qddgKe,sTsDMc,dtl0hd,eHDfl,YV5bee,d,csi?cb=121509378:588
_.ie @ m=cdos,cr,hsm,jsa,mb4ZUb,cEt90b,SNUn3,qddgKe,sTsDMc,dtl0hd,eHDfl,YV5bee,d,csi?cb=121509378:200
Acb @ m=cdos,cr,hsm,jsa,mb4ZUb,cEt90b,SNUn3,qddgKe,sTsDMc,dtl0hd,eHDfl,YV5bee,d,csi?cb=121509378:1035
Aa @ m=cdos,cr,hsm,jsa,mb4ZUb,cEt90b,SNUn3,qddgKe,sTsDMc,dtl0hd,eHDfl,YV5bee,d,csi?cb=121509378:1035
ZVa @ m=cdos,cr,hsm,jsa,mb4ZUb,cEt90b,SNUn3,qddgKe,sTsDMc,dtl0hd,eHDfl,YV5bee,d,csi?cb=121509378:1023
(anonymous) @ m=cdos,cr,hsm,jsa,mb4ZUb,cEt90b,SNUn3,qddgKe,sTsDMc,dtl0hd,eHDfl,YV5bee,d,csi?cb=121509378:979
wla @ m=cdos,cr,hsm,jsa,mb4ZUb,cEt90b,SNUn3,qddgKe,sTsDMc,dtl0hd,eHDfl,YV5bee,d,csi?cb=121509378:200
(anonymous) @ m=cdos,cr,hsm,jsa,mb4ZUb,cEt90b,SNUn3,qddgKe,sTsDMc,dtl0hd,eHDfl,YV5bee,d,csi?cb=121509378:406
Promise.then
then @ m=cdos,cr,hsm,jsa,mb4ZUb,cEt90b,SNUn3,qddgKe,sTsDMc,dtl0hd,eHDfl,YV5bee,d,csi?cb=121509378:420
sIa @ m=cdos,cr,hsm,jsa,mb4ZUb,cEt90b,SNUn3,qddgKe,sTsDMc,dtl0hd,eHDfl,YV5bee,d,csi?cb=121509378:588
_.wn @ m=cdos,cr,hsm,jsa,mb4ZUb,cEt90b,SNUn3,qddgKe,sTsDMc,dtl0hd,eHDfl,YV5bee,d,csi?cb=121509378:588
NIa @ m=cdos,cr,hsm,jsa,mb4ZUb,cEt90b,SNUn3,qddgKe,sTsDMc,dtl0hd,eHDfl,YV5bee,d,csi?cb=121509378:596
_.Lg.OP @ m=cdos,cr,hsm,jsa,mb4ZUb,cEt90b,SNUn3,qddgKe,sTsDMc,dtl0hd,eHDfl,YV5bee,d,csi?cb=121509378:595
(anonymous) @ m=cdos,cr,hsm,jsa,mb4ZUb,cEt90b,SNUn3,qddgKe,sTsDMc,dtl0hd,eHDfl,YV5bee,d,csi?cb=121509378:589
AXa @ m=cdos,cr,hsm,jsa,mb4ZUb,cEt90b,SNUn3,qddgKe,sTsDMc,dtl0hd,eHDfl,YV5bee,d,csi?cb=121509378:945
initialize @ m=cdos,cr,hsm,jsa,mb4ZUb,cEt90b,SNUn3,qddgKe,sTsDMc,dtl0hd,eHDfl,YV5bee,d,csi?cb=121509378:946
_.aa.onLoad @ m=cdos,cr,hsm,jsa,mb4ZUb,cEt90b,SNUn3,qddgKe,sTsDMc,dtl0hd,eHDfl,YV5bee,d,csi?cb=121509378:699
oMa @ m=cdos,cr,hsm,jsa,mb4ZUb,cEt90b,SNUn3,qddgKe,sTsDMc,dtl0hd,eHDfl,YV5bee,d,csi?cb=121509378:714
go.Abb @ m=cdos,cr,hsm,jsa,mb4ZUb,cEt90b,SNUn3,qddgKe,sTsDMc,dtl0hd,eHDfl,YV5bee,d,csi?cb=121509378:705
_._ModuleManager_initialize @ m=cdos,cr,hsm,jsa,mb4ZUb,cEt90b,SNUn3,qddgKe,sTsDMc,dtl0hd,eHDfl,YV5bee,d,csi?cb=121509378:1046
(anonymous) @ m=cdos,cr,hsm,jsa,mb4ZUb,cEt90b,SNUn3,qddgKe,sTsDMc,dtl0hd,eHDfl,YV5bee,d,csi?cb=121509378:1047
(anonymous) @ m=cdos,cr,hsm,jsa,mb4ZUb,cEt90b,SNUn3,qddgKe,sTsDMc,dtl0hd,eHDfl,YV5bee,d,csi?cb=121509378:2881
sj-proxy?url=https%3A%2F%2Fgoogle.com:1 Access to fetch at 'https://google.com/xjs/_/js/md=2/k=xjs.hd.en.rRRcCZse8Zo.2019.O/am=AAAAAAAAAAAAAAAAAAAAAAAAAAAAAAAAAAAAAAAAAAAAAAAAAAAAAAAAAAhAAAAAAACAQAAAAAAAAAAAAAAADCAAAAAAAAAAAAAAAAAAAIBAQAAAQAAAAAAAAACAAAAAAAAEAAAAAAAAAAwACAAIIAEAADAIAAAAAAAAAAAAAAAAAABABAAAAAABAMAfDDACAAAAAAAAACQAAAAAAAAAAABYAAAABQAAAAiAAAAAAAAAAAAAAAAAAAAAAAIAAAAAAAAAAAAAABAAAABAAQAAAAABAAAAAAAAAAAAAAAAAAAAAAIAAAAAAAAAAAAAAEAAAAUAAAIAgAAAAAAAAAAAAAAAAACgAwAAAAABAAAAAAAAAAAAAAAAAAA4AAAEBAAAAAAAABAIBAAIAAAAAB0AgQcYUlMAAAAAAAAAAAAAAAAAAAAAAAAAARTALiRQEAABAAAAAAAAAAAAAAAAAAAAAAAAAACA0FMAAAAAAACLAQ/rs=ACT90oHcO9dpqtluHUx_6GfzaXpKT8w-pw?cb=121509378' from origin 'http://localhost:8080' has been blocked by CORS policy: No 'Access-Control-Allow-Origin' header is present on the requested resource.
m=cdos,cr,hsm,jsa,mb4ZUb,cEt90b,SNUn3,qddgKe,sTsDMc,dtl0hd,eHDfl,YV5bee,d,csi?cb=121509378:801  GET https://google.com/xjs/_/js/md=2/k=xjs.hd.en.rRRcCZse8Zo.2019.O/am=AAAAAAAAAAAAAAAAAAAAAAAAAAAAAAAAAAAAAAAAAAAAAAAAAAAAAAAAAAhAAAAAAACAQAAAAAAAAAAAAAAADCAAAAAAAAAAAAAAAAAAAIBAQAAAQAAAAAAAAACAAAAAAAAEAAAAAAAAAAwACAAIIAEAADAIAAAAAAAAAAAAAAAAAABABAAAAAABAMAfDDACAAAAAAAAACQAAAAAAAAAAABYAAAABQAAAAiAAAAAAAAAAAAAAAAAAAAAAAIAAAAAAAAAAAAAABAAAABAAQAAAAABAAAAAAAAAAAAAAAAAAAAAAIAAAAAAAAAAAAAAEAAAAUAAAIAgAAAAAAAAAAAAAAAAACgAwAAAAABAAAAAAAAAAAAAAAAAAA4AAAEBAAAAAAAABAIBAAIAAAAAB0AgQcYUlMAAAAAAAAAAAAAAAAAAAAAAAAAARTALiRQEAABAAAAAAAAAAAAAAAAAAAAAAAAAACA0FMAAAAAAACLAQ/rs=ACT90oHcO9dpqtluHUx_6GfzaXpKT8w-pw?cb=121509378 net::ERR_FAILED 200 (OK)
_.GPa @ m=cdos,cr,hsm,jsa,mb4ZUb,cEt90b,SNUn3,qddgKe,sTsDMc,dtl0hd,eHDfl,YV5bee,d,csi?cb=121509378:801
(anonymous) @ m=cdos,cr,hsm,jsa,mb4ZUb,cEt90b,SNUn3,qddgKe,sTsDMc,dtl0hd,eHDfl,YV5bee,d,csi?cb=121509378:796
(anonymous) @ m=cdos,cr,hsm,jsa,mb4ZUb,cEt90b,SNUn3,qddgKe,sTsDMc,dtl0hd,eHDfl,YV5bee,d,csi?cb=121509378:775
BOa @ m=cdos,cr,hsm,jsa,mb4ZUb,cEt90b,SNUn3,qddgKe,sTsDMc,dtl0hd,eHDfl,YV5bee,d,csi?cb=121509378:775
(anonymous) @ m=cdos,cr,hsm,jsa,mb4ZUb,cEt90b,SNUn3,qddgKe,sTsDMc,dtl0hd,eHDfl,YV5bee,d,csi?cb=121509378:775
COa @ m=cdos,cr,hsm,jsa,mb4ZUb,cEt90b,SNUn3,qddgKe,sTsDMc,dtl0hd,eHDfl,YV5bee,d,csi?cb=121509378:775
DPa @ m=cdos,cr,hsm,jsa,mb4ZUb,cEt90b,SNUn3,qddgKe,sTsDMc,dtl0hd,eHDfl,YV5bee,d,csi?cb=121509378:796
oPa @ m=cdos,cr,hsm,jsa,mb4ZUb,cEt90b,SNUn3,qddgKe,sTsDMc,dtl0hd,eHDfl,YV5bee,d,csi?cb=121509378:792
(anonymous) @ m=cdos,cr,hsm,jsa,mb4ZUb,cEt90b,SNUn3,qddgKe,sTsDMc,dtl0hd,eHDfl,YV5bee,d,csi?cb=121509378:792
oa @ m=cdos,cr,hsm,jsa,mb4ZUb,cEt90b,SNUn3,qddgKe,sTsDMc,dtl0hd,eHDfl,YV5bee,d,csi?cb=121509378:977
execute @ m=cdos,cr,hsm,jsa,mb4ZUb,cEt90b,SNUn3,qddgKe,sTsDMc,dtl0hd,eHDfl,YV5bee,d,csi?cb=121509378:977
(anonymous) @ m=cdos,cr,hsm,jsa,mb4ZUb,cEt90b,SNUn3,qddgKe,sTsDMc,dtl0hd,eHDfl,YV5bee,d,csi?cb=121509378:1035
(anonymous) @ m=cdos,cr,hsm,jsa,mb4ZUb,cEt90b,SNUn3,qddgKe,sTsDMc,dtl0hd,eHDfl,YV5bee,d,csi?cb=121509378:406
a.port1.onmessage @ m=cdos,cr,hsm,jsa,mb4ZUb,cEt90b,SNUn3,qddgKe,sTsDMc,dtl0hd,eHDfl,YV5bee,d,csi?cb=121509378:588
postMessage
(anonymous) @ m=cdos,cr,hsm,jsa,mb4ZUb,cEt90b,SNUn3,qddgKe,sTsDMc,dtl0hd,eHDfl,YV5bee,d,csi?cb=121509378:588
_.ie @ m=cdos,cr,hsm,jsa,mb4ZUb,cEt90b,SNUn3,qddgKe,sTsDMc,dtl0hd,eHDfl,YV5bee,d,csi?cb=121509378:200
Acb @ m=cdos,cr,hsm,jsa,mb4ZUb,cEt90b,SNUn3,qddgKe,sTsDMc,dtl0hd,eHDfl,YV5bee,d,csi?cb=121509378:1035
Aa @ m=cdos,cr,hsm,jsa,mb4ZUb,cEt90b,SNUn3,qddgKe,sTsDMc,dtl0hd,eHDfl,YV5bee,d,csi?cb=121509378:1035
ZVa @ m=cdos,cr,hsm,jsa,mb4ZUb,cEt90b,SNUn3,qddgKe,sTsDMc,dtl0hd,eHDfl,YV5bee,d,csi?cb=121509378:1023
(anonymous) @ m=cdos,cr,hsm,jsa,mb4ZUb,cEt90b,SNUn3,qddgKe,sTsDMc,dtl0hd,eHDfl,YV5bee,d,csi?cb=121509378:979
wla @ m=cdos,cr,hsm,jsa,mb4ZUb,cEt90b,SNUn3,qddgKe,sTsDMc,dtl0hd,eHDfl,YV5bee,d,csi?cb=121509378:200
(anonymous) @ m=cdos,cr,hsm,jsa,mb4ZUb,cEt90b,SNUn3,qddgKe,sTsDMc,dtl0hd,eHDfl,YV5bee,d,csi?cb=121509378:406
Promise.then
then @ m=cdos,cr,hsm,jsa,mb4ZUb,cEt90b,SNUn3,qddgKe,sTsDMc,dtl0hd,eHDfl,YV5bee,d,csi?cb=121509378:420
sIa @ m=cdos,cr,hsm,jsa,mb4ZUb,cEt90b,SNUn3,qddgKe,sTsDMc,dtl0hd,eHDfl,YV5bee,d,csi?cb=121509378:588
_.wn @ m=cdos,cr,hsm,jsa,mb4ZUb,cEt90b,SNUn3,qddgKe,sTsDMc,dtl0hd,eHDfl,YV5bee,d,csi?cb=121509378:588
W6a @ m=cdos,cr,hsm,jsa,mb4ZUb,cEt90b,SNUn3,qddgKe,sTsDMc,dtl0hd,eHDfl,YV5bee,d,csi?cb=121509378:979
Oza.Ga @ m=cdos,cr,hsm,jsa,mb4ZUb,cEt90b,SNUn3,qddgKe,sTsDMc,dtl0hd,eHDfl,YV5bee,d,csi?cb=121509378:980
M6a @ m=cdos,cr,hsm,jsa,mb4ZUb,cEt90b,SNUn3,qddgKe,sTsDMc,dtl0hd,eHDfl,YV5bee,d,csi?cb=121509378:976
_.N6a @ m=cdos,cr,hsm,jsa,mb4ZUb,cEt90b,SNUn3,qddgKe,sTsDMc,dtl0hd,eHDfl,YV5bee,d,csi?cb=121509378:976
ka @ m=cdos,cr,hsm,jsa,mb4ZUb,cEt90b,SNUn3,qddgKe,sTsDMc,dtl0hd,eHDfl,YV5bee,d,csi?cb=121509378:978
(anonymous) @ m=cdos,cr,hsm,jsa,mb4ZUb,cEt90b,SNUn3,qddgKe,sTsDMc,dtl0hd,eHDfl,YV5bee,d,csi?cb=121509378:977
(anonymous) @ m=cdos,cr,hsm,jsa,mb4ZUb,cEt90b,SNUn3,qddgKe,sTsDMc,dtl0hd,eHDfl,YV5bee,d,csi?cb=121509378:406
setTimeout
setTimeout @ m=cdos,cr,hsm,jsa,mb4ZUb,cEt90b,SNUn3,qddgKe,sTsDMc,dtl0hd,eHDfl,YV5bee,d,csi?cb=121509378:420
V6a @ m=cdos,cr,hsm,jsa,mb4ZUb,cEt90b,SNUn3,qddgKe,sTsDMc,dtl0hd,eHDfl,YV5bee,d,csi?cb=121509378:977
setTimeout @ m=cdos,cr,hsm,jsa,mb4ZUb,cEt90b,SNUn3,qddgKe,sTsDMc,dtl0hd,eHDfl,YV5bee,d,csi?cb=121509378:978
setTimeout @ m=cdos,cr,hsm,jsa,mb4ZUb,cEt90b,SNUn3,qddgKe,sTsDMc,dtl0hd,eHDfl,YV5bee,d,csi?cb=121509378:1001
setTimeout @ m=cdos,cr,hsm,jsa,mb4ZUb,cEt90b,SNUn3,qddgKe,sTsDMc,dtl0hd,eHDfl,YV5bee,d,csi?cb=121509378:1044
setTimeout @ m=cdos,cr,hsm,jsa,mb4ZUb,cEt90b,SNUn3,qddgKe,sTsDMc,dtl0hd,eHDfl,YV5bee,d,csi?cb=121509378:674
(anonymous) @ m=cdos,cr,hsm,jsa,mb4ZUb,cEt90b,SNUn3,qddgKe,sTsDMc,dtl0hd,eHDfl,YV5bee,d,csi?cb=121509378:792
(anonymous) @ m=cdos,cr,hsm,jsa,mb4ZUb,cEt90b,SNUn3,qddgKe,sTsDMc,dtl0hd,eHDfl,YV5bee,d,csi?cb=121509378:792
(anonymous) @ m=cdos,cr,hsm,jsa,mb4ZUb,cEt90b,SNUn3,qddgKe,sTsDMc,dtl0hd,eHDfl,YV5bee,d,csi?cb=121509378:406
(anonymous) @ m=cdos,cr,hsm,jsa,mb4ZUb,cEt90b,SNUn3,qddgKe,sTsDMc,dtl0hd,eHDfl,YV5bee,d,csi?cb=121509378:406
Promise.then
then @ m=cdos,cr,hsm,jsa,mb4ZUb,cEt90b,SNUn3,qddgKe,sTsDMc,dtl0hd,eHDfl,YV5bee,d,csi?cb=121509378:420
catch @ m=cdos,cr,hsm,jsa,mb4ZUb,cEt90b,SNUn3,qddgKe,sTsDMc,dtl0hd,eHDfl,YV5bee,d,csi?cb=121509378:420
oPa @ m=cdos,cr,hsm,jsa,mb4ZUb,cEt90b,SNUn3,qddgKe,sTsDMc,dtl0hd,eHDfl,YV5bee,d,csi?cb=121509378:792
(anonymous) @ m=cdos,cr,hsm,jsa,mb4ZUb,cEt90b,SNUn3,qddgKe,sTsDMc,dtl0hd,eHDfl,YV5bee,d,csi?cb=121509378:792
oa @ m=cdos,cr,hsm,jsa,mb4ZUb,cEt90b,SNUn3,qddgKe,sTsDMc,dtl0hd,eHDfl,YV5bee,d,csi?cb=121509378:977
execute @ m=cdos,cr,hsm,jsa,mb4ZUb,cEt90b,SNUn3,qddgKe,sTsDMc,dtl0hd,eHDfl,YV5bee,d,csi?cb=121509378:977
(anonymous) @ m=cdos,cr,hsm,jsa,mb4ZUb,cEt90b,SNUn3,qddgKe,sTsDMc,dtl0hd,eHDfl,YV5bee,d,csi?cb=121509378:1035
(anonymous) @ m=cdos,cr,hsm,jsa,mb4ZUb,cEt90b,SNUn3,qddgKe,sTsDMc,dtl0hd,eHDfl,YV5bee,d,csi?cb=121509378:406
a.port1.onmessage @ m=cdos,cr,hsm,jsa,mb4ZUb,cEt90b,SNUn3,qddgKe,sTsDMc,dtl0hd,eHDfl,YV5bee,d,csi?cb=121509378:588
postMessage
(anonymous) @ m=cdos,cr,hsm,jsa,mb4ZUb,cEt90b,SNUn3,qddgKe,sTsDMc,dtl0hd,eHDfl,YV5bee,d,csi?cb=121509378:588
_.ie @ m=cdos,cr,hsm,jsa,mb4ZUb,cEt90b,SNUn3,qddgKe,sTsDMc,dtl0hd,eHDfl,YV5bee,d,csi?cb=121509378:200
Acb @ m=cdos,cr,hsm,jsa,mb4ZUb,cEt90b,SNUn3,qddgKe,sTsDMc,dtl0hd,eHDfl,YV5bee,d,csi?cb=121509378:1035
Aa @ m=cdos,cr,hsm,jsa,mb4ZUb,cEt90b,SNUn3,qddgKe,sTsDMc,dtl0hd,eHDfl,YV5bee,d,csi?cb=121509378:1035
ZVa @ m=cdos,cr,hsm,jsa,mb4ZUb,cEt90b,SNUn3,qddgKe,sTsDMc,dtl0hd,eHDfl,YV5bee,d,csi?cb=121509378:1023
(anonymous) @ m=cdos,cr,hsm,jsa,mb4ZUb,cEt90b,SNUn3,qddgKe,sTsDMc,dtl0hd,eHDfl,YV5bee,d,csi?cb=121509378:979
wla @ m=cdos,cr,hsm,jsa,mb4ZUb,cEt90b,SNUn3,qddgKe,sTsDMc,dtl0hd,eHDfl,YV5bee,d,csi?cb=121509378:200
(anonymous) @ m=cdos,cr,hsm,jsa,mb4ZUb,cEt90b,SNUn3,qddgKe,sTsDMc,dtl0hd,eHDfl,YV5bee,d,csi?cb=121509378:406
Promise.then
then @ m=cdos,cr,hsm,jsa,mb4ZUb,cEt90b,SNUn3,qddgKe,sTsDMc,dtl0hd,eHDfl,YV5bee,d,csi?cb=121509378:420
sIa @ m=cdos,cr,hsm,jsa,mb4ZUb,cEt90b,SNUn3,qddgKe,sTsDMc,dtl0hd,eHDfl,YV5bee,d,csi?cb=121509378:588
_.wn @ m=cdos,cr,hsm,jsa,mb4ZUb,cEt90b,SNUn3,qddgKe,sTsDMc,dtl0hd,eHDfl,YV5bee,d,csi?cb=121509378:588
W6a @ m=cdos,cr,hsm,jsa,mb4ZUb,cEt90b,SNUn3,qddgKe,sTsDMc,dtl0hd,eHDfl,YV5bee,d,csi?cb=121509378:979
Oza.Ga @ m=cdos,cr,hsm,jsa,mb4ZUb,cEt90b,SNUn3,qddgKe,sTsDMc,dtl0hd,eHDfl,YV5bee,d,csi?cb=121509378:980
M6a @ m=cdos,cr,hsm,jsa,mb4ZUb,cEt90b,SNUn3,qddgKe,sTsDMc,dtl0hd,eHDfl,YV5bee,d,csi?cb=121509378:976
_.N6a @ m=cdos,cr,hsm,jsa,mb4ZUb,cEt90b,SNUn3,qddgKe,sTsDMc,dtl0hd,eHDfl,YV5bee,d,csi?cb=121509378:976
ka @ m=cdos,cr,hsm,jsa,mb4ZUb,cEt90b,SNUn3,qddgKe,sTsDMc,dtl0hd,eHDfl,YV5bee,d,csi?cb=121509378:978
(anonymous) @ m=cdos,cr,hsm,jsa,mb4ZUb,cEt90b,SNUn3,qddgKe,sTsDMc,dtl0hd,eHDfl,YV5bee,d,csi?cb=121509378:977
(anonymous) @ m=cdos,cr,hsm,jsa,mb4ZUb,cEt90b,SNUn3,qddgKe,sTsDMc,dtl0hd,eHDfl,YV5bee,d,csi?cb=121509378:406
setTimeout
setTimeout @ m=cdos,cr,hsm,jsa,mb4ZUb,cEt90b,SNUn3,qddgKe,sTsDMc,dtl0hd,eHDfl,YV5bee,d,csi?cb=121509378:420
V6a @ m=cdos,cr,hsm,jsa,mb4ZUb,cEt90b,SNUn3,qddgKe,sTsDMc,dtl0hd,eHDfl,YV5bee,d,csi?cb=121509378:977
setTimeout @ m=cdos,cr,hsm,jsa,mb4ZUb,cEt90b,SNUn3,qddgKe,sTsDMc,dtl0hd,eHDfl,YV5bee,d,csi?cb=121509378:978
setTimeout @ m=cdos,cr,hsm,jsa,mb4ZUb,cEt90b,SNUn3,qddgKe,sTsDMc,dtl0hd,eHDfl,YV5bee,d,csi?cb=121509378:1001
setTimeout @ m=cdos,cr,hsm,jsa,mb4ZUb,cEt90b,SNUn3,qddgKe,sTsDMc,dtl0hd,eHDfl,YV5bee,d,csi?cb=121509378:1044
setTimeout @ m=cdos,cr,hsm,jsa,mb4ZUb,cEt90b,SNUn3,qddgKe,sTsDMc,dtl0hd,eHDfl,YV5bee,d,csi?cb=121509378:674
(anonymous) @ m=cdos,cr,hsm,jsa,mb4ZUb,cEt90b,SNUn3,qddgKe,sTsDMc,dtl0hd,eHDfl,YV5bee,d,csi?cb=121509378:792
(anonymous) @ m=cdos,cr,hsm,jsa,mb4ZUb,cEt90b,SNUn3,qddgKe,sTsDMc,dtl0hd,eHDfl,YV5bee,d,csi?cb=121509378:792
(anonymous) @ m=cdos,cr,hsm,jsa,mb4ZUb,cEt90b,SNUn3,qddgKe,sTsDMc,dtl0hd,eHDfl,YV5bee,d,csi?cb=121509378:406
(anonymous) @ m=cdos,cr,hsm,jsa,mb4ZUb,cEt90b,SNUn3,qddgKe,sTsDMc,dtl0hd,eHDfl,YV5bee,d,csi?cb=121509378:406
Promise.then
then @ m=cdos,cr,hsm,jsa,mb4ZUb,cEt90b,SNUn3,qddgKe,sTsDMc,dtl0hd,eHDfl,YV5bee,d,csi?cb=121509378:420
catch @ m=cdos,cr,hsm,jsa,mb4ZUb,cEt90b,SNUn3,qddgKe,sTsDMc,dtl0hd,eHDfl,YV5bee,d,csi?cb=121509378:420
oPa @ m=cdos,cr,hsm,jsa,mb4ZUb,cEt90b,SNUn3,qddgKe,sTsDMc,dtl0hd,eHDfl,YV5bee,d,csi?cb=121509378:792
iPa @ m=cdos,cr,hsm,jsa,mb4ZUb,cEt90b,SNUn3,qddgKe,sTsDMc,dtl0hd,eHDfl,YV5bee,d,csi?cb=121509378:784
kPa @ m=cdos,cr,hsm,jsa,mb4ZUb,cEt90b,SNUn3,qddgKe,sTsDMc,dtl0hd,eHDfl,YV5bee,d,csi?cb=121509378:780
ePa @ m=cdos,cr,hsm,jsa,mb4ZUb,cEt90b,SNUn3,qddgKe,sTsDMc,dtl0hd,eHDfl,YV5bee,d,csi?cb=121509378:782
uMa @ m=cdos,cr,hsm,jsa,mb4ZUb,cEt90b,SNUn3,qddgKe,sTsDMc,dtl0hd,eHDfl,YV5bee,d,csi?cb=121509378:779
go.Oa @ m=cdos,cr,hsm,jsa,mb4ZUb,cEt90b,SNUn3,qddgKe,sTsDMc,dtl0hd,eHDfl,YV5bee,d,csi?cb=121509378:712
sMa @ m=cdos,cr,hsm,jsa,mb4ZUb,cEt90b,SNUn3,qddgKe,sTsDMc,dtl0hd,eHDfl,YV5bee,d,csi?cb=121509378:711
Mta @ m=cdos,cr,hsm,jsa,mb4ZUb,cEt90b,SNUn3,qddgKe,sTsDMc,dtl0hd,eHDfl,YV5bee,d,csi?cb=121509378:710
_.Ota @ m=cdos,cr,hsm,jsa,mb4ZUb,cEt90b,SNUn3,qddgKe,sTsDMc,dtl0hd,eHDfl,YV5bee,d,csi?cb=121509378:321
thl @ m=cdos,cr,hsm,jsa,mb4ZUb,cEt90b,SNUn3,qddgKe,sTsDMc,dtl0hd,eHDfl,YV5bee,d,csi?cb=121509378:2798
(anonymous) @ m=cdos,cr,hsm,jsa,mb4ZUb,cEt90b,SNUn3,qddgKe,sTsDMc,dtl0hd,eHDfl,YV5bee,d,csi?cb=121509378:2799
(anonymous) @ m=cdos,cr,hsm,jsa,mb4ZUb,cEt90b,SNUn3,qddgKe,sTsDMc,dtl0hd,eHDfl,YV5bee,d,csi?cb=121509378:406
Promise.then
then @ m=cdos,cr,hsm,jsa,mb4ZUb,cEt90b,SNUn3,qddgKe,sTsDMc,dtl0hd,eHDfl,YV5bee,d,csi?cb=121509378:420
whl @ m=cdos,cr,hsm,jsa,mb4ZUb,cEt90b,SNUn3,qddgKe,sTsDMc,dtl0hd,eHDfl,YV5bee,d,csi?cb=121509378:2799
xhl @ m=cdos,cr,hsm,jsa,mb4ZUb,cEt90b,SNUn3,qddgKe,sTsDMc,dtl0hd,eHDfl,YV5bee,d,csi?cb=121509378:2799
(anonymous) @ m=cdos,cr,hsm,jsa,mb4ZUb,cEt90b,SNUn3,qddgKe,sTsDMc,dtl0hd,eHDfl,YV5bee,d,csi?cb=121509378:2800
(anonymous) @ m=cdos,cr,hsm,jsa,mb4ZUb,cEt90b,SNUn3,qddgKe,sTsDMc,dtl0hd,eHDfl,YV5bee,d,csi?cb=121509378:2800
(anonymous) @ m=cdos,cr,hsm,jsa,mb4ZUb,cEt90b,SNUn3,qddgKe,sTsDMc,dtl0hd,eHDfl,YV5bee,d,csi?cb=121509378:406
e.wa @ m=cdos,cr,hsm,jsa,mb4ZUb,cEt90b,SNUn3,qddgKe,sTsDMc,dtl0hd,eHDfl,YV5bee,d,csi?cb=121509378:594
QIa @ m=cdos,cr,hsm,jsa,mb4ZUb,cEt90b,SNUn3,qddgKe,sTsDMc,dtl0hd,eHDfl,YV5bee,d,csi?cb=121509378:597
MIa @ m=cdos,cr,hsm,jsa,mb4ZUb,cEt90b,SNUn3,qddgKe,sTsDMc,dtl0hd,eHDfl,YV5bee,d,csi?cb=121509378:597
_.Lg.t4a @ m=cdos,cr,hsm,jsa,mb4ZUb,cEt90b,SNUn3,qddgKe,sTsDMc,dtl0hd,eHDfl,YV5bee,d,csi?cb=121509378:597
wla @ m=cdos,cr,hsm,jsa,mb4ZUb,cEt90b,SNUn3,qddgKe,sTsDMc,dtl0hd,eHDfl,YV5bee,d,csi?cb=121509378:200
(anonymous) @ m=cdos,cr,hsm,jsa,mb4ZUb,cEt90b,SNUn3,qddgKe,sTsDMc,dtl0hd,eHDfl,YV5bee,d,csi?cb=121509378:406
Promise.then
then @ m=cdos,cr,hsm,jsa,mb4ZUb,cEt90b,SNUn3,qddgKe,sTsDMc,dtl0hd,eHDfl,YV5bee,d,csi?cb=121509378:420
sIa @ m=cdos,cr,hsm,jsa,mb4ZUb,cEt90b,SNUn3,qddgKe,sTsDMc,dtl0hd,eHDfl,YV5bee,d,csi?cb=121509378:588
_.wn @ m=cdos,cr,hsm,jsa,mb4ZUb,cEt90b,SNUn3,qddgKe,sTsDMc,dtl0hd,eHDfl,YV5bee,d,csi?cb=121509378:588
W6a @ m=cdos,cr,hsm,jsa,mb4ZUb,cEt90b,SNUn3,qddgKe,sTsDMc,dtl0hd,eHDfl,YV5bee,d,csi?cb=121509378:979
Oza.Ga @ m=cdos,cr,hsm,jsa,mb4ZUb,cEt90b,SNUn3,qddgKe,sTsDMc,dtl0hd,eHDfl,YV5bee,d,csi?cb=121509378:980
M6a @ m=cdos,cr,hsm,jsa,mb4ZUb,cEt90b,SNUn3,qddgKe,sTsDMc,dtl0hd,eHDfl,YV5bee,d,csi?cb=121509378:976
execute @ m=cdos,cr,hsm,jsa,mb4ZUb,cEt90b,SNUn3,qddgKe,sTsDMc,dtl0hd,eHDfl,YV5bee,d,csi?cb=121509378:977
(anonymous) @ m=cdos,cr,hsm,jsa,mb4ZUb,cEt90b,SNUn3,qddgKe,sTsDMc,dtl0hd,eHDfl,YV5bee,d,csi?cb=121509378:1035
(anonymous) @ m=cdos,cr,hsm,jsa,mb4ZUb,cEt90b,SNUn3,qddgKe,sTsDMc,dtl0hd,eHDfl,YV5bee,d,csi?cb=121509378:406
a.port1.onmessage @ m=cdos,cr,hsm,jsa,mb4ZUb,cEt90b,SNUn3,qddgKe,sTsDMc,dtl0hd,eHDfl,YV5bee,d,csi?cb=121509378:588
postMessage
(anonymous) @ m=cdos,cr,hsm,jsa,mb4ZUb,cEt90b,SNUn3,qddgKe,sTsDMc,dtl0hd,eHDfl,YV5bee,d,csi?cb=121509378:588
_.ie @ m=cdos,cr,hsm,jsa,mb4ZUb,cEt90b,SNUn3,qddgKe,sTsDMc,dtl0hd,eHDfl,YV5bee,d,csi?cb=121509378:200
Acb @ m=cdos,cr,hsm,jsa,mb4ZUb,cEt90b,SNUn3,qddgKe,sTsDMc,dtl0hd,eHDfl,YV5bee,d,csi?cb=121509378:1035
Aa @ m=cdos,cr,hsm,jsa,mb4ZUb,cEt90b,SNUn3,qddgKe,sTsDMc,dtl0hd,eHDfl,YV5bee,d,csi?cb=121509378:1035
ZVa @ m=cdos,cr,hsm,jsa,mb4ZUb,cEt90b,SNUn3,qddgKe,sTsDMc,dtl0hd,eHDfl,YV5bee,d,csi?cb=121509378:1023
(anonymous) @ m=cdos,cr,hsm,jsa,mb4ZUb,cEt90b,SNUn3,qddgKe,sTsDMc,dtl0hd,eHDfl,YV5bee,d,csi?cb=121509378:979
wla @ m=cdos,cr,hsm,jsa,mb4ZUb,cEt90b,SNUn3,qddgKe,sTsDMc,dtl0hd,eHDfl,YV5bee,d,csi?cb=121509378:200
(anonymous) @ m=cdos,cr,hsm,jsa,mb4ZUb,cEt90b,SNUn3,qddgKe,sTsDMc,dtl0hd,eHDfl,YV5bee,d,csi?cb=121509378:406
Promise.then
then @ m=cdos,cr,hsm,jsa,mb4ZUb,cEt90b,SNUn3,qddgKe,sTsDMc,dtl0hd,eHDfl,YV5bee,d,csi?cb=121509378:420
sIa @ m=cdos,cr,hsm,jsa,mb4ZUb,cEt90b,SNUn3,qddgKe,sTsDMc,dtl0hd,eHDfl,YV5bee,d,csi?cb=121509378:588
_.wn @ m=cdos,cr,hsm,jsa,mb4ZUb,cEt90b,SNUn3,qddgKe,sTsDMc,dtl0hd,eHDfl,YV5bee,d,csi?cb=121509378:588
NIa @ m=cdos,cr,hsm,jsa,mb4ZUb,cEt90b,SNUn3,qddgKe,sTsDMc,dtl0hd,eHDfl,YV5bee,d,csi?cb=121509378:596
_.Lg.OP @ m=cdos,cr,hsm,jsa,mb4ZUb,cEt90b,SNUn3,qddgKe,sTsDMc,dtl0hd,eHDfl,YV5bee,d,csi?cb=121509378:595
(anonymous) @ m=cdos,cr,hsm,jsa,mb4ZUb,cEt90b,SNUn3,qddgKe,sTsDMc,dtl0hd,eHDfl,YV5bee,d,csi?cb=121509378:589
AXa @ m=cdos,cr,hsm,jsa,mb4ZUb,cEt90b,SNUn3,qddgKe,sTsDMc,dtl0hd,eHDfl,YV5bee,d,csi?cb=121509378:945
initialize @ m=cdos,cr,hsm,jsa,mb4ZUb,cEt90b,SNUn3,qddgKe,sTsDMc,dtl0hd,eHDfl,YV5bee,d,csi?cb=121509378:946
_.aa.onLoad @ m=cdos,cr,hsm,jsa,mb4ZUb,cEt90b,SNUn3,qddgKe,sTsDMc,dtl0hd,eHDfl,YV5bee,d,csi?cb=121509378:699
oMa @ m=cdos,cr,hsm,jsa,mb4ZUb,cEt90b,SNUn3,qddgKe,sTsDMc,dtl0hd,eHDfl,YV5bee,d,csi?cb=121509378:714
go.Abb @ m=cdos,cr,hsm,jsa,mb4ZUb,cEt90b,SNUn3,qddgKe,sTsDMc,dtl0hd,eHDfl,YV5bee,d,csi?cb=121509378:705
_._ModuleManager_initialize @ m=cdos,cr,hsm,jsa,mb4ZUb,cEt90b,SNUn3,qddgKe,sTsDMc,dtl0hd,eHDfl,YV5bee,d,csi?cb=121509378:1046
(anonymous) @ m=cdos,cr,hsm,jsa,mb4ZUb,cEt90b,SNUn3,qddgKe,sTsDMc,dtl0hd,eHDfl,YV5bee,d,csi?cb=121509378:1047
(anonymous) @ m=cdos,cr,hsm,jsa,mb4ZUb,cEt90b,SNUn3,qddgKe,sTsDMc,dtl0hd,eHDfl,YV5bee,d,csi?cb=121509378:2881
sj-proxy?url=https%3A%2F%2Fgoogle.com:1 Access to XMLHttpRequest at 'https://play.google.com/log?format=json&hasfast=true' from origin 'http://localhost:8080' has been blocked by CORS policy: The 'Access-Control-Allow-Origin' header has a value 'http://play.google.com' that is not equal to the supplied origin.
m=cdos,cr,hsm,jsa,mb4ZUb,cEt90b,SNUn3,qddgKe,sTsDMc,dtl0hd,eHDfl,YV5bee,d,csi?cb=121509378:422  POST https://play.google.com/log?format=json&hasfast=true net::ERR_FAILED 200 (OK)
(anonymous) @ m=cdos,cr,hsm,jsa,mb4ZUb,cEt90b,SNUn3,qddgKe,sTsDMc,dtl0hd,eHDfl,YV5bee,d,csi?cb=121509378:422
_.rh.send @ rs=AA2YrTsQS372_IBtlHypMBVngIiWg5aPdw:120
_.vh @ rs=AA2YrTsQS372_IBtlHypMBVngIiWg5aPdw:117
send @ rs=AA2YrTsQS372_IBtlHypMBVngIiWg5aPdw:123
m @ rs=AA2YrTsQS372_IBtlHypMBVngIiWg5aPdw:102
flush @ rs=AA2YrTsQS372_IBtlHypMBVngIiWg5aPdw:102
c @ rs=AA2YrTsQS372_IBtlHypMBVngIiWg5aPdw:90
sf @ rs=AA2YrTsQS372_IBtlHypMBVngIiWg5aPdw:82
(anonymous) @ rs=AA2YrTsQS372_IBtlHypMBVngIiWg5aPdw:82
(anonymous) @ m=cdos,cr,hsm,jsa,mb4ZUb,cEt90b,SNUn3,qddgKe,sTsDMc,dtl0hd,eHDfl,YV5bee,d,csi?cb=121509378:406
setTimeout
setTimeout @ m=cdos,cr,hsm,jsa,mb4ZUb,cEt90b,SNUn3,qddgKe,sTsDMc,dtl0hd,eHDfl,YV5bee,d,csi?cb=121509378:420
start @ rs=AA2YrTsQS372_IBtlHypMBVngIiWg5aPdw:82
l @ rs=AA2YrTsQS372_IBtlHypMBVngIiWg5aPdw:101
(anonymous) @ rs=AA2YrTsQS372_IBtlHypMBVngIiWg5aPdw:123
nh @ rs=AA2YrTsQS372_IBtlHypMBVngIiWg5aPdw:117
_.p.dispatchEvent @ rs=AA2YrTsQS372_IBtlHypMBVngIiWg5aPdw:115
xh @ rs=AA2YrTsQS372_IBtlHypMBVngIiWg5aPdw:120
zh @ rs=AA2YrTsQS372_IBtlHypMBVngIiWg5aPdw:122
_.rh.P @ rs=AA2YrTsQS372_IBtlHypMBVngIiWg5aPdw:121
_.rh.M @ rs=AA2YrTsQS372_IBtlHypMBVngIiWg5aPdw:121
XMLHttpRequest.send
(anonymous) @ m=cdos,cr,hsm,jsa,mb4ZUb,cEt90b,SNUn3,qddgKe,sTsDMc,dtl0hd,eHDfl,YV5bee,d,csi?cb=121509378:422
_.rh.send @ rs=AA2YrTsQS372_IBtlHypMBVngIiWg5aPdw:120
_.vh @ rs=AA2YrTsQS372_IBtlHypMBVngIiWg5aPdw:117
send @ rs=AA2YrTsQS372_IBtlHypMBVngIiWg5aPdw:123
m @ rs=AA2YrTsQS372_IBtlHypMBVngIiWg5aPdw:102
flush @ rs=AA2YrTsQS372_IBtlHypMBVngIiWg5aPdw:102
c @ rs=AA2YrTsQS372_IBtlHypMBVngIiWg5aPdw:90
sf @ rs=AA2YrTsQS372_IBtlHypMBVngIiWg5aPdw:82
(anonymous) @ rs=AA2YrTsQS372_IBtlHypMBVngIiWg5aPdw:82
setTimeout
start @ rs=AA2YrTsQS372_IBtlHypMBVngIiWg5aPdw:82
log @ rs=AA2YrTsQS372_IBtlHypMBVngIiWg5aPdw:99
_.wg @ rs=AA2YrTsQS372_IBtlHypMBVngIiWg5aPdw:91
log @ rs=AA2YrTsQS372_IBtlHypMBVngIiWg5aPdw:126
_.gj @ rs=AA2YrTsQS372_IBtlHypMBVngIiWg5aPdw:166
_.Ph @ rs=AA2YrTsQS372_IBtlHypMBVngIiWg5aPdw:128
i @ rs=AA2YrTsQS372_IBtlHypMBVngIiWg5aPdw:166
_.hj @ rs=AA2YrTsQS372_IBtlHypMBVngIiWg5aPdw:166
(anonymous) @ rs=AA2YrTsQS372_IBtlHypMBVngIiWg5aPdw:166
(anonymous) @ rs=AA2YrTsQS372_IBtlHypMBVngIiWg5aPdw:572
sj-proxy?url=https%3A%2F%2Fgoogle.com:1 Access to fetch at 'https://google.com/xjs/_/js/md=2/k=xjs.hd.en.rRRcCZse8Zo.2019.O/am=AAAAAAAAAAAAAAAAAAAAAAAAAAAAAAAAAAAAAAAAAAAAAAAAAAAAAAAAAAhAAAAAAACAQAAAAAAAAAAAAAAADCAAAAAAAAAAAAAAAAAAAIBAQAAAQAAAAAAAAACAAAAAAAAEAAAAAAAAAAwACAAIIAEAADAIAAAAAAAAAAAAAAAAAABABAAAAAABAMAfDDACAAAAAAAAACQAAAAAAAAAAABYAAAABQAAAAiAAAAAAAAAAAAAAAAAAAAAAAIAAAAAAAAAAAAAABAAAABAAQAAAAABAAAAAAAAAAAAAAAAAAAAAAIAAAAAAAAAAAAAAEAAAAUAAAIAgAAAAAAAAAAAAAAAAACgAwAAAAABAAAAAAAAAAAAAAAAAAA4AAAEBAAAAAAAABAIBAAIAAAAAB0AgQcYUlMAAAAAAAAAAAAAAAAAAAAAAAAAARTALiRQEAABAAAAAAAAAAAAAAAAAAAAAAAAAACA0FMAAAAAAACLAQ/rs=ACT90oHcO9dpqtluHUx_6GfzaXpKT8w-pw?cb=121509378' from origin 'http://localhost:8080' has been blocked by CORS policy: No 'Access-Control-Allow-Origin' header is present on the requested resource.
m=cdos,cr,hsm,jsa,mb4ZUb,cEt90b,SNUn3,qddgKe,sTsDMc,dtl0hd,eHDfl,YV5bee,d,csi?cb=121509378:801  GET https://google.com/xjs/_/js/md=2/k=xjs.hd.en.rRRcCZse8Zo.2019.O/am=AAAAAAAAAAAAAAAAAAAAAAAAAAAAAAAAAAAAAAAAAAAAAAAAAAAAAAAAAAhAAAAAAACAQAAAAAAAAAAAAAAADCAAAAAAAAAAAAAAAAAAAIBAQAAAQAAAAAAAAACAAAAAAAAEAAAAAAAAAAwACAAIIAEAADAIAAAAAAAAAAAAAAAAAABABAAAAAABAMAfDDACAAAAAAAAACQAAAAAAAAAAABYAAAABQAAAAiAAAAAAAAAAAAAAAAAAAAAAAIAAAAAAAAAAAAAABAAAABAAQAAAAABAAAAAAAAAAAAAAAAAAAAAAIAAAAAAAAAAAAAAEAAAAUAAAIAgAAAAAAAAAAAAAAAAACgAwAAAAABAAAAAAAAAAAAAAAAAAA4AAAEBAAAAAAAABAIBAAIAAAAAB0AgQcYUlMAAAAAAAAAAAAAAAAAAAAAAAAAARTALiRQEAABAAAAAAAAAAAAAAAAAAAAAAAAAACA0FMAAAAAAACLAQ/rs=ACT90oHcO9dpqtluHUx_6GfzaXpKT8w-pw?cb=121509378 net::ERR_FAILED 200 (OK)
_.GPa @ m=cdos,cr,hsm,jsa,mb4ZUb,cEt90b,SNUn3,qddgKe,sTsDMc,dtl0hd,eHDfl,YV5bee,d,csi?cb=121509378:801
(anonymous) @ m=cdos,cr,hsm,jsa,mb4ZUb,cEt90b,SNUn3,qddgKe,sTsDMc,dtl0hd,eHDfl,YV5bee,d,csi?cb=121509378:796
(anonymous) @ m=cdos,cr,hsm,jsa,mb4ZUb,cEt90b,SNUn3,qddgKe,sTsDMc,dtl0hd,eHDfl,YV5bee,d,csi?cb=121509378:775
BOa @ m=cdos,cr,hsm,jsa,mb4ZUb,cEt90b,SNUn3,qddgKe,sTsDMc,dtl0hd,eHDfl,YV5bee,d,csi?cb=121509378:775
(anonymous) @ m=cdos,cr,hsm,jsa,mb4ZUb,cEt90b,SNUn3,qddgKe,sTsDMc,dtl0hd,eHDfl,YV5bee,d,csi?cb=121509378:775
COa @ m=cdos,cr,hsm,jsa,mb4ZUb,cEt90b,SNUn3,qddgKe,sTsDMc,dtl0hd,eHDfl,YV5bee,d,csi?cb=121509378:775
DPa @ m=cdos,cr,hsm,jsa,mb4ZUb,cEt90b,SNUn3,qddgKe,sTsDMc,dtl0hd,eHDfl,YV5bee,d,csi?cb=121509378:796
oPa @ m=cdos,cr,hsm,jsa,mb4ZUb,cEt90b,SNUn3,qddgKe,sTsDMc,dtl0hd,eHDfl,YV5bee,d,csi?cb=121509378:792
(anonymous) @ m=cdos,cr,hsm,jsa,mb4ZUb,cEt90b,SNUn3,qddgKe,sTsDMc,dtl0hd,eHDfl,YV5bee,d,csi?cb=121509378:792
oa @ m=cdos,cr,hsm,jsa,mb4ZUb,cEt90b,SNUn3,qddgKe,sTsDMc,dtl0hd,eHDfl,YV5bee,d,csi?cb=121509378:977
execute @ m=cdos,cr,hsm,jsa,mb4ZUb,cEt90b,SNUn3,qddgKe,sTsDMc,dtl0hd,eHDfl,YV5bee,d,csi?cb=121509378:977
(anonymous) @ m=cdos,cr,hsm,jsa,mb4ZUb,cEt90b,SNUn3,qddgKe,sTsDMc,dtl0hd,eHDfl,YV5bee,d,csi?cb=121509378:1035
(anonymous) @ m=cdos,cr,hsm,jsa,mb4ZUb,cEt90b,SNUn3,qddgKe,sTsDMc,dtl0hd,eHDfl,YV5bee,d,csi?cb=121509378:406
a.port1.onmessage @ m=cdos,cr,hsm,jsa,mb4ZUb,cEt90b,SNUn3,qddgKe,sTsDMc,dtl0hd,eHDfl,YV5bee,d,csi?cb=121509378:588
postMessage
(anonymous) @ m=cdos,cr,hsm,jsa,mb4ZUb,cEt90b,SNUn3,qddgKe,sTsDMc,dtl0hd,eHDfl,YV5bee,d,csi?cb=121509378:588
_.ie @ m=cdos,cr,hsm,jsa,mb4ZUb,cEt90b,SNUn3,qddgKe,sTsDMc,dtl0hd,eHDfl,YV5bee,d,csi?cb=121509378:200
Acb @ m=cdos,cr,hsm,jsa,mb4ZUb,cEt90b,SNUn3,qddgKe,sTsDMc,dtl0hd,eHDfl,YV5bee,d,csi?cb=121509378:1035
Aa @ m=cdos,cr,hsm,jsa,mb4ZUb,cEt90b,SNUn3,qddgKe,sTsDMc,dtl0hd,eHDfl,YV5bee,d,csi?cb=121509378:1035
ZVa @ m=cdos,cr,hsm,jsa,mb4ZUb,cEt90b,SNUn3,qddgKe,sTsDMc,dtl0hd,eHDfl,YV5bee,d,csi?cb=121509378:1023
(anonymous) @ m=cdos,cr,hsm,jsa,mb4ZUb,cEt90b,SNUn3,qddgKe,sTsDMc,dtl0hd,eHDfl,YV5bee,d,csi?cb=121509378:979
wla @ m=cdos,cr,hsm,jsa,mb4ZUb,cEt90b,SNUn3,qddgKe,sTsDMc,dtl0hd,eHDfl,YV5bee,d,csi?cb=121509378:200
(anonymous) @ m=cdos,cr,hsm,jsa,mb4ZUb,cEt90b,SNUn3,qddgKe,sTsDMc,dtl0hd,eHDfl,YV5bee,d,csi?cb=121509378:406
Promise.then
then @ m=cdos,cr,hsm,jsa,mb4ZUb,cEt90b,SNUn3,qddgKe,sTsDMc,dtl0hd,eHDfl,YV5bee,d,csi?cb=121509378:420
sIa @ m=cdos,cr,hsm,jsa,mb4ZUb,cEt90b,SNUn3,qddgKe,sTsDMc,dtl0hd,eHDfl,YV5bee,d,csi?cb=121509378:588
_.wn @ m=cdos,cr,hsm,jsa,mb4ZUb,cEt90b,SNUn3,qddgKe,sTsDMc,dtl0hd,eHDfl,YV5bee,d,csi?cb=121509378:588
W6a @ m=cdos,cr,hsm,jsa,mb4ZUb,cEt90b,SNUn3,qddgKe,sTsDMc,dtl0hd,eHDfl,YV5bee,d,csi?cb=121509378:979
Oza.Ga @ m=cdos,cr,hsm,jsa,mb4ZUb,cEt90b,SNUn3,qddgKe,sTsDMc,dtl0hd,eHDfl,YV5bee,d,csi?cb=121509378:980
M6a @ m=cdos,cr,hsm,jsa,mb4ZUb,cEt90b,SNUn3,qddgKe,sTsDMc,dtl0hd,eHDfl,YV5bee,d,csi?cb=121509378:976
_.N6a @ m=cdos,cr,hsm,jsa,mb4ZUb,cEt90b,SNUn3,qddgKe,sTsDMc,dtl0hd,eHDfl,YV5bee,d,csi?cb=121509378:976
ka @ m=cdos,cr,hsm,jsa,mb4ZUb,cEt90b,SNUn3,qddgKe,sTsDMc,dtl0hd,eHDfl,YV5bee,d,csi?cb=121509378:978
(anonymous) @ m=cdos,cr,hsm,jsa,mb4ZUb,cEt90b,SNUn3,qddgKe,sTsDMc,dtl0hd,eHDfl,YV5bee,d,csi?cb=121509378:977
(anonymous) @ m=cdos,cr,hsm,jsa,mb4ZUb,cEt90b,SNUn3,qddgKe,sTsDMc,dtl0hd,eHDfl,YV5bee,d,csi?cb=121509378:406
setTimeout
setTimeout @ m=cdos,cr,hsm,jsa,mb4ZUb,cEt90b,SNUn3,qddgKe,sTsDMc,dtl0hd,eHDfl,YV5bee,d,csi?cb=121509378:420
V6a @ m=cdos,cr,hsm,jsa,mb4ZUb,cEt90b,SNUn3,qddgKe,sTsDMc,dtl0hd,eHDfl,YV5bee,d,csi?cb=121509378:977
setTimeout @ m=cdos,cr,hsm,jsa,mb4ZUb,cEt90b,SNUn3,qddgKe,sTsDMc,dtl0hd,eHDfl,YV5bee,d,csi?cb=121509378:978
setTimeout @ m=cdos,cr,hsm,jsa,mb4ZUb,cEt90b,SNUn3,qddgKe,sTsDMc,dtl0hd,eHDfl,YV5bee,d,csi?cb=121509378:1001
setTimeout @ m=cdos,cr,hsm,jsa,mb4ZUb,cEt90b,SNUn3,qddgKe,sTsDMc,dtl0hd,eHDfl,YV5bee,d,csi?cb=121509378:1044
setTimeout @ m=cdos,cr,hsm,jsa,mb4ZUb,cEt90b,SNUn3,qddgKe,sTsDMc,dtl0hd,eHDfl,YV5bee,d,csi?cb=121509378:674
(anonymous) @ m=cdos,cr,hsm,jsa,mb4ZUb,cEt90b,SNUn3,qddgKe,sTsDMc,dtl0hd,eHDfl,YV5bee,d,csi?cb=121509378:792
(anonymous) @ m=cdos,cr,hsm,jsa,mb4ZUb,cEt90b,SNUn3,qddgKe,sTsDMc,dtl0hd,eHDfl,YV5bee,d,csi?cb=121509378:792
(anonymous) @ m=cdos,cr,hsm,jsa,mb4ZUb,cEt90b,SNUn3,qddgKe,sTsDMc,dtl0hd,eHDfl,YV5bee,d,csi?cb=121509378:406
(anonymous) @ m=cdos,cr,hsm,jsa,mb4ZUb,cEt90b,SNUn3,qddgKe,sTsDMc,dtl0hd,eHDfl,YV5bee,d,csi?cb=121509378:406
Promise.then
then @ m=cdos,cr,hsm,jsa,mb4ZUb,cEt90b,SNUn3,qddgKe,sTsDMc,dtl0hd,eHDfl,YV5bee,d,csi?cb=121509378:420
catch @ m=cdos,cr,hsm,jsa,mb4ZUb,cEt90b,SNUn3,qddgKe,sTsDMc,dtl0hd,eHDfl,YV5bee,d,csi?cb=121509378:420
oPa @ m=cdos,cr,hsm,jsa,mb4ZUb,cEt90b,SNUn3,qddgKe,sTsDMc,dtl0hd,eHDfl,YV5bee,d,csi?cb=121509378:792
(anonymous) @ m=cdos,cr,hsm,jsa,mb4ZUb,cEt90b,SNUn3,qddgKe,sTsDMc,dtl0hd,eHDfl,YV5bee,d,csi?cb=121509378:792
oa @ m=cdos,cr,hsm,jsa,mb4ZUb,cEt90b,SNUn3,qddgKe,sTsDMc,dtl0hd,eHDfl,YV5bee,d,csi?cb=121509378:977
execute @ m=cdos,cr,hsm,jsa,mb4ZUb,cEt90b,SNUn3,qddgKe,sTsDMc,dtl0hd,eHDfl,YV5bee,d,csi?cb=121509378:977
(anonymous) @ m=cdos,cr,hsm,jsa,mb4ZUb,cEt90b,SNUn3,qddgKe,sTsDMc,dtl0hd,eHDfl,YV5bee,d,csi?cb=121509378:1035
(anonymous) @ m=cdos,cr,hsm,jsa,mb4ZUb,cEt90b,SNUn3,qddgKe,sTsDMc,dtl0hd,eHDfl,YV5bee,d,csi?cb=121509378:406
a.port1.onmessage @ m=cdos,cr,hsm,jsa,mb4ZUb,cEt90b,SNUn3,qddgKe,sTsDMc,dtl0hd,eHDfl,YV5bee,d,csi?cb=121509378:588
postMessage
(anonymous) @ m=cdos,cr,hsm,jsa,mb4ZUb,cEt90b,SNUn3,qddgKe,sTsDMc,dtl0hd,eHDfl,YV5bee,d,csi?cb=121509378:588
_.ie @ m=cdos,cr,hsm,jsa,mb4ZUb,cEt90b,SNUn3,qddgKe,sTsDMc,dtl0hd,eHDfl,YV5bee,d,csi?cb=121509378:200
Acb @ m=cdos,cr,hsm,jsa,mb4ZUb,cEt90b,SNUn3,qddgKe,sTsDMc,dtl0hd,eHDfl,YV5bee,d,csi?cb=121509378:1035
Aa @ m=cdos,cr,hsm,jsa,mb4ZUb,cEt90b,SNUn3,qddgKe,sTsDMc,dtl0hd,eHDfl,YV5bee,d,csi?cb=121509378:1035
ZVa @ m=cdos,cr,hsm,jsa,mb4ZUb,cEt90b,SNUn3,qddgKe,sTsDMc,dtl0hd,eHDfl,YV5bee,d,csi?cb=121509378:1023
(anonymous) @ m=cdos,cr,hsm,jsa,mb4ZUb,cEt90b,SNUn3,qddgKe,sTsDMc,dtl0hd,eHDfl,YV5bee,d,csi?cb=121509378:979
wla @ m=cdos,cr,hsm,jsa,mb4ZUb,cEt90b,SNUn3,qddgKe,sTsDMc,dtl0hd,eHDfl,YV5bee,d,csi?cb=121509378:200
(anonymous) @ m=cdos,cr,hsm,jsa,mb4ZUb,cEt90b,SNUn3,qddgKe,sTsDMc,dtl0hd,eHDfl,YV5bee,d,csi?cb=121509378:406
Promise.then
then @ m=cdos,cr,hsm,jsa,mb4ZUb,cEt90b,SNUn3,qddgKe,sTsDMc,dtl0hd,eHDfl,YV5bee,d,csi?cb=121509378:420
sIa @ m=cdos,cr,hsm,jsa,mb4ZUb,cEt90b,SNUn3,qddgKe,sTsDMc,dtl0hd,eHDfl,YV5bee,d,csi?cb=121509378:588
_.wn @ m=cdos,cr,hsm,jsa,mb4ZUb,cEt90b,SNUn3,qddgKe,sTsDMc,dtl0hd,eHDfl,YV5bee,d,csi?cb=121509378:588
W6a @ m=cdos,cr,hsm,jsa,mb4ZUb,cEt90b,SNUn3,qddgKe,sTsDMc,dtl0hd,eHDfl,YV5bee,d,csi?cb=121509378:979
Oza.Ga @ m=cdos,cr,hsm,jsa,mb4ZUb,cEt90b,SNUn3,qddgKe,sTsDMc,dtl0hd,eHDfl,YV5bee,d,csi?cb=121509378:980
M6a @ m=cdos,cr,hsm,jsa,mb4ZUb,cEt90b,SNUn3,qddgKe,sTsDMc,dtl0hd,eHDfl,YV5bee,d,csi?cb=121509378:976
_.N6a @ m=cdos,cr,hsm,jsa,mb4ZUb,cEt90b,SNUn3,qddgKe,sTsDMc,dtl0hd,eHDfl,YV5bee,d,csi?cb=121509378:976
ka @ m=cdos,cr,hsm,jsa,mb4ZUb,cEt90b,SNUn3,qddgKe,sTsDMc,dtl0hd,eHDfl,YV5bee,d,csi?cb=121509378:978
(anonymous) @ m=cdos,cr,hsm,jsa,mb4ZUb,cEt90b,SNUn3,qddgKe,sTsDMc,dtl0hd,eHDfl,YV5bee,d,csi?cb=121509378:977
(anonymous) @ m=cdos,cr,hsm,jsa,mb4ZUb,cEt90b,SNUn3,qddgKe,sTsDMc,dtl0hd,eHDfl,YV5bee,d,csi?cb=121509378:406
setTimeout
setTimeout @ m=cdos,cr,hsm,jsa,mb4ZUb,cEt90b,SNUn3,qddgKe,sTsDMc,dtl0hd,eHDfl,YV5bee,d,csi?cb=121509378:420
V6a @ m=cdos,cr,hsm,jsa,mb4ZUb,cEt90b,SNUn3,qddgKe,sTsDMc,dtl0hd,eHDfl,YV5bee,d,csi?cb=121509378:977
setTimeout @ m=cdos,cr,hsm,jsa,mb4ZUb,cEt90b,SNUn3,qddgKe,sTsDMc,dtl0hd,eHDfl,YV5bee,d,csi?cb=121509378:978
setTimeout @ m=cdos,cr,hsm,jsa,mb4ZUb,cEt90b,SNUn3,qddgKe,sTsDMc,dtl0hd,eHDfl,YV5bee,d,csi?cb=121509378:1001
setTimeout @ m=cdos,cr,hsm,jsa,mb4ZUb,cEt90b,SNUn3,qddgKe,sTsDMc,dtl0hd,eHDfl,YV5bee,d,csi?cb=121509378:1044
setTimeout @ m=cdos,cr,hsm,jsa,mb4ZUb,cEt90b,SNUn3,qddgKe,sTsDMc,dtl0hd,eHDfl,YV5bee,d,csi?cb=121509378:674
(anonymous) @ m=cdos,cr,hsm,jsa,mb4ZUb,cEt90b,SNUn3,qddgKe,sTsDMc,dtl0hd,eHDfl,YV5bee,d,csi?cb=121509378:792
(anonymous) @ m=cdos,cr,hsm,jsa,mb4ZUb,cEt90b,SNUn3,qddgKe,sTsDMc,dtl0hd,eHDfl,YV5bee,d,csi?cb=121509378:792
(anonymous) @ m=cdos,cr,hsm,jsa,mb4ZUb,cEt90b,SNUn3,qddgKe,sTsDMc,dtl0hd,eHDfl,YV5bee,d,csi?cb=121509378:406
(anonymous) @ m=cdos,cr,hsm,jsa,mb4ZUb,cEt90b,SNUn3,qddgKe,sTsDMc,dtl0hd,eHDfl,YV5bee,d,csi?cb=121509378:406
Promise.then
then @ m=cdos,cr,hsm,jsa,mb4ZUb,cEt90b,SNUn3,qddgKe,sTsDMc,dtl0hd,eHDfl,YV5bee,d,csi?cb=121509378:420
catch @ m=cdos,cr,hsm,jsa,mb4ZUb,cEt90b,SNUn3,qddgKe,sTsDMc,dtl0hd,eHDfl,YV5bee,d,csi?cb=121509378:420
oPa @ m=cdos,cr,hsm,jsa,mb4ZUb,cEt90b,SNUn3,qddgKe,sTsDMc,dtl0hd,eHDfl,YV5bee,d,csi?cb=121509378:792
(anonymous) @ m=cdos,cr,hsm,jsa,mb4ZUb,cEt90b,SNUn3,qddgKe,sTsDMc,dtl0hd,eHDfl,YV5bee,d,csi?cb=121509378:792
oa @ m=cdos,cr,hsm,jsa,mb4ZUb,cEt90b,SNUn3,qddgKe,sTsDMc,dtl0hd,eHDfl,YV5bee,d,csi?cb=121509378:977
execute @ m=cdos,cr,hsm,jsa,mb4ZUb,cEt90b,SNUn3,qddgKe,sTsDMc,dtl0hd,eHDfl,YV5bee,d,csi?cb=121509378:977
(anonymous) @ m=cdos,cr,hsm,jsa,mb4ZUb,cEt90b,SNUn3,qddgKe,sTsDMc,dtl0hd,eHDfl,YV5bee,d,csi?cb=121509378:1035
(anonymous) @ m=cdos,cr,hsm,jsa,mb4ZUb,cEt90b,SNUn3,qddgKe,sTsDMc,dtl0hd,eHDfl,YV5bee,d,csi?cb=121509378:406
a.port1.onmessage @ m=cdos,cr,hsm,jsa,mb4ZUb,cEt90b,SNUn3,qddgKe,sTsDMc,dtl0hd,eHDfl,YV5bee,d,csi?cb=121509378:588
postMessage
(anonymous) @ m=cdos,cr,hsm,jsa,mb4ZUb,cEt90b,SNUn3,qddgKe,sTsDMc,dtl0hd,eHDfl,YV5bee,d,csi?cb=121509378:588
_.ie @ m=cdos,cr,hsm,jsa,mb4ZUb,cEt90b,SNUn3,qddgKe,sTsDMc,dtl0hd,eHDfl,YV5bee,d,csi?cb=121509378:200
Acb @ m=cdos,cr,hsm,jsa,mb4ZUb,cEt90b,SNUn3,qddgKe,sTsDMc,dtl0hd,eHDfl,YV5bee,d,csi?cb=121509378:1035
Aa @ m=cdos,cr,hsm,jsa,mb4ZUb,cEt90b,SNUn3,qddgKe,sTsDMc,dtl0hd,eHDfl,YV5bee,d,csi?cb=121509378:1035
ZVa @ m=cdos,cr,hsm,jsa,mb4ZUb,cEt90b,SNUn3,qddgKe,sTsDMc,dtl0hd,eHDfl,YV5bee,d,csi?cb=121509378:1023
(anonymous) @ m=cdos,cr,hsm,jsa,mb4ZUb,cEt90b,SNUn3,qddgKe,sTsDMc,dtl0hd,eHDfl,YV5bee,d,csi?cb=121509378:979
wla @ m=cdos,cr,hsm,jsa,mb4ZUb,cEt90b,SNUn3,qddgKe,sTsDMc,dtl0hd,eHDfl,YV5bee,d,csi?cb=121509378:200
(anonymous) @ m=cdos,cr,hsm,jsa,mb4ZUb,cEt90b,SNUn3,qddgKe,sTsDMc,dtl0hd,eHDfl,YV5bee,d,csi?cb=121509378:406
Promise.then
then @ m=cdos,cr,hsm,jsa,mb4ZUb,cEt90b,SNUn3,qddgKe,sTsDMc,dtl0hd,eHDfl,YV5bee,d,csi?cb=121509378:420
sIa @ m=cdos,cr,hsm,jsa,mb4ZUb,cEt90b,SNUn3,qddgKe,sTsDMc,dtl0hd,eHDfl,YV5bee,d,csi?cb=121509378:588
_.wn @ m=cdos,cr,hsm,jsa,mb4ZUb,cEt90b,SNUn3,qddgKe,sTsDMc,dtl0hd,eHDfl,YV5bee,d,csi?cb=121509378:588
W6a @ m=cdos,cr,hsm,jsa,mb4ZUb,cEt90b,SNUn3,qddgKe,sTsDMc,dtl0hd,eHDfl,YV5bee,d,csi?cb=121509378:979
Oza.Ga @ m=cdos,cr,hsm,jsa,mb4ZUb,cEt90b,SNUn3,qddgKe,sTsDMc,dtl0hd,eHDfl,YV5bee,d,csi?cb=121509378:980
M6a @ m=cdos,cr,hsm,jsa,mb4ZUb,cEt90b,SNUn3,qddgKe,sTsDMc,dtl0hd,eHDfl,YV5bee,d,csi?cb=121509378:976
_.N6a @ m=cdos,cr,hsm,jsa,mb4ZUb,cEt90b,SNUn3,qddgKe,sTsDMc,dtl0hd,eHDfl,YV5bee,d,csi?cb=121509378:976
ka @ m=cdos,cr,hsm,jsa,mb4ZUb,cEt90b,SNUn3,qddgKe,sTsDMc,dtl0hd,eHDfl,YV5bee,d,csi?cb=121509378:978
(anonymous) @ m=cdos,cr,hsm,jsa,mb4ZUb,cEt90b,SNUn3,qddgKe,sTsDMc,dtl0hd,eHDfl,YV5bee,d,csi?cb=121509378:977
(anonymous) @ m=cdos,cr,hsm,jsa,mb4ZUb,cEt90b,SNUn3,qddgKe,sTsDMc,dtl0hd,eHDfl,YV5bee,d,csi?cb=121509378:406
setTimeout
setTimeout @ m=cdos,cr,hsm,jsa,mb4ZUb,cEt90b,SNUn3,qddgKe,sTsDMc,dtl0hd,eHDfl,YV5bee,d,csi?cb=121509378:420
V6a @ m=cdos,cr,hsm,jsa,mb4ZUb,cEt90b,SNUn3,qddgKe,sTsDMc,dtl0hd,eHDfl,YV5bee,d,csi?cb=121509378:977
setTimeout @ m=cdos,cr,hsm,jsa,mb4ZUb,cEt90b,SNUn3,qddgKe,sTsDMc,dtl0hd,eHDfl,YV5bee,d,csi?cb=121509378:978
setTimeout @ m=cdos,cr,hsm,jsa,mb4ZUb,cEt90b,SNUn3,qddgKe,sTsDMc,dtl0hd,eHDfl,YV5bee,d,csi?cb=121509378:1001
setTimeout @ m=cdos,cr,hsm,jsa,mb4ZUb,cEt90b,SNUn3,qddgKe,sTsDMc,dtl0hd,eHDfl,YV5bee,d,csi?cb=121509378:1044
setTimeout @ m=cdos,cr,hsm,jsa,mb4ZUb,cEt90b,SNUn3,qddgKe,sTsDMc,dtl0hd,eHDfl,YV5bee,d,csi?cb=121509378:674
(anonymous) @ m=cdos,cr,hsm,jsa,mb4ZUb,cEt90b,SNUn3,qddgKe,sTsDMc,dtl0hd,eHDfl,YV5bee,d,csi?cb=121509378:792
(anonymous) @ m=cdos,cr,hsm,jsa,mb4ZUb,cEt90b,SNUn3,qddgKe,sTsDMc,dtl0hd,eHDfl,YV5bee,d,csi?cb=121509378:792
(anonymous) @ m=cdos,cr,hsm,jsa,mb4ZUb,cEt90b,SNUn3,qddgKe,sTsDMc,dtl0hd,eHDfl,YV5bee,d,csi?cb=121509378:406
(anonymous) @ m=cdos,cr,hsm,jsa,mb4ZUb,cEt90b,SNUn3,qddgKe,sTsDMc,dtl0hd,eHDfl,YV5bee,d,csi?cb=121509378:406
Promise.then
then @ m=cdos,cr,hsm,jsa,mb4ZUb,cEt90b,SNUn3,qddgKe,sTsDMc,dtl0hd,eHDfl,YV5bee,d,csi?cb=121509378:420
catch @ m=cdos,cr,hsm,jsa,mb4ZUb,cEt90b,SNUn3,qddgKe,sTsDMc,dtl0hd,eHDfl,YV5bee,d,csi?cb=121509378:420
oPa @ m=cdos,cr,hsm,jsa,mb4ZUb,cEt90b,SNUn3,qddgKe,sTsDMc,dtl0hd,eHDfl,YV5bee,d,csi?cb=121509378:792
iPa @ m=cdos,cr,hsm,jsa,mb4ZUb,cEt90b,SNUn3,qddgKe,sTsDMc,dtl0hd,eHDfl,YV5bee,d,csi?cb=121509378:784
kPa @ m=cdos,cr,hsm,jsa,mb4ZUb,cEt90b,SNUn3,qddgKe,sTsDMc,dtl0hd,eHDfl,YV5bee,d,csi?cb=121509378:780
ePa @ m=cdos,cr,hsm,jsa,mb4ZUb,cEt90b,SNUn3,qddgKe,sTsDMc,dtl0hd,eHDfl,YV5bee,d,csi?cb=121509378:782
uMa @ m=cdos,cr,hsm,jsa,mb4ZUb,cEt90b,SNUn3,qddgKe,sTsDMc,dtl0hd,eHDfl,YV5bee,d,csi?cb=121509378:779
go.Oa @ m=cdos,cr,hsm,jsa,mb4ZUb,cEt90b,SNUn3,qddgKe,sTsDMc,dtl0hd,eHDfl,YV5bee,d,csi?cb=121509378:712
sMa @ m=cdos,cr,hsm,jsa,mb4ZUb,cEt90b,SNUn3,qddgKe,sTsDMc,dtl0hd,eHDfl,YV5bee,d,csi?cb=121509378:711
Mta @ m=cdos,cr,hsm,jsa,mb4ZUb,cEt90b,SNUn3,qddgKe,sTsDMc,dtl0hd,eHDfl,YV5bee,d,csi?cb=121509378:710
_.Ota @ m=cdos,cr,hsm,jsa,mb4ZUb,cEt90b,SNUn3,qddgKe,sTsDMc,dtl0hd,eHDfl,YV5bee,d,csi?cb=121509378:321
thl @ m=cdos,cr,hsm,jsa,mb4ZUb,cEt90b,SNUn3,qddgKe,sTsDMc,dtl0hd,eHDfl,YV5bee,d,csi?cb=121509378:2798
(anonymous) @ m=cdos,cr,hsm,jsa,mb4ZUb,cEt90b,SNUn3,qddgKe,sTsDMc,dtl0hd,eHDfl,YV5bee,d,csi?cb=121509378:2799
(anonymous) @ m=cdos,cr,hsm,jsa,mb4ZUb,cEt90b,SNUn3,qddgKe,sTsDMc,dtl0hd,eHDfl,YV5bee,d,csi?cb=121509378:406
Promise.then
then @ m=cdos,cr,hsm,jsa,mb4ZUb,cEt90b,SNUn3,qddgKe,sTsDMc,dtl0hd,eHDfl,YV5bee,d,csi?cb=121509378:420
whl @ m=cdos,cr,hsm,jsa,mb4ZUb,cEt90b,SNUn3,qddgKe,sTsDMc,dtl0hd,eHDfl,YV5bee,d,csi?cb=121509378:2799
xhl @ m=cdos,cr,hsm,jsa,mb4ZUb,cEt90b,SNUn3,qddgKe,sTsDMc,dtl0hd,eHDfl,YV5bee,d,csi?cb=121509378:2799
(anonymous) @ m=cdos,cr,hsm,jsa,mb4ZUb,cEt90b,SNUn3,qddgKe,sTsDMc,dtl0hd,eHDfl,YV5bee,d,csi?cb=121509378:2800
(anonymous) @ m=cdos,cr,hsm,jsa,mb4ZUb,cEt90b,SNUn3,qddgKe,sTsDMc,dtl0hd,eHDfl,YV5bee,d,csi?cb=121509378:2800
(anonymous) @ m=cdos,cr,hsm,jsa,mb4ZUb,cEt90b,SNUn3,qddgKe,sTsDMc,dtl0hd,eHDfl,YV5bee,d,csi?cb=121509378:406
e.wa @ m=cdos,cr,hsm,jsa,mb4ZUb,cEt90b,SNUn3,qddgKe,sTsDMc,dtl0hd,eHDfl,YV5bee,d,csi?cb=121509378:594
QIa @ m=cdos,cr,hsm,jsa,mb4ZUb,cEt90b,SNUn3,qddgKe,sTsDMc,dtl0hd,eHDfl,YV5bee,d,csi?cb=121509378:597
MIa @ m=cdos,cr,hsm,jsa,mb4ZUb,cEt90b,SNUn3,qddgKe,sTsDMc,dtl0hd,eHDfl,YV5bee,d,csi?cb=121509378:597
_.Lg.t4a @ m=cdos,cr,hsm,jsa,mb4ZUb,cEt90b,SNUn3,qddgKe,sTsDMc,dtl0hd,eHDfl,YV5bee,d,csi?cb=121509378:597
wla @ m=cdos,cr,hsm,jsa,mb4ZUb,cEt90b,SNUn3,qddgKe,sTsDMc,dtl0hd,eHDfl,YV5bee,d,csi?cb=121509378:200
(anonymous) @ m=cdos,cr,hsm,jsa,mb4ZUb,cEt90b,SNUn3,qddgKe,sTsDMc,dtl0hd,eHDfl,YV5bee,d,csi?cb=121509378:406
Promise.then
then @ m=cdos,cr,hsm,jsa,mb4ZUb,cEt90b,SNUn3,qddgKe,sTsDMc,dtl0hd,eHDfl,YV5bee,d,csi?cb=121509378:420
sIa @ m=cdos,cr,hsm,jsa,mb4ZUb,cEt90b,SNUn3,qddgKe,sTsDMc,dtl0hd,eHDfl,YV5bee,d,csi?cb=121509378:588
_.wn @ m=cdos,cr,hsm,jsa,mb4ZUb,cEt90b,SNUn3,qddgKe,sTsDMc,dtl0hd,eHDfl,YV5bee,d,csi?cb=121509378:588
W6a @ m=cdos,cr,hsm,jsa,mb4ZUb,cEt90b,SNUn3,qddgKe,sTsDMc,dtl0hd,eHDfl,YV5bee,d,csi?cb=121509378:979
Oza.Ga @ m=cdos,cr,hsm,jsa,mb4ZUb,cEt90b,SNUn3,qddgKe,sTsDMc,dtl0hd,eHDfl,YV5bee,d,csi?cb=121509378:980
M6a @ m=cdos,cr,hsm,jsa,mb4ZUb,cEt90b,SNUn3,qddgKe,sTsDMc,dtl0hd,eHDfl,YV5bee,d,csi?cb=121509378:976
execute @ m=cdos,cr,hsm,jsa,mb4ZUb,cEt90b,SNUn3,qddgKe,sTsDMc,dtl0hd,eHDfl,YV5bee,d,csi?cb=121509378:977
(anonymous) @ m=cdos,cr,hsm,jsa,mb4ZUb,cEt90b,SNUn3,qddgKe,sTsDMc,dtl0hd,eHDfl,YV5bee,d,csi?cb=121509378:1035
(anonymous) @ m=cdos,cr,hsm,jsa,mb4ZUb,cEt90b,SNUn3,qddgKe,sTsDMc,dtl0hd,eHDfl,YV5bee,d,csi?cb=121509378:406
a.port1.onmessage @ m=cdos,cr,hsm,jsa,mb4ZUb,cEt90b,SNUn3,qddgKe,sTsDMc,dtl0hd,eHDfl,YV5bee,d,csi?cb=121509378:588
postMessage
(anonymous) @ m=cdos,cr,hsm,jsa,mb4ZUb,cEt90b,SNUn3,qddgKe,sTsDMc,dtl0hd,eHDfl,YV5bee,d,csi?cb=121509378:588
_.ie @ m=cdos,cr,hsm,jsa,mb4ZUb,cEt90b,SNUn3,qddgKe,sTsDMc,dtl0hd,eHDfl,YV5bee,d,csi?cb=121509378:200
Acb @ m=cdos,cr,hsm,jsa,mb4ZUb,cEt90b,SNUn3,qddgKe,sTsDMc,dtl0hd,eHDfl,YV5bee,d,csi?cb=121509378:1035
Aa @ m=cdos,cr,hsm,jsa,mb4ZUb,cEt90b,SNUn3,qddgKe,sTsDMc,dtl0hd,eHDfl,YV5bee,d,csi?cb=121509378:1035
ZVa @ m=cdos,cr,hsm,jsa,mb4ZUb,cEt90b,SNUn3,qddgKe,sTsDMc,dtl0hd,eHDfl,YV5bee,d,csi?cb=121509378:1023
(anonymous) @ m=cdos,cr,hsm,jsa,mb4ZUb,cEt90b,SNUn3,qddgKe,sTsDMc,dtl0hd,eHDfl,YV5bee,d,csi?cb=121509378:979
wla @ m=cdos,cr,hsm,jsa,mb4ZUb,cEt90b,SNUn3,qddgKe,sTsDMc,dtl0hd,eHDfl,YV5bee,d,csi?cb=121509378:200
(anonymous) @ m=cdos,cr,hsm,jsa,mb4ZUb,cEt90b,SNUn3,qddgKe,sTsDMc,dtl0hd,eHDfl,YV5bee,d,csi?cb=121509378:406
Promise.then
then @ m=cdos,cr,hsm,jsa,mb4ZUb,cEt90b,SNUn3,qddgKe,sTsDMc,dtl0hd,eHDfl,YV5bee,d,csi?cb=121509378:420
sIa @ m=cdos,cr,hsm,jsa,mb4ZUb,cEt90b,SNUn3,qddgKe,sTsDMc,dtl0hd,eHDfl,YV5bee,d,csi?cb=121509378:588
_.wn @ m=cdos,cr,hsm,jsa,mb4ZUb,cEt90b,SNUn3,qddgKe,sTsDMc,dtl0hd,eHDfl,YV5bee,d,csi?cb=121509378:588
NIa @ m=cdos,cr,hsm,jsa,mb4ZUb,cEt90b,SNUn3,qddgKe,sTsDMc,dtl0hd,eHDfl,YV5bee,d,csi?cb=121509378:596
_.Lg.OP @ m=cdos,cr,hsm,jsa,mb4ZUb,cEt90b,SNUn3,qddgKe,sTsDMc,dtl0hd,eHDfl,YV5bee,d,csi?cb=121509378:595
(anonymous) @ m=cdos,cr,hsm,jsa,mb4ZUb,cEt90b,SNUn3,qddgKe,sTsDMc,dtl0hd,eHDfl,YV5bee,d,csi?cb=121509378:589
AXa @ m=cdos,cr,hsm,jsa,mb4ZUb,cEt90b,SNUn3,qddgKe,sTsDMc,dtl0hd,eHDfl,YV5bee,d,csi?cb=121509378:945
initialize @ m=cdos,cr,hsm,jsa,mb4ZUb,cEt90b,SNUn3,qddgKe,sTsDMc,dtl0hd,eHDfl,YV5bee,d,csi?cb=121509378:946
_.aa.onLoad @ m=cdos,cr,hsm,jsa,mb4ZUb,cEt90b,SNUn3,qddgKe,sTsDMc,dtl0hd,eHDfl,YV5bee,d,csi?cb=121509378:699
oMa @ m=cdos,cr,hsm,jsa,mb4ZUb,cEt90b,SNUn3,qddgKe,sTsDMc,dtl0hd,eHDfl,YV5bee,d,csi?cb=121509378:714
go.Abb @ m=cdos,cr,hsm,jsa,mb4ZUb,cEt90b,SNUn3,qddgKe,sTsDMc,dtl0hd,eHDfl,YV5bee,d,csi?cb=121509378:705
_._ModuleManager_initialize @ m=cdos,cr,hsm,jsa,mb4ZUb,cEt90b,SNUn3,qddgKe,sTsDMc,dtl0hd,eHDfl,YV5bee,d,csi?cb=121509378:1046
(anonymous) @ m=cdos,cr,hsm,jsa,mb4ZUb,cEt90b,SNUn3,qddgKe,sTsDMc,dtl0hd,eHDfl,YV5bee,d,csi?cb=121509378:1047
(anonymous) @ m=cdos,cr,hsm,jsa,mb4ZUb,cEt90b,SNUn3,qddgKe,sTsDMc,dtl0hd,eHDfl,YV5bee,d,csi?cb=121509378:2881
sj-proxy?url=https%3A%2F%2Fgoogle.com:1 Access to fetch at 'https://google.com/xjs/_/js/md=2/k=xjs.hd.en.rRRcCZse8Zo.2019.O/am=AAAAAAAAAAAAAAAAAAAAAAAAAAAAAAAAAAAAAAAAAAAAAAAAAAAAAAAAAAhAAAAAAACAQAAAAAAAAAAAAAAADCAAAAAAAAAAAAAAAAAAAIBAQAAAQAAAAAAAAACAAAAAAAAEAAAAAAAAAAwACAAIIAEAADAIAAAAAAAAAAAAAAAAAABABAAAAAABAMAfDDACAAAAAAAAACQAAAAAAAAAAABYAAAABQAAAAiAAAAAAAAAAAAAAAAAAAAAAAIAAAAAAAAAAAAAABAAAABAAQAAAAABAAAAAAAAAAAAAAAAAAAAAAIAAAAAAAAAAAAAAEAAAAUAAAIAgAAAAAAAAAAAAAAAAACgAwAAAAABAAAAAAAAAAAAAAAAAAA4AAAEBAAAAAAAABAIBAAIAAAAAB0AgQcYUlMAAAAAAAAAAAAAAAAAAAAAAAAAARTALiRQEAABAAAAAAAAAAAAAAAAAAAAAAAAAACA0FMAAAAAAACLAQ/rs=ACT90oHcO9dpqtluHUx_6GfzaXpKT8w-pw?cb=121509378' from origin 'http://localhost:8080' has been blocked by CORS policy: No 'Access-Control-Allow-Origin' header is present on the requested resource.
m=cdos,cr,hsm,jsa,mb4ZUb,cEt90b,SNUn3,qddgKe,sTsDMc,dtl0hd,eHDfl,YV5bee,d,csi?cb=121509378:801  GET https://google.com/xjs/_/js/md=2/k=xjs.hd.en.rRRcCZse8Zo.2019.O/am=AAAAAAAAAAAAAAAAAAAAAAAAAAAAAAAAAAAAAAAAAAAAAAAAAAAAAAAAAAhAAAAAAACAQAAAAAAAAAAAAAAADCAAAAAAAAAAAAAAAAAAAIBAQAAAQAAAAAAAAACAAAAAAAAEAAAAAAAAAAwACAAIIAEAADAIAAAAAAAAAAAAAAAAAABABAAAAAABAMAfDDACAAAAAAAAACQAAAAAAAAAAABYAAAABQAAAAiAAAAAAAAAAAAAAAAAAAAAAAIAAAAAAAAAAAAAABAAAABAAQAAAAABAAAAAAAAAAAAAAAAAAAAAAIAAAAAAAAAAAAAAEAAAAUAAAIAgAAAAAAAAAAAAAAAAACgAwAAAAABAAAAAAAAAAAAAAAAAAA4AAAEBAAAAAAAABAIBAAIAAAAAB0AgQcYUlMAAAAAAAAAAAAAAAAAAAAAAAAAARTALiRQEAABAAAAAAAAAAAAAAAAAAAAAAAAAACA0FMAAAAAAACLAQ/rs=ACT90oHcO9dpqtluHUx_6GfzaXpKT8w-pw?cb=121509378 net::ERR_FAILED 200 (OK)
_.GPa @ m=cdos,cr,hsm,jsa,mb4ZUb,cEt90b,SNUn3,qddgKe,sTsDMc,dtl0hd,eHDfl,YV5bee,d,csi?cb=121509378:801
(anonymous) @ m=cdos,cr,hsm,jsa,mb4ZUb,cEt90b,SNUn3,qddgKe,sTsDMc,dtl0hd,eHDfl,YV5bee,d,csi?cb=121509378:796
(anonymous) @ m=cdos,cr,hsm,jsa,mb4ZUb,cEt90b,SNUn3,qddgKe,sTsDMc,dtl0hd,eHDfl,YV5bee,d,csi?cb=121509378:775
BOa @ m=cdos,cr,hsm,jsa,mb4ZUb,cEt90b,SNUn3,qddgKe,sTsDMc,dtl0hd,eHDfl,YV5bee,d,csi?cb=121509378:775
(anonymous) @ m=cdos,cr,hsm,jsa,mb4ZUb,cEt90b,SNUn3,qddgKe,sTsDMc,dtl0hd,eHDfl,YV5bee,d,csi?cb=121509378:775
COa @ m=cdos,cr,hsm,jsa,mb4ZUb,cEt90b,SNUn3,qddgKe,sTsDMc,dtl0hd,eHDfl,YV5bee,d,csi?cb=121509378:775
DPa @ m=cdos,cr,hsm,jsa,mb4ZUb,cEt90b,SNUn3,qddgKe,sTsDMc,dtl0hd,eHDfl,YV5bee,d,csi?cb=121509378:796
oPa @ m=cdos,cr,hsm,jsa,mb4ZUb,cEt90b,SNUn3,qddgKe,sTsDMc,dtl0hd,eHDfl,YV5bee,d,csi?cb=121509378:792
(anonymous) @ m=cdos,cr,hsm,jsa,mb4ZUb,cEt90b,SNUn3,qddgKe,sTsDMc,dtl0hd,eHDfl,YV5bee,d,csi?cb=121509378:792
oa @ m=cdos,cr,hsm,jsa,mb4ZUb,cEt90b,SNUn3,qddgKe,sTsDMc,dtl0hd,eHDfl,YV5bee,d,csi?cb=121509378:977
execute @ m=cdos,cr,hsm,jsa,mb4ZUb,cEt90b,SNUn3,qddgKe,sTsDMc,dtl0hd,eHDfl,YV5bee,d,csi?cb=121509378:977
(anonymous) @ m=cdos,cr,hsm,jsa,mb4ZUb,cEt90b,SNUn3,qddgKe,sTsDMc,dtl0hd,eHDfl,YV5bee,d,csi?cb=121509378:1035
(anonymous) @ m=cdos,cr,hsm,jsa,mb4ZUb,cEt90b,SNUn3,qddgKe,sTsDMc,dtl0hd,eHDfl,YV5bee,d,csi?cb=121509378:406
a.port1.onmessage @ m=cdos,cr,hsm,jsa,mb4ZUb,cEt90b,SNUn3,qddgKe,sTsDMc,dtl0hd,eHDfl,YV5bee,d,csi?cb=121509378:588
postMessage
(anonymous) @ m=cdos,cr,hsm,jsa,mb4ZUb,cEt90b,SNUn3,qddgKe,sTsDMc,dtl0hd,eHDfl,YV5bee,d,csi?cb=121509378:588
_.ie @ m=cdos,cr,hsm,jsa,mb4ZUb,cEt90b,SNUn3,qddgKe,sTsDMc,dtl0hd,eHDfl,YV5bee,d,csi?cb=121509378:200
Acb @ m=cdos,cr,hsm,jsa,mb4ZUb,cEt90b,SNUn3,qddgKe,sTsDMc,dtl0hd,eHDfl,YV5bee,d,csi?cb=121509378:1035
Aa @ m=cdos,cr,hsm,jsa,mb4ZUb,cEt90b,SNUn3,qddgKe,sTsDMc,dtl0hd,eHDfl,YV5bee,d,csi?cb=121509378:1035
ZVa @ m=cdos,cr,hsm,jsa,mb4ZUb,cEt90b,SNUn3,qddgKe,sTsDMc,dtl0hd,eHDfl,YV5bee,d,csi?cb=121509378:1023
(anonymous) @ m=cdos,cr,hsm,jsa,mb4ZUb,cEt90b,SNUn3,qddgKe,sTsDMc,dtl0hd,eHDfl,YV5bee,d,csi?cb=121509378:979
wla @ m=cdos,cr,hsm,jsa,mb4ZUb,cEt90b,SNUn3,qddgKe,sTsDMc,dtl0hd,eHDfl,YV5bee,d,csi?cb=121509378:200
(anonymous) @ m=cdos,cr,hsm,jsa,mb4ZUb,cEt90b,SNUn3,qddgKe,sTsDMc,dtl0hd,eHDfl,YV5bee,d,csi?cb=121509378:406
Promise.then
then @ m=cdos,cr,hsm,jsa,mb4ZUb,cEt90b,SNUn3,qddgKe,sTsDMc,dtl0hd,eHDfl,YV5bee,d,csi?cb=121509378:420
sIa @ m=cdos,cr,hsm,jsa,mb4ZUb,cEt90b,SNUn3,qddgKe,sTsDMc,dtl0hd,eHDfl,YV5bee,d,csi?cb=121509378:588
_.wn @ m=cdos,cr,hsm,jsa,mb4ZUb,cEt90b,SNUn3,qddgKe,sTsDMc,dtl0hd,eHDfl,YV5bee,d,csi?cb=121509378:588
W6a @ m=cdos,cr,hsm,jsa,mb4ZUb,cEt90b,SNUn3,qddgKe,sTsDMc,dtl0hd,eHDfl,YV5bee,d,csi?cb=121509378:979
Oza.Ga @ m=cdos,cr,hsm,jsa,mb4ZUb,cEt90b,SNUn3,qddgKe,sTsDMc,dtl0hd,eHDfl,YV5bee,d,csi?cb=121509378:980
M6a @ m=cdos,cr,hsm,jsa,mb4ZUb,cEt90b,SNUn3,qddgKe,sTsDMc,dtl0hd,eHDfl,YV5bee,d,csi?cb=121509378:976
_.N6a @ m=cdos,cr,hsm,jsa,mb4ZUb,cEt90b,SNUn3,qddgKe,sTsDMc,dtl0hd,eHDfl,YV5bee,d,csi?cb=121509378:976
ka @ m=cdos,cr,hsm,jsa,mb4ZUb,cEt90b,SNUn3,qddgKe,sTsDMc,dtl0hd,eHDfl,YV5bee,d,csi?cb=121509378:978
(anonymous) @ m=cdos,cr,hsm,jsa,mb4ZUb,cEt90b,SNUn3,qddgKe,sTsDMc,dtl0hd,eHDfl,YV5bee,d,csi?cb=121509378:977
(anonymous) @ m=cdos,cr,hsm,jsa,mb4ZUb,cEt90b,SNUn3,qddgKe,sTsDMc,dtl0hd,eHDfl,YV5bee,d,csi?cb=121509378:406
setTimeout
setTimeout @ m=cdos,cr,hsm,jsa,mb4ZUb,cEt90b,SNUn3,qddgKe,sTsDMc,dtl0hd,eHDfl,YV5bee,d,csi?cb=121509378:420
V6a @ m=cdos,cr,hsm,jsa,mb4ZUb,cEt90b,SNUn3,qddgKe,sTsDMc,dtl0hd,eHDfl,YV5bee,d,csi?cb=121509378:977
setTimeout @ m=cdos,cr,hsm,jsa,mb4ZUb,cEt90b,SNUn3,qddgKe,sTsDMc,dtl0hd,eHDfl,YV5bee,d,csi?cb=121509378:978
setTimeout @ m=cdos,cr,hsm,jsa,mb4ZUb,cEt90b,SNUn3,qddgKe,sTsDMc,dtl0hd,eHDfl,YV5bee,d,csi?cb=121509378:1001
setTimeout @ m=cdos,cr,hsm,jsa,mb4ZUb,cEt90b,SNUn3,qddgKe,sTsDMc,dtl0hd,eHDfl,YV5bee,d,csi?cb=121509378:1044
setTimeout @ m=cdos,cr,hsm,jsa,mb4ZUb,cEt90b,SNUn3,qddgKe,sTsDMc,dtl0hd,eHDfl,YV5bee,d,csi?cb=121509378:674
(anonymous) @ m=cdos,cr,hsm,jsa,mb4ZUb,cEt90b,SNUn3,qddgKe,sTsDMc,dtl0hd,eHDfl,YV5bee,d,csi?cb=121509378:792
(anonymous) @ m=cdos,cr,hsm,jsa,mb4ZUb,cEt90b,SNUn3,qddgKe,sTsDMc,dtl0hd,eHDfl,YV5bee,d,csi?cb=121509378:792
(anonymous) @ m=cdos,cr,hsm,jsa,mb4ZUb,cEt90b,SNUn3,qddgKe,sTsDMc,dtl0hd,eHDfl,YV5bee,d,csi?cb=121509378:406
(anonymous) @ m=cdos,cr,hsm,jsa,mb4ZUb,cEt90b,SNUn3,qddgKe,sTsDMc,dtl0hd,eHDfl,YV5bee,d,csi?cb=121509378:406
Promise.then
then @ m=cdos,cr,hsm,jsa,mb4ZUb,cEt90b,SNUn3,qddgKe,sTsDMc,dtl0hd,eHDfl,YV5bee,d,csi?cb=121509378:420
catch @ m=cdos,cr,hsm,jsa,mb4ZUb,cEt90b,SNUn3,qddgKe,sTsDMc,dtl0hd,eHDfl,YV5bee,d,csi?cb=121509378:420
oPa @ m=cdos,cr,hsm,jsa,mb4ZUb,cEt90b,SNUn3,qddgKe,sTsDMc,dtl0hd,eHDfl,YV5bee,d,csi?cb=121509378:792
(anonymous) @ m=cdos,cr,hsm,jsa,mb4ZUb,cEt90b,SNUn3,qddgKe,sTsDMc,dtl0hd,eHDfl,YV5bee,d,csi?cb=121509378:792
oa @ m=cdos,cr,hsm,jsa,mb4ZUb,cEt90b,SNUn3,qddgKe,sTsDMc,dtl0hd,eHDfl,YV5bee,d,csi?cb=121509378:977
execute @ m=cdos,cr,hsm,jsa,mb4ZUb,cEt90b,SNUn3,qddgKe,sTsDMc,dtl0hd,eHDfl,YV5bee,d,csi?cb=121509378:977
(anonymous) @ m=cdos,cr,hsm,jsa,mb4ZUb,cEt90b,SNUn3,qddgKe,sTsDMc,dtl0hd,eHDfl,YV5bee,d,csi?cb=121509378:1035
(anonymous) @ m=cdos,cr,hsm,jsa,mb4ZUb,cEt90b,SNUn3,qddgKe,sTsDMc,dtl0hd,eHDfl,YV5bee,d,csi?cb=121509378:406
a.port1.onmessage @ m=cdos,cr,hsm,jsa,mb4ZUb,cEt90b,SNUn3,qddgKe,sTsDMc,dtl0hd,eHDfl,YV5bee,d,csi?cb=121509378:588
postMessage
(anonymous) @ m=cdos,cr,hsm,jsa,mb4ZUb,cEt90b,SNUn3,qddgKe,sTsDMc,dtl0hd,eHDfl,YV5bee,d,csi?cb=121509378:588
_.ie @ m=cdos,cr,hsm,jsa,mb4ZUb,cEt90b,SNUn3,qddgKe,sTsDMc,dtl0hd,eHDfl,YV5bee,d,csi?cb=121509378:200
Acb @ m=cdos,cr,hsm,jsa,mb4ZUb,cEt90b,SNUn3,qddgKe,sTsDMc,dtl0hd,eHDfl,YV5bee,d,csi?cb=121509378:1035
Aa @ m=cdos,cr,hsm,jsa,mb4ZUb,cEt90b,SNUn3,qddgKe,sTsDMc,dtl0hd,eHDfl,YV5bee,d,csi?cb=121509378:1035
ZVa @ m=cdos,cr,hsm,jsa,mb4ZUb,cEt90b,SNUn3,qddgKe,sTsDMc,dtl0hd,eHDfl,YV5bee,d,csi?cb=121509378:1023
(anonymous) @ m=cdos,cr,hsm,jsa,mb4ZUb,cEt90b,SNUn3,qddgKe,sTsDMc,dtl0hd,eHDfl,YV5bee,d,csi?cb=121509378:979
wla @ m=cdos,cr,hsm,jsa,mb4ZUb,cEt90b,SNUn3,qddgKe,sTsDMc,dtl0hd,eHDfl,YV5bee,d,csi?cb=121509378:200
(anonymous) @ m=cdos,cr,hsm,jsa,mb4ZUb,cEt90b,SNUn3,qddgKe,sTsDMc,dtl0hd,eHDfl,YV5bee,d,csi?cb=121509378:406
Promise.then
then @ m=cdos,cr,hsm,jsa,mb4ZUb,cEt90b,SNUn3,qddgKe,sTsDMc,dtl0hd,eHDfl,YV5bee,d,csi?cb=121509378:420
sIa @ m=cdos,cr,hsm,jsa,mb4ZUb,cEt90b,SNUn3,qddgKe,sTsDMc,dtl0hd,eHDfl,YV5bee,d,csi?cb=121509378:588
_.wn @ m=cdos,cr,hsm,jsa,mb4ZUb,cEt90b,SNUn3,qddgKe,sTsDMc,dtl0hd,eHDfl,YV5bee,d,csi?cb=121509378:588
W6a @ m=cdos,cr,hsm,jsa,mb4ZUb,cEt90b,SNUn3,qddgKe,sTsDMc,dtl0hd,eHDfl,YV5bee,d,csi?cb=121509378:979
Oza.Ga @ m=cdos,cr,hsm,jsa,mb4ZUb,cEt90b,SNUn3,qddgKe,sTsDMc,dtl0hd,eHDfl,YV5bee,d,csi?cb=121509378:980
M6a @ m=cdos,cr,hsm,jsa,mb4ZUb,cEt90b,SNUn3,qddgKe,sTsDMc,dtl0hd,eHDfl,YV5bee,d,csi?cb=121509378:976
_.N6a @ m=cdos,cr,hsm,jsa,mb4ZUb,cEt90b,SNUn3,qddgKe,sTsDMc,dtl0hd,eHDfl,YV5bee,d,csi?cb=121509378:976
ka @ m=cdos,cr,hsm,jsa,mb4ZUb,cEt90b,SNUn3,qddgKe,sTsDMc,dtl0hd,eHDfl,YV5bee,d,csi?cb=121509378:978
(anonymous) @ m=cdos,cr,hsm,jsa,mb4ZUb,cEt90b,SNUn3,qddgKe,sTsDMc,dtl0hd,eHDfl,YV5bee,d,csi?cb=121509378:977
(anonymous) @ m=cdos,cr,hsm,jsa,mb4ZUb,cEt90b,SNUn3,qddgKe,sTsDMc,dtl0hd,eHDfl,YV5bee,d,csi?cb=121509378:406
setTimeout
setTimeout @ m=cdos,cr,hsm,jsa,mb4ZUb,cEt90b,SNUn3,qddgKe,sTsDMc,dtl0hd,eHDfl,YV5bee,d,csi?cb=121509378:420
V6a @ m=cdos,cr,hsm,jsa,mb4ZUb,cEt90b,SNUn3,qddgKe,sTsDMc,dtl0hd,eHDfl,YV5bee,d,csi?cb=121509378:977
setTimeout @ m=cdos,cr,hsm,jsa,mb4ZUb,cEt90b,SNUn3,qddgKe,sTsDMc,dtl0hd,eHDfl,YV5bee,d,csi?cb=121509378:978
setTimeout @ m=cdos,cr,hsm,jsa,mb4ZUb,cEt90b,SNUn3,qddgKe,sTsDMc,dtl0hd,eHDfl,YV5bee,d,csi?cb=121509378:1001
setTimeout @ m=cdos,cr,hsm,jsa,mb4ZUb,cEt90b,SNUn3,qddgKe,sTsDMc,dtl0hd,eHDfl,YV5bee,d,csi?cb=121509378:1044
setTimeout @ m=cdos,cr,hsm,jsa,mb4ZUb,cEt90b,SNUn3,qddgKe,sTsDMc,dtl0hd,eHDfl,YV5bee,d,csi?cb=121509378:674
(anonymous) @ m=cdos,cr,hsm,jsa,mb4ZUb,cEt90b,SNUn3,qddgKe,sTsDMc,dtl0hd,eHDfl,YV5bee,d,csi?cb=121509378:792
(anonymous) @ m=cdos,cr,hsm,jsa,mb4ZUb,cEt90b,SNUn3,qddgKe,sTsDMc,dtl0hd,eHDfl,YV5bee,d,csi?cb=121509378:792
(anonymous) @ m=cdos,cr,hsm,jsa,mb4ZUb,cEt90b,SNUn3,qddgKe,sTsDMc,dtl0hd,eHDfl,YV5bee,d,csi?cb=121509378:406
(anonymous) @ m=cdos,cr,hsm,jsa,mb4ZUb,cEt90b,SNUn3,qddgKe,sTsDMc,dtl0hd,eHDfl,YV5bee,d,csi?cb=121509378:406
Promise.then
then @ m=cdos,cr,hsm,jsa,mb4ZUb,cEt90b,SNUn3,qddgKe,sTsDMc,dtl0hd,eHDfl,YV5bee,d,csi?cb=121509378:420
catch @ m=cdos,cr,hsm,jsa,mb4ZUb,cEt90b,SNUn3,qddgKe,sTsDMc,dtl0hd,eHDfl,YV5bee,d,csi?cb=121509378:420
oPa @ m=cdos,cr,hsm,jsa,mb4ZUb,cEt90b,SNUn3,qddgKe,sTsDMc,dtl0hd,eHDfl,YV5bee,d,csi?cb=121509378:792
(anonymous) @ m=cdos,cr,hsm,jsa,mb4ZUb,cEt90b,SNUn3,qddgKe,sTsDMc,dtl0hd,eHDfl,YV5bee,d,csi?cb=121509378:792
oa @ m=cdos,cr,hsm,jsa,mb4ZUb,cEt90b,SNUn3,qddgKe,sTsDMc,dtl0hd,eHDfl,YV5bee,d,csi?cb=121509378:977
execute @ m=cdos,cr,hsm,jsa,mb4ZUb,cEt90b,SNUn3,qddgKe,sTsDMc,dtl0hd,eHDfl,YV5bee,d,csi?cb=121509378:977
(anonymous) @ m=cdos,cr,hsm,jsa,mb4ZUb,cEt90b,SNUn3,qddgKe,sTsDMc,dtl0hd,eHDfl,YV5bee,d,csi?cb=121509378:1035
(anonymous) @ m=cdos,cr,hsm,jsa,mb4ZUb,cEt90b,SNUn3,qddgKe,sTsDMc,dtl0hd,eHDfl,YV5bee,d,csi?cb=121509378:406
a.port1.onmessage @ m=cdos,cr,hsm,jsa,mb4ZUb,cEt90b,SNUn3,qddgKe,sTsDMc,dtl0hd,eHDfl,YV5bee,d,csi?cb=121509378:588
postMessage
(anonymous) @ m=cdos,cr,hsm,jsa,mb4ZUb,cEt90b,SNUn3,qddgKe,sTsDMc,dtl0hd,eHDfl,YV5bee,d,csi?cb=121509378:588
_.ie @ m=cdos,cr,hsm,jsa,mb4ZUb,cEt90b,SNUn3,qddgKe,sTsDMc,dtl0hd,eHDfl,YV5bee,d,csi?cb=121509378:200
Acb @ m=cdos,cr,hsm,jsa,mb4ZUb,cEt90b,SNUn3,qddgKe,sTsDMc,dtl0hd,eHDfl,YV5bee,d,csi?cb=121509378:1035
Aa @ m=cdos,cr,hsm,jsa,mb4ZUb,cEt90b,SNUn3,qddgKe,sTsDMc,dtl0hd,eHDfl,YV5bee,d,csi?cb=121509378:1035
ZVa @ m=cdos,cr,hsm,jsa,mb4ZUb,cEt90b,SNUn3,qddgKe,sTsDMc,dtl0hd,eHDfl,YV5bee,d,csi?cb=121509378:1023
(anonymous) @ m=cdos,cr,hsm,jsa,mb4ZUb,cEt90b,SNUn3,qddgKe,sTsDMc,dtl0hd,eHDfl,YV5bee,d,csi?cb=121509378:979
wla @ m=cdos,cr,hsm,jsa,mb4ZUb,cEt90b,SNUn3,qddgKe,sTsDMc,dtl0hd,eHDfl,YV5bee,d,csi?cb=121509378:200
(anonymous) @ m=cdos,cr,hsm,jsa,mb4ZUb,cEt90b,SNUn3,qddgKe,sTsDMc,dtl0hd,eHDfl,YV5bee,d,csi?cb=121509378:406
Promise.then
then @ m=cdos,cr,hsm,jsa,mb4ZUb,cEt90b,SNUn3,qddgKe,sTsDMc,dtl0hd,eHDfl,YV5bee,d,csi?cb=121509378:420
sIa @ m=cdos,cr,hsm,jsa,mb4ZUb,cEt90b,SNUn3,qddgKe,sTsDMc,dtl0hd,eHDfl,YV5bee,d,csi?cb=121509378:588
_.wn @ m=cdos,cr,hsm,jsa,mb4ZUb,cEt90b,SNUn3,qddgKe,sTsDMc,dtl0hd,eHDfl,YV5bee,d,csi?cb=121509378:588
W6a @ m=cdos,cr,hsm,jsa,mb4ZUb,cEt90b,SNUn3,qddgKe,sTsDMc,dtl0hd,eHDfl,YV5bee,d,csi?cb=121509378:979
Oza.Ga @ m=cdos,cr,hsm,jsa,mb4ZUb,cEt90b,SNUn3,qddgKe,sTsDMc,dtl0hd,eHDfl,YV5bee,d,csi?cb=121509378:980
M6a @ m=cdos,cr,hsm,jsa,mb4ZUb,cEt90b,SNUn3,qddgKe,sTsDMc,dtl0hd,eHDfl,YV5bee,d,csi?cb=121509378:976
_.N6a @ m=cdos,cr,hsm,jsa,mb4ZUb,cEt90b,SNUn3,qddgKe,sTsDMc,dtl0hd,eHDfl,YV5bee,d,csi?cb=121509378:976
ka @ m=cdos,cr,hsm,jsa,mb4ZUb,cEt90b,SNUn3,qddgKe,sTsDMc,dtl0hd,eHDfl,YV5bee,d,csi?cb=121509378:978
(anonymous) @ m=cdos,cr,hsm,jsa,mb4ZUb,cEt90b,SNUn3,qddgKe,sTsDMc,dtl0hd,eHDfl,YV5bee,d,csi?cb=121509378:977
(anonymous) @ m=cdos,cr,hsm,jsa,mb4ZUb,cEt90b,SNUn3,qddgKe,sTsDMc,dtl0hd,eHDfl,YV5bee,d,csi?cb=121509378:406
setTimeout
setTimeout @ m=cdos,cr,hsm,jsa,mb4ZUb,cEt90b,SNUn3,qddgKe,sTsDMc,dtl0hd,eHDfl,YV5bee,d,csi?cb=121509378:420
V6a @ m=cdos,cr,hsm,jsa,mb4ZUb,cEt90b,SNUn3,qddgKe,sTsDMc,dtl0hd,eHDfl,YV5bee,d,csi?cb=121509378:977
setTimeout @ m=cdos,cr,hsm,jsa,mb4ZUb,cEt90b,SNUn3,qddgKe,sTsDMc,dtl0hd,eHDfl,YV5bee,d,csi?cb=121509378:978
setTimeout @ m=cdos,cr,hsm,jsa,mb4ZUb,cEt90b,SNUn3,qddgKe,sTsDMc,dtl0hd,eHDfl,YV5bee,d,csi?cb=121509378:1001
setTimeout @ m=cdos,cr,hsm,jsa,mb4ZUb,cEt90b,SNUn3,qddgKe,sTsDMc,dtl0hd,eHDfl,YV5bee,d,csi?cb=121509378:1044
setTimeout @ m=cdos,cr,hsm,jsa,mb4ZUb,cEt90b,SNUn3,qddgKe,sTsDMc,dtl0hd,eHDfl,YV5bee,d,csi?cb=121509378:674
(anonymous) @ m=cdos,cr,hsm,jsa,mb4ZUb,cEt90b,SNUn3,qddgKe,sTsDMc,dtl0hd,eHDfl,YV5bee,d,csi?cb=121509378:792
(anonymous) @ m=cdos,cr,hsm,jsa,mb4ZUb,cEt90b,SNUn3,qddgKe,sTsDMc,dtl0hd,eHDfl,YV5bee,d,csi?cb=121509378:792
(anonymous) @ m=cdos,cr,hsm,jsa,mb4ZUb,cEt90b,SNUn3,qddgKe,sTsDMc,dtl0hd,eHDfl,YV5bee,d,csi?cb=121509378:406
(anonymous) @ m=cdos,cr,hsm,jsa,mb4ZUb,cEt90b,SNUn3,qddgKe,sTsDMc,dtl0hd,eHDfl,YV5bee,d,csi?cb=121509378:406
Promise.then
then @ m=cdos,cr,hsm,jsa,mb4ZUb,cEt90b,SNUn3,qddgKe,sTsDMc,dtl0hd,eHDfl,YV5bee,d,csi?cb=121509378:420
catch @ m=cdos,cr,hsm,jsa,mb4ZUb,cEt90b,SNUn3,qddgKe,sTsDMc,dtl0hd,eHDfl,YV5bee,d,csi?cb=121509378:420
oPa @ m=cdos,cr,hsm,jsa,mb4ZUb,cEt90b,SNUn3,qddgKe,sTsDMc,dtl0hd,eHDfl,YV5bee,d,csi?cb=121509378:792
(anonymous) @ m=cdos,cr,hsm,jsa,mb4ZUb,cEt90b,SNUn3,qddgKe,sTsDMc,dtl0hd,eHDfl,YV5bee,d,csi?cb=121509378:792
oa @ m=cdos,cr,hsm,jsa,mb4ZUb,cEt90b,SNUn3,qddgKe,sTsDMc,dtl0hd,eHDfl,YV5bee,d,csi?cb=121509378:977
execute @ m=cdos,cr,hsm,jsa,mb4ZUb,cEt90b,SNUn3,qddgKe,sTsDMc,dtl0hd,eHDfl,YV5bee,d,csi?cb=121509378:977
(anonymous) @ m=cdos,cr,hsm,jsa,mb4ZUb,cEt90b,SNUn3,qddgKe,sTsDMc,dtl0hd,eHDfl,YV5bee,d,csi?cb=121509378:1035
(anonymous) @ m=cdos,cr,hsm,jsa,mb4ZUb,cEt90b,SNUn3,qddgKe,sTsDMc,dtl0hd,eHDfl,YV5bee,d,csi?cb=121509378:406
a.port1.onmessage @ m=cdos,cr,hsm,jsa,mb4ZUb,cEt90b,SNUn3,qddgKe,sTsDMc,dtl0hd,eHDfl,YV5bee,d,csi?cb=121509378:588
postMessage
(anonymous) @ m=cdos,cr,hsm,jsa,mb4ZUb,cEt90b,SNUn3,qddgKe,sTsDMc,dtl0hd,eHDfl,YV5bee,d,csi?cb=121509378:588
_.ie @ m=cdos,cr,hsm,jsa,mb4ZUb,cEt90b,SNUn3,qddgKe,sTsDMc,dtl0hd,eHDfl,YV5bee,d,csi?cb=121509378:200
Acb @ m=cdos,cr,hsm,jsa,mb4ZUb,cEt90b,SNUn3,qddgKe,sTsDMc,dtl0hd,eHDfl,YV5bee,d,csi?cb=121509378:1035
Aa @ m=cdos,cr,hsm,jsa,mb4ZUb,cEt90b,SNUn3,qddgKe,sTsDMc,dtl0hd,eHDfl,YV5bee,d,csi?cb=121509378:1035
ZVa @ m=cdos,cr,hsm,jsa,mb4ZUb,cEt90b,SNUn3,qddgKe,sTsDMc,dtl0hd,eHDfl,YV5bee,d,csi?cb=121509378:1023
(anonymous) @ m=cdos,cr,hsm,jsa,mb4ZUb,cEt90b,SNUn3,qddgKe,sTsDMc,dtl0hd,eHDfl,YV5bee,d,csi?cb=121509378:979
wla @ m=cdos,cr,hsm,jsa,mb4ZUb,cEt90b,SNUn3,qddgKe,sTsDMc,dtl0hd,eHDfl,YV5bee,d,csi?cb=121509378:200
(anonymous) @ m=cdos,cr,hsm,jsa,mb4ZUb,cEt90b,SNUn3,qddgKe,sTsDMc,dtl0hd,eHDfl,YV5bee,d,csi?cb=121509378:406
Promise.then
then @ m=cdos,cr,hsm,jsa,mb4ZUb,cEt90b,SNUn3,qddgKe,sTsDMc,dtl0hd,eHDfl,YV5bee,d,csi?cb=121509378:420
sIa @ m=cdos,cr,hsm,jsa,mb4ZUb,cEt90b,SNUn3,qddgKe,sTsDMc,dtl0hd,eHDfl,YV5bee,d,csi?cb=121509378:588
_.wn @ m=cdos,cr,hsm,jsa,mb4ZUb,cEt90b,SNUn3,qddgKe,sTsDMc,dtl0hd,eHDfl,YV5bee,d,csi?cb=121509378:588
W6a @ m=cdos,cr,hsm,jsa,mb4ZUb,cEt90b,SNUn3,qddgKe,sTsDMc,dtl0hd,eHDfl,YV5bee,d,csi?cb=121509378:979
Oza.Ga @ m=cdos,cr,hsm,jsa,mb4ZUb,cEt90b,SNUn3,qddgKe,sTsDMc,dtl0hd,eHDfl,YV5bee,d,csi?cb=121509378:980
M6a @ m=cdos,cr,hsm,jsa,mb4ZUb,cEt90b,SNUn3,qddgKe,sTsDMc,dtl0hd,eHDfl,YV5bee,d,csi?cb=121509378:976
_.N6a @ m=cdos,cr,hsm,jsa,mb4ZUb,cEt90b,SNUn3,qddgKe,sTsDMc,dtl0hd,eHDfl,YV5bee,d,csi?cb=121509378:976
ka @ m=cdos,cr,hsm,jsa,mb4ZUb,cEt90b,SNUn3,qddgKe,sTsDMc,dtl0hd,eHDfl,YV5bee,d,csi?cb=121509378:978
(anonymous) @ m=cdos,cr,hsm,jsa,mb4ZUb,cEt90b,SNUn3,qddgKe,sTsDMc,dtl0hd,eHDfl,YV5bee,d,csi?cb=121509378:977
(anonymous) @ m=cdos,cr,hsm,jsa,mb4ZUb,cEt90b,SNUn3,qddgKe,sTsDMc,dtl0hd,eHDfl,YV5bee,d,csi?cb=121509378:406
setTimeout
setTimeout @ m=cdos,cr,hsm,jsa,mb4ZUb,cEt90b,SNUn3,qddgKe,sTsDMc,dtl0hd,eHDfl,YV5bee,d,csi?cb=121509378:420
V6a @ m=cdos,cr,hsm,jsa,mb4ZUb,cEt90b,SNUn3,qddgKe,sTsDMc,dtl0hd,eHDfl,YV5bee,d,csi?cb=121509378:977
setTimeout @ m=cdos,cr,hsm,jsa,mb4ZUb,cEt90b,SNUn3,qddgKe,sTsDMc,dtl0hd,eHDfl,YV5bee,d,csi?cb=121509378:978
setTimeout @ m=cdos,cr,hsm,jsa,mb4ZUb,cEt90b,SNUn3,qddgKe,sTsDMc,dtl0hd,eHDfl,YV5bee,d,csi?cb=121509378:1001
setTimeout @ m=cdos,cr,hsm,jsa,mb4ZUb,cEt90b,SNUn3,qddgKe,sTsDMc,dtl0hd,eHDfl,YV5bee,d,csi?cb=121509378:1044
setTimeout @ m=cdos,cr,hsm,jsa,mb4ZUb,cEt90b,SNUn3,qddgKe,sTsDMc,dtl0hd,eHDfl,YV5bee,d,csi?cb=121509378:674
(anonymous) @ m=cdos,cr,hsm,jsa,mb4ZUb,cEt90b,SNUn3,qddgKe,sTsDMc,dtl0hd,eHDfl,YV5bee,d,csi?cb=121509378:792
(anonymous) @ m=cdos,cr,hsm,jsa,mb4ZUb,cEt90b,SNUn3,qddgKe,sTsDMc,dtl0hd,eHDfl,YV5bee,d,csi?cb=121509378:792
(anonymous) @ m=cdos,cr,hsm,jsa,mb4ZUb,cEt90b,SNUn3,qddgKe,sTsDMc,dtl0hd,eHDfl,YV5bee,d,csi?cb=121509378:406
(anonymous) @ m=cdos,cr,hsm,jsa,mb4ZUb,cEt90b,SNUn3,qddgKe,sTsDMc,dtl0hd,eHDfl,YV5bee,d,csi?cb=121509378:406
Promise.then
then @ m=cdos,cr,hsm,jsa,mb4ZUb,cEt90b,SNUn3,qddgKe,sTsDMc,dtl0hd,eHDfl,YV5bee,d,csi?cb=121509378:420
catch @ m=cdos,cr,hsm,jsa,mb4ZUb,cEt90b,SNUn3,qddgKe,sTsDMc,dtl0hd,eHDfl,YV5bee,d,csi?cb=121509378:420
oPa @ m=cdos,cr,hsm,jsa,mb4ZUb,cEt90b,SNUn3,qddgKe,sTsDMc,dtl0hd,eHDfl,YV5bee,d,csi?cb=121509378:792
iPa @ m=cdos,cr,hsm,jsa,mb4ZUb,cEt90b,SNUn3,qddgKe,sTsDMc,dtl0hd,eHDfl,YV5bee,d,csi?cb=121509378:784
kPa @ m=cdos,cr,hsm,jsa,mb4ZUb,cEt90b,SNUn3,qddgKe,sTsDMc,dtl0hd,eHDfl,YV5bee,d,csi?cb=121509378:780
ePa @ m=cdos,cr,hsm,jsa,mb4ZUb,cEt90b,SNUn3,qddgKe,sTsDMc,dtl0hd,eHDfl,YV5bee,d,csi?cb=121509378:782
uMa @ m=cdos,cr,hsm,jsa,mb4ZUb,cEt90b,SNUn3,qddgKe,sTsDMc,dtl0hd,eHDfl,YV5bee,d,csi?cb=121509378:779
go.Oa @ m=cdos,cr,hsm,jsa,mb4ZUb,cEt90b,SNUn3,qddgKe,sTsDMc,dtl0hd,eHDfl,YV5bee,d,csi?cb=121509378:712
sMa @ m=cdos,cr,hsm,jsa,mb4ZUb,cEt90b,SNUn3,qddgKe,sTsDMc,dtl0hd,eHDfl,YV5bee,d,csi?cb=121509378:711
Mta @ m=cdos,cr,hsm,jsa,mb4ZUb,cEt90b,SNUn3,qddgKe,sTsDMc,dtl0hd,eHDfl,YV5bee,d,csi?cb=121509378:710
_.Ota @ m=cdos,cr,hsm,jsa,mb4ZUb,cEt90b,SNUn3,qddgKe,sTsDMc,dtl0hd,eHDfl,YV5bee,d,csi?cb=121509378:321
thl @ m=cdos,cr,hsm,jsa,mb4ZUb,cEt90b,SNUn3,qddgKe,sTsDMc,dtl0hd,eHDfl,YV5bee,d,csi?cb=121509378:2798
(anonymous) @ m=cdos,cr,hsm,jsa,mb4ZUb,cEt90b,SNUn3,qddgKe,sTsDMc,dtl0hd,eHDfl,YV5bee,d,csi?cb=121509378:2799
(anonymous) @ m=cdos,cr,hsm,jsa,mb4ZUb,cEt90b,SNUn3,qddgKe,sTsDMc,dtl0hd,eHDfl,YV5bee,d,csi?cb=121509378:406
Promise.then
then @ m=cdos,cr,hsm,jsa,mb4ZUb,cEt90b,SNUn3,qddgKe,sTsDMc,dtl0hd,eHDfl,YV5bee,d,csi?cb=121509378:420
whl @ m=cdos,cr,hsm,jsa,mb4ZUb,cEt90b,SNUn3,qddgKe,sTsDMc,dtl0hd,eHDfl,YV5bee,d,csi?cb=121509378:2799
xhl @ m=cdos,cr,hsm,jsa,mb4ZUb,cEt90b,SNUn3,qddgKe,sTsDMc,dtl0hd,eHDfl,YV5bee,d,csi?cb=121509378:2799
(anonymous) @ m=cdos,cr,hsm,jsa,mb4ZUb,cEt90b,SNUn3,qddgKe,sTsDMc,dtl0hd,eHDfl,YV5bee,d,csi?cb=121509378:2800
(anonymous) @ m=cdos,cr,hsm,jsa,mb4ZUb,cEt90b,SNUn3,qddgKe,sTsDMc,dtl0hd,eHDfl,YV5bee,d,csi?cb=121509378:2800
(anonymous) @ m=cdos,cr,hsm,jsa,mb4ZUb,cEt90b,SNUn3,qddgKe,sTsDMc,dtl0hd,eHDfl,YV5bee,d,csi?cb=121509378:406
e.wa @ m=cdos,cr,hsm,jsa,mb4ZUb,cEt90b,SNUn3,qddgKe,sTsDMc,dtl0hd,eHDfl,YV5bee,d,csi?cb=121509378:594
QIa @ m=cdos,cr,hsm,jsa,mb4ZUb,cEt90b,SNUn3,qddgKe,sTsDMc,dtl0hd,eHDfl,YV5bee,d,csi?cb=121509378:597
MIa @ m=cdos,cr,hsm,jsa,mb4ZUb,cEt90b,SNUn3,qddgKe,sTsDMc,dtl0hd,eHDfl,YV5bee,d,csi?cb=121509378:597
_.Lg.t4a @ m=cdos,cr,hsm,jsa,mb4ZUb,cEt90b,SNUn3,qddgKe,sTsDMc,dtl0hd,eHDfl,YV5bee,d,csi?cb=121509378:597
wla @ m=cdos,cr,hsm,jsa,mb4ZUb,cEt90b,SNUn3,qddgKe,sTsDMc,dtl0hd,eHDfl,YV5bee,d,csi?cb=121509378:200
(anonymous) @ m=cdos,cr,hsm,jsa,mb4ZUb,cEt90b,SNUn3,qddgKe,sTsDMc,dtl0hd,eHDfl,YV5bee,d,csi?cb=121509378:406
Promise.then
then @ m=cdos,cr,hsm,jsa,mb4ZUb,cEt90b,SNUn3,qddgKe,sTsDMc,dtl0hd,eHDfl,YV5bee,d,csi?cb=121509378:420
sIa @ m=cdos,cr,hsm,jsa,mb4ZUb,cEt90b,SNUn3,qddgKe,sTsDMc,dtl0hd,eHDfl,YV5bee,d,csi?cb=121509378:588
_.wn @ m=cdos,cr,hsm,jsa,mb4ZUb,cEt90b,SNUn3,qddgKe,sTsDMc,dtl0hd,eHDfl,YV5bee,d,csi?cb=121509378:588
W6a @ m=cdos,cr,hsm,jsa,mb4ZUb,cEt90b,SNUn3,qddgKe,sTsDMc,dtl0hd,eHDfl,YV5bee,d,csi?cb=121509378:979
Oza.Ga @ m=cdos,cr,hsm,jsa,mb4ZUb,cEt90b,SNUn3,qddgKe,sTsDMc,dtl0hd,eHDfl,YV5bee,d,csi?cb=121509378:980
M6a @ m=cdos,cr,hsm,jsa,mb4ZUb,cEt90b,SNUn3,qddgKe,sTsDMc,dtl0hd,eHDfl,YV5bee,d,csi?cb=121509378:976
execute @ m=cdos,cr,hsm,jsa,mb4ZUb,cEt90b,SNUn3,qddgKe,sTsDMc,dtl0hd,eHDfl,YV5bee,d,csi?cb=121509378:977
(anonymous) @ m=cdos,cr,hsm,jsa,mb4ZUb,cEt90b,SNUn3,qddgKe,sTsDMc,dtl0hd,eHDfl,YV5bee,d,csi?cb=121509378:1035
(anonymous) @ m=cdos,cr,hsm,jsa,mb4ZUb,cEt90b,SNUn3,qddgKe,sTsDMc,dtl0hd,eHDfl,YV5bee,d,csi?cb=121509378:406
a.port1.onmessage @ m=cdos,cr,hsm,jsa,mb4ZUb,cEt90b,SNUn3,qddgKe,sTsDMc,dtl0hd,eHDfl,YV5bee,d,csi?cb=121509378:588
postMessage
(anonymous) @ m=cdos,cr,hsm,jsa,mb4ZUb,cEt90b,SNUn3,qddgKe,sTsDMc,dtl0hd,eHDfl,YV5bee,d,csi?cb=121509378:588
_.ie @ m=cdos,cr,hsm,jsa,mb4ZUb,cEt90b,SNUn3,qddgKe,sTsDMc,dtl0hd,eHDfl,YV5bee,d,csi?cb=121509378:200
Acb @ m=cdos,cr,hsm,jsa,mb4ZUb,cEt90b,SNUn3,qddgKe,sTsDMc,dtl0hd,eHDfl,YV5bee,d,csi?cb=121509378:1035
Aa @ m=cdos,cr,hsm,jsa,mb4ZUb,cEt90b,SNUn3,qddgKe,sTsDMc,dtl0hd,eHDfl,YV5bee,d,csi?cb=121509378:1035
ZVa @ m=cdos,cr,hsm,jsa,mb4ZUb,cEt90b,SNUn3,qddgKe,sTsDMc,dtl0hd,eHDfl,YV5bee,d,csi?cb=121509378:1023
(anonymous) @ m=cdos,cr,hsm,jsa,mb4ZUb,cEt90b,SNUn3,qddgKe,sTsDMc,dtl0hd,eHDfl,YV5bee,d,csi?cb=121509378:979
wla @ m=cdos,cr,hsm,jsa,mb4ZUb,cEt90b,SNUn3,qddgKe,sTsDMc,dtl0hd,eHDfl,YV5bee,d,csi?cb=121509378:200
(anonymous) @ m=cdos,cr,hsm,jsa,mb4ZUb,cEt90b,SNUn3,qddgKe,sTsDMc,dtl0hd,eHDfl,YV5bee,d,csi?cb=121509378:406
Promise.then
then @ m=cdos,cr,hsm,jsa,mb4ZUb,cEt90b,SNUn3,qddgKe,sTsDMc,dtl0hd,eHDfl,YV5bee,d,csi?cb=121509378:420
sIa @ m=cdos,cr,hsm,jsa,mb4ZUb,cEt90b,SNUn3,qddgKe,sTsDMc,dtl0hd,eHDfl,YV5bee,d,csi?cb=121509378:588
_.wn @ m=cdos,cr,hsm,jsa,mb4ZUb,cEt90b,SNUn3,qddgKe,sTsDMc,dtl0hd,eHDfl,YV5bee,d,csi?cb=121509378:588
NIa @ m=cdos,cr,hsm,jsa,mb4ZUb,cEt90b,SNUn3,qddgKe,sTsDMc,dtl0hd,eHDfl,YV5bee,d,csi?cb=121509378:596
_.Lg.OP @ m=cdos,cr,hsm,jsa,mb4ZUb,cEt90b,SNUn3,qddgKe,sTsDMc,dtl0hd,eHDfl,YV5bee,d,csi?cb=121509378:595
(anonymous) @ m=cdos,cr,hsm,jsa,mb4ZUb,cEt90b,SNUn3,qddgKe,sTsDMc,dtl0hd,eHDfl,YV5bee,d,csi?cb=121509378:589
AXa @ m=cdos,cr,hsm,jsa,mb4ZUb,cEt90b,SNUn3,qddgKe,sTsDMc,dtl0hd,eHDfl,YV5bee,d,csi?cb=121509378:945
initialize @ m=cdos,cr,hsm,jsa,mb4ZUb,cEt90b,SNUn3,qddgKe,sTsDMc,dtl0hd,eHDfl,YV5bee,d,csi?cb=121509378:946
_.aa.onLoad @ m=cdos,cr,hsm,jsa,mb4ZUb,cEt90b,SNUn3,qddgKe,sTsDMc,dtl0hd,eHDfl,YV5bee,d,csi?cb=121509378:699
oMa @ m=cdos,cr,hsm,jsa,mb4ZUb,cEt90b,SNUn3,qddgKe,sTsDMc,dtl0hd,eHDfl,YV5bee,d,csi?cb=121509378:714
go.Abb @ m=cdos,cr,hsm,jsa,mb4ZUb,cEt90b,SNUn3,qddgKe,sTsDMc,dtl0hd,eHDfl,YV5bee,d,csi?cb=121509378:705
_._ModuleManager_initialize @ m=cdos,cr,hsm,jsa,mb4ZUb,cEt90b,SNUn3,qddgKe,sTsDMc,dtl0hd,eHDfl,YV5bee,d,csi?cb=121509378:1046
(anonymous) @ m=cdos,cr,hsm,jsa,mb4ZUb,cEt90b,SNUn3,qddgKe,sTsDMc,dtl0hd,eHDfl,YV5bee,d,csi?cb=121509378:1047
(anonymous) @ m=cdos,cr,hsm,jsa,mb4ZUb,cEt90b,SNUn3,qddgKe,sTsDMc,dtl0hd,eHDfl,YV5bee,d,csi?cb=121509378:2881
sj-proxy?url=https%3A%2F%2Fgoogle.com:1 Access to XMLHttpRequest at 'https://play.google.com/log?format=json&hasfast=true' from origin 'http://localhost:8080' has been blocked by CORS policy: The 'Access-Control-Allow-Origin' header has a value 'http://play.google.com' that is not equal to the supplied origin.
m=cdos,cr,hsm,jsa,mb4ZUb,cEt90b,SNUn3,qddgKe,sTsDMc,dtl0hd,eHDfl,YV5bee,d,csi?cb=121509378:422  POST https://play.google.com/log?format=json&hasfast=true net::ERR_FAILED 200 (OK)
(anonymous) @ m=cdos,cr,hsm,jsa,mb4ZUb,cEt90b,SNUn3,qddgKe,sTsDMc,dtl0hd,eHDfl,YV5bee,d,csi?cb=121509378:422
_.rh.send @ rs=AA2YrTsQS372_IBtlHypMBVngIiWg5aPdw:120
_.vh @ rs=AA2YrTsQS372_IBtlHypMBVngIiWg5aPdw:117
send @ rs=AA2YrTsQS372_IBtlHypMBVngIiWg5aPdw:123
m @ rs=AA2YrTsQS372_IBtlHypMBVngIiWg5aPdw:102
flush @ rs=AA2YrTsQS372_IBtlHypMBVngIiWg5aPdw:102
c @ rs=AA2YrTsQS372_IBtlHypMBVngIiWg5aPdw:90
sf @ rs=AA2YrTsQS372_IBtlHypMBVngIiWg5aPdw:82
(anonymous) @ rs=AA2YrTsQS372_IBtlHypMBVngIiWg5aPdw:82
(anonymous) @ m=cdos,cr,hsm,jsa,mb4ZUb,cEt90b,SNUn3,qddgKe,sTsDMc,dtl0hd,eHDfl,YV5bee,d,csi?cb=121509378:406
setTimeout
setTimeout @ m=cdos,cr,hsm,jsa,mb4ZUb,cEt90b,SNUn3,qddgKe,sTsDMc,dtl0hd,eHDfl,YV5bee,d,csi?cb=121509378:420
start @ rs=AA2YrTsQS372_IBtlHypMBVngIiWg5aPdw:82
l @ rs=AA2YrTsQS372_IBtlHypMBVngIiWg5aPdw:101
(anonymous) @ rs=AA2YrTsQS372_IBtlHypMBVngIiWg5aPdw:123
nh @ rs=AA2YrTsQS372_IBtlHypMBVngIiWg5aPdw:117
_.p.dispatchEvent @ rs=AA2YrTsQS372_IBtlHypMBVngIiWg5aPdw:115
xh @ rs=AA2YrTsQS372_IBtlHypMBVngIiWg5aPdw:120
zh @ rs=AA2YrTsQS372_IBtlHypMBVngIiWg5aPdw:122
_.rh.P @ rs=AA2YrTsQS372_IBtlHypMBVngIiWg5aPdw:121
_.rh.M @ rs=AA2YrTsQS372_IBtlHypMBVngIiWg5aPdw:121
XMLHttpRequest.send
(anonymous) @ m=cdos,cr,hsm,jsa,mb4ZUb,cEt90b,SNUn3,qddgKe,sTsDMc,dtl0hd,eHDfl,YV5bee,d,csi?cb=121509378:422
_.rh.send @ rs=AA2YrTsQS372_IBtlHypMBVngIiWg5aPdw:120
_.vh @ rs=AA2YrTsQS372_IBtlHypMBVngIiWg5aPdw:117
send @ rs=AA2YrTsQS372_IBtlHypMBVngIiWg5aPdw:123
m @ rs=AA2YrTsQS372_IBtlHypMBVngIiWg5aPdw:102
flush @ rs=AA2YrTsQS372_IBtlHypMBVngIiWg5aPdw:102
c @ rs=AA2YrTsQS372_IBtlHypMBVngIiWg5aPdw:90
sf @ rs=AA2YrTsQS372_IBtlHypMBVngIiWg5aPdw:82
(anonymous) @ rs=AA2YrTsQS372_IBtlHypMBVngIiWg5aPdw:82
(anonymous) @ m=cdos,cr,hsm,jsa,mb4ZUb,cEt90b,SNUn3,qddgKe,sTsDMc,dtl0hd,eHDfl,YV5bee,d,csi?cb=121509378:406
setTimeout
setTimeout @ m=cdos,cr,hsm,jsa,mb4ZUb,cEt90b,SNUn3,qddgKe,sTsDMc,dtl0hd,eHDfl,YV5bee,d,csi?cb=121509378:420
start @ rs=AA2YrTsQS372_IBtlHypMBVngIiWg5aPdw:82
l @ rs=AA2YrTsQS372_IBtlHypMBVngIiWg5aPdw:101
(anonymous) @ rs=AA2YrTsQS372_IBtlHypMBVngIiWg5aPdw:123
nh @ rs=AA2YrTsQS372_IBtlHypMBVngIiWg5aPdw:117
_.p.dispatchEvent @ rs=AA2YrTsQS372_IBtlHypMBVngIiWg5aPdw:115
xh @ rs=AA2YrTsQS372_IBtlHypMBVngIiWg5aPdw:120
zh @ rs=AA2YrTsQS372_IBtlHypMBVngIiWg5aPdw:122
_.rh.P @ rs=AA2YrTsQS372_IBtlHypMBVngIiWg5aPdw:121
_.rh.M @ rs=AA2YrTsQS372_IBtlHypMBVngIiWg5aPdw:121
XMLHttpRequest.send
(anonymous) @ m=cdos,cr,hsm,jsa,mb4ZUb,cEt90b,SNUn3,qddgKe,sTsDMc,dtl0hd,eHDfl,YV5bee,d,csi?cb=121509378:422
_.rh.send @ rs=AA2YrTsQS372_IBtlHypMBVngIiWg5aPdw:120
_.vh @ rs=AA2YrTsQS372_IBtlHypMBVngIiWg5aPdw:117
send @ rs=AA2YrTsQS372_IBtlHypMBVngIiWg5aPdw:123
m @ rs=AA2YrTsQS372_IBtlHypMBVngIiWg5aPdw:102
flush @ rs=AA2YrTsQS372_IBtlHypMBVngIiWg5aPdw:102
c @ rs=AA2YrTsQS372_IBtlHypMBVngIiWg5aPdw:90
sf @ rs=AA2YrTsQS372_IBtlHypMBVngIiWg5aPdw:82
(anonymous) @ rs=AA2YrTsQS372_IBtlHypMBVngIiWg5aPdw:82
setTimeout
start @ rs=AA2YrTsQS372_IBtlHypMBVngIiWg5aPdw:82
log @ rs=AA2YrTsQS372_IBtlHypMBVngIiWg5aPdw:99
_.wg @ rs=AA2YrTsQS372_IBtlHypMBVngIiWg5aPdw:91
log @ rs=AA2YrTsQS372_IBtlHypMBVngIiWg5aPdw:126
_.gj @ rs=AA2YrTsQS372_IBtlHypMBVngIiWg5aPdw:166
_.Ph @ rs=AA2YrTsQS372_IBtlHypMBVngIiWg5aPdw:128
i @ rs=AA2YrTsQS372_IBtlHypMBVngIiWg5aPdw:166
_.hj @ rs=AA2YrTsQS372_IBtlHypMBVngIiWg5aPdw:166
(anonymous) @ rs=AA2YrTsQS372_IBtlHypMBVngIiWg5aPdw:166
(anonymous) @ rs=AA2YrTsQS372_IBtlHypMBVngIiWg5aPdw:572
engine.js:173 [lux] Scramjet controller init failed, using server-proxy fallback: Class constructor EpoxyTransport cannot be invoked without 'new'
tryInitController @ engine.js:173
await in tryInitController
init @ engine.js:195
await in init
mount @ engine.js:203
mountTab @ tab-nav.js:33
navigateTab @ tabs.js:142
await in navigateTab
launchGameUrl @ games.js:251
card.onclick @ games.js:241
engine.js:173 [lux] Scramjet controller init failed, using server-proxy fallback: Class constructor EpoxyTransport cannot be invoked without 'new'
tryInitController @ engine.js:173
await in tryInitController
init @ engine.js:195
await in init
navigateTab @ tabs.js:141
await in navigateTab
launchGameUrl @ games.js:251
card.onclick @ games.js:241
engine.js:217  GET http://localhost:8080/sj-proxy?url=https%3A%2F%2Fjs13kgames.com%2Fgames%2Fnes-racer%2Findex.html 404 (Not Found)
mount @ engine.js:217
await in mount
mountTab @ tab-nav.js:33
navigateTab @ tabs.js:142
engine.js:173 [lux] Scramjet controller init failed, using server-proxy fallback: Class constructor EpoxyTransport cannot be invoked without 'new'
tryInitController @ engine.js:173
await in tryInitController
init @ engine.js:195
await in init
navigateTab @ tabs.js:141
await in navigateTab
launchGameUrl @ games.js:251
card.onclick @ games.js:241
engine.js:173 [lux] Scramjet controller init failed, using server-proxy fallback: Class constructor EpoxyTransport cannot be invoked without 'new'
tryInitController @ engine.js:173
await in tryInitController
init @ engine.js:195
await in init
mount @ engine.js:203
mountTab @ tab-nav.js:33
navigateTab @ tabs.js:142
await in navigateTab
launchGameUrl @ games.js:251
card.onclick @ games.js:241
Tracking Prevention blocked access to storage for <URL>.
Tracking Prevention blocked access to storage for <URL>.
Tracking Prevention blocked access to storage for <URL>.
Tracking Prevention blocked access to storage for <URL>.
Tracking Prevention blocked access to storage for <URL>.
Tracking Prevention blocked access to storage for <URL>.
Tracking Prevention blocked access to storage for <URL>.
Tracking Prevention blocked access to storage for <URL>.
Tracking Prevention blocked access to storage for <URL>.
Tracking Prevention blocked access to storage for <URL>.
Tracking Prevention blocked access to storage for <URL>.
Tracking Prevention blocked access to storage for <URL>.
Tracking Prevention blocked access to storage for <URL>.
Tracking Prevention blocked access to storage for <URL>.
Tracking Prevention blocked access to storage for <URL>.
Tracking Prevention blocked access to storage for <URL>.
Tracking Prevention blocked access to storage for <URL>.
Tracking Prevention blocked access to storage for <URL>.
Tracking Prevention blocked access to storage for <URL>.
Tracking Prevention blocked access to storage for <URL>.
Tracking Prevention blocked access to storage for <URL>.
Tracking Prevention blocked access to storage for <URL>.
Tracking Prevention blocked access to storage for <URL>.
Tracking Prevention blocked access to storage for <URL>.
Tracking Prevention blocked access to storage for <URL>.
Tracking Prevention blocked access to storage for <URL>.
Tracking Prevention blocked access to storage for <URL>.
Tracking Prevention blocked access to storage for <URL>.
Tracking Prevention blocked access to storage for <URL>.
Tracking Prevention blocked access to storage for <URL>.
Tracking Prevention blocked access to storage for <URL>.
Tracking Prevention blocked access to storage for <URL>.
Tracking Prevention blocked access to storage for <URL>.
Tracking Prevention blocked access to storage for <URL>.
Tracking Prevention blocked access to storage for <URL>.
Tracking Prevention blocked access to storage for <URL>.
Tracking Prevention blocked access to storage for <URL>.
Tracking Prevention blocked access to storage for <URL>.
Tracking Prevention blocked access to storage for <URL>.
Tracking Prevention blocked access to storage for <URL>.
Tracking Prevention blocked access to storage for <URL>.
Tracking Prevention blocked access to storage for <URL>.
Tracking Prevention blocked access to storage for <URL>.
Tracking Prevention blocked access to storage for <URL>.
Tracking Prevention blocked access to storage for <URL>.
Tracking Prevention blocked access to storage for <URL>.
Tracking Prevention blocked access to storage for <URL>.
Tracking Prevention blocked access to storage for <URL>.
Tracking Prevention blocked access to storage for <URL>.
Tracking Prevention blocked access to storage for <URL>.
Tracking Prevention blocked access to storage for <URL>.
Tracking Prevention blocked access to storage for <URL>.
Tracking Prevention blocked access to storage for <URL>.
Tracking Prevention blocked access to storage for <URL>.
Tracking Prevention blocked access to storage for <URL>.
Tracking Prevention blocked access to storage for <URL>.
Tracking Prevention blocked access to storage for <URL>.
Tracking Prevention blocked access to storage for <URL>.
Tracking Prevention blocked access to storage for <URL>.
Tracking Prevention blocked access to storage for <URL>.
Tracking Prevention blocked access to storage for <URL>.
Tracking Prevention blocked access to storage for <URL>.
Tracking Prevention blocked access to storage for <URL>.
Tracking Prevention blocked access to storage for <URL>.
Tracking Prevention blocked access to storage for <URL>.
Tracking Prevention blocked access to storage for <URL>.
Tracking Prevention blocked access to storage for <URL>.
Tracking Prevention blocked access to storage for <URL>.
Tracking Prevention blocked access to storage for <URL>.
Tracking Prevention blocked access to storage for <URL>.
Tracking Prevention blocked access to storage for <URL>.
Tracking Prevention blocked access to storage for <URL>.
Tracking Prevention blocked access to storage for <URL>.
Tracking Prevention blocked access to storage for <URL>.
Tracking Prevention blocked access to storage for <URL>.
Tracking Prevention blocked access to storage for <URL>.
Tracking Prevention blocked access to storage for <URL>.
Tracking Prevention blocked access to storage for <URL>.
Tracking Prevention blocked access to storage for <URL>.
Tracking Prevention blocked access to storage for <URL>.
Tracking Prevention blocked access to storage for <URL>.
Tracking Prevention blocked access to storage for <URL>.
Tracking Prevention blocked access to storage for <URL>.
Tracking Prevention blocked access to storage for <URL>.
Tracking Prevention blocked access to storage for <URL>.
Tracking Prevention blocked access to storage for <URL>.
Tracking Prevention blocked access to storage for <URL>.
Tracking Prevention blocked access to storage for <URL>.
Tracking Prevention blocked access to storage for <URL>.
Tracking Prevention blocked access to storage for <URL>.
sj-proxy?url=https%3A%2F%2Fgoogle.com:1 Access to fetch at 'https://google.com/xjs/_/js/md=2/k=xjs.hd.en.rRRcCZse8Zo.2019.O/am=AAAAAAAAAAAAAAAAAAAAAAAAAAAAAAAAAAAAAAAAAAAAAAAAAAAAAAAAAAhAAAAAAACAQAAAAAAAAAAAAAAADCAAAAAAAAAAAAAAAAAAAIBAQAAAQAAAAAAAAACAAAAAAAAEAAAAAAAAAAwACAAIIAEAADAIAAAAAAAAAAAAAAAAAABABAAAAAABAMAfDDACAAAAAAAAACQAAAAAAAAAAABYAAAABQAAAAiAAAAAAAAAAAAAAAAAAAAAAAIAAAAAAAAAAAAAABAAAABAAQAAAAABAAAAAAAAAAAAAAAAAAAAAAIAAAAAAAAAAAAAAEAAAAUAAAIAgAAAAAAAAAAAAAAAAACgAwAAAAABAAAAAAAAAAAAAAAAAAA4AAAEBAAAAAAAABAIBAAIAAAAAB0AgQcYUlMAAAAAAAAAAAAAAAAAAAAAAAAAARTALiRQEAABAAAAAAAAAAAAAAAAAAAAAAAAAACA0FMAAAAAAACLAQ/rs=ACT90oHcO9dpqtluHUx_6GfzaXpKT8w-pw?cb=121509378' from origin 'http://localhost:8080' has been blocked by CORS policy: No 'Access-Control-Allow-Origin' header is present on the requested resource.
m=cdos,cr,hsm,jsa,mb4ZUb,cEt90b,SNUn3,qddgKe,sTsDMc,dtl0hd,eHDfl,YV5bee,d,csi?cb=121509378:801  GET https://google.com/xjs/_/js/md=2/k=xjs.hd.en.rRRcCZse8Zo.2019.O/am=AAAAAAAAAAAAAAAAAAAAAAAAAAAAAAAAAAAAAAAAAAAAAAAAAAAAAAAAAAhAAAAAAACAQAAAAAAAAAAAAAAADCAAAAAAAAAAAAAAAAAAAIBAQAAAQAAAAAAAAACAAAAAAAAEAAAAAAAAAAwACAAIIAEAADAIAAAAAAAAAAAAAAAAAABABAAAAAABAMAfDDACAAAAAAAAACQAAAAAAAAAAABYAAAABQAAAAiAAAAAAAAAAAAAAAAAAAAAAAIAAAAAAAAAAAAAABAAAABAAQAAAAABAAAAAAAAAAAAAAAAAAAAAAIAAAAAAAAAAAAAAEAAAAUAAAIAgAAAAAAAAAAAAAAAAACgAwAAAAABAAAAAAAAAAAAAAAAAAA4AAAEBAAAAAAAABAIBAAIAAAAAB0AgQcYUlMAAAAAAAAAAAAAAAAAAAAAAAAAARTALiRQEAABAAAAAAAAAAAAAAAAAAAAAAAAAACA0FMAAAAAAACLAQ/rs=ACT90oHcO9dpqtluHUx_6GfzaXpKT8w-pw?cb=121509378 net::ERR_FAILED 200 (OK)
_.GPa @ m=cdos,cr,hsm,jsa,mb4ZUb,cEt90b,SNUn3,qddgKe,sTsDMc,dtl0hd,eHDfl,YV5bee,d,csi?cb=121509378:801
(anonymous) @ m=cdos,cr,hsm,jsa,mb4ZUb,cEt90b,SNUn3,qddgKe,sTsDMc,dtl0hd,eHDfl,YV5bee,d,csi?cb=121509378:796
(anonymous) @ m=cdos,cr,hsm,jsa,mb4ZUb,cEt90b,SNUn3,qddgKe,sTsDMc,dtl0hd,eHDfl,YV5bee,d,csi?cb=121509378:775
BOa @ m=cdos,cr,hsm,jsa,mb4ZUb,cEt90b,SNUn3,qddgKe,sTsDMc,dtl0hd,eHDfl,YV5bee,d,csi?cb=121509378:775
(anonymous) @ m=cdos,cr,hsm,jsa,mb4ZUb,cEt90b,SNUn3,qddgKe,sTsDMc,dtl0hd,eHDfl,YV5bee,d,csi?cb=121509378:775
COa @ m=cdos,cr,hsm,jsa,mb4ZUb,cEt90b,SNUn3,qddgKe,sTsDMc,dtl0hd,eHDfl,YV5bee,d,csi?cb=121509378:775
DPa @ m=cdos,cr,hsm,jsa,mb4ZUb,cEt90b,SNUn3,qddgKe,sTsDMc,dtl0hd,eHDfl,YV5bee,d,csi?cb=121509378:796
oPa @ m=cdos,cr,hsm,jsa,mb4ZUb,cEt90b,SNUn3,qddgKe,sTsDMc,dtl0hd,eHDfl,YV5bee,d,csi?cb=121509378:792
(anonymous) @ m=cdos,cr,hsm,jsa,mb4ZUb,cEt90b,SNUn3,qddgKe,sTsDMc,dtl0hd,eHDfl,YV5bee,d,csi?cb=121509378:792
oa @ m=cdos,cr,hsm,jsa,mb4ZUb,cEt90b,SNUn3,qddgKe,sTsDMc,dtl0hd,eHDfl,YV5bee,d,csi?cb=121509378:977
execute @ m=cdos,cr,hsm,jsa,mb4ZUb,cEt90b,SNUn3,qddgKe,sTsDMc,dtl0hd,eHDfl,YV5bee,d,csi?cb=121509378:977
(anonymous) @ m=cdos,cr,hsm,jsa,mb4ZUb,cEt90b,SNUn3,qddgKe,sTsDMc,dtl0hd,eHDfl,YV5bee,d,csi?cb=121509378:1035
(anonymous) @ m=cdos,cr,hsm,jsa,mb4ZUb,cEt90b,SNUn3,qddgKe,sTsDMc,dtl0hd,eHDfl,YV5bee,d,csi?cb=121509378:406
a.port1.onmessage @ m=cdos,cr,hsm,jsa,mb4ZUb,cEt90b,SNUn3,qddgKe,sTsDMc,dtl0hd,eHDfl,YV5bee,d,csi?cb=121509378:588
postMessage
(anonymous) @ m=cdos,cr,hsm,jsa,mb4ZUb,cEt90b,SNUn3,qddgKe,sTsDMc,dtl0hd,eHDfl,YV5bee,d,csi?cb=121509378:588
_.ie @ m=cdos,cr,hsm,jsa,mb4ZUb,cEt90b,SNUn3,qddgKe,sTsDMc,dtl0hd,eHDfl,YV5bee,d,csi?cb=121509378:200
Acb @ m=cdos,cr,hsm,jsa,mb4ZUb,cEt90b,SNUn3,qddgKe,sTsDMc,dtl0hd,eHDfl,YV5bee,d,csi?cb=121509378:1035
Aa @ m=cdos,cr,hsm,jsa,mb4ZUb,cEt90b,SNUn3,qddgKe,sTsDMc,dtl0hd,eHDfl,YV5bee,d,csi?cb=121509378:1035
ZVa @ m=cdos,cr,hsm,jsa,mb4ZUb,cEt90b,SNUn3,qddgKe,sTsDMc,dtl0hd,eHDfl,YV5bee,d,csi?cb=121509378:1023
(anonymous) @ m=cdos,cr,hsm,jsa,mb4ZUb,cEt90b,SNUn3,qddgKe,sTsDMc,dtl0hd,eHDfl,YV5bee,d,csi?cb=121509378:979
wla @ m=cdos,cr,hsm,jsa,mb4ZUb,cEt90b,SNUn3,qddgKe,sTsDMc,dtl0hd,eHDfl,YV5bee,d,csi?cb=121509378:200
(anonymous) @ m=cdos,cr,hsm,jsa,mb4ZUb,cEt90b,SNUn3,qddgKe,sTsDMc,dtl0hd,eHDfl,YV5bee,d,csi?cb=121509378:406
Promise.then
then @ m=cdos,cr,hsm,jsa,mb4ZUb,cEt90b,SNUn3,qddgKe,sTsDMc,dtl0hd,eHDfl,YV5bee,d,csi?cb=121509378:420
sIa @ m=cdos,cr,hsm,jsa,mb4ZUb,cEt90b,SNUn3,qddgKe,sTsDMc,dtl0hd,eHDfl,YV5bee,d,csi?cb=121509378:588
_.wn @ m=cdos,cr,hsm,jsa,mb4ZUb,cEt90b,SNUn3,qddgKe,sTsDMc,dtl0hd,eHDfl,YV5bee,d,csi?cb=121509378:588
W6a @ m=cdos,cr,hsm,jsa,mb4ZUb,cEt90b,SNUn3,qddgKe,sTsDMc,dtl0hd,eHDfl,YV5bee,d,csi?cb=121509378:979
Oza.Ga @ m=cdos,cr,hsm,jsa,mb4ZUb,cEt90b,SNUn3,qddgKe,sTsDMc,dtl0hd,eHDfl,YV5bee,d,csi?cb=121509378:980
M6a @ m=cdos,cr,hsm,jsa,mb4ZUb,cEt90b,SNUn3,qddgKe,sTsDMc,dtl0hd,eHDfl,YV5bee,d,csi?cb=121509378:976
_.N6a @ m=cdos,cr,hsm,jsa,mb4ZUb,cEt90b,SNUn3,qddgKe,sTsDMc,dtl0hd,eHDfl,YV5bee,d,csi?cb=121509378:976
ka @ m=cdos,cr,hsm,jsa,mb4ZUb,cEt90b,SNUn3,qddgKe,sTsDMc,dtl0hd,eHDfl,YV5bee,d,csi?cb=121509378:978
(anonymous) @ m=cdos,cr,hsm,jsa,mb4ZUb,cEt90b,SNUn3,qddgKe,sTsDMc,dtl0hd,eHDfl,YV5bee,d,csi?cb=121509378:977
(anonymous) @ m=cdos,cr,hsm,jsa,mb4ZUb,cEt90b,SNUn3,qddgKe,sTsDMc,dtl0hd,eHDfl,YV5bee,d,csi?cb=121509378:406
setTimeout
setTimeout @ m=cdos,cr,hsm,jsa,mb4ZUb,cEt90b,SNUn3,qddgKe,sTsDMc,dtl0hd,eHDfl,YV5bee,d,csi?cb=121509378:420
V6a @ m=cdos,cr,hsm,jsa,mb4ZUb,cEt90b,SNUn3,qddgKe,sTsDMc,dtl0hd,eHDfl,YV5bee,d,csi?cb=121509378:977
setTimeout @ m=cdos,cr,hsm,jsa,mb4ZUb,cEt90b,SNUn3,qddgKe,sTsDMc,dtl0hd,eHDfl,YV5bee,d,csi?cb=121509378:978
setTimeout @ m=cdos,cr,hsm,jsa,mb4ZUb,cEt90b,SNUn3,qddgKe,sTsDMc,dtl0hd,eHDfl,YV5bee,d,csi?cb=121509378:1001
setTimeout @ m=cdos,cr,hsm,jsa,mb4ZUb,cEt90b,SNUn3,qddgKe,sTsDMc,dtl0hd,eHDfl,YV5bee,d,csi?cb=121509378:1044
setTimeout @ m=cdos,cr,hsm,jsa,mb4ZUb,cEt90b,SNUn3,qddgKe,sTsDMc,dtl0hd,eHDfl,YV5bee,d,csi?cb=121509378:674
(anonymous) @ m=cdos,cr,hsm,jsa,mb4ZUb,cEt90b,SNUn3,qddgKe,sTsDMc,dtl0hd,eHDfl,YV5bee,d,csi?cb=121509378:792
(anonymous) @ m=cdos,cr,hsm,jsa,mb4ZUb,cEt90b,SNUn3,qddgKe,sTsDMc,dtl0hd,eHDfl,YV5bee,d,csi?cb=121509378:792
(anonymous) @ m=cdos,cr,hsm,jsa,mb4ZUb,cEt90b,SNUn3,qddgKe,sTsDMc,dtl0hd,eHDfl,YV5bee,d,csi?cb=121509378:406
(anonymous) @ m=cdos,cr,hsm,jsa,mb4ZUb,cEt90b,SNUn3,qddgKe,sTsDMc,dtl0hd,eHDfl,YV5bee,d,csi?cb=121509378:406
Promise.then
then @ m=cdos,cr,hsm,jsa,mb4ZUb,cEt90b,SNUn3,qddgKe,sTsDMc,dtl0hd,eHDfl,YV5bee,d,csi?cb=121509378:420
catch @ m=cdos,cr,hsm,jsa,mb4ZUb,cEt90b,SNUn3,qddgKe,sTsDMc,dtl0hd,eHDfl,YV5bee,d,csi?cb=121509378:420
oPa @ m=cdos,cr,hsm,jsa,mb4ZUb,cEt90b,SNUn3,qddgKe,sTsDMc,dtl0hd,eHDfl,YV5bee,d,csi?cb=121509378:792
(anonymous) @ m=cdos,cr,hsm,jsa,mb4ZUb,cEt90b,SNUn3,qddgKe,sTsDMc,dtl0hd,eHDfl,YV5bee,d,csi?cb=121509378:792
oa @ m=cdos,cr,hsm,jsa,mb4ZUb,cEt90b,SNUn3,qddgKe,sTsDMc,dtl0hd,eHDfl,YV5bee,d,csi?cb=121509378:977
execute @ m=cdos,cr,hsm,jsa,mb4ZUb,cEt90b,SNUn3,qddgKe,sTsDMc,dtl0hd,eHDfl,YV5bee,d,csi?cb=121509378:977
(anonymous) @ m=cdos,cr,hsm,jsa,mb4ZUb,cEt90b,SNUn3,qddgKe,sTsDMc,dtl0hd,eHDfl,YV5bee,d,csi?cb=121509378:1035
(anonymous) @ m=cdos,cr,hsm,jsa,mb4ZUb,cEt90b,SNUn3,qddgKe,sTsDMc,dtl0hd,eHDfl,YV5bee,d,csi?cb=121509378:406
a.port1.onmessage @ m=cdos,cr,hsm,jsa,mb4ZUb,cEt90b,SNUn3,qddgKe,sTsDMc,dtl0hd,eHDfl,YV5bee,d,csi?cb=121509378:588
postMessage
(anonymous) @ m=cdos,cr,hsm,jsa,mb4ZUb,cEt90b,SNUn3,qddgKe,sTsDMc,dtl0hd,eHDfl,YV5bee,d,csi?cb=121509378:588
_.ie @ m=cdos,cr,hsm,jsa,mb4ZUb,cEt90b,SNUn3,qddgKe,sTsDMc,dtl0hd,eHDfl,YV5bee,d,csi?cb=121509378:200
Acb @ m=cdos,cr,hsm,jsa,mb4ZUb,cEt90b,SNUn3,qddgKe,sTsDMc,dtl0hd,eHDfl,YV5bee,d,csi?cb=121509378:1035
Aa @ m=cdos,cr,hsm,jsa,mb4ZUb,cEt90b,SNUn3,qddgKe,sTsDMc,dtl0hd,eHDfl,YV5bee,d,csi?cb=121509378:1035
ZVa @ m=cdos,cr,hsm,jsa,mb4ZUb,cEt90b,SNUn3,qddgKe,sTsDMc,dtl0hd,eHDfl,YV5bee,d,csi?cb=121509378:1023
(anonymous) @ m=cdos,cr,hsm,jsa,mb4ZUb,cEt90b,SNUn3,qddgKe,sTsDMc,dtl0hd,eHDfl,YV5bee,d,csi?cb=121509378:979
wla @ m=cdos,cr,hsm,jsa,mb4ZUb,cEt90b,SNUn3,qddgKe,sTsDMc,dtl0hd,eHDfl,YV5bee,d,csi?cb=121509378:200
(anonymous) @ m=cdos,cr,hsm,jsa,mb4ZUb,cEt90b,SNUn3,qddgKe,sTsDMc,dtl0hd,eHDfl,YV5bee,d,csi?cb=121509378:406
Promise.then
then @ m=cdos,cr,hsm,jsa,mb4ZUb,cEt90b,SNUn3,qddgKe,sTsDMc,dtl0hd,eHDfl,YV5bee,d,csi?cb=121509378:420
sIa @ m=cdos,cr,hsm,jsa,mb4ZUb,cEt90b,SNUn3,qddgKe,sTsDMc,dtl0hd,eHDfl,YV5bee,d,csi?cb=121509378:588
_.wn @ m=cdos,cr,hsm,jsa,mb4ZUb,cEt90b,SNUn3,qddgKe,sTsDMc,dtl0hd,eHDfl,YV5bee,d,csi?cb=121509378:588
W6a @ m=cdos,cr,hsm,jsa,mb4ZUb,cEt90b,SNUn3,qddgKe,sTsDMc,dtl0hd,eHDfl,YV5bee,d,csi?cb=121509378:979
Oza.Ga @ m=cdos,cr,hsm,jsa,mb4ZUb,cEt90b,SNUn3,qddgKe,sTsDMc,dtl0hd,eHDfl,YV5bee,d,csi?cb=121509378:980
M6a @ m=cdos,cr,hsm,jsa,mb4ZUb,cEt90b,SNUn3,qddgKe,sTsDMc,dtl0hd,eHDfl,YV5bee,d,csi?cb=121509378:976
_.N6a @ m=cdos,cr,hsm,jsa,mb4ZUb,cEt90b,SNUn3,qddgKe,sTsDMc,dtl0hd,eHDfl,YV5bee,d,csi?cb=121509378:976
ka @ m=cdos,cr,hsm,jsa,mb4ZUb,cEt90b,SNUn3,qddgKe,sTsDMc,dtl0hd,eHDfl,YV5bee,d,csi?cb=121509378:978
(anonymous) @ m=cdos,cr,hsm,jsa,mb4ZUb,cEt90b,SNUn3,qddgKe,sTsDMc,dtl0hd,eHDfl,YV5bee,d,csi?cb=121509378:977
(anonymous) @ m=cdos,cr,hsm,jsa,mb4ZUb,cEt90b,SNUn3,qddgKe,sTsDMc,dtl0hd,eHDfl,YV5bee,d,csi?cb=121509378:406
setTimeout
setTimeout @ m=cdos,cr,hsm,jsa,mb4ZUb,cEt90b,SNUn3,qddgKe,sTsDMc,dtl0hd,eHDfl,YV5bee,d,csi?cb=121509378:420
V6a @ m=cdos,cr,hsm,jsa,mb4ZUb,cEt90b,SNUn3,qddgKe,sTsDMc,dtl0hd,eHDfl,YV5bee,d,csi?cb=121509378:977
setTimeout @ m=cdos,cr,hsm,jsa,mb4ZUb,cEt90b,SNUn3,qddgKe,sTsDMc,dtl0hd,eHDfl,YV5bee,d,csi?cb=121509378:978
setTimeout @ m=cdos,cr,hsm,jsa,mb4ZUb,cEt90b,SNUn3,qddgKe,sTsDMc,dtl0hd,eHDfl,YV5bee,d,csi?cb=121509378:1001
setTimeout @ m=cdos,cr,hsm,jsa,mb4ZUb,cEt90b,SNUn3,qddgKe,sTsDMc,dtl0hd,eHDfl,YV5bee,d,csi?cb=121509378:1044
setTimeout @ m=cdos,cr,hsm,jsa,mb4ZUb,cEt90b,SNUn3,qddgKe,sTsDMc,dtl0hd,eHDfl,YV5bee,d,csi?cb=121509378:674
(anonymous) @ m=cdos,cr,hsm,jsa,mb4ZUb,cEt90b,SNUn3,qddgKe,sTsDMc,dtl0hd,eHDfl,YV5bee,d,csi?cb=121509378:792
(anonymous) @ m=cdos,cr,hsm,jsa,mb4ZUb,cEt90b,SNUn3,qddgKe,sTsDMc,dtl0hd,eHDfl,YV5bee,d,csi?cb=121509378:792
(anonymous) @ m=cdos,cr,hsm,jsa,mb4ZUb,cEt90b,SNUn3,qddgKe,sTsDMc,dtl0hd,eHDfl,YV5bee,d,csi?cb=121509378:406
(anonymous) @ m=cdos,cr,hsm,jsa,mb4ZUb,cEt90b,SNUn3,qddgKe,sTsDMc,dtl0hd,eHDfl,YV5bee,d,csi?cb=121509378:406
Promise.then
then @ m=cdos,cr,hsm,jsa,mb4ZUb,cEt90b,SNUn3,qddgKe,sTsDMc,dtl0hd,eHDfl,YV5bee,d,csi?cb=121509378:420
catch @ m=cdos,cr,hsm,jsa,mb4ZUb,cEt90b,SNUn3,qddgKe,sTsDMc,dtl0hd,eHDfl,YV5bee,d,csi?cb=121509378:420
oPa @ m=cdos,cr,hsm,jsa,mb4ZUb,cEt90b,SNUn3,qddgKe,sTsDMc,dtl0hd,eHDfl,YV5bee,d,csi?cb=121509378:792
(anonymous) @ m=cdos,cr,hsm,jsa,mb4ZUb,cEt90b,SNUn3,qddgKe,sTsDMc,dtl0hd,eHDfl,YV5bee,d,csi?cb=121509378:792
oa @ m=cdos,cr,hsm,jsa,mb4ZUb,cEt90b,SNUn3,qddgKe,sTsDMc,dtl0hd,eHDfl,YV5bee,d,csi?cb=121509378:977
execute @ m=cdos,cr,hsm,jsa,mb4ZUb,cEt90b,SNUn3,qddgKe,sTsDMc,dtl0hd,eHDfl,YV5bee,d,csi?cb=121509378:977
(anonymous) @ m=cdos,cr,hsm,jsa,mb4ZUb,cEt90b,SNUn3,qddgKe,sTsDMc,dtl0hd,eHDfl,YV5bee,d,csi?cb=121509378:1035
(anonymous) @ m=cdos,cr,hsm,jsa,mb4ZUb,cEt90b,SNUn3,qddgKe,sTsDMc,dtl0hd,eHDfl,YV5bee,d,csi?cb=121509378:406
a.port1.onmessage @ m=cdos,cr,hsm,jsa,mb4ZUb,cEt90b,SNUn3,qddgKe,sTsDMc,dtl0hd,eHDfl,YV5bee,d,csi?cb=121509378:588
postMessage
(anonymous) @ m=cdos,cr,hsm,jsa,mb4ZUb,cEt90b,SNUn3,qddgKe,sTsDMc,dtl0hd,eHDfl,YV5bee,d,csi?cb=121509378:588
_.ie @ m=cdos,cr,hsm,jsa,mb4ZUb,cEt90b,SNUn3,qddgKe,sTsDMc,dtl0hd,eHDfl,YV5bee,d,csi?cb=121509378:200
Acb @ m=cdos,cr,hsm,jsa,mb4ZUb,cEt90b,SNUn3,qddgKe,sTsDMc,dtl0hd,eHDfl,YV5bee,d,csi?cb=121509378:1035
Aa @ m=cdos,cr,hsm,jsa,mb4ZUb,cEt90b,SNUn3,qddgKe,sTsDMc,dtl0hd,eHDfl,YV5bee,d,csi?cb=121509378:1035
ZVa @ m=cdos,cr,hsm,jsa,mb4ZUb,cEt90b,SNUn3,qddgKe,sTsDMc,dtl0hd,eHDfl,YV5bee,d,csi?cb=121509378:1023
(anonymous) @ m=cdos,cr,hsm,jsa,mb4ZUb,cEt90b,SNUn3,qddgKe,sTsDMc,dtl0hd,eHDfl,YV5bee,d,csi?cb=121509378:979
wla @ m=cdos,cr,hsm,jsa,mb4ZUb,cEt90b,SNUn3,qddgKe,sTsDMc,dtl0hd,eHDfl,YV5bee,d,csi?cb=121509378:200
(anonymous) @ m=cdos,cr,hsm,jsa,mb4ZUb,cEt90b,SNUn3,qddgKe,sTsDMc,dtl0hd,eHDfl,YV5bee,d,csi?cb=121509378:406
Promise.then
then @ m=cdos,cr,hsm,jsa,mb4ZUb,cEt90b,SNUn3,qddgKe,sTsDMc,dtl0hd,eHDfl,YV5bee,d,csi?cb=121509378:420
sIa @ m=cdos,cr,hsm,jsa,mb4ZUb,cEt90b,SNUn3,qddgKe,sTsDMc,dtl0hd,eHDfl,YV5bee,d,csi?cb=121509378:588
_.wn @ m=cdos,cr,hsm,jsa,mb4ZUb,cEt90b,SNUn3,qddgKe,sTsDMc,dtl0hd,eHDfl,YV5bee,d,csi?cb=121509378:588
W6a @ m=cdos,cr,hsm,jsa,mb4ZUb,cEt90b,SNUn3,qddgKe,sTsDMc,dtl0hd,eHDfl,YV5bee,d,csi?cb=121509378:979
Oza.Ga @ m=cdos,cr,hsm,jsa,mb4ZUb,cEt90b,SNUn3,qddgKe,sTsDMc,dtl0hd,eHDfl,YV5bee,d,csi?cb=121509378:980
M6a @ m=cdos,cr,hsm,jsa,mb4ZUb,cEt90b,SNUn3,qddgKe,sTsDMc,dtl0hd,eHDfl,YV5bee,d,csi?cb=121509378:976
_.N6a @ m=cdos,cr,hsm,jsa,mb4ZUb,cEt90b,SNUn3,qddgKe,sTsDMc,dtl0hd,eHDfl,YV5bee,d,csi?cb=121509378:976
ka @ m=cdos,cr,hsm,jsa,mb4ZUb,cEt90b,SNUn3,qddgKe,sTsDMc,dtl0hd,eHDfl,YV5bee,d,csi?cb=121509378:978
(anonymous) @ m=cdos,cr,hsm,jsa,mb4ZUb,cEt90b,SNUn3,qddgKe,sTsDMc,dtl0hd,eHDfl,YV5bee,d,csi?cb=121509378:977
(anonymous) @ m=cdos,cr,hsm,jsa,mb4ZUb,cEt90b,SNUn3,qddgKe,sTsDMc,dtl0hd,eHDfl,YV5bee,d,csi?cb=121509378:406
setTimeout
setTimeout @ m=cdos,cr,hsm,jsa,mb4ZUb,cEt90b,SNUn3,qddgKe,sTsDMc,dtl0hd,eHDfl,YV5bee,d,csi?cb=121509378:420
V6a @ m=cdos,cr,hsm,jsa,mb4ZUb,cEt90b,SNUn3,qddgKe,sTsDMc,dtl0hd,eHDfl,YV5bee,d,csi?cb=121509378:977
setTimeout @ m=cdos,cr,hsm,jsa,mb4ZUb,cEt90b,SNUn3,qddgKe,sTsDMc,dtl0hd,eHDfl,YV5bee,d,csi?cb=121509378:978
setTimeout @ m=cdos,cr,hsm,jsa,mb4ZUb,cEt90b,SNUn3,qddgKe,sTsDMc,dtl0hd,eHDfl,YV5bee,d,csi?cb=121509378:1001
setTimeout @ m=cdos,cr,hsm,jsa,mb4ZUb,cEt90b,SNUn3,qddgKe,sTsDMc,dtl0hd,eHDfl,YV5bee,d,csi?cb=121509378:1044
setTimeout @ m=cdos,cr,hsm,jsa,mb4ZUb,cEt90b,SNUn3,qddgKe,sTsDMc,dtl0hd,eHDfl,YV5bee,d,csi?cb=121509378:674
(anonymous) @ m=cdos,cr,hsm,jsa,mb4ZUb,cEt90b,SNUn3,qddgKe,sTsDMc,dtl0hd,eHDfl,YV5bee,d,csi?cb=121509378:792
(anonymous) @ m=cdos,cr,hsm,jsa,mb4ZUb,cEt90b,SNUn3,qddgKe,sTsDMc,dtl0hd,eHDfl,YV5bee,d,csi?cb=121509378:792
(anonymous) @ m=cdos,cr,hsm,jsa,mb4ZUb,cEt90b,SNUn3,qddgKe,sTsDMc,dtl0hd,eHDfl,YV5bee,d,csi?cb=121509378:406
(anonymous) @ m=cdos,cr,hsm,jsa,mb4ZUb,cEt90b,SNUn3,qddgKe,sTsDMc,dtl0hd,eHDfl,YV5bee,d,csi?cb=121509378:406
Promise.then
then @ m=cdos,cr,hsm,jsa,mb4ZUb,cEt90b,SNUn3,qddgKe,sTsDMc,dtl0hd,eHDfl,YV5bee,d,csi?cb=121509378:420
catch @ m=cdos,cr,hsm,jsa,mb4ZUb,cEt90b,SNUn3,qddgKe,sTsDMc,dtl0hd,eHDfl,YV5bee,d,csi?cb=121509378:420
oPa @ m=cdos,cr,hsm,jsa,mb4ZUb,cEt90b,SNUn3,qddgKe,sTsDMc,dtl0hd,eHDfl,YV5bee,d,csi?cb=121509378:792
(anonymous) @ m=cdos,cr,hsm,jsa,mb4ZUb,cEt90b,SNUn3,qddgKe,sTsDMc,dtl0hd,eHDfl,YV5bee,d,csi?cb=121509378:792
oa @ m=cdos,cr,hsm,jsa,mb4ZUb,cEt90b,SNUn3,qddgKe,sTsDMc,dtl0hd,eHDfl,YV5bee,d,csi?cb=121509378:977
execute @ m=cdos,cr,hsm,jsa,mb4ZUb,cEt90b,SNUn3,qddgKe,sTsDMc,dtl0hd,eHDfl,YV5bee,d,csi?cb=121509378:977
(anonymous) @ m=cdos,cr,hsm,jsa,mb4ZUb,cEt90b,SNUn3,qddgKe,sTsDMc,dtl0hd,eHDfl,YV5bee,d,csi?cb=121509378:1035
(anonymous) @ m=cdos,cr,hsm,jsa,mb4ZUb,cEt90b,SNUn3,qddgKe,sTsDMc,dtl0hd,eHDfl,YV5bee,d,csi?cb=121509378:406
a.port1.onmessage @ m=cdos,cr,hsm,jsa,mb4ZUb,cEt90b,SNUn3,qddgKe,sTsDMc,dtl0hd,eHDfl,YV5bee,d,csi?cb=121509378:588
postMessage
(anonymous) @ m=cdos,cr,hsm,jsa,mb4ZUb,cEt90b,SNUn3,qddgKe,sTsDMc,dtl0hd,eHDfl,YV5bee,d,csi?cb=121509378:588
_.ie @ m=cdos,cr,hsm,jsa,mb4ZUb,cEt90b,SNUn3,qddgKe,sTsDMc,dtl0hd,eHDfl,YV5bee,d,csi?cb=121509378:200
Acb @ m=cdos,cr,hsm,jsa,mb4ZUb,cEt90b,SNUn3,qddgKe,sTsDMc,dtl0hd,eHDfl,YV5bee,d,csi?cb=121509378:1035
Aa @ m=cdos,cr,hsm,jsa,mb4ZUb,cEt90b,SNUn3,qddgKe,sTsDMc,dtl0hd,eHDfl,YV5bee,d,csi?cb=121509378:1035
ZVa @ m=cdos,cr,hsm,jsa,mb4ZUb,cEt90b,SNUn3,qddgKe,sTsDMc,dtl0hd,eHDfl,YV5bee,d,csi?cb=121509378:1023
(anonymous) @ m=cdos,cr,hsm,jsa,mb4ZUb,cEt90b,SNUn3,qddgKe,sTsDMc,dtl0hd,eHDfl,YV5bee,d,csi?cb=121509378:979
wla @ m=cdos,cr,hsm,jsa,mb4ZUb,cEt90b,SNUn3,qddgKe,sTsDMc,dtl0hd,eHDfl,YV5bee,d,csi?cb=121509378:200
(anonymous) @ m=cdos,cr,hsm,jsa,mb4ZUb,cEt90b,SNUn3,qddgKe,sTsDMc,dtl0hd,eHDfl,YV5bee,d,csi?cb=121509378:406
Promise.then
then @ m=cdos,cr,hsm,jsa,mb4ZUb,cEt90b,SNUn3,qddgKe,sTsDMc,dtl0hd,eHDfl,YV5bee,d,csi?cb=121509378:420
sIa @ m=cdos,cr,hsm,jsa,mb4ZUb,cEt90b,SNUn3,qddgKe,sTsDMc,dtl0hd,eHDfl,YV5bee,d,csi?cb=121509378:588
_.wn @ m=cdos,cr,hsm,jsa,mb4ZUb,cEt90b,SNUn3,qddgKe,sTsDMc,dtl0hd,eHDfl,YV5bee,d,csi?cb=121509378:588
W6a @ m=cdos,cr,hsm,jsa,mb4ZUb,cEt90b,SNUn3,qddgKe,sTsDMc,dtl0hd,eHDfl,YV5bee,d,csi?cb=121509378:979
Oza.Ga @ m=cdos,cr,hsm,jsa,mb4ZUb,cEt90b,SNUn3,qddgKe,sTsDMc,dtl0hd,eHDfl,YV5bee,d,csi?cb=121509378:980
M6a @ m=cdos,cr,hsm,jsa,mb4ZUb,cEt90b,SNUn3,qddgKe,sTsDMc,dtl0hd,eHDfl,YV5bee,d,csi?cb=121509378:976
_.N6a @ m=cdos,cr,hsm,jsa,mb4ZUb,cEt90b,SNUn3,qddgKe,sTsDMc,dtl0hd,eHDfl,YV5bee,d,csi?cb=121509378:976
ka @ m=cdos,cr,hsm,jsa,mb4ZUb,cEt90b,SNUn3,qddgKe,sTsDMc,dtl0hd,eHDfl,YV5bee,d,csi?cb=121509378:978
(anonymous) @ m=cdos,cr,hsm,jsa,mb4ZUb,cEt90b,SNUn3,qddgKe,sTsDMc,dtl0hd,eHDfl,YV5bee,d,csi?cb=121509378:977
(anonymous) @ m=cdos,cr,hsm,jsa,mb4ZUb,cEt90b,SNUn3,qddgKe,sTsDMc,dtl0hd,eHDfl,YV5bee,d,csi?cb=121509378:406
setTimeout
setTimeout @ m=cdos,cr,hsm,jsa,mb4ZUb,cEt90b,SNUn3,qddgKe,sTsDMc,dtl0hd,eHDfl,YV5bee,d,csi?cb=121509378:420
V6a @ m=cdos,cr,hsm,jsa,mb4ZUb,cEt90b,SNUn3,qddgKe,sTsDMc,dtl0hd,eHDfl,YV5bee,d,csi?cb=121509378:977
setTimeout @ m=cdos,cr,hsm,jsa,mb4ZUb,cEt90b,SNUn3,qddgKe,sTsDMc,dtl0hd,eHDfl,YV5bee,d,csi?cb=121509378:978
setTimeout @ m=cdos,cr,hsm,jsa,mb4ZUb,cEt90b,SNUn3,qddgKe,sTsDMc,dtl0hd,eHDfl,YV5bee,d,csi?cb=121509378:1001
setTimeout @ m=cdos,cr,hsm,jsa,mb4ZUb,cEt90b,SNUn3,qddgKe,sTsDMc,dtl0hd,eHDfl,YV5bee,d,csi?cb=121509378:1044
setTimeout @ m=cdos,cr,hsm,jsa,mb4ZUb,cEt90b,SNUn3,qddgKe,sTsDMc,dtl0hd,eHDfl,YV5bee,d,csi?cb=121509378:674
(anonymous) @ m=cdos,cr,hsm,jsa,mb4ZUb,cEt90b,SNUn3,qddgKe,sTsDMc,dtl0hd,eHDfl,YV5bee,d,csi?cb=121509378:792
(anonymous) @ m=cdos,cr,hsm,jsa,mb4ZUb,cEt90b,SNUn3,qddgKe,sTsDMc,dtl0hd,eHDfl,YV5bee,d,csi?cb=121509378:792
(anonymous) @ m=cdos,cr,hsm,jsa,mb4ZUb,cEt90b,SNUn3,qddgKe,sTsDMc,dtl0hd,eHDfl,YV5bee,d,csi?cb=121509378:406
(anonymous) @ m=cdos,cr,hsm,jsa,mb4ZUb,cEt90b,SNUn3,qddgKe,sTsDMc,dtl0hd,eHDfl,YV5bee,d,csi?cb=121509378:406
Promise.then
then @ m=cdos,cr,hsm,jsa,mb4ZUb,cEt90b,SNUn3,qddgKe,sTsDMc,dtl0hd,eHDfl,YV5bee,d,csi?cb=121509378:420
catch @ m=cdos,cr,hsm,jsa,mb4ZUb,cEt90b,SNUn3,qddgKe,sTsDMc,dtl0hd,eHDfl,YV5bee,d,csi?cb=121509378:420
oPa @ m=cdos,cr,hsm,jsa,mb4ZUb,cEt90b,SNUn3,qddgKe,sTsDMc,dtl0hd,eHDfl,YV5bee,d,csi?cb=121509378:792
(anonymous) @ m=cdos,cr,hsm,jsa,mb4ZUb,cEt90b,SNUn3,qddgKe,sTsDMc,dtl0hd,eHDfl,YV5bee,d,csi?cb=121509378:792
oa @ m=cdos,cr,hsm,jsa,mb4ZUb,cEt90b,SNUn3,qddgKe,sTsDMc,dtl0hd,eHDfl,YV5bee,d,csi?cb=121509378:977
execute @ m=cdos,cr,hsm,jsa,mb4ZUb,cEt90b,SNUn3,qddgKe,sTsDMc,dtl0hd,eHDfl,YV5bee,d,csi?cb=121509378:977
(anonymous) @ m=cdos,cr,hsm,jsa,mb4ZUb,cEt90b,SNUn3,qddgKe,sTsDMc,dtl0hd,eHDfl,YV5bee,d,csi?cb=121509378:1035
(anonymous) @ m=cdos,cr,hsm,jsa,mb4ZUb,cEt90b,SNUn3,qddgKe,sTsDMc,dtl0hd,eHDfl,YV5bee,d,csi?cb=121509378:406
a.port1.onmessage @ m=cdos,cr,hsm,jsa,mb4ZUb,cEt90b,SNUn3,qddgKe,sTsDMc,dtl0hd,eHDfl,YV5bee,d,csi?cb=121509378:588
postMessage
(anonymous) @ m=cdos,cr,hsm,jsa,mb4ZUb,cEt90b,SNUn3,qddgKe,sTsDMc,dtl0hd,eHDfl,YV5bee,d,csi?cb=121509378:588
_.ie @ m=cdos,cr,hsm,jsa,mb4ZUb,cEt90b,SNUn3,qddgKe,sTsDMc,dtl0hd,eHDfl,YV5bee,d,csi?cb=121509378:200
Acb @ m=cdos,cr,hsm,jsa,mb4ZUb,cEt90b,SNUn3,qddgKe,sTsDMc,dtl0hd,eHDfl,YV5bee,d,csi?cb=121509378:1035
Aa @ m=cdos,cr,hsm,jsa,mb4ZUb,cEt90b,SNUn3,qddgKe,sTsDMc,dtl0hd,eHDfl,YV5bee,d,csi?cb=121509378:1035
ZVa @ m=cdos,cr,hsm,jsa,mb4ZUb,cEt90b,SNUn3,qddgKe,sTsDMc,dtl0hd,eHDfl,YV5bee,d,csi?cb=121509378:1023
(anonymous) @ m=cdos,cr,hsm,jsa,mb4ZUb,cEt90b,SNUn3,qddgKe,sTsDMc,dtl0hd,eHDfl,YV5bee,d,csi?cb=121509378:979
wla @ m=cdos,cr,hsm,jsa,mb4ZUb,cEt90b,SNUn3,qddgKe,sTsDMc,dtl0hd,eHDfl,YV5bee,d,csi?cb=121509378:200
(anonymous) @ m=cdos,cr,hsm,jsa,mb4ZUb,cEt90b,SNUn3,qddgKe,sTsDMc,dtl0hd,eHDfl,YV5bee,d,csi?cb=121509378:406
Promise.then
then @ m=cdos,cr,hsm,jsa,mb4ZUb,cEt90b,SNUn3,qddgKe,sTsDMc,dtl0hd,eHDfl,YV5bee,d,csi?cb=121509378:420
sIa @ m=cdos,cr,hsm,jsa,mb4ZUb,cEt90b,SNUn3,qddgKe,sTsDMc,dtl0hd,eHDfl,YV5bee,d,csi?cb=121509378:588
_.wn @ m=cdos,cr,hsm,jsa,mb4ZUb,cEt90b,SNUn3,qddgKe,sTsDMc,dtl0hd,eHDfl,YV5bee,d,csi?cb=121509378:588
W6a @ m=cdos,cr,hsm,jsa,mb4ZUb,cEt90b,SNUn3,qddgKe,sTsDMc,dtl0hd,eHDfl,YV5bee,d,csi?cb=121509378:979
Oza.Ga @ m=cdos,cr,hsm,jsa,mb4ZUb,cEt90b,SNUn3,qddgKe,sTsDMc,dtl0hd,eHDfl,YV5bee,d,csi?cb=121509378:980
M6a @ m=cdos,cr,hsm,jsa,mb4ZUb,cEt90b,SNUn3,qddgKe,sTsDMc,dtl0hd,eHDfl,YV5bee,d,csi?cb=121509378:976
_.N6a @ m=cdos,cr,hsm,jsa,mb4ZUb,cEt90b,SNUn3,qddgKe,sTsDMc,dtl0hd,eHDfl,YV5bee,d,csi?cb=121509378:976
ka @ m=cdos,cr,hsm,jsa,mb4ZUb,cEt90b,SNUn3,qddgKe,sTsDMc,dtl0hd,eHDfl,YV5bee,d,csi?cb=121509378:978
(anonymous) @ m=cdos,cr,hsm,jsa,mb4ZUb,cEt90b,SNUn3,qddgKe,sTsDMc,dtl0hd,eHDfl,YV5bee,d,csi?cb=121509378:977
(anonymous) @ m=cdos,cr,hsm,jsa,mb4ZUb,cEt90b,SNUn3,qddgKe,sTsDMc,dtl0hd,eHDfl,YV5bee,d,csi?cb=121509378:406
setTimeout
setTimeout @ m=cdos,cr,hsm,jsa,mb4ZUb,cEt90b,SNUn3,qddgKe,sTsDMc,dtl0hd,eHDfl,YV5bee,d,csi?cb=121509378:420
V6a @ m=cdos,cr,hsm,jsa,mb4ZUb,cEt90b,SNUn3,qddgKe,sTsDMc,dtl0hd,eHDfl,YV5bee,d,csi?cb=121509378:977
setTimeout @ m=cdos,cr,hsm,jsa,mb4ZUb,cEt90b,SNUn3,qddgKe,sTsDMc,dtl0hd,eHDfl,YV5bee,d,csi?cb=121509378:978
setTimeout @ m=cdos,cr,hsm,jsa,mb4ZUb,cEt90b,SNUn3,qddgKe,sTsDMc,dtl0hd,eHDfl,YV5bee,d,csi?cb=121509378:1001
setTimeout @ m=cdos,cr,hsm,jsa,mb4ZUb,cEt90b,SNUn3,qddgKe,sTsDMc,dtl0hd,eHDfl,YV5bee,d,csi?cb=121509378:1044
setTimeout @ m=cdos,cr,hsm,jsa,mb4ZUb,cEt90b,SNUn3,qddgKe,sTsDMc,dtl0hd,eHDfl,YV5bee,d,csi?cb=121509378:674
(anonymous) @ m=cdos,cr,hsm,jsa,mb4ZUb,cEt90b,SNUn3,qddgKe,sTsDMc,dtl0hd,eHDfl,YV5bee,d,csi?cb=121509378:792
(anonymous) @ m=cdos,cr,hsm,jsa,mb4ZUb,cEt90b,SNUn3,qddgKe,sTsDMc,dtl0hd,eHDfl,YV5bee,d,csi?cb=121509378:792
(anonymous) @ m=cdos,cr,hsm,jsa,mb4ZUb,cEt90b,SNUn3,qddgKe,sTsDMc,dtl0hd,eHDfl,YV5bee,d,csi?cb=121509378:406
(anonymous) @ m=cdos,cr,hsm,jsa,mb4ZUb,cEt90b,SNUn3,qddgKe,sTsDMc,dtl0hd,eHDfl,YV5bee,d,csi?cb=121509378:406
Promise.then
then @ m=cdos,cr,hsm,jsa,mb4ZUb,cEt90b,SNUn3,qddgKe,sTsDMc,dtl0hd,eHDfl,YV5bee,d,csi?cb=121509378:420
catch @ m=cdos,cr,hsm,jsa,mb4ZUb,cEt90b,SNUn3,qddgKe,sTsDMc,dtl0hd,eHDfl,YV5bee,d,csi?cb=121509378:420
oPa @ m=cdos,cr,hsm,jsa,mb4ZUb,cEt90b,SNUn3,qddgKe,sTsDMc,dtl0hd,eHDfl,YV5bee,d,csi?cb=121509378:792
iPa @ m=cdos,cr,hsm,jsa,mb4ZUb,cEt90b,SNUn3,qddgKe,sTsDMc,dtl0hd,eHDfl,YV5bee,d,csi?cb=121509378:784
kPa @ m=cdos,cr,hsm,jsa,mb4ZUb,cEt90b,SNUn3,qddgKe,sTsDMc,dtl0hd,eHDfl,YV5bee,d,csi?cb=121509378:780
ePa @ m=cdos,cr,hsm,jsa,mb4ZUb,cEt90b,SNUn3,qddgKe,sTsDMc,dtl0hd,eHDfl,YV5bee,d,csi?cb=121509378:782
uMa @ m=cdos,cr,hsm,jsa,mb4ZUb,cEt90b,SNUn3,qddgKe,sTsDMc,dtl0hd,eHDfl,YV5bee,d,csi?cb=121509378:779
go.Oa @ m=cdos,cr,hsm,jsa,mb4ZUb,cEt90b,SNUn3,qddgKe,sTsDMc,dtl0hd,eHDfl,YV5bee,d,csi?cb=121509378:712
sMa @ m=cdos,cr,hsm,jsa,mb4ZUb,cEt90b,SNUn3,qddgKe,sTsDMc,dtl0hd,eHDfl,YV5bee,d,csi?cb=121509378:711
Mta @ m=cdos,cr,hsm,jsa,mb4ZUb,cEt90b,SNUn3,qddgKe,sTsDMc,dtl0hd,eHDfl,YV5bee,d,csi?cb=121509378:710
_.Ota @ m=cdos,cr,hsm,jsa,mb4ZUb,cEt90b,SNUn3,qddgKe,sTsDMc,dtl0hd,eHDfl,YV5bee,d,csi?cb=121509378:321
thl @ m=cdos,cr,hsm,jsa,mb4ZUb,cEt90b,SNUn3,qddgKe,sTsDMc,dtl0hd,eHDfl,YV5bee,d,csi?cb=121509378:2798
(anonymous) @ m=cdos,cr,hsm,jsa,mb4ZUb,cEt90b,SNUn3,qddgKe,sTsDMc,dtl0hd,eHDfl,YV5bee,d,csi?cb=121509378:2799
(anonymous) @ m=cdos,cr,hsm,jsa,mb4ZUb,cEt90b,SNUn3,qddgKe,sTsDMc,dtl0hd,eHDfl,YV5bee,d,csi?cb=121509378:406
Promise.then
then @ m=cdos,cr,hsm,jsa,mb4ZUb,cEt90b,SNUn3,qddgKe,sTsDMc,dtl0hd,eHDfl,YV5bee,d,csi?cb=121509378:420
whl @ m=cdos,cr,hsm,jsa,mb4ZUb,cEt90b,SNUn3,qddgKe,sTsDMc,dtl0hd,eHDfl,YV5bee,d,csi?cb=121509378:2799
xhl @ m=cdos,cr,hsm,jsa,mb4ZUb,cEt90b,SNUn3,qddgKe,sTsDMc,dtl0hd,eHDfl,YV5bee,d,csi?cb=121509378:2799
(anonymous) @ m=cdos,cr,hsm,jsa,mb4ZUb,cEt90b,SNUn3,qddgKe,sTsDMc,dtl0hd,eHDfl,YV5bee,d,csi?cb=121509378:2800
(anonymous) @ m=cdos,cr,hsm,jsa,mb4ZUb,cEt90b,SNUn3,qddgKe,sTsDMc,dtl0hd,eHDfl,YV5bee,d,csi?cb=121509378:2800
(anonymous) @ m=cdos,cr,hsm,jsa,mb4ZUb,cEt90b,SNUn3,qddgKe,sTsDMc,dtl0hd,eHDfl,YV5bee,d,csi?cb=121509378:406
e.wa @ m=cdos,cr,hsm,jsa,mb4ZUb,cEt90b,SNUn3,qddgKe,sTsDMc,dtl0hd,eHDfl,YV5bee,d,csi?cb=121509378:594
QIa @ m=cdos,cr,hsm,jsa,mb4ZUb,cEt90b,SNUn3,qddgKe,sTsDMc,dtl0hd,eHDfl,YV5bee,d,csi?cb=121509378:597
MIa @ m=cdos,cr,hsm,jsa,mb4ZUb,cEt90b,SNUn3,qddgKe,sTsDMc,dtl0hd,eHDfl,YV5bee,d,csi?cb=121509378:597
_.Lg.t4a @ m=cdos,cr,hsm,jsa,mb4ZUb,cEt90b,SNUn3,qddgKe,sTsDMc,dtl0hd,eHDfl,YV5bee,d,csi?cb=121509378:597
wla @ m=cdos,cr,hsm,jsa,mb4ZUb,cEt90b,SNUn3,qddgKe,sTsDMc,dtl0hd,eHDfl,YV5bee,d,csi?cb=121509378:200
(anonymous) @ m=cdos,cr,hsm,jsa,mb4ZUb,cEt90b,SNUn3,qddgKe,sTsDMc,dtl0hd,eHDfl,YV5bee,d,csi?cb=121509378:406
Promise.then
then @ m=cdos,cr,hsm,jsa,mb4ZUb,cEt90b,SNUn3,qddgKe,sTsDMc,dtl0hd,eHDfl,YV5bee,d,csi?cb=121509378:420
sIa @ m=cdos,cr,hsm,jsa,mb4ZUb,cEt90b,SNUn3,qddgKe,sTsDMc,dtl0hd,eHDfl,YV5bee,d,csi?cb=121509378:588
_.wn @ m=cdos,cr,hsm,jsa,mb4ZUb,cEt90b,SNUn3,qddgKe,sTsDMc,dtl0hd,eHDfl,YV5bee,d,csi?cb=121509378:588
W6a @ m=cdos,cr,hsm,jsa,mb4ZUb,cEt90b,SNUn3,qddgKe,sTsDMc,dtl0hd,eHDfl,YV5bee,d,csi?cb=121509378:979
Oza.Ga @ m=cdos,cr,hsm,jsa,mb4ZUb,cEt90b,SNUn3,qddgKe,sTsDMc,dtl0hd,eHDfl,YV5bee,d,csi?cb=121509378:980
M6a @ m=cdos,cr,hsm,jsa,mb4ZUb,cEt90b,SNUn3,qddgKe,sTsDMc,dtl0hd,eHDfl,YV5bee,d,csi?cb=121509378:976
execute @ m=cdos,cr,hsm,jsa,mb4ZUb,cEt90b,SNUn3,qddgKe,sTsDMc,dtl0hd,eHDfl,YV5bee,d,csi?cb=121509378:977
(anonymous) @ m=cdos,cr,hsm,jsa,mb4ZUb,cEt90b,SNUn3,qddgKe,sTsDMc,dtl0hd,eHDfl,YV5bee,d,csi?cb=121509378:1035
(anonymous) @ m=cdos,cr,hsm,jsa,mb4ZUb,cEt90b,SNUn3,qddgKe,sTsDMc,dtl0hd,eHDfl,YV5bee,d,csi?cb=121509378:406
a.port1.onmessage @ m=cdos,cr,hsm,jsa,mb4ZUb,cEt90b,SNUn3,qddgKe,sTsDMc,dtl0hd,eHDfl,YV5bee,d,csi?cb=121509378:588
postMessage
(anonymous) @ m=cdos,cr,hsm,jsa,mb4ZUb,cEt90b,SNUn3,qddgKe,sTsDMc,dtl0hd,eHDfl,YV5bee,d,csi?cb=121509378:588
_.ie @ m=cdos,cr,hsm,jsa,mb4ZUb,cEt90b,SNUn3,qddgKe,sTsDMc,dtl0hd,eHDfl,YV5bee,d,csi?cb=121509378:200
Acb @ m=cdos,cr,hsm,jsa,mb4ZUb,cEt90b,SNUn3,qddgKe,sTsDMc,dtl0hd,eHDfl,YV5bee,d,csi?cb=121509378:1035
Aa @ m=cdos,cr,hsm,jsa,mb4ZUb,cEt90b,SNUn3,qddgKe,sTsDMc,dtl0hd,eHDfl,YV5bee,d,csi?cb=121509378:1035
ZVa @ m=cdos,cr,hsm,jsa,mb4ZUb,cEt90b,SNUn3,qddgKe,sTsDMc,dtl0hd,eHDfl,YV5bee,d,csi?cb=121509378:1023
(anonymous) @ m=cdos,cr,hsm,jsa,mb4ZUb,cEt90b,SNUn3,qddgKe,sTsDMc,dtl0hd,eHDfl,YV5bee,d,csi?cb=121509378:979
wla @ m=cdos,cr,hsm,jsa,mb4ZUb,cEt90b,SNUn3,qddgKe,sTsDMc,dtl0hd,eHDfl,YV5bee,d,csi?cb=121509378:200
(anonymous) @ m=cdos,cr,hsm,jsa,mb4ZUb,cEt90b,SNUn3,qddgKe,sTsDMc,dtl0hd,eHDfl,YV5bee,d,csi?cb=121509378:406
Promise.then
then @ m=cdos,cr,hsm,jsa,mb4ZUb,cEt90b,SNUn3,qddgKe,sTsDMc,dtl0hd,eHDfl,YV5bee,d,csi?cb=121509378:420
sIa @ m=cdos,cr,hsm,jsa,mb4ZUb,cEt90b,SNUn3,qddgKe,sTsDMc,dtl0hd,eHDfl,YV5bee,d,csi?cb=121509378:588
_.wn @ m=cdos,cr,hsm,jsa,mb4ZUb,cEt90b,SNUn3,qddgKe,sTsDMc,dtl0hd,eHDfl,YV5bee,d,csi?cb=121509378:588
NIa @ m=cdos,cr,hsm,jsa,mb4ZUb,cEt90b,SNUn3,qddgKe,sTsDMc,dtl0hd,eHDfl,YV5bee,d,csi?cb=121509378:596
_.Lg.OP @ m=cdos,cr,hsm,jsa,mb4ZUb,cEt90b,SNUn3,qddgKe,sTsDMc,dtl0hd,eHDfl,YV5bee,d,csi?cb=121509378:595
(anonymous) @ m=cdos,cr,hsm,jsa,mb4ZUb,cEt90b,SNUn3,qddgKe,sTsDMc,dtl0hd,eHDfl,YV5bee,d,csi?cb=121509378:589
AXa @ m=cdos,cr,hsm,jsa,mb4ZUb,cEt90b,SNUn3,qddgKe,sTsDMc,dtl0hd,eHDfl,YV5bee,d,csi?cb=121509378:945
initialize @ m=cdos,cr,hsm,jsa,mb4ZUb,cEt90b,SNUn3,qddgKe,sTsDMc,dtl0hd,eHDfl,YV5bee,d,csi?cb=121509378:946
_.aa.onLoad @ m=cdos,cr,hsm,jsa,mb4ZUb,cEt90b,SNUn3,qddgKe,sTsDMc,dtl0hd,eHDfl,YV5bee,d,csi?cb=121509378:699
oMa @ m=cdos,cr,hsm,jsa,mb4ZUb,cEt90b,SNUn3,qddgKe,sTsDMc,dtl0hd,eHDfl,YV5bee,d,csi?cb=121509378:714
go.Abb @ m=cdos,cr,hsm,jsa,mb4ZUb,cEt90b,SNUn3,qddgKe,sTsDMc,dtl0hd,eHDfl,YV5bee,d,csi?cb=121509378:705
_._ModuleManager_initialize @ m=cdos,cr,hsm,jsa,mb4ZUb,cEt90b,SNUn3,qddgKe,sTsDMc,dtl0hd,eHDfl,YV5bee,d,csi?cb=121509378:1046
(anonymous) @ m=cdos,cr,hsm,jsa,mb4ZUb,cEt90b,SNUn3,qddgKe,sTsDMc,dtl0hd,eHDfl,YV5bee,d,csi?cb=121509378:1047
(anonymous) @ m=cdos,cr,hsm,jsa,mb4ZUb,cEt90b,SNUn3,qddgKe,sTsDMc,dtl0hd,eHDfl,YV5bee,d,csi?cb=121509378:2881
engine.js:173 [lux] Scramjet controller init failed, using server-proxy fallback: Class constructor EpoxyTransport cannot be invoked without 'new'
tryInitController @ engine.js:173
await in tryInitController
init @ engine.js:195
await in init
mount @ engine.js:203
mountTab @ tab-nav.js:33
navigateTab @ tabs.js:142
await in navigateTab
launchGameUrl @ games.js:251
card.onclick @ games.js:241
engine.js:173 [lux] Scramjet controller init failed, using server-proxy fallback: Class constructor EpoxyTransport cannot be invoked without 'new'
tryInitController @ engine.js:173
await in tryInitController
init @ engine.js:195
await in init
navigateTab @ tabs.js:141
await in navigateTab
launchGameUrl @ games.js:251
card.onclick @ games.js:241
sj-proxy?url=https%3A%2F%2Fplay2048.co:1 Access to script at 'https://play2048.co/assets/webworkerAll-DiQc7Pzb.js' from origin 'http://localhost:8080' has been blocked by CORS policy: The 'Access-Control-Allow-Origin' header has a value 'https://play2048.co' that is not equal to the supplied origin.
sj-proxy?url=https%3A%2F%2Fplay2048.co:1  GET https://play2048.co/assets/webworkerAll-DiQc7Pzb.js net::ERR_FAILED 200 (OK)
sj-proxy?url=https%3A%2F%2Fplay2048.co:1 Access to script at 'https://play2048.co/assets/worker-Dj2Ckt83.js' from origin 'http://localhost:8080' has been blocked by CORS policy: The 'Access-Control-Allow-Origin' header has a value 'https://play2048.co' that is not equal to the supplied origin.
sj-proxy?url=https%3A%2F%2Fplay2048.co:1  GET https://play2048.co/assets/worker-Dj2Ckt83.js net::ERR_FAILED 200 (OK)
sj-proxy?url=https%3A%2F%2Fplay2048.co:1 Access to CSS stylesheet at 'https://play2048.co/assets/index-C2LZFHx5.css' from origin 'http://localhost:8080' has been blocked by CORS policy: The 'Access-Control-Allow-Origin' header has a value 'https://play2048.co' that is not equal to the supplied origin.
sj-proxy?url=https%3A%2F%2Fplay2048.co:1  GET https://play2048.co/assets/index-C2LZFHx5.css net::ERR_FAILED 200 (OK)
sj-proxy?url=https%3A%2F%2Fplay2048.co:1 Access to script at 'https://play2048.co/assets/DocumentLayoutHeading-GjZMc3Ij.js' from origin 'http://localhost:8080' has been blocked by CORS policy: The 'Access-Control-Allow-Origin' header has a value 'https://play2048.co' that is not equal to the supplied origin.
sj-proxy?url=https%3A%2F%2Fplay2048.co:1  GET https://play2048.co/assets/DocumentLayoutHeading-GjZMc3Ij.js net::ERR_FAILED 200 (OK)
sj-proxy?url=https%3A%2F%2Fplay2048.co:1 Access to script at 'https://play2048.co/assets/browserAll-DWwuv2yr.js' from origin 'http://localhost:8080' has been blocked by CORS policy: The 'Access-Control-Allow-Origin' header has a value 'https://play2048.co' that is not equal to the supplied origin.
sj-proxy?url=https%3A%2F%2Fplay2048.co:1  GET https://play2048.co/assets/browserAll-DWwuv2yr.js net::ERR_FAILED 200 (OK)
sj-proxy?url=https%3A%2F%2Fplay2048.co:1 Access to script at 'https://play2048.co/assets/MessageBroker-BxZj_htU.js' from origin 'http://localhost:8080' has been blocked by CORS policy: The 'Access-Control-Allow-Origin' header has a value 'https://play2048.co' that is not equal to the supplied origin.
sj-proxy?url=https%3A%2F%2Fplay2048.co:1  GET https://play2048.co/assets/MessageBroker-BxZj_htU.js net::ERR_FAILED 200 (OK)
sj-proxy?url=https%3A%2F%2Fplay2048.co:1 Access to script at 'https://play2048.co/assets/index-BWosAPMK.js' from origin 'http://localhost:8080' has been blocked by CORS policy: The 'Access-Control-Allow-Origin' header has a value 'https://play2048.co' that is not equal to the supplied origin.
sj-proxy?url=https%3A%2F%2Fplay2048.co:1  GET https://play2048.co/assets/index-BWosAPMK.js net::ERR_FAILED 200 (OK)
sj-proxy?url=https%3A%2F%2Fplay2048.co:1 Access to script at 'https://play2048.co/assets/index-B5GhUa36.js' from origin 'http://localhost:8080' has been blocked by CORS policy: The 'Access-Control-Allow-Origin' header has a value 'https://play2048.co' that is not equal to the supplied origin.
sj-proxy?url=https%3A%2F%2Fplay2048.co:1  GET https://play2048.co/assets/index-B5GhUa36.js net::ERR_FAILED 200 (OK)
sj-proxy?url=https%3A%2F%2Fplay2048.co:1 Access to script at 'https://play2048.co/assets/index-CVWNdFEq.js' from origin 'http://localhost:8080' has been blocked by CORS policy: The 'Access-Control-Allow-Origin' header has a value 'https://play2048.co' that is not equal to the supplied origin.
sj-proxy?url=https%3A%2F%2Fplay2048.co:1  GET https://play2048.co/assets/index-CVWNdFEq.js net::ERR_FAILED 200 (OK)
sj-proxy?url=https%3A%2F%2Fplay2048.co:1 Access to script at 'https://play2048.co/assets/pixi.js-CVRYTWmK.js' from origin 'http://localhost:8080' has been blocked by CORS policy: The 'Access-Control-Allow-Origin' header has a value 'https://play2048.co' that is not equal to the supplied origin.
sj-proxy?url=https%3A%2F%2Fplay2048.co:1  GET https://play2048.co/assets/pixi.js-CVRYTWmK.js net::ERR_FAILED 200 (OK)
sj-proxy?url=https%3A%2F%2Fplay2048.co:1 Access to script at 'https://play2048.co/assets/index-B5GhUa36.js' from origin 'http://localhost:8080' has been blocked by CORS policy: The 'Access-Control-Allow-Origin' header has a value 'https://play2048.co' that is not equal to the supplied origin.
sj-proxy?url=https%3A%2F%2Fplay2048.co:1  GET https://play2048.co/assets/index-B5GhUa36.js net::ERR_FAILED
sj-proxy?url=https%3A%2F%2Fplay2048.co:1 Access to script at 'https://play2048.co/assets/index-CVWNdFEq.js' from origin 'http://localhost:8080' has been blocked by CORS policy: The 'Access-Control-Allow-Origin' header has a value 'https://play2048.co' that is not equal to the supplied origin.
sj-proxy?url=https%3A%2F%2Fplay2048.co:1  GET https://play2048.co/assets/index-CVWNdFEq.js net::ERR_FAILED
sj-proxy?url=https%3A%2F%2Fplay2048.co:1 Access to font at 'https://play2048.co/Rubik-VariableWeight.woff2' from origin 'http://localhost:8080' has been blocked by CORS policy: The 'Access-Control-Allow-Origin' header has a value 'https://play2048.co' that is not equal to the supplied origin.
sj-proxy?url=https%3A%2F%2Fplay2048.co:1  GET https://play2048.co/Rubik-VariableWeight.woff2 net::ERR_FAILED 200 (OK)
sj-proxy?url=https%3A%2F%2Fplay2048.co:1 Access to font at 'https://play2048.co/Rubik-VariableWeight.woff2' from origin 'http://localhost:8080' has been blocked by CORS policy: The 'Access-Control-Allow-Origin' header has a value 'https://play2048.co' that is not equal to the supplied origin.
sj-proxy?url=https%3A%2F%2Fplay2048.co:1  GET https://play2048.co/Rubik-VariableWeight.woff2 net::ERR_FAILED
sj-proxy?url=https%3A%2F%2Fplay2048.co:1 Access to CSS stylesheet at 'https://play2048.co/assets/index-C2LZFHx5.css' from origin 'http://localhost:8080' has been blocked by CORS policy: The 'Access-Control-Allow-Origin' header has a value 'https://play2048.co' that is not equal to the supplied origin.
sj-proxy?url=https%3A%2F%2Fplay2048.co:1  GET https://play2048.co/assets/index-C2LZFHx5.css net::ERR_FAILED 200 (OK)
sj-proxy?url=https%3A%2F%2Fplay2048.co:1 Access to script at 'https://play2048.co/assets/index-BWosAPMK.js' from origin 'http://localhost:8080' has been blocked by CORS policy: The 'Access-Control-Allow-Origin' header has a value 'https://play2048.co' that is not equal to the supplied origin.
sj-proxy?url=https%3A%2F%2Fplay2048.co:1  GET https://play2048.co/assets/index-BWosAPMK.js net::ERR_FAILED 200 (OK)
sj-proxy?url=https%3A%2F%2Fplay2048.co:1 Access to script at 'https://play2048.co/assets/DocumentLayoutHeading-GjZMc3Ij.js' from origin 'http://localhost:8080' has been blocked by CORS policy: The 'Access-Control-Allow-Origin' header has a value 'https://play2048.co' that is not equal to the supplied origin.
sj-proxy?url=https%3A%2F%2Fplay2048.co:1  GET https://play2048.co/assets/DocumentLayoutHeading-GjZMc3Ij.js net::ERR_FAILED 200 (OK)
sj-proxy?url=https%3A%2F%2Fplay2048.co:1 Access to script at 'https://play2048.co/assets/worker-Dj2Ckt83.js' from origin 'http://localhost:8080' has been blocked by CORS policy: The 'Access-Control-Allow-Origin' header has a value 'https://play2048.co' that is not equal to the supplied origin.
sj-proxy?url=https%3A%2F%2Fplay2048.co:1  GET https://play2048.co/assets/worker-Dj2Ckt83.js net::ERR_FAILED 200 (OK)
sj-proxy?url=https%3A%2F%2Fplay2048.co:1 Access to script at 'https://play2048.co/assets/MessageBroker-BxZj_htU.js' from origin 'http://localhost:8080' has been blocked by CORS policy: The 'Access-Control-Allow-Origin' header has a value 'https://play2048.co' that is not equal to the supplied origin.
sj-proxy?url=https%3A%2F%2Fplay2048.co:1  GET https://play2048.co/assets/MessageBroker-BxZj_htU.js net::ERR_FAILED 200 (OK)
sj-proxy?url=https%3A%2F%2Fplay2048.co:1 Access to script at 'https://play2048.co/assets/webworkerAll-DiQc7Pzb.js' from origin 'http://localhost:8080' has been blocked by CORS policy: The 'Access-Control-Allow-Origin' header has a value 'https://play2048.co' that is not equal to the supplied origin.
sj-proxy?url=https%3A%2F%2Fplay2048.co:1  GET https://play2048.co/assets/webworkerAll-DiQc7Pzb.js net::ERR_FAILED 200 (OK)
sj-proxy?url=https%3A%2F%2Fplay2048.co:1 Access to script at 'https://play2048.co/assets/browserAll-DWwuv2yr.js' from origin 'http://localhost:8080' has been blocked by CORS policy: The 'Access-Control-Allow-Origin' header has a value 'https://play2048.co' that is not equal to the supplied origin.
sj-proxy?url=https%3A%2F%2Fplay2048.co:1  GET https://play2048.co/assets/browserAll-DWwuv2yr.js net::ERR_FAILED 200 (OK)
sj-proxy?url=https%3A%2F%2Fplay2048.co:1 Access to script at 'https://play2048.co/assets/pixi.js-CVRYTWmK.js' from origin 'http://localhost:8080' has been blocked by CORS policy: The 'Access-Control-Allow-Origin' header has a value 'https://play2048.co' that is not equal to the supplied origin.
sj-proxy?url=https%3A%2F%2Fplay2048.co:1  GET https://play2048.co/assets/pixi.js-CVRYTWmK.js net::ERR_FAILED 200 (OK)
b9a997ab-59ea-45a8-96a1-a0f48e89b224.js:7  GET https://keywords.pubnation.com/keyword?pageUrl=http://localhost:8080/sj-proxy 400 (Bad Request)
(anonymous) @ b9a997ab-59ea-45a8-96a1-a0f48e89b224.js:7
fetch @ b9a997ab-59ea-45a8-96a1-a0f48e89b224.js:7
s @ b9a997ab-59ea-45a8-96a1-a0f48e89b224.js:7
(anonymous) @ b9a997ab-59ea-45a8-96a1-a0f48e89b224.js:7
fetchJson @ b9a997ab-59ea-45a8-96a1-a0f48e89b224.js:7
(anonymous) @ b9a997ab-59ea-45a8-96a1-a0f48e89b224.js:7
Promise.then
(anonymous) @ b9a997ab-59ea-45a8-96a1-a0f48e89b224.js:7
(anonymous) @ b9a997ab-59ea-45a8-96a1-a0f48e89b224.js:7
(anonymous) @ b9a997ab-59ea-45a8-96a1-a0f48e89b224.js:7
sj-proxy?url=https%3A%2F%2Fgoogle.com:1 Access to XMLHttpRequest at 'https://play.google.com/log?format=json&hasfast=true' from origin 'http://localhost:8080' has been blocked by CORS policy: The 'Access-Control-Allow-Origin' header has a value 'http://play.google.com' that is not equal to the supplied origin.
m=cdos,cr,hsm,jsa,mb4ZUb,cEt90b,SNUn3,qddgKe,sTsDMc,dtl0hd,eHDfl,YV5bee,d,csi?cb=121509378:422  POST https://play.google.com/log?format=json&hasfast=true net::ERR_FAILED 200 (OK)
(anonymous) @ m=cdos,cr,hsm,jsa,mb4ZUb,cEt90b,SNUn3,qddgKe,sTsDMc,dtl0hd,eHDfl,YV5bee,d,csi?cb=121509378:422
_.rh.send @ rs=AA2YrTsQS372_IBtlHypMBVngIiWg5aPdw:120
_.vh @ rs=AA2YrTsQS372_IBtlHypMBVngIiWg5aPdw:117
send @ rs=AA2YrTsQS372_IBtlHypMBVngIiWg5aPdw:123
m @ rs=AA2YrTsQS372_IBtlHypMBVngIiWg5aPdw:102
flush @ rs=AA2YrTsQS372_IBtlHypMBVngIiWg5aPdw:102
c @ rs=AA2YrTsQS372_IBtlHypMBVngIiWg5aPdw:90
sf @ rs=AA2YrTsQS372_IBtlHypMBVngIiWg5aPdw:82
(anonymous) @ rs=AA2YrTsQS372_IBtlHypMBVngIiWg5aPdw:82
(anonymous) @ m=cdos,cr,hsm,jsa,mb4ZUb,cEt90b,SNUn3,qddgKe,sTsDMc,dtl0hd,eHDfl,YV5bee,d,csi?cb=121509378:406
setTimeout
setTimeout @ m=cdos,cr,hsm,jsa,mb4ZUb,cEt90b,SNUn3,qddgKe,sTsDMc,dtl0hd,eHDfl,YV5bee,d,csi?cb=121509378:420
start @ rs=AA2YrTsQS372_IBtlHypMBVngIiWg5aPdw:82
l @ rs=AA2YrTsQS372_IBtlHypMBVngIiWg5aPdw:101
(anonymous) @ rs=AA2YrTsQS372_IBtlHypMBVngIiWg5aPdw:123
nh @ rs=AA2YrTsQS372_IBtlHypMBVngIiWg5aPdw:117
_.p.dispatchEvent @ rs=AA2YrTsQS372_IBtlHypMBVngIiWg5aPdw:115
xh @ rs=AA2YrTsQS372_IBtlHypMBVngIiWg5aPdw:120
zh @ rs=AA2YrTsQS372_IBtlHypMBVngIiWg5aPdw:122
_.rh.P @ rs=AA2YrTsQS372_IBtlHypMBVngIiWg5aPdw:121
_.rh.M @ rs=AA2YrTsQS372_IBtlHypMBVngIiWg5aPdw:121
XMLHttpRequest.send
(anonymous) @ m=cdos,cr,hsm,jsa,mb4ZUb,cEt90b,SNUn3,qddgKe,sTsDMc,dtl0hd,eHDfl,YV5bee,d,csi?cb=121509378:422
_.rh.send @ rs=AA2YrTsQS372_IBtlHypMBVngIiWg5aPdw:120
_.vh @ rs=AA2YrTsQS372_IBtlHypMBVngIiWg5aPdw:117
send @ rs=AA2YrTsQS372_IBtlHypMBVngIiWg5aPdw:123
m @ rs=AA2YrTsQS372_IBtlHypMBVngIiWg5aPdw:102
flush @ rs=AA2YrTsQS372_IBtlHypMBVngIiWg5aPdw:102
c @ rs=AA2YrTsQS372_IBtlHypMBVngIiWg5aPdw:90
sf @ rs=AA2YrTsQS372_IBtlHypMBVngIiWg5aPdw:82
(anonymous) @ rs=AA2YrTsQS372_IBtlHypMBVngIiWg5aPdw:82
(anonymous) @ m=cdos,cr,hsm,jsa,mb4ZUb,cEt90b,SNUn3,qddgKe,sTsDMc,dtl0hd,eHDfl,YV5bee,d,csi?cb=121509378:406
setTimeout
setTimeout @ m=cdos,cr,hsm,jsa,mb4ZUb,cEt90b,SNUn3,qddgKe,sTsDMc,dtl0hd,eHDfl,YV5bee,d,csi?cb=121509378:420
start @ rs=AA2YrTsQS372_IBtlHypMBVngIiWg5aPdw:82
l @ rs=AA2YrTsQS372_IBtlHypMBVngIiWg5aPdw:101
(anonymous) @ rs=AA2YrTsQS372_IBtlHypMBVngIiWg5aPdw:123
nh @ rs=AA2YrTsQS372_IBtlHypMBVngIiWg5aPdw:117
_.p.dispatchEvent @ rs=AA2YrTsQS372_IBtlHypMBVngIiWg5aPdw:115
xh @ rs=AA2YrTsQS372_IBtlHypMBVngIiWg5aPdw:120
zh @ rs=AA2YrTsQS372_IBtlHypMBVngIiWg5aPdw:122
_.rh.P @ rs=AA2YrTsQS372_IBtlHypMBVngIiWg5aPdw:121
_.rh.M @ rs=AA2YrTsQS372_IBtlHypMBVngIiWg5aPdw:121
XMLHttpRequest.send
(anonymous) @ m=cdos,cr,hsm,jsa,mb4ZUb,cEt90b,SNUn3,qddgKe,sTsDMc,dtl0hd,eHDfl,YV5bee,d,csi?cb=121509378:422
_.rh.send @ rs=AA2YrTsQS372_IBtlHypMBVngIiWg5aPdw:120
_.vh @ rs=AA2YrTsQS372_IBtlHypMBVngIiWg5aPdw:117
send @ rs=AA2YrTsQS372_IBtlHypMBVngIiWg5aPdw:123
m @ rs=AA2YrTsQS372_IBtlHypMBVngIiWg5aPdw:102
flush @ rs=AA2YrTsQS372_IBtlHypMBVngIiWg5aPdw:102
c @ rs=AA2YrTsQS372_IBtlHypMBVngIiWg5aPdw:90
sf @ rs=AA2YrTsQS372_IBtlHypMBVngIiWg5aPdw:82
(anonymous) @ rs=AA2YrTsQS372_IBtlHypMBVngIiWg5aPdw:82
(anonymous) @ m=cdos,cr,hsm,jsa,mb4ZUb,cEt90b,SNUn3,qddgKe,sTsDMc,dtl0hd,eHDfl,YV5bee,d,csi?cb=121509378:406
setTimeout
setTimeout @ m=cdos,cr,hsm,jsa,mb4ZUb,cEt90b,SNUn3,qddgKe,sTsDMc,dtl0hd,eHDfl,YV5bee,d,csi?cb=121509378:420
start @ rs=AA2YrTsQS372_IBtlHypMBVngIiWg5aPdw:82
l @ rs=AA2YrTsQS372_IBtlHypMBVngIiWg5aPdw:101
(anonymous) @ rs=AA2YrTsQS372_IBtlHypMBVngIiWg5aPdw:123
nh @ rs=AA2YrTsQS372_IBtlHypMBVngIiWg5aPdw:117
_.p.dispatchEvent @ rs=AA2YrTsQS372_IBtlHypMBVngIiWg5aPdw:115
xh @ rs=AA2YrTsQS372_IBtlHypMBVngIiWg5aPdw:120
zh @ rs=AA2YrTsQS372_IBtlHypMBVngIiWg5aPdw:122
_.rh.P @ rs=AA2YrTsQS372_IBtlHypMBVngIiWg5aPdw:121
_.rh.M @ rs=AA2YrTsQS372_IBtlHypMBVngIiWg5aPdw:121
XMLHttpRequest.send
(anonymous) @ m=cdos,cr,hsm,jsa,mb4ZUb,cEt90b,SNUn3,qddgKe,sTsDMc,dtl0hd,eHDfl,YV5bee,d,csi?cb=121509378:422
_.rh.send @ rs=AA2YrTsQS372_IBtlHypMBVngIiWg5aPdw:120
_.vh @ rs=AA2YrTsQS372_IBtlHypMBVngIiWg5aPdw:117
send @ rs=AA2YrTsQS372_IBtlHypMBVngIiWg5aPdw:123
m @ rs=AA2YrTsQS372_IBtlHypMBVngIiWg5aPdw:102
flush @ rs=AA2YrTsQS372_IBtlHypMBVngIiWg5aPdw:102
c @ rs=AA2YrTsQS372_IBtlHypMBVngIiWg5aPdw:90
sf @ rs=AA2YrTsQS372_IBtlHypMBVngIiWg5aPdw:82
(anonymous) @ rs=AA2YrTsQS372_IBtlHypMBVngIiWg5aPdw:82
setTimeout
start @ rs=AA2YrTsQS372_IBtlHypMBVngIiWg5aPdw:82
log @ rs=AA2YrTsQS372_IBtlHypMBVngIiWg5aPdw:99
_.wg @ rs=AA2YrTsQS372_IBtlHypMBVngIiWg5aPdw:91
log @ rs=AA2YrTsQS372_IBtlHypMBVngIiWg5aPdw:126
_.gj @ rs=AA2YrTsQS372_IBtlHypMBVngIiWg5aPdw:166
_.Ph @ rs=AA2YrTsQS372_IBtlHypMBVngIiWg5aPdw:128
i @ rs=AA2YrTsQS372_IBtlHypMBVngIiWg5aPdw:166
_.hj @ rs=AA2YrTsQS372_IBtlHypMBVngIiWg5aPdw:166
(anonymous) @ rs=AA2YrTsQS372_IBtlHypMBVngIiWg5aPdw:166
(anonymous) @ rs=AA2YrTsQS372_IBtlHypMBVngIiWg5aPdw:572
b9a997ab-59ea-45a8-96a1-a0f48e89b224.js:7  GET https://keywords.pubnation.com/keyword?pageUrl=http://localhost:8080/sj-proxy 400 (Bad Request)
(anonymous) @ b9a997ab-59ea-45a8-96a1-a0f48e89b224.js:7
fetch @ b9a997ab-59ea-45a8-96a1-a0f48e89b224.js:7
s @ b9a997ab-59ea-45a8-96a1-a0f48e89b224.js:7
(anonymous) @ b9a997ab-59ea-45a8-96a1-a0f48e89b224.js:7
fetchJson @ b9a997ab-59ea-45a8-96a1-a0f48e89b224.js:7
(anonymous) @ b9a997ab-59ea-45a8-96a1-a0f48e89b224.js:7
Promise.then
(anonymous) @ b9a997ab-59ea-45a8-96a1-a0f48e89b224.js:7
(anonymous) @ b9a997ab-59ea-45a8-96a1-a0f48e89b224.js:7
(anonymous) @ b9a997ab-59ea-45a8-96a1-a0f48e89b224.js:7
engine.js:173 [lux] Scramjet controller init failed, using server-proxy fallback: Class constructor EpoxyTransport cannot be invoked without 'new'
tryInitController @ engine.js:173
await in tryInitController
init @ engine.js:195
await in init
navigateTab @ tabs.js:141
await in navigateTab
launchGameUrl @ games.js:251
card.onclick @ games.js:241
engine.js:173 [lux] Scramjet controller init failed, using server-proxy fallback: Class constructor EpoxyTransport cannot be invoked without 'new'
tryInitController @ engine.js:173
await in tryInitController
init @ engine.js:195
await in init
mount @ engine.js:203
mountTab @ tab-nav.js:33
navigateTab @ tabs.js:142
await in navigateTab
launchGameUrl @ games.js:251
card.onclick @ games.js:241
sj-proxy?url=https%3A%2F%2Fplay2048.co:1 Access to font at 'https://play2048.co/Rubik-VariableWeight.woff2' from origin 'http://localhost:8080' has been blocked by CORS policy: The 'Access-Control-Allow-Origin' header has a value 'https://play2048.co' that is not equal to the supplied origin.
sj-proxy?url=https%3A%2F%2Fplay2048.co:1  GET https://play2048.co/Rubik-VariableWeight.woff2 net::ERR_FAILED 200 (OK)
sj-proxy?url=https%3A%2F%2Fplay2048.co:1 Access to CSS stylesheet at 'https://play2048.co/assets/index-C2LZFHx5.css' from origin 'http://localhost:8080' has been blocked by CORS policy: The 'Access-Control-Allow-Origin' header has a value 'https://play2048.co' that is not equal to the supplied origin.
sj-proxy?url=https%3A%2F%2Fplay2048.co:1  GET https://play2048.co/assets/index-C2LZFHx5.css net::ERR_FAILED 200 (OK)
sj-proxy?url=https%3A%2F%2Fplay2048.co:1 Access to script at 'https://play2048.co/assets/index-B5GhUa36.js' from origin 'http://localhost:8080' has been blocked by CORS policy: The 'Access-Control-Allow-Origin' header has a value 'https://play2048.co' that is not equal to the supplied origin.
sj-proxy?url=https%3A%2F%2Fplay2048.co:1  GET https://play2048.co/assets/index-B5GhUa36.js net::ERR_FAILED 200 (OK)
sj-proxy?url=https%3A%2F%2Fplay2048.co:1 Access to script at 'https://play2048.co/assets/MessageBroker-BxZj_htU.js' from origin 'http://localhost:8080' has been blocked by CORS policy: The 'Access-Control-Allow-Origin' header has a value 'https://play2048.co' that is not equal to the supplied origin.
sj-proxy?url=https%3A%2F%2Fplay2048.co:1  GET https://play2048.co/assets/MessageBroker-BxZj_htU.js net::ERR_FAILED 200 (OK)
sj-proxy?url=https%3A%2F%2Fplay2048.co:1 Access to script at 'https://play2048.co/assets/index-CVWNdFEq.js' from origin 'http://localhost:8080' has been blocked by CORS policy: The 'Access-Control-Allow-Origin' header has a value 'https://play2048.co' that is not equal to the supplied origin.
sj-proxy?url=https%3A%2F%2Fplay2048.co:1  GET https://play2048.co/assets/index-CVWNdFEq.js net::ERR_FAILED 200 (OK)
sj-proxy?url=https%3A%2F%2Fplay2048.co:1 Access to script at 'https://play2048.co/assets/webworkerAll-DiQc7Pzb.js' from origin 'http://localhost:8080' has been blocked by CORS policy: The 'Access-Control-Allow-Origin' header has a value 'https://play2048.co' that is not equal to the supplied origin.
sj-proxy?url=https%3A%2F%2Fplay2048.co:1  GET https://play2048.co/assets/webworkerAll-DiQc7Pzb.js net::ERR_FAILED 200 (OK)
sj-proxy?url=https%3A%2F%2Fplay2048.co:1 Access to script at 'https://play2048.co/assets/pixi.js-CVRYTWmK.js' from origin 'http://localhost:8080' has been blocked by CORS policy: The 'Access-Control-Allow-Origin' header has a value 'https://play2048.co' that is not equal to the supplied origin.
sj-proxy?url=https%3A%2F%2Fplay2048.co:1  GET https://play2048.co/assets/pixi.js-CVRYTWmK.js net::ERR_FAILED 200 (OK)
sj-proxy?url=https%3A%2F%2Fplay2048.co:1 Access to script at 'https://play2048.co/assets/worker-Dj2Ckt83.js' from origin 'http://localhost:8080' has been blocked by CORS policy: The 'Access-Control-Allow-Origin' header has a value 'https://play2048.co' that is not equal to the supplied origin.
sj-proxy?url=https%3A%2F%2Fplay2048.co:1  GET https://play2048.co/assets/worker-Dj2Ckt83.js net::ERR_FAILED 200 (OK)
sj-proxy?url=https%3A%2F%2Fplay2048.co:1 Access to script at 'https://play2048.co/assets/index-BWosAPMK.js' from origin 'http://localhost:8080' has been blocked by CORS policy: The 'Access-Control-Allow-Origin' header has a value 'https://play2048.co' that is not equal to the supplied origin.
sj-proxy?url=https%3A%2F%2Fplay2048.co:1  GET https://play2048.co/assets/index-BWosAPMK.js net::ERR_FAILED 200 (OK)
sj-proxy?url=https%3A%2F%2Fplay2048.co:1 Access to script at 'https://play2048.co/assets/browserAll-DWwuv2yr.js' from origin 'http://localhost:8080' has been blocked by CORS policy: The 'Access-Control-Allow-Origin' header has a value 'https://play2048.co' that is not equal to the supplied origin.
sj-proxy?url=https%3A%2F%2Fplay2048.co:1  GET https://play2048.co/assets/browserAll-DWwuv2yr.js net::ERR_FAILED 200 (OK)
sj-proxy?url=https%3A%2F%2Fplay2048.co:1 Access to script at 'https://play2048.co/assets/DocumentLayoutHeading-GjZMc3Ij.js' from origin 'http://localhost:8080' has been blocked by CORS policy: The 'Access-Control-Allow-Origin' header has a value 'https://play2048.co' that is not equal to the supplied origin.
sj-proxy?url=https%3A%2F%2Fplay2048.co:1  GET https://play2048.co/assets/DocumentLayoutHeading-GjZMc3Ij.js net::ERR_FAILED 200 (OK)
b9a997ab-59ea-45a8-96a1-a0f48e89b224.js:7  GET https://keywords.pubnation.com/keyword?pageUrl=http://localhost:8080/sj-proxy 400 (Bad Request)
(anonymous) @ b9a997ab-59ea-45a8-96a1-a0f48e89b224.js:7
fetch @ b9a997ab-59ea-45a8-96a1-a0f48e89b224.js:7
s @ b9a997ab-59ea-45a8-96a1-a0f48e89b224.js:7
(anonymous) @ b9a997ab-59ea-45a8-96a1-a0f48e89b224.js:7
fetchJson @ b9a997ab-59ea-45a8-96a1-a0f48e89b224.js:7
(anonymous) @ b9a997ab-59ea-45a8-96a1-a0f48e89b224.js:7
Promise.then
(anonymous) @ b9a997ab-59ea-45a8-96a1-a0f48e89b224.js:7
(anonymous) @ b9a997ab-59ea-45a8-96a1-a0f48e89b224.js:7
(anonymous) @ b9a997ab-59ea-45a8-96a1-a0f48e89b224.js:7
The resource <URL> was preloaded using link preload but not used within a few seconds from the window's load event. Please make sure it has an appropriate `as` value and it is preloaded intentionally.
The resource <URL> was preloaded using link preload but not used within a few seconds from the window's load event. Please make sure it has an appropriate `as` value and it is preloaded intentionally.
The resource <URL> was preloaded using link preload but not used within a few seconds from the window's load event. Please make sure it has an appropriate `as` value and it is preloaded intentionally.
The resource <URL> was preloaded using link preload but not used within a few seconds from the window's load event. Please make sure it has an appropriate `as` value and it is preloaded intentionally.
The resource <URL> was preloaded using link preload but not used within a few seconds from the window's load event. Please make sure it has an appropriate `as` value and it is preloaded intentionally.
The resource <URL> was preloaded using link preload but not used within a few seconds from the window's load event. Please make sure it has an appropriate `as` value and it is preloaded intentionally.
The resource <URL> was preloaded using link preload but not used within a few seconds from the window's load event. Please make sure it has an appropriate `as` value and it is preloaded intentionally.
The resource <URL> was preloaded using link preload but not used within a few seconds from the window's load event. Please make sure it has an appropriate `as` value and it is preloaded intentionally.
The resource <URL> was preloaded using link preload but not used within a few seconds from the window's load event. Please make sure it has an appropriate `as` value and it is preloaded intentionally.
The resource <URL> was preloaded using link preload but not used within a few seconds from the window's load event. Please make sure it has an appropriate `as` value and it is preloaded intentionally.
The resource <URL> was preloaded using link preload but not used within a few seconds from the window's load event. Please make sure it has an appropriate `as` value and it is preloaded intentionally.
The resource <URL> was preloaded using link preload but not used within a few seconds from the window's load event. Please make sure it has an appropriate `as` value and it is preloaded intentionally.
VM3425 m=kevlar_base_module,kevlar_main_module,kevlar_base_sync_mod_chunk:13357 LegacyDataMixin will be applied to all legacy elements.
Set `_legacyUndefinedCheck: true` on element class to enable.
(index):1 Refused to display 'https://www.youtube.com/' in a frame because it set 'X-Frame-Options' to 'sameorigin'.
tv-proxy?url=https%3A%2F%2Fyoutube.com:1 Access to XMLHttpRequest at 'https://googleads.g.doubleclick.net/pagead/id' from origin 'http://localhost:8080' has been blocked by CORS policy: No 'Access-Control-Allow-Origin' header is present on the requested resource.
VM3425 m=kevlar_base_module,kevlar_main_module,kevlar_base_sync_mod_chunk:1473  GET https://googleads.g.doubleclick.net/pagead/id net::ERR_FAILED 204 (No Content)
aNK @ VM3425 m=kevlar_base_module,kevlar_main_module,kevlar_base_sync_mod_chunk:1473
_.eo @ VM3425 m=kevlar_base_module,kevlar_main_module,kevlar_base_sync_mod_chunk:1481
(anonymous) @ VM3425 m=kevlar_base_module,kevlar_main_module,kevlar_base_sync_mod_chunk:27991
_.ME @ VM3425 m=kevlar_base_module,kevlar_main_module,kevlar_base_sync_mod_chunk:6496
bW1 @ VM3425 m=kevlar_base_module,kevlar_main_module,kevlar_base_sync_mod_chunk:27988
p3W @ VM3425 m=kevlar_base_module,kevlar_main_module,kevlar_base_sync_mod_chunk:28003
MZa @ VM3425 m=kevlar_base_module,kevlar_main_module,kevlar_base_sync_mod_chunk:29022
uDc @ VM3425 m=kevlar_base_module,kevlar_main_module,kevlar_base_sync_mod_chunk:28403
_.u.created @ VM3425 m=kevlar_base_module,kevlar_main_module,kevlar_base_sync_mod_chunk:40231
Q.<computed> @ VM3425 m=kevlar_base_module,kevlar_main_module,kevlar_base_sync_mod_chunk:1876
Wg6.A.created @ VM3425 m=kevlar_base_module,kevlar_main_module,kevlar_base_sync_mod_chunk:2033
Q.<computed> @ VM3425 m=kevlar_base_module,kevlar_main_module,kevlar_base_sync_mod_chunk:3445
Q._initializeProperties @ VM3425 m=kevlar_base_module,kevlar_main_module,kevlar_base_sync_mod_chunk:11524
q @ VM3425 m=kevlar_base_module,kevlar_main_module,kevlar_base_sync_mod_chunk:11053
Q @ VM3425 m=kevlar_base_module,kevlar_main_module,kevlar_base_sync_mod_chunk:11092
q @ VM3425 m=kevlar_base_module,kevlar_main_module,kevlar_base_sync_mod_chunk:11104
Q @ VM3425 m=kevlar_base_module,kevlar_main_module,kevlar_base_sync_mod_chunk:11122
A @ VM3425 m=kevlar_base_module,kevlar_main_module,kevlar_base_sync_mod_chunk:11082
Q @ VM3425 m=kevlar_base_module,kevlar_main_module,kevlar_base_sync_mod_chunk:11194
q @ VM3425 m=kevlar_base_module,kevlar_main_module,kevlar_base_sync_mod_chunk:11319
Q @ VM3425 m=kevlar_base_module,kevlar_main_module,kevlar_base_sync_mod_chunk:11455
Q @ VM3425 m=kevlar_base_module,kevlar_main_module,kevlar_base_sync_mod_chunk:11511
A @ VM3425 m=kevlar_base_module,kevlar_main_module,kevlar_base_sync_mod_chunk:2031
g @ VM3416 custom-elements-es5-adapter.js:11
value @ VM3416 custom-elements-es5-adapter.js:11
_.Ez @ VM3425 m=kevlar_base_module,kevlar_main_module,kevlar_base_sync_mod_chunk:11580
window.Polymer @ VM3425 m=kevlar_base_module,kevlar_main_module,kevlar_base_sync_mod_chunk:11241
(anonymous) @ VM3425 m=kevlar_base_module,kevlar_main_module,kevlar_base_sync_mod_chunk:2049
(anonymous) @ VM3425 m=kevlar_base_module,kevlar_main_module,kevlar_base_sync_mod_chunk:3425
(anonymous) @ VM3425 m=kevlar_base_module,kevlar_main_module,kevlar_base_sync_mod_chunk:3451
(anonymous) @ VM3425 m=kevlar_base_module,kevlar_main_module,kevlar_base_sync_mod_chunk:40374
(anonymous) @ VM3425 m=kevlar_base_module,kevlar_main_module,kevlar_base_sync_mod_chunk:42810
chrome-error://chromewebdata/:1 Refused to display 'http://localhost:8080/' in a frame because it set 'X-Frame-Options' to 'deny'.
sj-proxy?url=https%3A%2F%2Fgoogle.com:1 Access to XMLHttpRequest at 'https://play.google.com/log?format=json&hasfast=true' from origin 'http://localhost:8080' has been blocked by CORS policy: The 'Access-Control-Allow-Origin' header has a value 'http://play.google.com' that is not equal to the supplied origin.
m=cdos,cr,hsm,jsa,mb4ZUb,cEt90b,SNUn3,qddgKe,sTsDMc,dtl0hd,eHDfl,YV5bee,d,csi?cb=121509378:422  POST https://play.google.com/log?format=json&hasfast=true net::ERR_FAILED 200 (OK)
(anonymous) @ m=cdos,cr,hsm,jsa,mb4ZUb,cEt90b,SNUn3,qddgKe,sTsDMc,dtl0hd,eHDfl,YV5bee,d,csi?cb=121509378:422
_.rh.send @ rs=AA2YrTsQS372_IBtlHypMBVngIiWg5aPdw:120
_.vh @ rs=AA2YrTsQS372_IBtlHypMBVngIiWg5aPdw:117
send @ rs=AA2YrTsQS372_IBtlHypMBVngIiWg5aPdw:123
m @ rs=AA2YrTsQS372_IBtlHypMBVngIiWg5aPdw:102
flush @ rs=AA2YrTsQS372_IBtlHypMBVngIiWg5aPdw:102
c @ rs=AA2YrTsQS372_IBtlHypMBVngIiWg5aPdw:90
sf @ rs=AA2YrTsQS372_IBtlHypMBVngIiWg5aPdw:82
(anonymous) @ rs=AA2YrTsQS372_IBtlHypMBVngIiWg5aPdw:82
(anonymous) @ m=cdos,cr,hsm,jsa,mb4ZUb,cEt90b,SNUn3,qddgKe,sTsDMc,dtl0hd,eHDfl,YV5bee,d,csi?cb=121509378:406
setTimeout
setTimeout @ m=cdos,cr,hsm,jsa,mb4ZUb,cEt90b,SNUn3,qddgKe,sTsDMc,dtl0hd,eHDfl,YV5bee,d,csi?cb=121509378:420
start @ rs=AA2YrTsQS372_IBtlHypMBVngIiWg5aPdw:82
l @ rs=AA2YrTsQS372_IBtlHypMBVngIiWg5aPdw:101
(anonymous) @ rs=AA2YrTsQS372_IBtlHypMBVngIiWg5aPdw:123
nh @ rs=AA2YrTsQS372_IBtlHypMBVngIiWg5aPdw:117
_.p.dispatchEvent @ rs=AA2YrTsQS372_IBtlHypMBVngIiWg5aPdw:115
xh @ rs=AA2YrTsQS372_IBtlHypMBVngIiWg5aPdw:120
zh @ rs=AA2YrTsQS372_IBtlHypMBVngIiWg5aPdw:122
_.rh.P @ rs=AA2YrTsQS372_IBtlHypMBVngIiWg5aPdw:121
_.rh.M @ rs=AA2YrTsQS372_IBtlHypMBVngIiWg5aPdw:121
XMLHttpRequest.send
(anonymous) @ m=cdos,cr,hsm,jsa,mb4ZUb,cEt90b,SNUn3,qddgKe,sTsDMc,dtl0hd,eHDfl,YV5bee,d,csi?cb=121509378:422
_.rh.send @ rs=AA2YrTsQS372_IBtlHypMBVngIiWg5aPdw:120
_.vh @ rs=AA2YrTsQS372_IBtlHypMBVngIiWg5aPdw:117
send @ rs=AA2YrTsQS372_IBtlHypMBVngIiWg5aPdw:123
m @ rs=AA2YrTsQS372_IBtlHypMBVngIiWg5aPdw:102
flush @ rs=AA2YrTsQS372_IBtlHypMBVngIiWg5aPdw:102
c @ rs=AA2YrTsQS372_IBtlHypMBVngIiWg5aPdw:90
sf @ rs=AA2YrTsQS372_IBtlHypMBVngIiWg5aPdw:82
(anonymous) @ rs=AA2YrTsQS372_IBtlHypMBVngIiWg5aPdw:82
(anonymous) @ m=cdos,cr,hsm,jsa,mb4ZUb,cEt90b,SNUn3,qddgKe,sTsDMc,dtl0hd,eHDfl,YV5bee,d,csi?cb=121509378:406
setTimeout
setTimeout @ m=cdos,cr,hsm,jsa,mb4ZUb,cEt90b,SNUn3,qddgKe,sTsDMc,dtl0hd,eHDfl,YV5bee,d,csi?cb=121509378:420
start @ rs=AA2YrTsQS372_IBtlHypMBVngIiWg5aPdw:82
l @ rs=AA2YrTsQS372_IBtlHypMBVngIiWg5aPdw:101
(anonymous) @ rs=AA2YrTsQS372_IBtlHypMBVngIiWg5aPdw:123
nh @ rs=AA2YrTsQS372_IBtlHypMBVngIiWg5aPdw:117
_.p.dispatchEvent @ rs=AA2YrTsQS372_IBtlHypMBVngIiWg5aPdw:115
xh @ rs=AA2YrTsQS372_IBtlHypMBVngIiWg5aPdw:120
zh @ rs=AA2YrTsQS372_IBtlHypMBVngIiWg5aPdw:122
_.rh.P @ rs=AA2YrTsQS372_IBtlHypMBVngIiWg5aPdw:121
_.rh.M @ rs=AA2YrTsQS372_IBtlHypMBVngIiWg5aPdw:121
XMLHttpRequest.send
(anonymous) @ m=cdos,cr,hsm,jsa,mb4ZUb,cEt90b,SNUn3,qddgKe,sTsDMc,dtl0hd,eHDfl,YV5bee,d,csi?cb=121509378:422
_.rh.send @ rs=AA2YrTsQS372_IBtlHypMBVngIiWg5aPdw:120
_.vh @ rs=AA2YrTsQS372_IBtlHypMBVngIiWg5aPdw:117
send @ rs=AA2YrTsQS372_IBtlHypMBVngIiWg5aPdw:123
m @ rs=AA2YrTsQS372_IBtlHypMBVngIiWg5aPdw:102
flush @ rs=AA2YrTsQS372_IBtlHypMBVngIiWg5aPdw:102
c @ rs=AA2YrTsQS372_IBtlHypMBVngIiWg5aPdw:90
sf @ rs=AA2YrTsQS372_IBtlHypMBVngIiWg5aPdw:82
(anonymous) @ rs=AA2YrTsQS372_IBtlHypMBVngIiWg5aPdw:82
(anonymous) @ m=cdos,cr,hsm,jsa,mb4ZUb,cEt90b,SNUn3,qddgKe,sTsDMc,dtl0hd,eHDfl,YV5bee,d,csi?cb=121509378:406
setTimeout
setTimeout @ m=cdos,cr,hsm,jsa,mb4ZUb,cEt90b,SNUn3,qddgKe,sTsDMc,dtl0hd,eHDfl,YV5bee,d,csi?cb=121509378:420
start @ rs=AA2YrTsQS372_IBtlHypMBVngIiWg5aPdw:82
l @ rs=AA2YrTsQS372_IBtlHypMBVngIiWg5aPdw:101
(anonymous) @ rs=AA2YrTsQS372_IBtlHypMBVngIiWg5aPdw:123
nh @ rs=AA2YrTsQS372_IBtlHypMBVngIiWg5aPdw:117
_.p.dispatchEvent @ rs=AA2YrTsQS372_IBtlHypMBVngIiWg5aPdw:115
xh @ rs=AA2YrTsQS372_IBtlHypMBVngIiWg5aPdw:120
zh @ rs=AA2YrTsQS372_IBtlHypMBVngIiWg5aPdw:122
_.rh.P @ rs=AA2YrTsQS372_IBtlHypMBVngIiWg5aPdw:121
_.rh.M @ rs=AA2YrTsQS372_IBtlHypMBVngIiWg5aPdw:121
XMLHttpRequest.send
(anonymous) @ m=cdos,cr,hsm,jsa,mb4ZUb,cEt90b,SNUn3,qddgKe,sTsDMc,dtl0hd,eHDfl,YV5bee,d,csi?cb=121509378:422
_.rh.send @ rs=AA2YrTsQS372_IBtlHypMBVngIiWg5aPdw:120
_.vh @ rs=AA2YrTsQS372_IBtlHypMBVngIiWg5aPdw:117
send @ rs=AA2YrTsQS372_IBtlHypMBVngIiWg5aPdw:123
m @ rs=AA2YrTsQS372_IBtlHypMBVngIiWg5aPdw:102
flush @ rs=AA2YrTsQS372_IBtlHypMBVngIiWg5aPdw:102
c @ rs=AA2YrTsQS372_IBtlHypMBVngIiWg5aPdw:90
sf @ rs=AA2YrTsQS372_IBtlHypMBVngIiWg5aPdw:82
(anonymous) @ rs=AA2YrTsQS372_IBtlHypMBVngIiWg5aPdw:82
(anonymous) @ m=cdos,cr,hsm,jsa,mb4ZUb,cEt90b,SNUn3,qddgKe,sTsDMc,dtl0hd,eHDfl,YV5bee,d,csi?cb=121509378:406
setTimeout
setTimeout @ m=cdos,cr,hsm,jsa,mb4ZUb,cEt90b,SNUn3,qddgKe,sTsDMc,dtl0hd,eHDfl,YV5bee,d,csi?cb=121509378:420
start @ rs=AA2YrTsQS372_IBtlHypMBVngIiWg5aPdw:82
l @ rs=AA2YrTsQS372_IBtlHypMBVngIiWg5aPdw:101
(anonymous) @ rs=AA2YrTsQS372_IBtlHypMBVngIiWg5aPdw:123
nh @ rs=AA2YrTsQS372_IBtlHypMBVngIiWg5aPdw:117
_.p.dispatchEvent @ rs=AA2YrTsQS372_IBtlHypMBVngIiWg5aPdw:115
xh @ rs=AA2YrTsQS372_IBtlHypMBVngIiWg5aPdw:120
zh @ rs=AA2YrTsQS372_IBtlHypMBVngIiWg5aPdw:122
_.rh.P @ rs=AA2YrTsQS372_IBtlHypMBVngIiWg5aPdw:121
_.rh.M @ rs=AA2YrTsQS372_IBtlHypMBVngIiWg5aPdw:121
XMLHttpRequest.send
(anonymous) @ m=cdos,cr,hsm,jsa,mb4ZUb,cEt90b,SNUn3,qddgKe,sTsDMc,dtl0hd,eHDfl,YV5bee,d,csi?cb=121509378:422
_.rh.send @ rs=AA2YrTsQS372_IBtlHypMBVngIiWg5aPdw:120
_.vh @ rs=AA2YrTsQS372_IBtlHypMBVngIiWg5aPdw:117
send @ rs=AA2YrTsQS372_IBtlHypMBVngIiWg5aPdw:123
m @ rs=AA2YrTsQS372_IBtlHypMBVngIiWg5aPdw:102
flush @ rs=AA2YrTsQS372_IBtlHypMBVngIiWg5aPdw:102
c @ rs=AA2YrTsQS372_IBtlHypMBVngIiWg5aPdw:90
sf @ rs=AA2YrTsQS372_IBtlHypMBVngIiWg5aPdw:82
(anonymous) @ rs=AA2YrTsQS372_IBtlHypMBVngIiWg5aPdw:82
setTimeout
start @ rs=AA2YrTsQS372_IBtlHypMBVngIiWg5aPdw:82
log @ rs=AA2YrTsQS372_IBtlHypMBVngIiWg5aPdw:99
_.wg @ rs=AA2YrTsQS372_IBtlHypMBVngIiWg5aPdw:91
log @ rs=AA2YrTsQS372_IBtlHypMBVngIiWg5aPdw:126
_.gj @ rs=AA2YrTsQS372_IBtlHypMBVngIiWg5aPdw:166
_.Ph @ rs=AA2YrTsQS372_IBtlHypMBVngIiWg5aPdw:128
i @ rs=AA2YrTsQS372_IBtlHypMBVngIiWg5aPdw:166
_.hj @ rs=AA2YrTsQS372_IBtlHypMBVngIiWg5aPdw:166
(anonymous) @ rs=AA2YrTsQS372_IBtlHypMBVngIiWg5aPdw:166
(anonymous) @ rs=AA2YrTsQS372_IBtlHypMBVngIiWg5aPdw:572
sj-proxy?url=https%3A%2F%2Fgoogle.com:1 Setting the document's base URI to 'https://google.com/' violates the following Content Security Policy directive: "base-uri 'self'". The policy is report-only, so the violation has been logged but no further action has been taken.
engine.js:173 [lux] Scramjet controller init failed, using server-proxy fallback: Class constructor EpoxyTransport cannot be invoked without 'new'
tryInitController @ engine.js:173
await in tryInitController
init @ engine.js:195
await in init
mount @ engine.js:203
mountTab @ tab-nav.js:33
navigateTab @ tabs.js:142
await in navigateTab
navigate @ main.js:302
(anonymous) @ main.js:180
engine.js:173 [lux] Scramjet controller init failed, using server-proxy fallback: Class constructor EpoxyTransport cannot be invoked without 'new'
tryInitController @ engine.js:173
await in tryInitController
init @ engine.js:195
await in init
navigateTab @ tabs.js:141
await in navigateTab
navigate @ main.js:302
(anonymous) @ main.js:180
sj-proxy?url=https%3A%2F%2Fgoogle.com:1 Access to XMLHttpRequest at 'https://google.com/async/hpba?yv=3&cs=0&ei=-MA0au3PF5Ly0PEPwr-cgAU&async=_basejs:/xjs/_/js/k%3Dxjs.hd.en.rRRcCZse8Zo.2019.O/am%3DAAAAAAAAAAAAAAAAAAAAAAAAAAAAAAAAAAAAAAAAAAAAAAAAAAAAAAAAwABAAAAAAACAQAAAAAAAAAAAAAAADCAAAAAAAAAAAAAAAAAAAIBAAAAAQAAAAAAAAACAAAAAAAAEAAAAAAAAAAwACAAIIAAAADAAAAAAAAAAAAAAAAAAAABABAAAAAABAMAfDDACAAAAAAAAACQAAAAAAAAAAABYAAAABQAAAAiAAAAAAAAAAAAAAAAAAAAAAAIAAAAAAAAAAAAAABAAAABAAQAAAAABAAAAAAAAAAAAAAAAAAAAAAIAAAAAAAAAAAAAAEAAAAUAAAIAgAAAAAAAAAAAAAAAAACgAwAAAAABAAAAAAAAAAAAAAAAAAA4AAAEBAAAAAAAAAAIBAAIAAAAAB0AgQcYUlMAAAAAAAAAAAAAAAAAAAAAAAAAARTALiQQEAABAAAAAAAAAAAAAAAAAAAAAAAAAACA0FMAAAAAAACLAQ/dg%3D0/rs%3DACT90oGxoJ4RC1GJF5bye9wstqCyyMsppg?cb%3D121509378,_basecss:/xjs/_/ss/k%3Dxjs.hd.Yojy9DoOLV8.L.W.O/am%3DAAAEBAAAAAAAAAAAAAIAAAAAAAAAAAAAAAAAAAAAAAAQAAAAgBICABCAACAAAAAAEAAAgBpEAAACAAAAAAAIDwAAYAAAAAAAAAAAEAAAAAAAQAAAQAAAAAAAAACAAAAAAAAAAAAAAgAAAAAACAAIIAEAAAQoAAAAAAACAAAAAAAAAAAEBAAAAAAAAAAAAAAEAAAAAAAAMADCACAAAAAAQBgAAAAAAAAAAAAAAAAAAAAAAECQAAgAgIABAAAAACAAAAAAACAAgBCCACBAAQQAAAAAAAAsAAAAAHRAAAQEAAAAAAAAgABAIBACCAAAAEAAAAAIAAIAAgACAgCMoAEASFQIAACiAwAAAAIBAAAAEAAAAAAAAAAAAAAYAQAAAAAAgAUAwBAIBAAAAAAAAAAAAAAAAAMAAAAAAAAAAAAAAAAAAAAAAAAAAAAAAABQ/rs%3DACT90oEBXx6qQOKsfnZ0Hgp584yFsJkHmg?cb%3D121509378,_basecomb:/xjs/_/js/k%3Dxjs.hd.en.rRRcCZse8Zo.2019.O/ck%3Dxjs.hd.Yojy9DoOLV8.L.W.O/am%3DAAAEBAAAAAAAAAAAAAIAAAAAAAAAAAAAAAAAAAAAAAAQAAAAgBICABCAwCBAAAAAEACAwBpEAAACAAAAAAAIDyAAYAAAAAAAAAAAEAAAAIBAQAAAQAAAAAAAAACAAAAAAAAEAAAAAgAAAAwACAAIIAEAADQoAAAAAAACAAAAAAAAAABEBAAAAAABAMAfDDAGAAAAAAAAMCTCACAAAAAAQBhYAAAABQAAAAiAAAAAAAAAAECQAAgAgIABAAIAACAAAAAAACAAgBCCACBAAQQAAAABAAAsAAAAAHRAAAQEAAAAAAIAgABAIBACCAAAAEAAAAUIAAIAggACAgCMoAEASFQIAACiAwAAAAIBAAAAEAAAAAAAAAAAAAA4AQAEBAAAgAUAwBAIBAAIAAAAAB0AgQcYUlMAAAAAAAAAAAAAAAAAAAAAAAAAARTALiRQEAABAAAAAAAAAAAAAAAAAAAAAAAAAACA0FMAAAAAAACLAQ/d%3D1/ed%3D1/dg%3D0/ujg%3D1/rs%3DACT90oHVb-M7Zjd3o7HJUuFegjBpi2AWYQ?cb%3D121509378,_fmt:prog,_id:_-MA0au3PF5Ly0PEPwr-cgAU_10&sp_imghp=false&sp_hpep=2&sp_hpte=0&vet=10ahUKEwjtq_irt5KVAxUSOTQIHcIfB1AQj-0KCDs..i' from origin 'http://localhost:8080' has been blocked by CORS policy: No 'Access-Control-Allow-Origin' header is present on the requested resource.
sj-proxy?url=https%3A%2F%2Fgoogle.com:34  GET https://google.com/async/hpba?yv=3&cs=0&ei=-MA0au3PF5Ly0PEPwr-cgAU&async=_basejs:/xjs/_/js/k%3Dxjs.hd.en.rRRcCZse8Zo.2019.O/am%3DAAAAAAAAAAAAAAAAAAAAAAAAAAAAAAAAAAAAAAAAAAAAAAAAAAAAAAAAwABAAAAAAACAQAAAAAAAAAAAAAAADCAAAAAAAAAAAAAAAAAAAIBAAAAAQAAAAAAAAACAAAAAAAAEAAAAAAAAAAwACAAIIAAAADAAAAAAAAAAAAAAAAAAAABABAAAAAABAMAfDDACAAAAAAAAACQAAAAAAAAAAABYAAAABQAAAAiAAAAAAAAAAAAAAAAAAAAAAAIAAAAAAAAAAAAAABAAAABAAQAAAAABAAAAAAAAAAAAAAAAAAAAAAIAAAAAAAAAAAAAAEAAAAUAAAIAgAAAAAAAAAAAAAAAAACgAwAAAAABAAAAAAAAAAAAAAAAAAA4AAAEBAAAAAAAAAAIBAAIAAAAAB0AgQcYUlMAAAAAAAAAAAAAAAAAAAAAAAAAARTALiQQEAABAAAAAAAAAAAAAAAAAAAAAAAAAACA0FMAAAAAAACLAQ/dg%3D0/rs%3DACT90oGxoJ4RC1GJF5bye9wstqCyyMsppg?cb%3D121509378,_basecss:/xjs/_/ss/k%3Dxjs.hd.Yojy9DoOLV8.L.W.O/am%3DAAAEBAAAAAAAAAAAAAIAAAAAAAAAAAAAAAAAAAAAAAAQAAAAgBICABCAACAAAAAAEAAAgBpEAAACAAAAAAAIDwAAYAAAAAAAAAAAEAAAAAAAQAAAQAAAAAAAAACAAAAAAAAAAAAAAgAAAAAACAAIIAEAAAQoAAAAAAACAAAAAAAAAAAEBAAAAAAAAAAAAAAEAAAAAAAAMADCACAAAAAAQBgAAAAAAAAAAAAAAAAAAAAAAECQAAgAgIABAAAAACAAAAAAACAAgBCCACBAAQQAAAAAAAAsAAAAAHRAAAQEAAAAAAAAgABAIBACCAAAAEAAAAAIAAIAAgACAgCMoAEASFQIAACiAwAAAAIBAAAAEAAAAAAAAAAAAAAYAQAAAAAAgAUAwBAIBAAAAAAAAAAAAAAAAAMAAAAAAAAAAAAAAAAAAAAAAAAAAAAAAABQ/rs%3DACT90oEBXx6qQOKsfnZ0Hgp584yFsJkHmg?cb%3D121509378,_basecomb:/xjs/_/js/k%3Dxjs.hd.en.rRRcCZse8Zo.2019.O/ck%3Dxjs.hd.Yojy9DoOLV8.L.W.O/am%3DAAAEBAAAAAAAAAAAAAIAAAAAAAAAAAAAAAAAAAAAAAAQAAAAgBICABCAwCBAAAAAEACAwBpEAAACAAAAAAAIDyAAYAAAAAAAAAAAEAAAAIBAQAAAQAAAAAAAAACAAAAAAAAEAAAAAgAAAAwACAAIIAEAADQoAAAAAAACAAAAAAAAAABEBAAAAAABAMAfDDAGAAAAAAAAMCTCACAAAAAAQBhYAAAABQAAAAiAAAAAAAAAAECQAAgAgIABAAIAACAAAAAAACAAgBCCACBAAQQAAAABAAAsAAAAAHRAAAQEAAAAAAIAgABAIBACCAAAAEAAAAUIAAIAggACAgCMoAEASFQIAACiAwAAAAIBAAAAEAAAAAAAAAAAAAA4AQAEBAAAgAUAwBAIBAAIAAAAAB0AgQcYUlMAAAAAAAAAAAAAAAAAAAAAAAAAARTALiRQEAABAAAAAAAAAAAAAAAAAAAAAAAAAACA0FMAAAAAAACLAQ/d%3D1/ed%3D1/dg%3D0/ujg%3D1/rs%3DACT90oHVb-M7Zjd3o7HJUuFegjBpi2AWYQ?cb%3D121509378,_fmt:prog,_id:_-MA0au3PF5Ly0PEPwr-cgAU_10&sp_imghp=false&sp_hpep=2&sp_hpte=0&vet=10ahUKEwjtq_irt5KVAxUSOTQIHcIfB1AQj-0KCDs..i net::ERR_FAILED 404 (Not Found)
(anonymous) @ sj-proxy?url=https%3A%2F%2Fgoogle.com:34
d @ sj-proxy?url=https%3A%2F%2Fgoogle.com:26
pa @ sj-proxy?url=https%3A%2F%2Fgoogle.com:34
e @ sj-proxy?url=https%3A%2F%2Fgoogle.com:27
(anonymous) @ sj-proxy?url=https%3A%2F%2Fgoogle.com:37
(anonymous) @ sj-proxy?url=https%3A%2F%2Fgoogle.com:37
sj-proxy?url=https%3A%2F%2Fgoogle.com:1 Access to XMLHttpRequest at 'https://ogads-pa.clients6.google.com/$rpc/google.internal.onegoogle.asyncdata.v1.AsyncDataService/GetAsyncData' from origin 'http://localhost:8080' has been blocked by CORS policy: Response to preflight request doesn't pass access control check: The value of the 'Access-Control-Allow-Credentials' header in the response is '' which must be 'true' when the request's credentials mode is 'include'. The credentials mode of requests initiated by the XMLHttpRequest is controlled by the withCredentials attribute.
VM3565 rs=AA2YrTsQS372_IBtlHypMBVngIiWg5aPdw:120  POST https://ogads-pa.clients6.google.com/$rpc/google.internal.onegoogle.asyncdata.v1.AsyncDataService/GetAsyncData net::ERR_FAILED
_.rh.send @ VM3565 rs=AA2YrTsQS372_IBtlHypMBVngIiWg5aPdw:120
$l @ VM3565 rs=AA2YrTsQS372_IBtlHypMBVngIiWg5aPdw:291
(anonymous) @ VM3565 rs=AA2YrTsQS372_IBtlHypMBVngIiWg5aPdw:292
(anonymous) @ VM3565 rs=AA2YrTsQS372_IBtlHypMBVngIiWg5aPdw:292
am @ VM3565 rs=AA2YrTsQS372_IBtlHypMBVngIiWg5aPdw:292
_.bm @ VM3565 rs=AA2YrTsQS372_IBtlHypMBVngIiWg5aPdw:293
QC @ VM3565 rs=AA2YrTsQS372_IBtlHypMBVngIiWg5aPdw:555
start @ VM3565 rs=AA2YrTsQS372_IBtlHypMBVngIiWg5aPdw:562
ZC @ VM3565 rs=AA2YrTsQS372_IBtlHypMBVngIiWg5aPdw:561
(anonymous) @ VM3565 rs=AA2YrTsQS372_IBtlHypMBVngIiWg5aPdw:564
(anonymous) @ VM3565 rs=AA2YrTsQS372_IBtlHypMBVngIiWg5aPdw:564
(anonymous) @ VM3565 rs=AA2YrTsQS372_IBtlHypMBVngIiWg5aPdw:572
VM3562 m=cdos,cr,hsm,jsa,mb4ZUb,cEt90b,SNUn3,qddgKe,sTsDMc,dtl0hd,eHDfl,YV5bee,d,csi:756 Uncaught SecurityError: Failed to execute 'replaceState' on 'History': A history state object with URL 'https://google.com/sj-proxy?url=https%3A%2F%2Fgoogle.com' cannot be created in a document with origin 'http://localhost:8080' and URL 'http://localhost:8080/sj-proxy?url=https%3A%2F%2Fgoogle.com'.
_.qqa @ VM3562 m=cdos,cr,hsm,jsa,mb4ZUb,cEt90b,SNUn3,qddgKe,sTsDMc,dtl0hd,eHDfl,YV5bee,d,csi:756
gqa @ VM3562 m=cdos,cr,hsm,jsa,mb4ZUb,cEt90b,SNUn3,qddgKe,sTsDMc,dtl0hd,eHDfl,YV5bee,d,csi:273
(anonymous) @ VM3562 m=cdos,cr,hsm,jsa,mb4ZUb,cEt90b,SNUn3,qddgKe,sTsDMc,dtl0hd,eHDfl,YV5bee,d,csi:271
bqa @ VM3562 m=cdos,cr,hsm,jsa,mb4ZUb,cEt90b,SNUn3,qddgKe,sTsDMc,dtl0hd,eHDfl,YV5bee,d,csi:268
k @ VM3562 m=cdos,cr,hsm,jsa,mb4ZUb,cEt90b,SNUn3,qddgKe,sTsDMc,dtl0hd,eHDfl,YV5bee,d,csi:269
cqa @ VM3562 m=cdos,cr,hsm,jsa,mb4ZUb,cEt90b,SNUn3,qddgKe,sTsDMc,dtl0hd,eHDfl,YV5bee,d,csi:269
eqa @ VM3562 m=cdos,cr,hsm,jsa,mb4ZUb,cEt90b,SNUn3,qddgKe,sTsDMc,dtl0hd,eHDfl,YV5bee,d,csi:269
jqa @ VM3562 m=cdos,cr,hsm,jsa,mb4ZUb,cEt90b,SNUn3,qddgKe,sTsDMc,dtl0hd,eHDfl,YV5bee,d,csi:271
(anonymous) @ VM3562 m=cdos,cr,hsm,jsa,mb4ZUb,cEt90b,SNUn3,qddgKe,sTsDMc,dtl0hd,eHDfl,YV5bee,d,csi:757
Tna.execute @ VM3562 m=cdos,cr,hsm,jsa,mb4ZUb,cEt90b,SNUn3,qddgKe,sTsDMc,dtl0hd,eHDfl,YV5bee,d,csi:698
gMa @ VM3562 m=cdos,cr,hsm,jsa,mb4ZUb,cEt90b,SNUn3,qddgKe,sTsDMc,dtl0hd,eHDfl,YV5bee,d,csi:699
_.aa.onLoad @ VM3562 m=cdos,cr,hsm,jsa,mb4ZUb,cEt90b,SNUn3,qddgKe,sTsDMc,dtl0hd,eHDfl,YV5bee,d,csi:699
go.Rqa @ VM3562 m=cdos,cr,hsm,jsa,mb4ZUb,cEt90b,SNUn3,qddgKe,sTsDMc,dtl0hd,eHDfl,YV5bee,d,csi:715
Oha @ VM3562 m=cdos,cr,hsm,jsa,mb4ZUb,cEt90b,SNUn3,qddgKe,sTsDMc,dtl0hd,eHDfl,YV5bee,d,csi:717
_.u @ VM3562 m=cdos,cr,hsm,jsa,mb4ZUb,cEt90b,SNUn3,qddgKe,sTsDMc,dtl0hd,eHDfl,YV5bee,d,csi:151
(anonymous) @ VM3562 m=cdos,cr,hsm,jsa,mb4ZUb,cEt90b,SNUn3,qddgKe,sTsDMc,dtl0hd,eHDfl,YV5bee,d,csi:1062
(anonymous) @ VM3562 m=cdos,cr,hsm,jsa,mb4ZUb,cEt90b,SNUn3,qddgKe,sTsDMc,dtl0hd,eHDfl,YV5bee,d,csi:2881
sj-proxy?url=https%3A%2F%2Fgoogle.com:1 Access to fetch at 'https://google.com/xjs/_/js/md=2/k=xjs.hd.en.rRRcCZse8Zo.2019.O/am=AAAAAAAAAAAAAAAAAAAAAAAAAAAAAAAAAAAAAAAAAAAAAAAAAAAAAAAAwABAAAAAAACAQAAAAAAAAAAAAAAADCAAAAAAAAAAAAAAAAAAAIBAQAAAQAAAAAAAAACAAAAAAAAEAAAAAAAAAAwACAAIIAEAADAIAAAAAAAAAAAAAAAAAABABAAAAAABAMAfDDACAAAAAAAAACQAAAAAAAAAAABYAAAABQAAAAiAAAAAAAAAAAAAAAAAAAAAAAIAAAAAAAAAAAAAABAAAABAAQAAAAABAAAAAAAAAAAAAAAAAAAAAAIAAAAAAAAAAAAAAEAAAAUAAAIAgAAAAAAAAAAAAAAAAACgAwAAAAABAAAAAAAAAAAAAAAAAAA4AAAEBAAAAAAAABAIBAAIAAAAAB0AgQcYUlMAAAAAAAAAAAAAAAAAAAAAAAAAARTALiRQEAABAAAAAAAAAAAAAAAAAAAAAAAAAACA0FMAAAAAAACLAQ/rs=ACT90oG554MnuY0oLmc4dAE3QpoYrM_9vQ?cb=121509378' from origin 'http://localhost:8080' has been blocked by CORS policy: No 'Access-Control-Allow-Origin' header is present on the requested resource.
VM3562 m=cdos,cr,hsm,jsa,mb4ZUb,cEt90b,SNUn3,qddgKe,sTsDMc,dtl0hd,eHDfl,YV5bee,d,csi:801  GET https://google.com/xjs/_/js/md=2/k=xjs.hd.en.rRRcCZse8Zo.2019.O/am=AAAAAAAAAAAAAAAAAAAAAAAAAAAAAAAAAAAAAAAAAAAAAAAAAAAAAAAAwABAAAAAAACAQAAAAAAAAAAAAAAADCAAAAAAAAAAAAAAAAAAAIBAQAAAQAAAAAAAAACAAAAAAAAEAAAAAAAAAAwACAAIIAEAADAIAAAAAAAAAAAAAAAAAABABAAAAAABAMAfDDACAAAAAAAAACQAAAAAAAAAAABYAAAABQAAAAiAAAAAAAAAAAAAAAAAAAAAAAIAAAAAAAAAAAAAABAAAABAAQAAAAABAAAAAAAAAAAAAAAAAAAAAAIAAAAAAAAAAAAAAEAAAAUAAAIAgAAAAAAAAAAAAAAAAACgAwAAAAABAAAAAAAAAAAAAAAAAAA4AAAEBAAAAAAAABAIBAAIAAAAAB0AgQcYUlMAAAAAAAAAAAAAAAAAAAAAAAAAARTALiRQEAABAAAAAAAAAAAAAAAAAAAAAAAAAACA0FMAAAAAAACLAQ/rs=ACT90oG554MnuY0oLmc4dAE3QpoYrM_9vQ?cb=121509378 net::ERR_FAILED 200 (OK)
_.GPa @ VM3562 m=cdos,cr,hsm,jsa,mb4ZUb,cEt90b,SNUn3,qddgKe,sTsDMc,dtl0hd,eHDfl,YV5bee,d,csi:801
(anonymous) @ VM3562 m=cdos,cr,hsm,jsa,mb4ZUb,cEt90b,SNUn3,qddgKe,sTsDMc,dtl0hd,eHDfl,YV5bee,d,csi:796
(anonymous) @ VM3562 m=cdos,cr,hsm,jsa,mb4ZUb,cEt90b,SNUn3,qddgKe,sTsDMc,dtl0hd,eHDfl,YV5bee,d,csi:775
BOa @ VM3562 m=cdos,cr,hsm,jsa,mb4ZUb,cEt90b,SNUn3,qddgKe,sTsDMc,dtl0hd,eHDfl,YV5bee,d,csi:775
(anonymous) @ VM3562 m=cdos,cr,hsm,jsa,mb4ZUb,cEt90b,SNUn3,qddgKe,sTsDMc,dtl0hd,eHDfl,YV5bee,d,csi:775
COa @ VM3562 m=cdos,cr,hsm,jsa,mb4ZUb,cEt90b,SNUn3,qddgKe,sTsDMc,dtl0hd,eHDfl,YV5bee,d,csi:775
DPa @ VM3562 m=cdos,cr,hsm,jsa,mb4ZUb,cEt90b,SNUn3,qddgKe,sTsDMc,dtl0hd,eHDfl,YV5bee,d,csi:796
oPa @ VM3562 m=cdos,cr,hsm,jsa,mb4ZUb,cEt90b,SNUn3,qddgKe,sTsDMc,dtl0hd,eHDfl,YV5bee,d,csi:792
iPa @ VM3562 m=cdos,cr,hsm,jsa,mb4ZUb,cEt90b,SNUn3,qddgKe,sTsDMc,dtl0hd,eHDfl,YV5bee,d,csi:784
kPa @ VM3562 m=cdos,cr,hsm,jsa,mb4ZUb,cEt90b,SNUn3,qddgKe,sTsDMc,dtl0hd,eHDfl,YV5bee,d,csi:780
ePa @ VM3562 m=cdos,cr,hsm,jsa,mb4ZUb,cEt90b,SNUn3,qddgKe,sTsDMc,dtl0hd,eHDfl,YV5bee,d,csi:782
uMa @ VM3562 m=cdos,cr,hsm,jsa,mb4ZUb,cEt90b,SNUn3,qddgKe,sTsDMc,dtl0hd,eHDfl,YV5bee,d,csi:779
go.Oa @ VM3562 m=cdos,cr,hsm,jsa,mb4ZUb,cEt90b,SNUn3,qddgKe,sTsDMc,dtl0hd,eHDfl,YV5bee,d,csi:712
sMa @ VM3562 m=cdos,cr,hsm,jsa,mb4ZUb,cEt90b,SNUn3,qddgKe,sTsDMc,dtl0hd,eHDfl,YV5bee,d,csi:711
Mta @ VM3562 m=cdos,cr,hsm,jsa,mb4ZUb,cEt90b,SNUn3,qddgKe,sTsDMc,dtl0hd,eHDfl,YV5bee,d,csi:710
_.Ota @ VM3562 m=cdos,cr,hsm,jsa,mb4ZUb,cEt90b,SNUn3,qddgKe,sTsDMc,dtl0hd,eHDfl,YV5bee,d,csi:321
thl @ VM3562 m=cdos,cr,hsm,jsa,mb4ZUb,cEt90b,SNUn3,qddgKe,sTsDMc,dtl0hd,eHDfl,YV5bee,d,csi:2798
(anonymous) @ VM3562 m=cdos,cr,hsm,jsa,mb4ZUb,cEt90b,SNUn3,qddgKe,sTsDMc,dtl0hd,eHDfl,YV5bee,d,csi:2799
(anonymous) @ VM3562 m=cdos,cr,hsm,jsa,mb4ZUb,cEt90b,SNUn3,qddgKe,sTsDMc,dtl0hd,eHDfl,YV5bee,d,csi:406
Promise.then
then @ VM3562 m=cdos,cr,hsm,jsa,mb4ZUb,cEt90b,SNUn3,qddgKe,sTsDMc,dtl0hd,eHDfl,YV5bee,d,csi:420
whl @ VM3562 m=cdos,cr,hsm,jsa,mb4ZUb,cEt90b,SNUn3,qddgKe,sTsDMc,dtl0hd,eHDfl,YV5bee,d,csi:2799
xhl @ VM3562 m=cdos,cr,hsm,jsa,mb4ZUb,cEt90b,SNUn3,qddgKe,sTsDMc,dtl0hd,eHDfl,YV5bee,d,csi:2799
(anonymous) @ VM3562 m=cdos,cr,hsm,jsa,mb4ZUb,cEt90b,SNUn3,qddgKe,sTsDMc,dtl0hd,eHDfl,YV5bee,d,csi:2800
(anonymous) @ VM3562 m=cdos,cr,hsm,jsa,mb4ZUb,cEt90b,SNUn3,qddgKe,sTsDMc,dtl0hd,eHDfl,YV5bee,d,csi:2800
(anonymous) @ VM3562 m=cdos,cr,hsm,jsa,mb4ZUb,cEt90b,SNUn3,qddgKe,sTsDMc,dtl0hd,eHDfl,YV5bee,d,csi:406
e.wa @ VM3562 m=cdos,cr,hsm,jsa,mb4ZUb,cEt90b,SNUn3,qddgKe,sTsDMc,dtl0hd,eHDfl,YV5bee,d,csi:594
QIa @ VM3562 m=cdos,cr,hsm,jsa,mb4ZUb,cEt90b,SNUn3,qddgKe,sTsDMc,dtl0hd,eHDfl,YV5bee,d,csi:597
MIa @ VM3562 m=cdos,cr,hsm,jsa,mb4ZUb,cEt90b,SNUn3,qddgKe,sTsDMc,dtl0hd,eHDfl,YV5bee,d,csi:597
_.Lg.t4a @ VM3562 m=cdos,cr,hsm,jsa,mb4ZUb,cEt90b,SNUn3,qddgKe,sTsDMc,dtl0hd,eHDfl,YV5bee,d,csi:597
wla @ VM3562 m=cdos,cr,hsm,jsa,mb4ZUb,cEt90b,SNUn3,qddgKe,sTsDMc,dtl0hd,eHDfl,YV5bee,d,csi:200
(anonymous) @ VM3562 m=cdos,cr,hsm,jsa,mb4ZUb,cEt90b,SNUn3,qddgKe,sTsDMc,dtl0hd,eHDfl,YV5bee,d,csi:406
Promise.then
then @ VM3562 m=cdos,cr,hsm,jsa,mb4ZUb,cEt90b,SNUn3,qddgKe,sTsDMc,dtl0hd,eHDfl,YV5bee,d,csi:420
sIa @ VM3562 m=cdos,cr,hsm,jsa,mb4ZUb,cEt90b,SNUn3,qddgKe,sTsDMc,dtl0hd,eHDfl,YV5bee,d,csi:588
_.wn @ VM3562 m=cdos,cr,hsm,jsa,mb4ZUb,cEt90b,SNUn3,qddgKe,sTsDMc,dtl0hd,eHDfl,YV5bee,d,csi:588
W6a @ VM3562 m=cdos,cr,hsm,jsa,mb4ZUb,cEt90b,SNUn3,qddgKe,sTsDMc,dtl0hd,eHDfl,YV5bee,d,csi:979
Oza.Ga @ VM3562 m=cdos,cr,hsm,jsa,mb4ZUb,cEt90b,SNUn3,qddgKe,sTsDMc,dtl0hd,eHDfl,YV5bee,d,csi:980
M6a @ VM3562 m=cdos,cr,hsm,jsa,mb4ZUb,cEt90b,SNUn3,qddgKe,sTsDMc,dtl0hd,eHDfl,YV5bee,d,csi:976
execute @ VM3562 m=cdos,cr,hsm,jsa,mb4ZUb,cEt90b,SNUn3,qddgKe,sTsDMc,dtl0hd,eHDfl,YV5bee,d,csi:977
(anonymous) @ VM3562 m=cdos,cr,hsm,jsa,mb4ZUb,cEt90b,SNUn3,qddgKe,sTsDMc,dtl0hd,eHDfl,YV5bee,d,csi:1035
(anonymous) @ VM3562 m=cdos,cr,hsm,jsa,mb4ZUb,cEt90b,SNUn3,qddgKe,sTsDMc,dtl0hd,eHDfl,YV5bee,d,csi:406
a.port1.onmessage @ VM3562 m=cdos,cr,hsm,jsa,mb4ZUb,cEt90b,SNUn3,qddgKe,sTsDMc,dtl0hd,eHDfl,YV5bee,d,csi:588
postMessage
(anonymous) @ VM3562 m=cdos,cr,hsm,jsa,mb4ZUb,cEt90b,SNUn3,qddgKe,sTsDMc,dtl0hd,eHDfl,YV5bee,d,csi:588
_.ie @ VM3562 m=cdos,cr,hsm,jsa,mb4ZUb,cEt90b,SNUn3,qddgKe,sTsDMc,dtl0hd,eHDfl,YV5bee,d,csi:200
Acb @ VM3562 m=cdos,cr,hsm,jsa,mb4ZUb,cEt90b,SNUn3,qddgKe,sTsDMc,dtl0hd,eHDfl,YV5bee,d,csi:1035
Aa @ VM3562 m=cdos,cr,hsm,jsa,mb4ZUb,cEt90b,SNUn3,qddgKe,sTsDMc,dtl0hd,eHDfl,YV5bee,d,csi:1035
ZVa @ VM3562 m=cdos,cr,hsm,jsa,mb4ZUb,cEt90b,SNUn3,qddgKe,sTsDMc,dtl0hd,eHDfl,YV5bee,d,csi:1023
(anonymous) @ VM3562 m=cdos,cr,hsm,jsa,mb4ZUb,cEt90b,SNUn3,qddgKe,sTsDMc,dtl0hd,eHDfl,YV5bee,d,csi:979
wla @ VM3562 m=cdos,cr,hsm,jsa,mb4ZUb,cEt90b,SNUn3,qddgKe,sTsDMc,dtl0hd,eHDfl,YV5bee,d,csi:200
(anonymous) @ VM3562 m=cdos,cr,hsm,jsa,mb4ZUb,cEt90b,SNUn3,qddgKe,sTsDMc,dtl0hd,eHDfl,YV5bee,d,csi:406
Promise.then
then @ VM3562 m=cdos,cr,hsm,jsa,mb4ZUb,cEt90b,SNUn3,qddgKe,sTsDMc,dtl0hd,eHDfl,YV5bee,d,csi:420
sIa @ VM3562 m=cdos,cr,hsm,jsa,mb4ZUb,cEt90b,SNUn3,qddgKe,sTsDMc,dtl0hd,eHDfl,YV5bee,d,csi:588
_.wn @ VM3562 m=cdos,cr,hsm,jsa,mb4ZUb,cEt90b,SNUn3,qddgKe,sTsDMc,dtl0hd,eHDfl,YV5bee,d,csi:588
NIa @ VM3562 m=cdos,cr,hsm,jsa,mb4ZUb,cEt90b,SNUn3,qddgKe,sTsDMc,dtl0hd,eHDfl,YV5bee,d,csi:596
_.Lg.OP @ VM3562 m=cdos,cr,hsm,jsa,mb4ZUb,cEt90b,SNUn3,qddgKe,sTsDMc,dtl0hd,eHDfl,YV5bee,d,csi:595
(anonymous) @ VM3562 m=cdos,cr,hsm,jsa,mb4ZUb,cEt90b,SNUn3,qddgKe,sTsDMc,dtl0hd,eHDfl,YV5bee,d,csi:589
AXa @ VM3562 m=cdos,cr,hsm,jsa,mb4ZUb,cEt90b,SNUn3,qddgKe,sTsDMc,dtl0hd,eHDfl,YV5bee,d,csi:945
initialize @ VM3562 m=cdos,cr,hsm,jsa,mb4ZUb,cEt90b,SNUn3,qddgKe,sTsDMc,dtl0hd,eHDfl,YV5bee,d,csi:946
_.aa.onLoad @ VM3562 m=cdos,cr,hsm,jsa,mb4ZUb,cEt90b,SNUn3,qddgKe,sTsDMc,dtl0hd,eHDfl,YV5bee,d,csi:699
oMa @ VM3562 m=cdos,cr,hsm,jsa,mb4ZUb,cEt90b,SNUn3,qddgKe,sTsDMc,dtl0hd,eHDfl,YV5bee,d,csi:714
go.Abb @ VM3562 m=cdos,cr,hsm,jsa,mb4ZUb,cEt90b,SNUn3,qddgKe,sTsDMc,dtl0hd,eHDfl,YV5bee,d,csi:705
_._ModuleManager_initialize @ VM3562 m=cdos,cr,hsm,jsa,mb4ZUb,cEt90b,SNUn3,qddgKe,sTsDMc,dtl0hd,eHDfl,YV5bee,d,csi:1046
(anonymous) @ VM3562 m=cdos,cr,hsm,jsa,mb4ZUb,cEt90b,SNUn3,qddgKe,sTsDMc,dtl0hd,eHDfl,YV5bee,d,csi:1047
(anonymous) @ VM3562 m=cdos,cr,hsm,jsa,mb4ZUb,cEt90b,SNUn3,qddgKe,sTsDMc,dtl0hd,eHDfl,YV5bee,d,csi:2881
sj-proxy?url=https%3A%2F%2Fgoogle.com:1 Access to XMLHttpRequest at 'https://google.com/complete/s?q&cp=0&client=gws-wiz&xssi=t&gs_pcrt=2&hl=en&authuser=0&psi=-MA0au3PF5Ly0PEPwr-cgAU.1781842168574&dpr=1&nolsbt=1' from origin 'http://localhost:8080' has been blocked by CORS policy: No 'Access-Control-Allow-Origin' header is present on the requested resource.
VM3562 m=cdos,cr,hsm,jsa,mb4ZUb,cEt90b,SNUn3,qddgKe,sTsDMc,dtl0hd,eHDfl,YV5bee,d,csi:422  GET https://google.com/complete/s?q&cp=0&client=gws-wiz&xssi=t&gs_pcrt=2&hl=en&authuser=0&psi=-MA0au3PF5Ly0PEPwr-cgAU.1781842168574&dpr=1&nolsbt=1 net::ERR_FAILED 200 (OK)
(anonymous) @ VM3562 m=cdos,cr,hsm,jsa,mb4ZUb,cEt90b,SNUn3,qddgKe,sTsDMc,dtl0hd,eHDfl,YV5bee,d,csi:422
_.aa.send @ VM3562 m=cdos,cr,hsm,jsa,mb4ZUb,cEt90b,SNUn3,qddgKe,sTsDMc,dtl0hd,eHDfl,YV5bee,d,csi:991
(anonymous) @ VM3562 m=cdos,cr,hsm,jsa,mb4ZUb,cEt90b,SNUn3,qddgKe,sTsDMc,dtl0hd,eHDfl,YV5bee,d,csi:2472
Oa @ VM3562 m=cdos,cr,hsm,jsa,mb4ZUb,cEt90b,SNUn3,qddgKe,sTsDMc,dtl0hd,eHDfl,YV5bee,d,csi:2471
p7d @ VM3562 m=cdos,cr,hsm,jsa,mb4ZUb,cEt90b,SNUn3,qddgKe,sTsDMc,dtl0hd,eHDfl,YV5bee,d,csi:2465
uH @ VM3562 m=cdos,cr,hsm,jsa,mb4ZUb,cEt90b,SNUn3,qddgKe,sTsDMc,dtl0hd,eHDfl,YV5bee,d,csi:2471
uH @ VM3562 m=cdos,cr,hsm,jsa,mb4ZUb,cEt90b,SNUn3,qddgKe,sTsDMc,dtl0hd,eHDfl,YV5bee,d,csi:2593
D8d.oa @ VM3562 m=cdos,cr,hsm,jsa,mb4ZUb,cEt90b,SNUn3,qddgKe,sTsDMc,dtl0hd,eHDfl,YV5bee,d,csi:2593
Ow @ VM3562 m=cdos,cr,hsm,jsa,mb4ZUb,cEt90b,SNUn3,qddgKe,sTsDMc,dtl0hd,eHDfl,YV5bee,d,csi:1910
initialize @ VM3562 m=cdos,cr,hsm,jsa,mb4ZUb,cEt90b,SNUn3,qddgKe,sTsDMc,dtl0hd,eHDfl,YV5bee,d,csi:1953
M9d @ VM3562 m=cdos,cr,hsm,jsa,mb4ZUb,cEt90b,SNUn3,qddgKe,sTsDMc,dtl0hd,eHDfl,YV5bee,d,csi:2597
nJ @ VM3562 m=cdos,cr,hsm,jsa,mb4ZUb,cEt90b,SNUn3,qddgKe,sTsDMc,dtl0hd,eHDfl,YV5bee,d,csi:2612
(anonymous) @ VM3562 m=cdos,cr,hsm,jsa,mb4ZUb,cEt90b,SNUn3,qddgKe,sTsDMc,dtl0hd,eHDfl,YV5bee,d,csi:735
(anonymous) @ VM3562 m=cdos,cr,hsm,jsa,mb4ZUb,cEt90b,SNUn3,qddgKe,sTsDMc,dtl0hd,eHDfl,YV5bee,d,csi:735
rpa @ VM3562 m=cdos,cr,hsm,jsa,mb4ZUb,cEt90b,SNUn3,qddgKe,sTsDMc,dtl0hd,eHDfl,YV5bee,d,csi:257
(anonymous) @ VM3562 m=cdos,cr,hsm,jsa,mb4ZUb,cEt90b,SNUn3,qddgKe,sTsDMc,dtl0hd,eHDfl,YV5bee,d,csi:735
(anonymous) @ VM3562 m=cdos,cr,hsm,jsa,mb4ZUb,cEt90b,SNUn3,qddgKe,sTsDMc,dtl0hd,eHDfl,YV5bee,d,csi:725
b @ VM3562 m=cdos,cr,hsm,jsa,mb4ZUb,cEt90b,SNUn3,qddgKe,sTsDMc,dtl0hd,eHDfl,YV5bee,d,csi:723
(anonymous) @ VM3562 m=cdos,cr,hsm,jsa,mb4ZUb,cEt90b,SNUn3,qddgKe,sTsDMc,dtl0hd,eHDfl,YV5bee,d,csi:724
b @ VM3562 m=cdos,cr,hsm,jsa,mb4ZUb,cEt90b,SNUn3,qddgKe,sTsDMc,dtl0hd,eHDfl,YV5bee,d,csi:723
(anonymous) @ VM3562 m=cdos,cr,hsm,jsa,mb4ZUb,cEt90b,SNUn3,qddgKe,sTsDMc,dtl0hd,eHDfl,YV5bee,d,csi:724
b @ VM3562 m=cdos,cr,hsm,jsa,mb4ZUb,cEt90b,SNUn3,qddgKe,sTsDMc,dtl0hd,eHDfl,YV5bee,d,csi:723
(anonymous) @ VM3562 m=cdos,cr,hsm,jsa,mb4ZUb,cEt90b,SNUn3,qddgKe,sTsDMc,dtl0hd,eHDfl,YV5bee,d,csi:724
b @ VM3562 m=cdos,cr,hsm,jsa,mb4ZUb,cEt90b,SNUn3,qddgKe,sTsDMc,dtl0hd,eHDfl,YV5bee,d,csi:723
(anonymous) @ VM3562 m=cdos,cr,hsm,jsa,mb4ZUb,cEt90b,SNUn3,qddgKe,sTsDMc,dtl0hd,eHDfl,YV5bee,d,csi:722
b @ VM3562 m=cdos,cr,hsm,jsa,mb4ZUb,cEt90b,SNUn3,qddgKe,sTsDMc,dtl0hd,eHDfl,YV5bee,d,csi:723
(anonymous) @ VM3562 m=cdos,cr,hsm,jsa,mb4ZUb,cEt90b,SNUn3,qddgKe,sTsDMc,dtl0hd,eHDfl,YV5bee,d,csi:724
b @ VM3562 m=cdos,cr,hsm,jsa,mb4ZUb,cEt90b,SNUn3,qddgKe,sTsDMc,dtl0hd,eHDfl,YV5bee,d,csi:723
(anonymous) @ VM3562 m=cdos,cr,hsm,jsa,mb4ZUb,cEt90b,SNUn3,qddgKe,sTsDMc,dtl0hd,eHDfl,YV5bee,d,csi:724
b @ VM3562 m=cdos,cr,hsm,jsa,mb4ZUb,cEt90b,SNUn3,qddgKe,sTsDMc,dtl0hd,eHDfl,YV5bee,d,csi:723
(anonymous) @ VM3562 m=cdos,cr,hsm,jsa,mb4ZUb,cEt90b,SNUn3,qddgKe,sTsDMc,dtl0hd,eHDfl,YV5bee,d,csi:722
b @ VM3562 m=cdos,cr,hsm,jsa,mb4ZUb,cEt90b,SNUn3,qddgKe,sTsDMc,dtl0hd,eHDfl,YV5bee,d,csi:723
(anonymous) @ VM3562 m=cdos,cr,hsm,jsa,mb4ZUb,cEt90b,SNUn3,qddgKe,sTsDMc,dtl0hd,eHDfl,YV5bee,d,csi:724
b @ VM3562 m=cdos,cr,hsm,jsa,mb4ZUb,cEt90b,SNUn3,qddgKe,sTsDMc,dtl0hd,eHDfl,YV5bee,d,csi:723
(anonymous) @ VM3562 m=cdos,cr,hsm,jsa,mb4ZUb,cEt90b,SNUn3,qddgKe,sTsDMc,dtl0hd,eHDfl,YV5bee,d,csi:406
e.wa @ VM3562 m=cdos,cr,hsm,jsa,mb4ZUb,cEt90b,SNUn3,qddgKe,sTsDMc,dtl0hd,eHDfl,YV5bee,d,csi:594
QIa @ VM3562 m=cdos,cr,hsm,jsa,mb4ZUb,cEt90b,SNUn3,qddgKe,sTsDMc,dtl0hd,eHDfl,YV5bee,d,csi:597
MIa @ VM3562 m=cdos,cr,hsm,jsa,mb4ZUb,cEt90b,SNUn3,qddgKe,sTsDMc,dtl0hd,eHDfl,YV5bee,d,csi:597
_.Lg.t4a @ VM3562 m=cdos,cr,hsm,jsa,mb4ZUb,cEt90b,SNUn3,qddgKe,sTsDMc,dtl0hd,eHDfl,YV5bee,d,csi:597
wla @ VM3562 m=cdos,cr,hsm,jsa,mb4ZUb,cEt90b,SNUn3,qddgKe,sTsDMc,dtl0hd,eHDfl,YV5bee,d,csi:200
(anonymous) @ VM3562 m=cdos,cr,hsm,jsa,mb4ZUb,cEt90b,SNUn3,qddgKe,sTsDMc,dtl0hd,eHDfl,YV5bee,d,csi:406
Promise.then
then @ VM3562 m=cdos,cr,hsm,jsa,mb4ZUb,cEt90b,SNUn3,qddgKe,sTsDMc,dtl0hd,eHDfl,YV5bee,d,csi:420
sIa @ VM3562 m=cdos,cr,hsm,jsa,mb4ZUb,cEt90b,SNUn3,qddgKe,sTsDMc,dtl0hd,eHDfl,YV5bee,d,csi:588
_.wn @ VM3562 m=cdos,cr,hsm,jsa,mb4ZUb,cEt90b,SNUn3,qddgKe,sTsDMc,dtl0hd,eHDfl,YV5bee,d,csi:588
NIa @ VM3562 m=cdos,cr,hsm,jsa,mb4ZUb,cEt90b,SNUn3,qddgKe,sTsDMc,dtl0hd,eHDfl,YV5bee,d,csi:596
_.Lg.OP @ VM3562 m=cdos,cr,hsm,jsa,mb4ZUb,cEt90b,SNUn3,qddgKe,sTsDMc,dtl0hd,eHDfl,YV5bee,d,csi:595
(anonymous) @ VM3562 m=cdos,cr,hsm,jsa,mb4ZUb,cEt90b,SNUn3,qddgKe,sTsDMc,dtl0hd,eHDfl,YV5bee,d,csi:589
f @ VM3562 m=cdos,cr,hsm,jsa,mb4ZUb,cEt90b,SNUn3,qddgKe,sTsDMc,dtl0hd,eHDfl,YV5bee,d,csi:591
(anonymous) @ VM3562 m=cdos,cr,hsm,jsa,mb4ZUb,cEt90b,SNUn3,qddgKe,sTsDMc,dtl0hd,eHDfl,YV5bee,d,csi:428
g @ VM3562 m=cdos,cr,hsm,jsa,mb4ZUb,cEt90b,SNUn3,qddgKe,sTsDMc,dtl0hd,eHDfl,YV5bee,d,csi:596
(anonymous) @ VM3562 m=cdos,cr,hsm,jsa,mb4ZUb,cEt90b,SNUn3,qddgKe,sTsDMc,dtl0hd,eHDfl,YV5bee,d,csi:406
Promise.then
then @ VM3562 m=cdos,cr,hsm,jsa,mb4ZUb,cEt90b,SNUn3,qddgKe,sTsDMc,dtl0hd,eHDfl,YV5bee,d,csi:420
PIa @ VM3562 m=cdos,cr,hsm,jsa,mb4ZUb,cEt90b,SNUn3,qddgKe,sTsDMc,dtl0hd,eHDfl,YV5bee,d,csi:596
DIa @ VM3562 m=cdos,cr,hsm,jsa,mb4ZUb,cEt90b,SNUn3,qddgKe,sTsDMc,dtl0hd,eHDfl,YV5bee,d,csi:596
_.EIa @ VM3562 m=cdos,cr,hsm,jsa,mb4ZUb,cEt90b,SNUn3,qddgKe,sTsDMc,dtl0hd,eHDfl,YV5bee,d,csi:590
(anonymous) @ VM3562 m=cdos,cr,hsm,jsa,mb4ZUb,cEt90b,SNUn3,qddgKe,sTsDMc,dtl0hd,eHDfl,YV5bee,d,csi:591
_.Lg @ VM3562 m=cdos,cr,hsm,jsa,mb4ZUb,cEt90b,SNUn3,qddgKe,sTsDMc,dtl0hd,eHDfl,YV5bee,d,csi:589
_.Eh @ VM3562 m=cdos,cr,hsm,jsa,mb4ZUb,cEt90b,SNUn3,qddgKe,sTsDMc,dtl0hd,eHDfl,YV5bee,d,csi:591
RMa @ VM3562 m=cdos,cr,hsm,jsa,mb4ZUb,cEt90b,SNUn3,qddgKe,sTsDMc,dtl0hd,eHDfl,YV5bee,d,csi:725
UMa @ VM3562 m=cdos,cr,hsm,jsa,mb4ZUb,cEt90b,SNUn3,qddgKe,sTsDMc,dtl0hd,eHDfl,YV5bee,d,csi:728
_.SMa @ VM3562 m=cdos,cr,hsm,jsa,mb4ZUb,cEt90b,SNUn3,qddgKe,sTsDMc,dtl0hd,eHDfl,YV5bee,d,csi:726
(anonymous) @ VM3562 m=cdos,cr,hsm,jsa,mb4ZUb,cEt90b,SNUn3,qddgKe,sTsDMc,dtl0hd,eHDfl,YV5bee,d,csi:725
_.vf @ VM3562 m=cdos,cr,hsm,jsa,mb4ZUb,cEt90b,SNUn3,qddgKe,sTsDMc,dtl0hd,eHDfl,YV5bee,d,csi:723
_.Noa @ VM3562 m=cdos,cr,hsm,jsa,mb4ZUb,cEt90b,SNUn3,qddgKe,sTsDMc,dtl0hd,eHDfl,YV5bee,d,csi:725
_.jXa @ VM3562 m=cdos,cr,hsm,jsa,mb4ZUb,cEt90b,SNUn3,qddgKe,sTsDMc,dtl0hd,eHDfl,YV5bee,d,csi:927
cG @ VM3562 m=cdos,cr,hsm,jsa,mb4ZUb,cEt90b,SNUn3,qddgKe,sTsDMc,dtl0hd,eHDfl,YV5bee,d,csi:942
nXa @ VM3562 m=cdos,cr,hsm,jsa,mb4ZUb,cEt90b,SNUn3,qddgKe,sTsDMc,dtl0hd,eHDfl,YV5bee,d,csi:934
oXa @ VM3562 m=cdos,cr,hsm,jsa,mb4ZUb,cEt90b,SNUn3,qddgKe,sTsDMc,dtl0hd,eHDfl,YV5bee,d,csi:933
(anonymous) @ VM3562 m=cdos,cr,hsm,jsa,mb4ZUb,cEt90b,SNUn3,qddgKe,sTsDMc,dtl0hd,eHDfl,YV5bee,d,csi:943
OWa.qM.MWa.MCa @ VM3562 m=cdos,cr,hsm,jsa,mb4ZUb,cEt90b,SNUn3,qddgKe,sTsDMc,dtl0hd,eHDfl,YV5bee,d,csi:920
dispatch @ VM3562 m=cdos,cr,hsm,jsa,mb4ZUb,cEt90b,SNUn3,qddgKe,sTsDMc,dtl0hd,eHDfl,YV5bee,d,csi:920
dispatch @ VM3562 m=cdos,cr,hsm,jsa,mb4ZUb,cEt90b,SNUn3,qddgKe,sTsDMc,dtl0hd,eHDfl,YV5bee,d,csi:921
(anonymous) @ VM3562 m=cdos,cr,hsm,jsa,mb4ZUb,cEt90b,SNUn3,qddgKe,sTsDMc,dtl0hd,eHDfl,YV5bee,d,csi:380
F @ sj-proxy?url=https%3A%2F%2Fgoogle.com:18
E.handleEvent @ sj-proxy?url=https%3A%2F%2Fgoogle.com:18
f @ sj-proxy?url=https%3A%2F%2Fgoogle.com:18
trigger @ sj-proxy?url=https%3A%2F%2Fgoogle.com:18
trigger @ VM3562 m=cdos,cr,hsm,jsa,mb4ZUb,cEt90b,SNUn3,qddgKe,sTsDMc,dtl0hd,eHDfl,YV5bee,d,csi:942
xra @ VM3562 m=cdos,cr,hsm,jsa,mb4ZUb,cEt90b,SNUn3,qddgKe,sTsDMc,dtl0hd,eHDfl,YV5bee,d,csi:927
_.Sg @ VM3562 m=cdos,cr,hsm,jsa,mb4ZUb,cEt90b,SNUn3,qddgKe,sTsDMc,dtl0hd,eHDfl,YV5bee,d,csi:288
(anonymous) @ VM3562 m=cdos,cr,hsm,jsa,mb4ZUb,cEt90b,SNUn3,qddgKe,sTsDMc,dtl0hd,eHDfl,YV5bee,d,csi:808
YPa @ VM3562 m=cdos,cr,hsm,jsa,mb4ZUb,cEt90b,SNUn3,qddgKe,sTsDMc,dtl0hd,eHDfl,YV5bee,d,csi:808
ZPa @ VM3562 m=cdos,cr,hsm,jsa,mb4ZUb,cEt90b,SNUn3,qddgKe,sTsDMc,dtl0hd,eHDfl,YV5bee,d,csi:805
QPa @ VM3562 m=cdos,cr,hsm,jsa,mb4ZUb,cEt90b,SNUn3,qddgKe,sTsDMc,dtl0hd,eHDfl,YV5bee,d,csi:807
PPa @ VM3562 m=cdos,cr,hsm,jsa,mb4ZUb,cEt90b,SNUn3,qddgKe,sTsDMc,dtl0hd,eHDfl,YV5bee,d,csi:801
(anonymous) @ VM3562 m=cdos,cr,hsm,jsa,mb4ZUb,cEt90b,SNUn3,qddgKe,sTsDMc,dtl0hd,eHDfl,YV5bee,d,csi:809
a.Ba @ VM3562 m=cdos,cr,hsm,jsa,mb4ZUb,cEt90b,SNUn3,qddgKe,sTsDMc,dtl0hd,eHDfl,YV5bee,d,csi:811
(anonymous) @ VM3562 m=cdos,cr,hsm,jsa,mb4ZUb,cEt90b,SNUn3,qddgKe,sTsDMc,dtl0hd,eHDfl,YV5bee,d,csi:406
a.port1.onmessage @ VM3562 m=cdos,cr,hsm,jsa,mb4ZUb,cEt90b,SNUn3,qddgKe,sTsDMc,dtl0hd,eHDfl,YV5bee,d,csi:588
postMessage
(anonymous) @ VM3562 m=cdos,cr,hsm,jsa,mb4ZUb,cEt90b,SNUn3,qddgKe,sTsDMc,dtl0hd,eHDfl,YV5bee,d,csi:588
_.ie @ VM3562 m=cdos,cr,hsm,jsa,mb4ZUb,cEt90b,SNUn3,qddgKe,sTsDMc,dtl0hd,eHDfl,YV5bee,d,csi:200
Ra @ VM3562 m=cdos,cr,hsm,jsa,mb4ZUb,cEt90b,SNUn3,qddgKe,sTsDMc,dtl0hd,eHDfl,YV5bee,d,csi:809
(anonymous) @ VM3562 m=cdos,cr,hsm,jsa,mb4ZUb,cEt90b,SNUn3,qddgKe,sTsDMc,dtl0hd,eHDfl,YV5bee,d,csi:811
_.Lg @ VM3562 m=cdos,cr,hsm,jsa,mb4ZUb,cEt90b,SNUn3,qddgKe,sTsDMc,dtl0hd,eHDfl,YV5bee,d,csi:589
_.cQa @ VM3562 m=cdos,cr,hsm,jsa,mb4ZUb,cEt90b,SNUn3,qddgKe,sTsDMc,dtl0hd,eHDfl,YV5bee,d,csi:811
dirty @ VM3562 m=cdos,cr,hsm,jsa,mb4ZUb,cEt90b,SNUn3,qddgKe,sTsDMc,dtl0hd,eHDfl,YV5bee,d,csi:809
(anonymous) @ VM3562 m=cdos,cr,hsm,jsa,mb4ZUb,cEt90b,SNUn3,qddgKe,sTsDMc,dtl0hd,eHDfl,YV5bee,d,csi:375
U @ sj-proxy?url=https%3A%2F%2Fgoogle.com:35
(anonymous) @ sj-proxy?url=https%3A%2F%2Fgoogle.com:36
B @ sj-proxy?url=https%3A%2F%2Fgoogle.com:30
y @ sj-proxy?url=https%3A%2F%2Fgoogle.com:30
W @ sj-proxy?url=https%3A%2F%2Fgoogle.com:35
F @ sj-proxy?url=https%3A%2F%2Fgoogle.com:37
XMLHttpRequest.send
(anonymous) @ sj-proxy?url=https%3A%2F%2Fgoogle.com:34
d @ sj-proxy?url=https%3A%2F%2Fgoogle.com:26
pa @ sj-proxy?url=https%3A%2F%2Fgoogle.com:34
e @ sj-proxy?url=https%3A%2F%2Fgoogle.com:27
(anonymous) @ sj-proxy?url=https%3A%2F%2Fgoogle.com:37
(anonymous) @ sj-proxy?url=https%3A%2F%2Fgoogle.com:37
sj-proxy?url=https%3A%2F%2Fgoogle.com:1 Access to XMLHttpRequest at 'https://google.com/async/hpba?vet=10ahUKEwjtq_irt5KVAxUSOTQIHcIfB1AQj-0KCDw..i&ei=-MA0au3PF5Ly0PEPwr-cgAU&opi=89978449&yv=3&sp_imghp=false&sp_hpte=1&sp_hrh=http://localhost:8080/&sp_hpep=1&stick=&cs=0&async=_basejs:%2Fxjs%2F_%2Fjs%2Fk%3Dxjs.hd.en.rRRcCZse8Zo.2019.O%2Fam%3DAAAAAAAAAAAAAAAAAAAAAAAAAAAAAAAAAAAAAAAAAAAAAAAAAAAAAAAAwABAAAAAAACAQAAAAAAAAAAAAAAADCAAAAAAAAAAAAAAAAAAAIBAAAAAQAAAAAAAAACAAAAAAAAEAAAAAAAAAAwACAAIIAAAADAAAAAAAAAAAAAAAAAAAABABAAAAAABAMAfDDACAAAAAAAAACQAAAAAAAAAAABYAAAABQAAAAiAAAAAAAAAAAAAAAAAAAAAAAIAAAAAAAAAAAAAABAAAABAAQAAAAABAAAAAAAAAAAAAAAAAAAAAAIAAAAAAAAAAAAAAEAAAAUAAAIAgAAAAAAAAAAAAAAAAACgAwAAAAABAAAAAAAAAAAAAAAAAAA4AAAEBAAAAAAAAAAIBAAIAAAAAB0AgQcYUlMAAAAAAAAAAAAAAAAAAAAAAAAAARTALiQQEAABAAAAAAAAAAAAAAAAAAAAAAAAAACA0FMAAAAAAACLAQ%2Fdg%3D0%2Frs%3DACT90oGxoJ4RC1GJF5bye9wstqCyyMsppg%3Fcb%3D121509378,_basecss:%2Fxjs%2F_%2Fss%2Fk%3Dxjs.hd.Yojy9DoOLV8.L.W.O%2Fam%3DAAAEBAAAAAAAAAAAAAIAAAAAAAAAAAAAAAAAAAAAAAAQAAAAgBICABCAACAAAAAAEAAAgBpEAAACAAAAAAAIDwAAYAAAAAAAAAAAEAAAAAAAQAAAQAAAAAAAAACAAAAAAAAAAAAAAgAAAAAACAAIIAEAAAQoAAAAAAACAAAAAAAAAAAEBAAAAAAAAAAAAAAEAAAAAAAAMADCACAAAAAAQBgAAAAAAAAAAAAAAAAAAAAAAECQAAgAgIABAAAAACAAAAAAACAAgBCCACBAAQQAAAAAAAAsAAAAAHRAAAQEAAAAAAAAgABAIBACCAAAAEAAAAAIAAIAAgACAgCMoAEASFQIAACiAwAAAAIBAAAAEAAAAAAAAAAAAAAYAQAAAAAAgAUAwBAIBAAAAAAAAAAAAAAAAAMAAAAAAAAAAAAAAAAAAAAAAAAAAAAAAABQ%2Frs%3DACT90oEBXx6qQOKsfnZ0Hgp584yFsJkHmg%3Fcb%3D121509378,_basecomb:%2Fxjs%2F_%2Fjs%2Fk%3Dxjs.hd.en.rRRcCZse8Zo.2019.O%2Fck%3Dxjs.hd.Yojy9DoOLV8.L.W.O%2Fam%3DAAAEBAAAAAAAAAAAAAIAAAAAAAAAAAAAAAAAAAAAAAAQAAAAgBICABCAwCBAAAAAEACAwBpEAAACAAAAAAAIDyAAYAAAAAAAAAAAEAAAAIBAQAAAQAAAAAAAAACAAAAAAAAEAAAAAgAAAAwACAAIIAEAADQoAAAAAAACAAAAAAAAAABEBAAAAAABAMAfDDAGAAAAAAAAMCTCACAAAAAAQBhYAAAABQAAAAiAAAAAAAAAAECQAAgAgIABAAIAACAAAAAAACAAgBCCACBAAQQAAAABAAAsAAAAAHRAAAQEAAAAAAIAgABAIBACCAAAAEAAAAUIAAIAggACAgCMoAEASFQIAACiAwAAAAIBAAAAEAAAAAAAAAAAAAA4AQAEBAAAgAUAwBAIBAAIAAAAAB0AgQcYUlMAAAAAAAAAAAAAAAAAAAAAAAAAARTALiRQEAABAAAAAAAAAAAAAAAAAAAAAAAAAACA0FMAAAAAAACLAQ%2Fd%3D1%2Fed%3D1%2Fdg%3D0%2Fujg%3D1%2Frs%3DACT90oHVb-M7Zjd3o7HJUuFegjBpi2AWYQ%3Fcb%3D121509378,_fmt:prog,_id:_-MA0au3PF5Ly0PEPwr-cgAU_11' from origin 'http://localhost:8080' has been blocked by CORS policy: Response to preflight request doesn't pass access control check: No 'Access-Control-Allow-Origin' header is present on the requested resource.
VM3562 m=cdos,cr,hsm,jsa,mb4ZUb,cEt90b,SNUn3,qddgKe,sTsDMc,dtl0hd,eHDfl,YV5bee,d,csi:422  GET https://google.com/async/hpba?vet=10ahUKEwjtq_irt5KVAxUSOTQIHcIfB1AQj-0KCDw..i&ei=-MA0au3PF5Ly0PEPwr-cgAU&opi=89978449&yv=3&sp_imghp=false&sp_hpte=1&sp_hrh=http://localhost:8080/&sp_hpep=1&stick=&cs=0&async=_basejs:%2Fxjs%2F_%2Fjs%2Fk%3Dxjs.hd.en.rRRcCZse8Zo.2019.O%2Fam%3DAAAAAAAAAAAAAAAAAAAAAAAAAAAAAAAAAAAAAAAAAAAAAAAAAAAAAAAAwABAAAAAAACAQAAAAAAAAAAAAAAADCAAAAAAAAAAAAAAAAAAAIBAAAAAQAAAAAAAAACAAAAAAAAEAAAAAAAAAAwACAAIIAAAADAAAAAAAAAAAAAAAAAAAABABAAAAAABAMAfDDACAAAAAAAAACQAAAAAAAAAAABYAAAABQAAAAiAAAAAAAAAAAAAAAAAAAAAAAIAAAAAAAAAAAAAABAAAABAAQAAAAABAAAAAAAAAAAAAAAAAAAAAAIAAAAAAAAAAAAAAEAAAAUAAAIAgAAAAAAAAAAAAAAAAACgAwAAAAABAAAAAAAAAAAAAAAAAAA4AAAEBAAAAAAAAAAIBAAIAAAAAB0AgQcYUlMAAAAAAAAAAAAAAAAAAAAAAAAAARTALiQQEAABAAAAAAAAAAAAAAAAAAAAAAAAAACA0FMAAAAAAACLAQ%2Fdg%3D0%2Frs%3DACT90oGxoJ4RC1GJF5bye9wstqCyyMsppg%3Fcb%3D121509378,_basecss:%2Fxjs%2F_%2Fss%2Fk%3Dxjs.hd.Yojy9DoOLV8.L.W.O%2Fam%3DAAAEBAAAAAAAAAAAAAIAAAAAAAAAAAAAAAAAAAAAAAAQAAAAgBICABCAACAAAAAAEAAAgBpEAAACAAAAAAAIDwAAYAAAAAAAAAAAEAAAAAAAQAAAQAAAAAAAAACAAAAAAAAAAAAAAgAAAAAACAAIIAEAAAQoAAAAAAACAAAAAAAAAAAEBAAAAAAAAAAAAAAEAAAAAAAAMADCACAAAAAAQBgAAAAAAAAAAAAAAAAAAAAAAECQAAgAgIABAAAAACAAAAAAACAAgBCCACBAAQQAAAAAAAAsAAAAAHRAAAQEAAAAAAAAgABAIBACCAAAAEAAAAAIAAIAAgACAgCMoAEASFQIAACiAwAAAAIBAAAAEAAAAAAAAAAAAAAYAQAAAAAAgAUAwBAIBAAAAAAAAAAAAAAAAAMAAAAAAAAAAAAAAAAAAAAAAAAAAAAAAABQ%2Frs%3DACT90oEBXx6qQOKsfnZ0Hgp584yFsJkHmg%3Fcb%3D121509378,_basecomb:%2Fxjs%2F_%2Fjs%2Fk%3Dxjs.hd.en.rRRcCZse8Zo.2019.O%2Fck%3Dxjs.hd.Yojy9DoOLV8.L.W.O%2Fam%3DAAAEBAAAAAAAAAAAAAIAAAAAAAAAAAAAAAAAAAAAAAAQAAAAgBICABCAwCBAAAAAEACAwBpEAAACAAAAAAAIDyAAYAAAAAAAAAAAEAAAAIBAQAAAQAAAAAAAAACAAAAAAAAEAAAAAgAAAAwACAAIIAEAADQoAAAAAAACAAAAAAAAAABEBAAAAAABAMAfDDAGAAAAAAAAMCTCACAAAAAAQBhYAAAABQAAAAiAAAAAAAAAAECQAAgAgIABAAIAACAAAAAAACAAgBCCACBAAQQAAAABAAAsAAAAAHRAAAQEAAAAAAIAgABAIBACCAAAAEAAAAUIAAIAggACAgCMoAEASFQIAACiAwAAAAIBAAAAEAAAAAAAAAAAAAA4AQAEBAAAgAUAwBAIBAAIAAAAAB0AgQcYUlMAAAAAAAAAAAAAAAAAAAAAAAAAARTALiRQEAABAAAAAAAAAAAAAAAAAAAAAAAAAACA0FMAAAAAAACLAQ%2Fd%3D1%2Fed%3D1%2Fdg%3D0%2Fujg%3D1%2Frs%3DACT90oHVb-M7Zjd3o7HJUuFegjBpi2AWYQ%3Fcb%3D121509378,_fmt:prog,_id:_-MA0au3PF5Ly0PEPwr-cgAU_11 net::ERR_FAILED
(anonymous) @ VM3562 m=cdos,cr,hsm,jsa,mb4ZUb,cEt90b,SNUn3,qddgKe,sTsDMc,dtl0hd,eHDfl,YV5bee,d,csi:422
(anonymous) @ VM3574 m=syxk,HGv0mf,sy133,sy134,Qj0suc,JXS8fb,sy122,QKZgZd,sy136,sy13z,sy13y,sy13o,sy13x,sy13q,sy13t,sy130,sy13p,sy131,sy13s,sy13m,sydc,sydd,syd7,sy10v,sy110,sy13i,sydq,syc3,sy13d,sygj,sy13k,sy13v,sy10u,sy10t,sy10s,sy109,sy108,sy100,sy103,sy10x,sygw,sygv,sygu,sy10w,sy10c,sy10b,sy10a,syzx,syzz,sy13l,sydo,sy13h,sy13g,sy13f,sy13e,sy13c,sy13b,sy13a,sy10d,syp7,Wct42,UEShwc,sy1yd,sy14b,YHnUBc,sy241,VtMfj,U9EYge,sy11s,loL8vb,sy11v,sy11u,sy10z,sy111,sy112,sy10y,sy107,sy10g,sy10r,sy10i,sy10n,sy10j,sy10f,sy10e,syzu,syyo,syyn,sy101,ms4mZb,syxb,B2qlPe,sy143,NzU6V,sy14l,sy9b,WlNQGd,syzt,syzr,syzq,DPreE,sy14n,sy14m,nabPbb,abd,sy477,TDFkye:446
_.T2b @ VM3574 m=syxk,HGv0mf,sy133,sy134,Qj0suc,JXS8fb,sy122,QKZgZd,sy136,sy13z,sy13y,sy13o,sy13x,sy13q,sy13t,sy130,sy13p,sy131,sy13s,sy13m,sydc,sydd,syd7,sy10v,sy110,sy13i,sydq,syc3,sy13d,sygj,sy13k,sy13v,sy10u,sy10t,sy10s,sy109,sy108,sy100,sy103,sy10x,sygw,sygv,sygu,sy10w,sy10c,sy10b,sy10a,syzx,syzz,sy13l,sydo,sy13h,sy13g,sy13f,sy13e,sy13c,sy13b,sy13a,sy10d,syp7,Wct42,UEShwc,sy1yd,sy14b,YHnUBc,sy241,VtMfj,U9EYge,sy11s,loL8vb,sy11v,sy11u,sy10z,sy111,sy112,sy10y,sy107,sy10g,sy10r,sy10i,sy10n,sy10j,sy10f,sy10e,syzu,syyo,syyn,sy101,ms4mZb,syxb,B2qlPe,sy143,NzU6V,sy14l,sy9b,WlNQGd,syzt,syzr,syzq,DPreE,sy14n,sy14m,nabPbb,abd,sy477,TDFkye:149
i7b @ VM3574 m=syxk,HGv0mf,sy133,sy134,Qj0suc,JXS8fb,sy122,QKZgZd,sy136,sy13z,sy13y,sy13o,sy13x,sy13q,sy13t,sy130,sy13p,sy131,sy13s,sy13m,sydc,sydd,syd7,sy10v,sy110,sy13i,sydq,syc3,sy13d,sygj,sy13k,sy13v,sy10u,sy10t,sy10s,sy109,sy108,sy100,sy103,sy10x,sygw,sygv,sygu,sy10w,sy10c,sy10b,sy10a,syzx,syzz,sy13l,sydo,sy13h,sy13g,sy13f,sy13e,sy13c,sy13b,sy13a,sy10d,syp7,Wct42,UEShwc,sy1yd,sy14b,YHnUBc,sy241,VtMfj,U9EYge,sy11s,loL8vb,sy11v,sy11u,sy10z,sy111,sy112,sy10y,sy107,sy10g,sy10r,sy10i,sy10n,sy10j,sy10f,sy10e,syzu,syyo,syyn,sy101,ms4mZb,syxb,B2qlPe,sy143,NzU6V,sy14l,sy9b,WlNQGd,syzt,syzr,syzq,DPreE,sy14n,sy14m,nabPbb,abd,sy477,TDFkye:444
(anonymous) @ VM3574 m=syxk,HGv0mf,sy133,sy134,Qj0suc,JXS8fb,sy122,QKZgZd,sy136,sy13z,sy13y,sy13o,sy13x,sy13q,sy13t,sy130,sy13p,sy131,sy13s,sy13m,sydc,sydd,syd7,sy10v,sy110,sy13i,sydq,syc3,sy13d,sygj,sy13k,sy13v,sy10u,sy10t,sy10s,sy109,sy108,sy100,sy103,sy10x,sygw,sygv,sygu,sy10w,sy10c,sy10b,sy10a,syzx,syzz,sy13l,sydo,sy13h,sy13g,sy13f,sy13e,sy13c,sy13b,sy13a,sy10d,syp7,Wct42,UEShwc,sy1yd,sy14b,YHnUBc,sy241,VtMfj,U9EYge,sy11s,loL8vb,sy11v,sy11u,sy10z,sy111,sy112,sy10y,sy107,sy10g,sy10r,sy10i,sy10n,sy10j,sy10f,sy10e,syzu,syyo,syyn,sy101,ms4mZb,syxb,B2qlPe,sy143,NzU6V,sy14l,sy9b,WlNQGd,syzt,syzr,syzq,DPreE,sy14n,sy14m,nabPbb,abd,sy477,TDFkye:450
q7b @ VM3574 m=syxk,HGv0mf,sy133,sy134,Qj0suc,JXS8fb,sy122,QKZgZd,sy136,sy13z,sy13y,sy13o,sy13x,sy13q,sy13t,sy130,sy13p,sy131,sy13s,sy13m,sydc,sydd,syd7,sy10v,sy110,sy13i,sydq,syc3,sy13d,sygj,sy13k,sy13v,sy10u,sy10t,sy10s,sy109,sy108,sy100,sy103,sy10x,sygw,sygv,sygu,sy10w,sy10c,sy10b,sy10a,syzx,syzz,sy13l,sydo,sy13h,sy13g,sy13f,sy13e,sy13c,sy13b,sy13a,sy10d,syp7,Wct42,UEShwc,sy1yd,sy14b,YHnUBc,sy241,VtMfj,U9EYge,sy11s,loL8vb,sy11v,sy11u,sy10z,sy111,sy112,sy10y,sy107,sy10g,sy10r,sy10i,sy10n,sy10j,sy10f,sy10e,syzu,syyo,syyn,sy101,ms4mZb,syxb,B2qlPe,sy143,NzU6V,sy14l,sy9b,WlNQGd,syzt,syzr,syzq,DPreE,sy14n,sy14m,nabPbb,abd,sy477,TDFkye:450
await in q7b
n7b @ VM3574 m=syxk,HGv0mf,sy133,sy134,Qj0suc,JXS8fb,sy122,QKZgZd,sy136,sy13z,sy13y,sy13o,sy13x,sy13q,sy13t,sy130,sy13p,sy131,sy13s,sy13m,sydc,sydd,syd7,sy10v,sy110,sy13i,sydq,syc3,sy13d,sygj,sy13k,sy13v,sy10u,sy10t,sy10s,sy109,sy108,sy100,sy103,sy10x,sygw,sygv,sygu,sy10w,sy10c,sy10b,sy10a,syzx,syzz,sy13l,sydo,sy13h,sy13g,sy13f,sy13e,sy13c,sy13b,sy13a,sy10d,syp7,Wct42,UEShwc,sy1yd,sy14b,YHnUBc,sy241,VtMfj,U9EYge,sy11s,loL8vb,sy11v,sy11u,sy10z,sy111,sy112,sy10y,sy107,sy10g,sy10r,sy10i,sy10n,sy10j,sy10f,sy10e,syzu,syyo,syyn,sy101,ms4mZb,syxb,B2qlPe,sy143,NzU6V,sy14l,sy9b,WlNQGd,syzt,syzr,syzq,DPreE,sy14n,sy14m,nabPbb,abd,sy477,TDFkye:450
p7b @ VM3574 m=syxk,HGv0mf,sy133,sy134,Qj0suc,JXS8fb,sy122,QKZgZd,sy136,sy13z,sy13y,sy13o,sy13x,sy13q,sy13t,sy130,sy13p,sy131,sy13s,sy13m,sydc,sydd,syd7,sy10v,sy110,sy13i,sydq,syc3,sy13d,sygj,sy13k,sy13v,sy10u,sy10t,sy10s,sy109,sy108,sy100,sy103,sy10x,sygw,sygv,sygu,sy10w,sy10c,sy10b,sy10a,syzx,syzz,sy13l,sydo,sy13h,sy13g,sy13f,sy13e,sy13c,sy13b,sy13a,sy10d,syp7,Wct42,UEShwc,sy1yd,sy14b,YHnUBc,sy241,VtMfj,U9EYge,sy11s,loL8vb,sy11v,sy11u,sy10z,sy111,sy112,sy10y,sy107,sy10g,sy10r,sy10i,sy10n,sy10j,sy10f,sy10e,syzu,syyo,syyn,sy101,ms4mZb,syxb,B2qlPe,sy143,NzU6V,sy14l,sy9b,WlNQGd,syzt,syzr,syzq,DPreE,sy14n,sy14m,nabPbb,abd,sy477,TDFkye:449
fetch @ VM3574 m=syxk,HGv0mf,sy133,sy134,Qj0suc,JXS8fb,sy122,QKZgZd,sy136,sy13z,sy13y,sy13o,sy13x,sy13q,sy13t,sy130,sy13p,sy131,sy13s,sy13m,sydc,sydd,syd7,sy10v,sy110,sy13i,sydq,syc3,sy13d,sygj,sy13k,sy13v,sy10u,sy10t,sy10s,sy109,sy108,sy100,sy103,sy10x,sygw,sygv,sygu,sy10w,sy10c,sy10b,sy10a,syzx,syzz,sy13l,sydo,sy13h,sy13g,sy13f,sy13e,sy13c,sy13b,sy13a,sy10d,syp7,Wct42,UEShwc,sy1yd,sy14b,YHnUBc,sy241,VtMfj,U9EYge,sy11s,loL8vb,sy11v,sy11u,sy10z,sy111,sy112,sy10y,sy107,sy10g,sy10r,sy10i,sy10n,sy10j,sy10f,sy10e,syzu,syyo,syyn,sy101,ms4mZb,syxb,B2qlPe,sy143,NzU6V,sy14l,sy9b,WlNQGd,syzt,syzr,syzq,DPreE,sy14n,sy14m,nabPbb,abd,sy477,TDFkye:454
r4b @ VM3574 m=syxk,HGv0mf,sy133,sy134,Qj0suc,JXS8fb,sy122,QKZgZd,sy136,sy13z,sy13y,sy13o,sy13x,sy13q,sy13t,sy130,sy13p,sy131,sy13s,sy13m,sydc,sydd,syd7,sy10v,sy110,sy13i,sydq,syc3,sy13d,sygj,sy13k,sy13v,sy10u,sy10t,sy10s,sy109,sy108,sy100,sy103,sy10x,sygw,sygv,sygu,sy10w,sy10c,sy10b,sy10a,syzx,syzz,sy13l,sydo,sy13h,sy13g,sy13f,sy13e,sy13c,sy13b,sy13a,sy10d,syp7,Wct42,UEShwc,sy1yd,sy14b,YHnUBc,sy241,VtMfj,U9EYge,sy11s,loL8vb,sy11v,sy11u,sy10z,sy111,sy112,sy10y,sy107,sy10g,sy10r,sy10i,sy10n,sy10j,sy10f,sy10e,syzu,syyo,syyn,sy101,ms4mZb,syxb,B2qlPe,sy143,NzU6V,sy14l,sy9b,WlNQGd,syzt,syzr,syzq,DPreE,sy14n,sy14m,nabPbb,abd,sy477,TDFkye:498
o4b @ VM3574 m=syxk,HGv0mf,sy133,sy134,Qj0suc,JXS8fb,sy122,QKZgZd,sy136,sy13z,sy13y,sy13o,sy13x,sy13q,sy13t,sy130,sy13p,sy131,sy13s,sy13m,sydc,sydd,syd7,sy10v,sy110,sy13i,sydq,syc3,sy13d,sygj,sy13k,sy13v,sy10u,sy10t,sy10s,sy109,sy108,sy100,sy103,sy10x,sygw,sygv,sygu,sy10w,sy10c,sy10b,sy10a,syzx,syzz,sy13l,sydo,sy13h,sy13g,sy13f,sy13e,sy13c,sy13b,sy13a,sy10d,syp7,Wct42,UEShwc,sy1yd,sy14b,YHnUBc,sy241,VtMfj,U9EYge,sy11s,loL8vb,sy11v,sy11u,sy10z,sy111,sy112,sy10y,sy107,sy10g,sy10r,sy10i,sy10n,sy10j,sy10f,sy10e,syzu,syyo,syyn,sy101,ms4mZb,syxb,B2qlPe,sy143,NzU6V,sy14l,sy9b,WlNQGd,syzt,syzr,syzq,DPreE,sy14n,sy14m,nabPbb,abd,sy477,TDFkye:496
_.Fx @ VM3574 m=syxk,HGv0mf,sy133,sy134,Qj0suc,JXS8fb,sy122,QKZgZd,sy136,sy13z,sy13y,sy13o,sy13x,sy13q,sy13t,sy130,sy13p,sy131,sy13s,sy13m,sydc,sydd,syd7,sy10v,sy110,sy13i,sydq,syc3,sy13d,sygj,sy13k,sy13v,sy10u,sy10t,sy10s,sy109,sy108,sy100,sy103,sy10x,sygw,sygv,sygu,sy10w,sy10c,sy10b,sy10a,syzx,syzz,sy13l,sydo,sy13h,sy13g,sy13f,sy13e,sy13c,sy13b,sy13a,sy10d,syp7,Wct42,UEShwc,sy1yd,sy14b,YHnUBc,sy241,VtMfj,U9EYge,sy11s,loL8vb,sy11v,sy11u,sy10z,sy111,sy112,sy10y,sy107,sy10g,sy10r,sy10i,sy10n,sy10j,sy10f,sy10e,syzu,syyo,syyn,sy101,ms4mZb,syxb,B2qlPe,sy143,NzU6V,sy14l,sy9b,WlNQGd,syzt,syzr,syzq,DPreE,sy14n,sy14m,nabPbb,abd,sy477,TDFkye:494
Od @ VM3574 m=syxk,HGv0mf,sy133,sy134,Qj0suc,JXS8fb,sy122,QKZgZd,sy136,sy13z,sy13y,sy13o,sy13x,sy13q,sy13t,sy130,sy13p,sy131,sy13s,sy13m,sydc,sydd,syd7,sy10v,sy110,sy13i,sydq,syc3,sy13d,sygj,sy13k,sy13v,sy10u,sy10t,sy10s,sy109,sy108,sy100,sy103,sy10x,sygw,sygv,sygu,sy10w,sy10c,sy10b,sy10a,syzx,syzz,sy13l,sydo,sy13h,sy13g,sy13f,sy13e,sy13c,sy13b,sy13a,sy10d,syp7,Wct42,UEShwc,sy1yd,sy14b,YHnUBc,sy241,VtMfj,U9EYge,sy11s,loL8vb,sy11v,sy11u,sy10z,sy111,sy112,sy10y,sy107,sy10g,sy10r,sy10i,sy10n,sy10j,sy10f,sy10e,syzu,syyo,syyn,sy101,ms4mZb,syxb,B2qlPe,sy143,NzU6V,sy14l,sy9b,WlNQGd,syzt,syzr,syzq,DPreE,sy14n,sy14m,nabPbb,abd,sy477,TDFkye:522
(anonymous) @ VM3562 m=cdos,cr,hsm,jsa,mb4ZUb,cEt90b,SNUn3,qddgKe,sTsDMc,dtl0hd,eHDfl,YV5bee,d,csi:938
map @ VM3562 m=cdos,cr,hsm,jsa,mb4ZUb,cEt90b,SNUn3,qddgKe,sTsDMc,dtl0hd,eHDfl,YV5bee,d,csi:724
sXa @ VM3562 m=cdos,cr,hsm,jsa,mb4ZUb,cEt90b,SNUn3,qddgKe,sTsDMc,dtl0hd,eHDfl,YV5bee,d,csi:938
(anonymous) @ VM3562 m=cdos,cr,hsm,jsa,mb4ZUb,cEt90b,SNUn3,qddgKe,sTsDMc,dtl0hd,eHDfl,YV5bee,d,csi:935
(anonymous) @ VM3562 m=cdos,cr,hsm,jsa,mb4ZUb,cEt90b,SNUn3,qddgKe,sTsDMc,dtl0hd,eHDfl,YV5bee,d,csi:725
b @ VM3562 m=cdos,cr,hsm,jsa,mb4ZUb,cEt90b,SNUn3,qddgKe,sTsDMc,dtl0hd,eHDfl,YV5bee,d,csi:723
b @ VM3562 m=cdos,cr,hsm,jsa,mb4ZUb,cEt90b,SNUn3,qddgKe,sTsDMc,dtl0hd,eHDfl,YV5bee,d,csi:723
Xx @ VM3562 m=cdos,cr,hsm,jsa,mb4ZUb,cEt90b,SNUn3,qddgKe,sTsDMc,dtl0hd,eHDfl,YV5bee,d,csi:723
(anonymous) @ VM3562 m=cdos,cr,hsm,jsa,mb4ZUb,cEt90b,SNUn3,qddgKe,sTsDMc,dtl0hd,eHDfl,YV5bee,d,csi:725
b @ VM3562 m=cdos,cr,hsm,jsa,mb4ZUb,cEt90b,SNUn3,qddgKe,sTsDMc,dtl0hd,eHDfl,YV5bee,d,csi:723
(anonymous) @ VM3562 m=cdos,cr,hsm,jsa,mb4ZUb,cEt90b,SNUn3,qddgKe,sTsDMc,dtl0hd,eHDfl,YV5bee,d,csi:725
(anonymous) @ VM3562 m=cdos,cr,hsm,jsa,mb4ZUb,cEt90b,SNUn3,qddgKe,sTsDMc,dtl0hd,eHDfl,YV5bee,d,csi:406
e.wa @ VM3562 m=cdos,cr,hsm,jsa,mb4ZUb,cEt90b,SNUn3,qddgKe,sTsDMc,dtl0hd,eHDfl,YV5bee,d,csi:594
QIa @ VM3562 m=cdos,cr,hsm,jsa,mb4ZUb,cEt90b,SNUn3,qddgKe,sTsDMc,dtl0hd,eHDfl,YV5bee,d,csi:597
MIa @ VM3562 m=cdos,cr,hsm,jsa,mb4ZUb,cEt90b,SNUn3,qddgKe,sTsDMc,dtl0hd,eHDfl,YV5bee,d,csi:597
_.Lg.t4a @ VM3562 m=cdos,cr,hsm,jsa,mb4ZUb,cEt90b,SNUn3,qddgKe,sTsDMc,dtl0hd,eHDfl,YV5bee,d,csi:597
wla @ VM3562 m=cdos,cr,hsm,jsa,mb4ZUb,cEt90b,SNUn3,qddgKe,sTsDMc,dtl0hd,eHDfl,YV5bee,d,csi:200
(anonymous) @ VM3562 m=cdos,cr,hsm,jsa,mb4ZUb,cEt90b,SNUn3,qddgKe,sTsDMc,dtl0hd,eHDfl,YV5bee,d,csi:406
Promise.then
then @ VM3562 m=cdos,cr,hsm,jsa,mb4ZUb,cEt90b,SNUn3,qddgKe,sTsDMc,dtl0hd,eHDfl,YV5bee,d,csi:420
sIa @ VM3562 m=cdos,cr,hsm,jsa,mb4ZUb,cEt90b,SNUn3,qddgKe,sTsDMc,dtl0hd,eHDfl,YV5bee,d,csi:588
_.wn @ VM3562 m=cdos,cr,hsm,jsa,mb4ZUb,cEt90b,SNUn3,qddgKe,sTsDMc,dtl0hd,eHDfl,YV5bee,d,csi:588
NIa @ VM3562 m=cdos,cr,hsm,jsa,mb4ZUb,cEt90b,SNUn3,qddgKe,sTsDMc,dtl0hd,eHDfl,YV5bee,d,csi:596
_.Lg.OP @ VM3562 m=cdos,cr,hsm,jsa,mb4ZUb,cEt90b,SNUn3,qddgKe,sTsDMc,dtl0hd,eHDfl,YV5bee,d,csi:595
(anonymous) @ VM3562 m=cdos,cr,hsm,jsa,mb4ZUb,cEt90b,SNUn3,qddgKe,sTsDMc,dtl0hd,eHDfl,YV5bee,d,csi:589
f @ VM3562 m=cdos,cr,hsm,jsa,mb4ZUb,cEt90b,SNUn3,qddgKe,sTsDMc,dtl0hd,eHDfl,YV5bee,d,csi:591
(anonymous) @ VM3562 m=cdos,cr,hsm,jsa,mb4ZUb,cEt90b,SNUn3,qddgKe,sTsDMc,dtl0hd,eHDfl,YV5bee,d,csi:428
g @ VM3562 m=cdos,cr,hsm,jsa,mb4ZUb,cEt90b,SNUn3,qddgKe,sTsDMc,dtl0hd,eHDfl,YV5bee,d,csi:596
(anonymous) @ VM3562 m=cdos,cr,hsm,jsa,mb4ZUb,cEt90b,SNUn3,qddgKe,sTsDMc,dtl0hd,eHDfl,YV5bee,d,csi:406
Promise.then
then @ VM3562 m=cdos,cr,hsm,jsa,mb4ZUb,cEt90b,SNUn3,qddgKe,sTsDMc,dtl0hd,eHDfl,YV5bee,d,csi:420
PIa @ VM3562 m=cdos,cr,hsm,jsa,mb4ZUb,cEt90b,SNUn3,qddgKe,sTsDMc,dtl0hd,eHDfl,YV5bee,d,csi:596
DIa @ VM3562 m=cdos,cr,hsm,jsa,mb4ZUb,cEt90b,SNUn3,qddgKe,sTsDMc,dtl0hd,eHDfl,YV5bee,d,csi:596
_.EIa @ VM3562 m=cdos,cr,hsm,jsa,mb4ZUb,cEt90b,SNUn3,qddgKe,sTsDMc,dtl0hd,eHDfl,YV5bee,d,csi:590
(anonymous) @ VM3562 m=cdos,cr,hsm,jsa,mb4ZUb,cEt90b,SNUn3,qddgKe,sTsDMc,dtl0hd,eHDfl,YV5bee,d,csi:591
_.Lg @ VM3562 m=cdos,cr,hsm,jsa,mb4ZUb,cEt90b,SNUn3,qddgKe,sTsDMc,dtl0hd,eHDfl,YV5bee,d,csi:589
_.Eh @ VM3562 m=cdos,cr,hsm,jsa,mb4ZUb,cEt90b,SNUn3,qddgKe,sTsDMc,dtl0hd,eHDfl,YV5bee,d,csi:591
RMa @ VM3562 m=cdos,cr,hsm,jsa,mb4ZUb,cEt90b,SNUn3,qddgKe,sTsDMc,dtl0hd,eHDfl,YV5bee,d,csi:725
UMa @ VM3562 m=cdos,cr,hsm,jsa,mb4ZUb,cEt90b,SNUn3,qddgKe,sTsDMc,dtl0hd,eHDfl,YV5bee,d,csi:728
_.SMa @ VM3562 m=cdos,cr,hsm,jsa,mb4ZUb,cEt90b,SNUn3,qddgKe,sTsDMc,dtl0hd,eHDfl,YV5bee,d,csi:726
(anonymous) @ VM3562 m=cdos,cr,hsm,jsa,mb4ZUb,cEt90b,SNUn3,qddgKe,sTsDMc,dtl0hd,eHDfl,YV5bee,d,csi:725
_.vf @ VM3562 m=cdos,cr,hsm,jsa,mb4ZUb,cEt90b,SNUn3,qddgKe,sTsDMc,dtl0hd,eHDfl,YV5bee,d,csi:723
_.Noa @ VM3562 m=cdos,cr,hsm,jsa,mb4ZUb,cEt90b,SNUn3,qddgKe,sTsDMc,dtl0hd,eHDfl,YV5bee,d,csi:725
_.jXa @ VM3562 m=cdos,cr,hsm,jsa,mb4ZUb,cEt90b,SNUn3,qddgKe,sTsDMc,dtl0hd,eHDfl,YV5bee,d,csi:927
cG @ VM3562 m=cdos,cr,hsm,jsa,mb4ZUb,cEt90b,SNUn3,qddgKe,sTsDMc,dtl0hd,eHDfl,YV5bee,d,csi:942
nXa @ VM3562 m=cdos,cr,hsm,jsa,mb4ZUb,cEt90b,SNUn3,qddgKe,sTsDMc,dtl0hd,eHDfl,YV5bee,d,csi:934
oXa @ VM3562 m=cdos,cr,hsm,jsa,mb4ZUb,cEt90b,SNUn3,qddgKe,sTsDMc,dtl0hd,eHDfl,YV5bee,d,csi:933
(anonymous) @ VM3562 m=cdos,cr,hsm,jsa,mb4ZUb,cEt90b,SNUn3,qddgKe,sTsDMc,dtl0hd,eHDfl,YV5bee,d,csi:943
OWa.qM.MWa.MCa @ VM3562 m=cdos,cr,hsm,jsa,mb4ZUb,cEt90b,SNUn3,qddgKe,sTsDMc,dtl0hd,eHDfl,YV5bee,d,csi:920
dispatch @ VM3562 m=cdos,cr,hsm,jsa,mb4ZUb,cEt90b,SNUn3,qddgKe,sTsDMc,dtl0hd,eHDfl,YV5bee,d,csi:920
dispatch @ VM3562 m=cdos,cr,hsm,jsa,mb4ZUb,cEt90b,SNUn3,qddgKe,sTsDMc,dtl0hd,eHDfl,YV5bee,d,csi:921
(anonymous) @ VM3562 m=cdos,cr,hsm,jsa,mb4ZUb,cEt90b,SNUn3,qddgKe,sTsDMc,dtl0hd,eHDfl,YV5bee,d,csi:380
F @ sj-proxy?url=https%3A%2F%2Fgoogle.com:18
E.handleEvent @ sj-proxy?url=https%3A%2F%2Fgoogle.com:18
f @ sj-proxy?url=https%3A%2F%2Fgoogle.com:18
trigger @ sj-proxy?url=https%3A%2F%2Fgoogle.com:18
trigger @ VM3562 m=cdos,cr,hsm,jsa,mb4ZUb,cEt90b,SNUn3,qddgKe,sTsDMc,dtl0hd,eHDfl,YV5bee,d,csi:942
xra @ VM3562 m=cdos,cr,hsm,jsa,mb4ZUb,cEt90b,SNUn3,qddgKe,sTsDMc,dtl0hd,eHDfl,YV5bee,d,csi:927
_.Sg @ VM3562 m=cdos,cr,hsm,jsa,mb4ZUb,cEt90b,SNUn3,qddgKe,sTsDMc,dtl0hd,eHDfl,YV5bee,d,csi:288
(anonymous) @ VM3562 m=cdos,cr,hsm,jsa,mb4ZUb,cEt90b,SNUn3,qddgKe,sTsDMc,dtl0hd,eHDfl,YV5bee,d,csi:808
YPa @ VM3562 m=cdos,cr,hsm,jsa,mb4ZUb,cEt90b,SNUn3,qddgKe,sTsDMc,dtl0hd,eHDfl,YV5bee,d,csi:808
ZPa @ VM3562 m=cdos,cr,hsm,jsa,mb4ZUb,cEt90b,SNUn3,qddgKe,sTsDMc,dtl0hd,eHDfl,YV5bee,d,csi:805
QPa @ VM3562 m=cdos,cr,hsm,jsa,mb4ZUb,cEt90b,SNUn3,qddgKe,sTsDMc,dtl0hd,eHDfl,YV5bee,d,csi:807
PPa @ VM3562 m=cdos,cr,hsm,jsa,mb4ZUb,cEt90b,SNUn3,qddgKe,sTsDMc,dtl0hd,eHDfl,YV5bee,d,csi:801
(anonymous) @ VM3562 m=cdos,cr,hsm,jsa,mb4ZUb,cEt90b,SNUn3,qddgKe,sTsDMc,dtl0hd,eHDfl,YV5bee,d,csi:809
a.Ba @ VM3562 m=cdos,cr,hsm,jsa,mb4ZUb,cEt90b,SNUn3,qddgKe,sTsDMc,dtl0hd,eHDfl,YV5bee,d,csi:811
(anonymous) @ VM3562 m=cdos,cr,hsm,jsa,mb4ZUb,cEt90b,SNUn3,qddgKe,sTsDMc,dtl0hd,eHDfl,YV5bee,d,csi:406
a.port1.onmessage @ VM3562 m=cdos,cr,hsm,jsa,mb4ZUb,cEt90b,SNUn3,qddgKe,sTsDMc,dtl0hd,eHDfl,YV5bee,d,csi:588
postMessage
(anonymous) @ VM3562 m=cdos,cr,hsm,jsa,mb4ZUb,cEt90b,SNUn3,qddgKe,sTsDMc,dtl0hd,eHDfl,YV5bee,d,csi:588
_.ie @ VM3562 m=cdos,cr,hsm,jsa,mb4ZUb,cEt90b,SNUn3,qddgKe,sTsDMc,dtl0hd,eHDfl,YV5bee,d,csi:200
Ra @ VM3562 m=cdos,cr,hsm,jsa,mb4ZUb,cEt90b,SNUn3,qddgKe,sTsDMc,dtl0hd,eHDfl,YV5bee,d,csi:809
(anonymous) @ VM3562 m=cdos,cr,hsm,jsa,mb4ZUb,cEt90b,SNUn3,qddgKe,sTsDMc,dtl0hd,eHDfl,YV5bee,d,csi:811
_.Lg @ VM3562 m=cdos,cr,hsm,jsa,mb4ZUb,cEt90b,SNUn3,qddgKe,sTsDMc,dtl0hd,eHDfl,YV5bee,d,csi:589
_.cQa @ VM3562 m=cdos,cr,hsm,jsa,mb4ZUb,cEt90b,SNUn3,qddgKe,sTsDMc,dtl0hd,eHDfl,YV5bee,d,csi:811
dirty @ VM3562 m=cdos,cr,hsm,jsa,mb4ZUb,cEt90b,SNUn3,qddgKe,sTsDMc,dtl0hd,eHDfl,YV5bee,d,csi:809
(anonymous) @ VM3562 m=cdos,cr,hsm,jsa,mb4ZUb,cEt90b,SNUn3,qddgKe,sTsDMc,dtl0hd,eHDfl,YV5bee,d,csi:375
U @ sj-proxy?url=https%3A%2F%2Fgoogle.com:35
(anonymous) @ sj-proxy?url=https%3A%2F%2Fgoogle.com:36
B @ sj-proxy?url=https%3A%2F%2Fgoogle.com:30
y @ sj-proxy?url=https%3A%2F%2Fgoogle.com:30
W @ sj-proxy?url=https%3A%2F%2Fgoogle.com:35
F @ sj-proxy?url=https%3A%2F%2Fgoogle.com:37
XMLHttpRequest.send
(anonymous) @ sj-proxy?url=https%3A%2F%2Fgoogle.com:34
d @ sj-proxy?url=https%3A%2F%2Fgoogle.com:26
pa @ sj-proxy?url=https%3A%2F%2Fgoogle.com:34
e @ sj-proxy?url=https%3A%2F%2Fgoogle.com:27
(anonymous) @ sj-proxy?url=https%3A%2F%2Fgoogle.com:37
(anonymous) @ sj-proxy?url=https%3A%2F%2Fgoogle.com:37
VM3574 m=syxk,HGv0mf,sy133,sy134,Qj0suc,JXS8fb,sy122,QKZgZd,sy136,sy13z,sy13y,sy13o,sy13x,sy13q,sy13t,sy130,sy13p,sy131,sy13s,sy13m,sydc,sydd,syd7,sy10v,sy110,sy13i,sydq,syc3,sy13d,sygj,sy13k,sy13v,sy10u,sy10t,sy10s,sy109,sy108,sy100,sy103,sy10x,sygw,sygv,sygu,sy10w,sy10c,sy10b,sy10a,syzx,syzz,sy13l,sydo,sy13h,sy13g,sy13f,sy13e,sy13c,sy13b,sy13a,sy10d,syp7,Wct42,UEShwc,sy1yd,sy14b,YHnUBc,sy241,VtMfj,U9EYge,sy11s,loL8vb,sy11v,sy11u,sy10z,sy111,sy112,sy10y,sy107,sy10g,sy10r,sy10i,sy10n,sy10j,sy10f,sy10e,syzu,syyo,syyn,sy101,ms4mZb,syxb,B2qlPe,sy143,NzU6V,sy14l,sy9b,WlNQGd,syzt,syzr,syzq,DPreE,sy14n,sy14m,nabPbb,abd,sy477,TDFkye:445 Uncaught (in promise) Error: HTTP error
n.onreadystatechange @ VM3574 m=syxk,HGv0mf,sy133,sy134,Qj0suc,JXS8fb,sy122,QKZgZd,sy136,sy13z,sy13y,sy13o,sy13x,sy13q,sy13t,sy130,sy13p,sy131,sy13s,sy13m,sydc,sydd,syd7,sy10v,sy110,sy13i,sydq,syc3,sy13d,sygj,sy13k,sy13v,sy10u,sy10t,sy10s,sy109,sy108,sy100,sy103,sy10x,sygw,sygv,sygu,sy10w,sy10c,sy10b,sy10a,syzx,syzz,sy13l,sydo,sy13h,sy13g,sy13f,sy13e,sy13c,sy13b,sy13a,sy10d,syp7,Wct42,UEShwc,sy1yd,sy14b,YHnUBc,sy241,VtMfj,U9EYge,sy11s,loL8vb,sy11v,sy11u,sy10z,sy111,sy112,sy10y,sy107,sy10g,sy10r,sy10i,sy10n,sy10j,sy10f,sy10e,syzu,syyo,syyn,sy101,ms4mZb,syxb,B2qlPe,sy143,NzU6V,sy14l,sy9b,WlNQGd,syzt,syzr,syzq,DPreE,sy14n,sy14m,nabPbb,abd,sy477,TDFkye:445
XMLHttpRequest.send
(anonymous) @ VM3562 m=cdos,cr,hsm,jsa,mb4ZUb,cEt90b,SNUn3,qddgKe,sTsDMc,dtl0hd,eHDfl,YV5bee,d,csi:422
(anonymous) @ VM3574 m=syxk,HGv0mf,sy133,sy134,Qj0suc,JXS8fb,sy122,QKZgZd,sy136,sy13z,sy13y,sy13o,sy13x,sy13q,sy13t,sy130,sy13p,sy131,sy13s,sy13m,sydc,sydd,syd7,sy10v,sy110,sy13i,sydq,syc3,sy13d,sygj,sy13k,sy13v,sy10u,sy10t,sy10s,sy109,sy108,sy100,sy103,sy10x,sygw,sygv,sygu,sy10w,sy10c,sy10b,sy10a,syzx,syzz,sy13l,sydo,sy13h,sy13g,sy13f,sy13e,sy13c,sy13b,sy13a,sy10d,syp7,Wct42,UEShwc,sy1yd,sy14b,YHnUBc,sy241,VtMfj,U9EYge,sy11s,loL8vb,sy11v,sy11u,sy10z,sy111,sy112,sy10y,sy107,sy10g,sy10r,sy10i,sy10n,sy10j,sy10f,sy10e,syzu,syyo,syyn,sy101,ms4mZb,syxb,B2qlPe,sy143,NzU6V,sy14l,sy9b,WlNQGd,syzt,syzr,syzq,DPreE,sy14n,sy14m,nabPbb,abd,sy477,TDFkye:446
_.T2b @ VM3574 m=syxk,HGv0mf,sy133,sy134,Qj0suc,JXS8fb,sy122,QKZgZd,sy136,sy13z,sy13y,sy13o,sy13x,sy13q,sy13t,sy130,sy13p,sy131,sy13s,sy13m,sydc,sydd,syd7,sy10v,sy110,sy13i,sydq,syc3,sy13d,sygj,sy13k,sy13v,sy10u,sy10t,sy10s,sy109,sy108,sy100,sy103,sy10x,sygw,sygv,sygu,sy10w,sy10c,sy10b,sy10a,syzx,syzz,sy13l,sydo,sy13h,sy13g,sy13f,sy13e,sy13c,sy13b,sy13a,sy10d,syp7,Wct42,UEShwc,sy1yd,sy14b,YHnUBc,sy241,VtMfj,U9EYge,sy11s,loL8vb,sy11v,sy11u,sy10z,sy111,sy112,sy10y,sy107,sy10g,sy10r,sy10i,sy10n,sy10j,sy10f,sy10e,syzu,syyo,syyn,sy101,ms4mZb,syxb,B2qlPe,sy143,NzU6V,sy14l,sy9b,WlNQGd,syzt,syzr,syzq,DPreE,sy14n,sy14m,nabPbb,abd,sy477,TDFkye:149
i7b @ VM3574 m=syxk,HGv0mf,sy133,sy134,Qj0suc,JXS8fb,sy122,QKZgZd,sy136,sy13z,sy13y,sy13o,sy13x,sy13q,sy13t,sy130,sy13p,sy131,sy13s,sy13m,sydc,sydd,syd7,sy10v,sy110,sy13i,sydq,syc3,sy13d,sygj,sy13k,sy13v,sy10u,sy10t,sy10s,sy109,sy108,sy100,sy103,sy10x,sygw,sygv,sygu,sy10w,sy10c,sy10b,sy10a,syzx,syzz,sy13l,sydo,sy13h,sy13g,sy13f,sy13e,sy13c,sy13b,sy13a,sy10d,syp7,Wct42,UEShwc,sy1yd,sy14b,YHnUBc,sy241,VtMfj,U9EYge,sy11s,loL8vb,sy11v,sy11u,sy10z,sy111,sy112,sy10y,sy107,sy10g,sy10r,sy10i,sy10n,sy10j,sy10f,sy10e,syzu,syyo,syyn,sy101,ms4mZb,syxb,B2qlPe,sy143,NzU6V,sy14l,sy9b,WlNQGd,syzt,syzr,syzq,DPreE,sy14n,sy14m,nabPbb,abd,sy477,TDFkye:444
(anonymous) @ VM3574 m=syxk,HGv0mf,sy133,sy134,Qj0suc,JXS8fb,sy122,QKZgZd,sy136,sy13z,sy13y,sy13o,sy13x,sy13q,sy13t,sy130,sy13p,sy131,sy13s,sy13m,sydc,sydd,syd7,sy10v,sy110,sy13i,sydq,syc3,sy13d,sygj,sy13k,sy13v,sy10u,sy10t,sy10s,sy109,sy108,sy100,sy103,sy10x,sygw,sygv,sygu,sy10w,sy10c,sy10b,sy10a,syzx,syzz,sy13l,sydo,sy13h,sy13g,sy13f,sy13e,sy13c,sy13b,sy13a,sy10d,syp7,Wct42,UEShwc,sy1yd,sy14b,YHnUBc,sy241,VtMfj,U9EYge,sy11s,loL8vb,sy11v,sy11u,sy10z,sy111,sy112,sy10y,sy107,sy10g,sy10r,sy10i,sy10n,sy10j,sy10f,sy10e,syzu,syyo,syyn,sy101,ms4mZb,syxb,B2qlPe,sy143,NzU6V,sy14l,sy9b,WlNQGd,syzt,syzr,syzq,DPreE,sy14n,sy14m,nabPbb,abd,sy477,TDFkye:450
q7b @ VM3574 m=syxk,HGv0mf,sy133,sy134,Qj0suc,JXS8fb,sy122,QKZgZd,sy136,sy13z,sy13y,sy13o,sy13x,sy13q,sy13t,sy130,sy13p,sy131,sy13s,sy13m,sydc,sydd,syd7,sy10v,sy110,sy13i,sydq,syc3,sy13d,sygj,sy13k,sy13v,sy10u,sy10t,sy10s,sy109,sy108,sy100,sy103,sy10x,sygw,sygv,sygu,sy10w,sy10c,sy10b,sy10a,syzx,syzz,sy13l,sydo,sy13h,sy13g,sy13f,sy13e,sy13c,sy13b,sy13a,sy10d,syp7,Wct42,UEShwc,sy1yd,sy14b,YHnUBc,sy241,VtMfj,U9EYge,sy11s,loL8vb,sy11v,sy11u,sy10z,sy111,sy112,sy10y,sy107,sy10g,sy10r,sy10i,sy10n,sy10j,sy10f,sy10e,syzu,syyo,syyn,sy101,ms4mZb,syxb,B2qlPe,sy143,NzU6V,sy14l,sy9b,WlNQGd,syzt,syzr,syzq,DPreE,sy14n,sy14m,nabPbb,abd,sy477,TDFkye:450
await in q7b
n7b @ VM3574 m=syxk,HGv0mf,sy133,sy134,Qj0suc,JXS8fb,sy122,QKZgZd,sy136,sy13z,sy13y,sy13o,sy13x,sy13q,sy13t,sy130,sy13p,sy131,sy13s,sy13m,sydc,sydd,syd7,sy10v,sy110,sy13i,sydq,syc3,sy13d,sygj,sy13k,sy13v,sy10u,sy10t,sy10s,sy109,sy108,sy100,sy103,sy10x,sygw,sygv,sygu,sy10w,sy10c,sy10b,sy10a,syzx,syzz,sy13l,sydo,sy13h,sy13g,sy13f,sy13e,sy13c,sy13b,sy13a,sy10d,syp7,Wct42,UEShwc,sy1yd,sy14b,YHnUBc,sy241,VtMfj,U9EYge,sy11s,loL8vb,sy11v,sy11u,sy10z,sy111,sy112,sy10y,sy107,sy10g,sy10r,sy10i,sy10n,sy10j,sy10f,sy10e,syzu,syyo,syyn,sy101,ms4mZb,syxb,B2qlPe,sy143,NzU6V,sy14l,sy9b,WlNQGd,syzt,syzr,syzq,DPreE,sy14n,sy14m,nabPbb,abd,sy477,TDFkye:450
p7b @ VM3574 m=syxk,HGv0mf,sy133,sy134,Qj0suc,JXS8fb,sy122,QKZgZd,sy136,sy13z,sy13y,sy13o,sy13x,sy13q,sy13t,sy130,sy13p,sy131,sy13s,sy13m,sydc,sydd,syd7,sy10v,sy110,sy13i,sydq,syc3,sy13d,sygj,sy13k,sy13v,sy10u,sy10t,sy10s,sy109,sy108,sy100,sy103,sy10x,sygw,sygv,sygu,sy10w,sy10c,sy10b,sy10a,syzx,syzz,sy13l,sydo,sy13h,sy13g,sy13f,sy13e,sy13c,sy13b,sy13a,sy10d,syp7,Wct42,UEShwc,sy1yd,sy14b,YHnUBc,sy241,VtMfj,U9EYge,sy11s,loL8vb,sy11v,sy11u,sy10z,sy111,sy112,sy10y,sy107,sy10g,sy10r,sy10i,sy10n,sy10j,sy10f,sy10e,syzu,syyo,syyn,sy101,ms4mZb,syxb,B2qlPe,sy143,NzU6V,sy14l,sy9b,WlNQGd,syzt,syzr,syzq,DPreE,sy14n,sy14m,nabPbb,abd,sy477,TDFkye:449
fetch @ VM3574 m=syxk,HGv0mf,sy133,sy134,Qj0suc,JXS8fb,sy122,QKZgZd,sy136,sy13z,sy13y,sy13o,sy13x,sy13q,sy13t,sy130,sy13p,sy131,sy13s,sy13m,sydc,sydd,syd7,sy10v,sy110,sy13i,sydq,syc3,sy13d,sygj,sy13k,sy13v,sy10u,sy10t,sy10s,sy109,sy108,sy100,sy103,sy10x,sygw,sygv,sygu,sy10w,sy10c,sy10b,sy10a,syzx,syzz,sy13l,sydo,sy13h,sy13g,sy13f,sy13e,sy13c,sy13b,sy13a,sy10d,syp7,Wct42,UEShwc,sy1yd,sy14b,YHnUBc,sy241,VtMfj,U9EYge,sy11s,loL8vb,sy11v,sy11u,sy10z,sy111,sy112,sy10y,sy107,sy10g,sy10r,sy10i,sy10n,sy10j,sy10f,sy10e,syzu,syyo,syyn,sy101,ms4mZb,syxb,B2qlPe,sy143,NzU6V,sy14l,sy9b,WlNQGd,syzt,syzr,syzq,DPreE,sy14n,sy14m,nabPbb,abd,sy477,TDFkye:454
r4b @ VM3574 m=syxk,HGv0mf,sy133,sy134,Qj0suc,JXS8fb,sy122,QKZgZd,sy136,sy13z,sy13y,sy13o,sy13x,sy13q,sy13t,sy130,sy13p,sy131,sy13s,sy13m,sydc,sydd,syd7,sy10v,sy110,sy13i,sydq,syc3,sy13d,sygj,sy13k,sy13v,sy10u,sy10t,sy10s,sy109,sy108,sy100,sy103,sy10x,sygw,sygv,sygu,sy10w,sy10c,sy10b,sy10a,syzx,syzz,sy13l,sydo,sy13h,sy13g,sy13f,sy13e,sy13c,sy13b,sy13a,sy10d,syp7,Wct42,UEShwc,sy1yd,sy14b,YHnUBc,sy241,VtMfj,U9EYge,sy11s,loL8vb,sy11v,sy11u,sy10z,sy111,sy112,sy10y,sy107,sy10g,sy10r,sy10i,sy10n,sy10j,sy10f,sy10e,syzu,syyo,syyn,sy101,ms4mZb,syxb,B2qlPe,sy143,NzU6V,sy14l,sy9b,WlNQGd,syzt,syzr,syzq,DPreE,sy14n,sy14m,nabPbb,abd,sy477,TDFkye:498
o4b @ VM3574 m=syxk,HGv0mf,sy133,sy134,Qj0suc,JXS8fb,sy122,QKZgZd,sy136,sy13z,sy13y,sy13o,sy13x,sy13q,sy13t,sy130,sy13p,sy131,sy13s,sy13m,sydc,sydd,syd7,sy10v,sy110,sy13i,sydq,syc3,sy13d,sygj,sy13k,sy13v,sy10u,sy10t,sy10s,sy109,sy108,sy100,sy103,sy10x,sygw,sygv,sygu,sy10w,sy10c,sy10b,sy10a,syzx,syzz,sy13l,sydo,sy13h,sy13g,sy13f,sy13e,sy13c,sy13b,sy13a,sy10d,syp7,Wct42,UEShwc,sy1yd,sy14b,YHnUBc,sy241,VtMfj,U9EYge,sy11s,loL8vb,sy11v,sy11u,sy10z,sy111,sy112,sy10y,sy107,sy10g,sy10r,sy10i,sy10n,sy10j,sy10f,sy10e,syzu,syyo,syyn,sy101,ms4mZb,syxb,B2qlPe,sy143,NzU6V,sy14l,sy9b,WlNQGd,syzt,syzr,syzq,DPreE,sy14n,sy14m,nabPbb,abd,sy477,TDFkye:496
_.Fx @ VM3574 m=syxk,HGv0mf,sy133,sy134,Qj0suc,JXS8fb,sy122,QKZgZd,sy136,sy13z,sy13y,sy13o,sy13x,sy13q,sy13t,sy130,sy13p,sy131,sy13s,sy13m,sydc,sydd,syd7,sy10v,sy110,sy13i,sydq,syc3,sy13d,sygj,sy13k,sy13v,sy10u,sy10t,sy10s,sy109,sy108,sy100,sy103,sy10x,sygw,sygv,sygu,sy10w,sy10c,sy10b,sy10a,syzx,syzz,sy13l,sydo,sy13h,sy13g,sy13f,sy13e,sy13c,sy13b,sy13a,sy10d,syp7,Wct42,UEShwc,sy1yd,sy14b,YHnUBc,sy241,VtMfj,U9EYge,sy11s,loL8vb,sy11v,sy11u,sy10z,sy111,sy112,sy10y,sy107,sy10g,sy10r,sy10i,sy10n,sy10j,sy10f,sy10e,syzu,syyo,syyn,sy101,ms4mZb,syxb,B2qlPe,sy143,NzU6V,sy14l,sy9b,WlNQGd,syzt,syzr,syzq,DPreE,sy14n,sy14m,nabPbb,abd,sy477,TDFkye:494
Od @ VM3574 m=syxk,HGv0mf,sy133,sy134,Qj0suc,JXS8fb,sy122,QKZgZd,sy136,sy13z,sy13y,sy13o,sy13x,sy13q,sy13t,sy130,sy13p,sy131,sy13s,sy13m,sydc,sydd,syd7,sy10v,sy110,sy13i,sydq,syc3,sy13d,sygj,sy13k,sy13v,sy10u,sy10t,sy10s,sy109,sy108,sy100,sy103,sy10x,sygw,sygv,sygu,sy10w,sy10c,sy10b,sy10a,syzx,syzz,sy13l,sydo,sy13h,sy13g,sy13f,sy13e,sy13c,sy13b,sy13a,sy10d,syp7,Wct42,UEShwc,sy1yd,sy14b,YHnUBc,sy241,VtMfj,U9EYge,sy11s,loL8vb,sy11v,sy11u,sy10z,sy111,sy112,sy10y,sy107,sy10g,sy10r,sy10i,sy10n,sy10j,sy10f,sy10e,syzu,syyo,syyn,sy101,ms4mZb,syxb,B2qlPe,sy143,NzU6V,sy14l,sy9b,WlNQGd,syzt,syzr,syzq,DPreE,sy14n,sy14m,nabPbb,abd,sy477,TDFkye:522
(anonymous) @ VM3562 m=cdos,cr,hsm,jsa,mb4ZUb,cEt90b,SNUn3,qddgKe,sTsDMc,dtl0hd,eHDfl,YV5bee,d,csi:938
map @ VM3562 m=cdos,cr,hsm,jsa,mb4ZUb,cEt90b,SNUn3,qddgKe,sTsDMc,dtl0hd,eHDfl,YV5bee,d,csi:724
sXa @ VM3562 m=cdos,cr,hsm,jsa,mb4ZUb,cEt90b,SNUn3,qddgKe,sTsDMc,dtl0hd,eHDfl,YV5bee,d,csi:938
(anonymous) @ VM3562 m=cdos,cr,hsm,jsa,mb4ZUb,cEt90b,SNUn3,qddgKe,sTsDMc,dtl0hd,eHDfl,YV5bee,d,csi:935
(anonymous) @ VM3562 m=cdos,cr,hsm,jsa,mb4ZUb,cEt90b,SNUn3,qddgKe,sTsDMc,dtl0hd,eHDfl,YV5bee,d,csi:725
b @ VM3562 m=cdos,cr,hsm,jsa,mb4ZUb,cEt90b,SNUn3,qddgKe,sTsDMc,dtl0hd,eHDfl,YV5bee,d,csi:723
b @ VM3562 m=cdos,cr,hsm,jsa,mb4ZUb,cEt90b,SNUn3,qddgKe,sTsDMc,dtl0hd,eHDfl,YV5bee,d,csi:723
Xx @ VM3562 m=cdos,cr,hsm,jsa,mb4ZUb,cEt90b,SNUn3,qddgKe,sTsDMc,dtl0hd,eHDfl,YV5bee,d,csi:723
(anonymous) @ VM3562 m=cdos,cr,hsm,jsa,mb4ZUb,cEt90b,SNUn3,qddgKe,sTsDMc,dtl0hd,eHDfl,YV5bee,d,csi:725
b @ VM3562 m=cdos,cr,hsm,jsa,mb4ZUb,cEt90b,SNUn3,qddgKe,sTsDMc,dtl0hd,eHDfl,YV5bee,d,csi:723
(anonymous) @ VM3562 m=cdos,cr,hsm,jsa,mb4ZUb,cEt90b,SNUn3,qddgKe,sTsDMc,dtl0hd,eHDfl,YV5bee,d,csi:725
(anonymous) @ VM3562 m=cdos,cr,hsm,jsa,mb4ZUb,cEt90b,SNUn3,qddgKe,sTsDMc,dtl0hd,eHDfl,YV5bee,d,csi:406
e.wa @ VM3562 m=cdos,cr,hsm,jsa,mb4ZUb,cEt90b,SNUn3,qddgKe,sTsDMc,dtl0hd,eHDfl,YV5bee,d,csi:594
QIa @ VM3562 m=cdos,cr,hsm,jsa,mb4ZUb,cEt90b,SNUn3,qddgKe,sTsDMc,dtl0hd,eHDfl,YV5bee,d,csi:597
MIa @ VM3562 m=cdos,cr,hsm,jsa,mb4ZUb,cEt90b,SNUn3,qddgKe,sTsDMc,dtl0hd,eHDfl,YV5bee,d,csi:597
_.Lg.t4a @ VM3562 m=cdos,cr,hsm,jsa,mb4ZUb,cEt90b,SNUn3,qddgKe,sTsDMc,dtl0hd,eHDfl,YV5bee,d,csi:597
wla @ VM3562 m=cdos,cr,hsm,jsa,mb4ZUb,cEt90b,SNUn3,qddgKe,sTsDMc,dtl0hd,eHDfl,YV5bee,d,csi:200
(anonymous) @ VM3562 m=cdos,cr,hsm,jsa,mb4ZUb,cEt90b,SNUn3,qddgKe,sTsDMc,dtl0hd,eHDfl,YV5bee,d,csi:406
Promise.then
then @ VM3562 m=cdos,cr,hsm,jsa,mb4ZUb,cEt90b,SNUn3,qddgKe,sTsDMc,dtl0hd,eHDfl,YV5bee,d,csi:420
sIa @ VM3562 m=cdos,cr,hsm,jsa,mb4ZUb,cEt90b,SNUn3,qddgKe,sTsDMc,dtl0hd,eHDfl,YV5bee,d,csi:588
_.wn @ VM3562 m=cdos,cr,hsm,jsa,mb4ZUb,cEt90b,SNUn3,qddgKe,sTsDMc,dtl0hd,eHDfl,YV5bee,d,csi:588
NIa @ VM3562 m=cdos,cr,hsm,jsa,mb4ZUb,cEt90b,SNUn3,qddgKe,sTsDMc,dtl0hd,eHDfl,YV5bee,d,csi:596
_.Lg.OP @ VM3562 m=cdos,cr,hsm,jsa,mb4ZUb,cEt90b,SNUn3,qddgKe,sTsDMc,dtl0hd,eHDfl,YV5bee,d,csi:595
(anonymous) @ VM3562 m=cdos,cr,hsm,jsa,mb4ZUb,cEt90b,SNUn3,qddgKe,sTsDMc,dtl0hd,eHDfl,YV5bee,d,csi:589
f @ VM3562 m=cdos,cr,hsm,jsa,mb4ZUb,cEt90b,SNUn3,qddgKe,sTsDMc,dtl0hd,eHDfl,YV5bee,d,csi:591
(anonymous) @ VM3562 m=cdos,cr,hsm,jsa,mb4ZUb,cEt90b,SNUn3,qddgKe,sTsDMc,dtl0hd,eHDfl,YV5bee,d,csi:428
g @ VM3562 m=cdos,cr,hsm,jsa,mb4ZUb,cEt90b,SNUn3,qddgKe,sTsDMc,dtl0hd,eHDfl,YV5bee,d,csi:596
(anonymous) @ VM3562 m=cdos,cr,hsm,jsa,mb4ZUb,cEt90b,SNUn3,qddgKe,sTsDMc,dtl0hd,eHDfl,YV5bee,d,csi:406
Promise.then
then @ VM3562 m=cdos,cr,hsm,jsa,mb4ZUb,cEt90b,SNUn3,qddgKe,sTsDMc,dtl0hd,eHDfl,YV5bee,d,csi:420
PIa @ VM3562 m=cdos,cr,hsm,jsa,mb4ZUb,cEt90b,SNUn3,qddgKe,sTsDMc,dtl0hd,eHDfl,YV5bee,d,csi:596
DIa @ VM3562 m=cdos,cr,hsm,jsa,mb4ZUb,cEt90b,SNUn3,qddgKe,sTsDMc,dtl0hd,eHDfl,YV5bee,d,csi:596
_.EIa @ VM3562 m=cdos,cr,hsm,jsa,mb4ZUb,cEt90b,SNUn3,qddgKe,sTsDMc,dtl0hd,eHDfl,YV5bee,d,csi:590
(anonymous) @ VM3562 m=cdos,cr,hsm,jsa,mb4ZUb,cEt90b,SNUn3,qddgKe,sTsDMc,dtl0hd,eHDfl,YV5bee,d,csi:591
_.Lg @ VM3562 m=cdos,cr,hsm,jsa,mb4ZUb,cEt90b,SNUn3,qddgKe,sTsDMc,dtl0hd,eHDfl,YV5bee,d,csi:589
_.Eh @ VM3562 m=cdos,cr,hsm,jsa,mb4ZUb,cEt90b,SNUn3,qddgKe,sTsDMc,dtl0hd,eHDfl,YV5bee,d,csi:591
RMa @ VM3562 m=cdos,cr,hsm,jsa,mb4ZUb,cEt90b,SNUn3,qddgKe,sTsDMc,dtl0hd,eHDfl,YV5bee,d,csi:725
UMa @ VM3562 m=cdos,cr,hsm,jsa,mb4ZUb,cEt90b,SNUn3,qddgKe,sTsDMc,dtl0hd,eHDfl,YV5bee,d,csi:728
_.SMa @ VM3562 m=cdos,cr,hsm,jsa,mb4ZUb,cEt90b,SNUn3,qddgKe,sTsDMc,dtl0hd,eHDfl,YV5bee,d,csi:726
(anonymous) @ VM3562 m=cdos,cr,hsm,jsa,mb4ZUb,cEt90b,SNUn3,qddgKe,sTsDMc,dtl0hd,eHDfl,YV5bee,d,csi:725
_.vf @ VM3562 m=cdos,cr,hsm,jsa,mb4ZUb,cEt90b,SNUn3,qddgKe,sTsDMc,dtl0hd,eHDfl,YV5bee,d,csi:723
_.Noa @ VM3562 m=cdos,cr,hsm,jsa,mb4ZUb,cEt90b,SNUn3,qddgKe,sTsDMc,dtl0hd,eHDfl,YV5bee,d,csi:725
_.jXa @ VM3562 m=cdos,cr,hsm,jsa,mb4ZUb,cEt90b,SNUn3,qddgKe,sTsDMc,dtl0hd,eHDfl,YV5bee,d,csi:927
cG @ VM3562 m=cdos,cr,hsm,jsa,mb4ZUb,cEt90b,SNUn3,qddgKe,sTsDMc,dtl0hd,eHDfl,YV5bee,d,csi:942
nXa @ VM3562 m=cdos,cr,hsm,jsa,mb4ZUb,cEt90b,SNUn3,qddgKe,sTsDMc,dtl0hd,eHDfl,YV5bee,d,csi:934
oXa @ VM3562 m=cdos,cr,hsm,jsa,mb4ZUb,cEt90b,SNUn3,qddgKe,sTsDMc,dtl0hd,eHDfl,YV5bee,d,csi:933
(anonymous) @ VM3562 m=cdos,cr,hsm,jsa,mb4ZUb,cEt90b,SNUn3,qddgKe,sTsDMc,dtl0hd,eHDfl,YV5bee,d,csi:943
OWa.qM.MWa.MCa @ VM3562 m=cdos,cr,hsm,jsa,mb4ZUb,cEt90b,SNUn3,qddgKe,sTsDMc,dtl0hd,eHDfl,YV5bee,d,csi:920
dispatch @ VM3562 m=cdos,cr,hsm,jsa,mb4ZUb,cEt90b,SNUn3,qddgKe,sTsDMc,dtl0hd,eHDfl,YV5bee,d,csi:920
dispatch @ VM3562 m=cdos,cr,hsm,jsa,mb4ZUb,cEt90b,SNUn3,qddgKe,sTsDMc,dtl0hd,eHDfl,YV5bee,d,csi:921
(anonymous) @ VM3562 m=cdos,cr,hsm,jsa,mb4ZUb,cEt90b,SNUn3,qddgKe,sTsDMc,dtl0hd,eHDfl,YV5bee,d,csi:380
F @ sj-proxy?url=https%3A%2F%2Fgoogle.com:18
E.handleEvent @ sj-proxy?url=https%3A%2F%2Fgoogle.com:18
f @ sj-proxy?url=https%3A%2F%2Fgoogle.com:18
trigger @ sj-proxy?url=https%3A%2F%2Fgoogle.com:18
trigger @ VM3562 m=cdos,cr,hsm,jsa,mb4ZUb,cEt90b,SNUn3,qddgKe,sTsDMc,dtl0hd,eHDfl,YV5bee,d,csi:942
xra @ VM3562 m=cdos,cr,hsm,jsa,mb4ZUb,cEt90b,SNUn3,qddgKe,sTsDMc,dtl0hd,eHDfl,YV5bee,d,csi:927
_.Sg @ VM3562 m=cdos,cr,hsm,jsa,mb4ZUb,cEt90b,SNUn3,qddgKe,sTsDMc,dtl0hd,eHDfl,YV5bee,d,csi:288
(anonymous) @ VM3562 m=cdos,cr,hsm,jsa,mb4ZUb,cEt90b,SNUn3,qddgKe,sTsDMc,dtl0hd,eHDfl,YV5bee,d,csi:808
YPa @ VM3562 m=cdos,cr,hsm,jsa,mb4ZUb,cEt90b,SNUn3,qddgKe,sTsDMc,dtl0hd,eHDfl,YV5bee,d,csi:808
ZPa @ VM3562 m=cdos,cr,hsm,jsa,mb4ZUb,cEt90b,SNUn3,qddgKe,sTsDMc,dtl0hd,eHDfl,YV5bee,d,csi:805
QPa @ VM3562 m=cdos,cr,hsm,jsa,mb4ZUb,cEt90b,SNUn3,qddgKe,sTsDMc,dtl0hd,eHDfl,YV5bee,d,csi:807
PPa @ VM3562 m=cdos,cr,hsm,jsa,mb4ZUb,cEt90b,SNUn3,qddgKe,sTsDMc,dtl0hd,eHDfl,YV5bee,d,csi:801
(anonymous) @ VM3562 m=cdos,cr,hsm,jsa,mb4ZUb,cEt90b,SNUn3,qddgKe,sTsDMc,dtl0hd,eHDfl,YV5bee,d,csi:809
a.Ba @ VM3562 m=cdos,cr,hsm,jsa,mb4ZUb,cEt90b,SNUn3,qddgKe,sTsDMc,dtl0hd,eHDfl,YV5bee,d,csi:811
(anonymous) @ VM3562 m=cdos,cr,hsm,jsa,mb4ZUb,cEt90b,SNUn3,qddgKe,sTsDMc,dtl0hd,eHDfl,YV5bee,d,csi:406
a.port1.onmessage @ VM3562 m=cdos,cr,hsm,jsa,mb4ZUb,cEt90b,SNUn3,qddgKe,sTsDMc,dtl0hd,eHDfl,YV5bee,d,csi:588
postMessage
(anonymous) @ VM3562 m=cdos,cr,hsm,jsa,mb4ZUb,cEt90b,SNUn3,qddgKe,sTsDMc,dtl0hd,eHDfl,YV5bee,d,csi:588
_.ie @ VM3562 m=cdos,cr,hsm,jsa,mb4ZUb,cEt90b,SNUn3,qddgKe,sTsDMc,dtl0hd,eHDfl,YV5bee,d,csi:200
Ra @ VM3562 m=cdos,cr,hsm,jsa,mb4ZUb,cEt90b,SNUn3,qddgKe,sTsDMc,dtl0hd,eHDfl,YV5bee,d,csi:809
(anonymous) @ VM3562 m=cdos,cr,hsm,jsa,mb4ZUb,cEt90b,SNUn3,qddgKe,sTsDMc,dtl0hd,eHDfl,YV5bee,d,csi:811
_.Lg @ VM3562 m=cdos,cr,hsm,jsa,mb4ZUb,cEt90b,SNUn3,qddgKe,sTsDMc,dtl0hd,eHDfl,YV5bee,d,csi:589
_.cQa @ VM3562 m=cdos,cr,hsm,jsa,mb4ZUb,cEt90b,SNUn3,qddgKe,sTsDMc,dtl0hd,eHDfl,YV5bee,d,csi:811
dirty @ VM3562 m=cdos,cr,hsm,jsa,mb4ZUb,cEt90b,SNUn3,qddgKe,sTsDMc,dtl0hd,eHDfl,YV5bee,d,csi:809
(anonymous) @ VM3562 m=cdos,cr,hsm,jsa,mb4ZUb,cEt90b,SNUn3,qddgKe,sTsDMc,dtl0hd,eHDfl,YV5bee,d,csi:375
U @ sj-proxy?url=https%3A%2F%2Fgoogle.com:35
(anonymous) @ sj-proxy?url=https%3A%2F%2Fgoogle.com:36
B @ sj-proxy?url=https%3A%2F%2Fgoogle.com:30
y @ sj-proxy?url=https%3A%2F%2Fgoogle.com:30
W @ sj-proxy?url=https%3A%2F%2Fgoogle.com:35
F @ sj-proxy?url=https%3A%2F%2Fgoogle.com:37
XMLHttpRequest.send
(anonymous) @ sj-proxy?url=https%3A%2F%2Fgoogle.com:34
d @ sj-proxy?url=https%3A%2F%2Fgoogle.com:26
pa @ sj-proxy?url=https%3A%2F%2Fgoogle.com:34
e @ sj-proxy?url=https%3A%2F%2Fgoogle.com:27
(anonymous) @ sj-proxy?url=https%3A%2F%2Fgoogle.com:37
(anonymous) @ sj-proxy?url=https%3A%2F%2Fgoogle.com:37
sj-proxy?url=https%3A%2F%2Fgoogle.com:1 Access to XMLHttpRequest at 'https://google.com/client_204?cs=1&opi=89978449' from origin 'http://localhost:8080' has been blocked by CORS policy: No 'Access-Control-Allow-Origin' header is present on the requested resource.
VM3562 m=cdos,cr,hsm,jsa,mb4ZUb,cEt90b,SNUn3,qddgKe,sTsDMc,dtl0hd,eHDfl,YV5bee,d,csi:422  GET https://google.com/client_204?cs=1&opi=89978449 net::ERR_FAILED
(anonymous) @ VM3562 m=cdos,cr,hsm,jsa,mb4ZUb,cEt90b,SNUn3,qddgKe,sTsDMc,dtl0hd,eHDfl,YV5bee,d,csi:422
_.aa.send @ VM3562 m=cdos,cr,hsm,jsa,mb4ZUb,cEt90b,SNUn3,qddgKe,sTsDMc,dtl0hd,eHDfl,YV5bee,d,csi:991
wa @ VM3577 m=syap,sye5,JKoKVe,pXdRYb,sy3it,syaq,syan,sy9d,O1Gjze,TtcOte,wR5FRb,kQvlef,syfs,syfp,syfl,syfk,sycx,syfj,sydw,syfi,syfh,syfg,syfd,syfb,syf9,syf7,sybj,syb7,syba,syb8,sybi,sybf,syb4,syax,syav,syf8,syf6,syf4,syds,syf3,syf2,syer,syf0,syeh,sye8,sye9,syez,sycq,syep,syey,syec,syed,syew,syeb,syev,sydt,sydu,syee,sye6,syeo,syet,syen,syes,syem,syel,syea,syej,syei,syeg,syef,syeq,sye7,sye0,sydv,syau,sy8o,zbML3c,gskBEc,sy21c,s980lf,sy16a,sy168,zGLm3b,sy461,sy460,sy45z,sy2a0,sy1ol,sy1om,DhPYme,sy46a,sy3ph,sy3pf,syhu,sy3pm,sy3pg,sy3po,sy3pc,sy469,KHourd,sy47g,syyu,oQfbDd,sy1og,sy24s,sy24t,sy24r,akFige,sy47j,sy254,sy1r9,sy1e1,sy1e0,syym,syyk,syyl,syyj,sy1uy,sy1uz,sy1qz,sy1qy,syyt,sy255,qmjr3:411
Plc @ VM3577 m=syap,sye5,JKoKVe,pXdRYb,sy3it,syaq,syan,sy9d,O1Gjze,TtcOte,wR5FRb,kQvlef,syfs,syfp,syfl,syfk,sycx,syfj,sydw,syfi,syfh,syfg,syfd,syfb,syf9,syf7,sybj,syb7,syba,syb8,sybi,sybf,syb4,syax,syav,syf8,syf6,syf4,syds,syf3,syf2,syer,syf0,syeh,sye8,sye9,syez,sycq,syep,syey,syec,syed,syew,syeb,syev,sydt,sydu,syee,sye6,syeo,syet,syen,syes,syem,syel,syea,syej,syei,syeg,syef,syeq,sye7,sye0,sydv,syau,sy8o,zbML3c,gskBEc,sy21c,s980lf,sy16a,sy168,zGLm3b,sy461,sy460,sy45z,sy2a0,sy1ol,sy1om,DhPYme,sy46a,sy3ph,sy3pf,syhu,sy3pm,sy3pg,sy3po,sy3pc,sy469,KHourd,sy47g,syyu,oQfbDd,sy1og,sy24s,sy24t,sy24r,akFige,sy47j,sy254,sy1r9,sy1e1,sy1e0,syym,syyk,syyl,syyj,sy1uy,sy1uz,sy1qz,sy1qy,syyt,sy255,qmjr3:411
(anonymous) @ VM3562 m=cdos,cr,hsm,jsa,mb4ZUb,cEt90b,SNUn3,qddgKe,sTsDMc,dtl0hd,eHDfl,YV5bee,d,csi:735
(anonymous) @ VM3562 m=cdos,cr,hsm,jsa,mb4ZUb,cEt90b,SNUn3,qddgKe,sTsDMc,dtl0hd,eHDfl,YV5bee,d,csi:735
rpa @ VM3562 m=cdos,cr,hsm,jsa,mb4ZUb,cEt90b,SNUn3,qddgKe,sTsDMc,dtl0hd,eHDfl,YV5bee,d,csi:257
(anonymous) @ VM3562 m=cdos,cr,hsm,jsa,mb4ZUb,cEt90b,SNUn3,qddgKe,sTsDMc,dtl0hd,eHDfl,YV5bee,d,csi:735
flatMap @ VM3562 m=cdos,cr,hsm,jsa,mb4ZUb,cEt90b,SNUn3,qddgKe,sTsDMc,dtl0hd,eHDfl,YV5bee,d,csi:724
Uoa @ VM3562 m=cdos,cr,hsm,jsa,mb4ZUb,cEt90b,SNUn3,qddgKe,sTsDMc,dtl0hd,eHDfl,YV5bee,d,csi:735
_.Voa @ VM3562 m=cdos,cr,hsm,jsa,mb4ZUb,cEt90b,SNUn3,qddgKe,sTsDMc,dtl0hd,eHDfl,YV5bee,d,csi:251
_.PWa @ VM3562 m=cdos,cr,hsm,jsa,mb4ZUb,cEt90b,SNUn3,qddgKe,sTsDMc,dtl0hd,eHDfl,YV5bee,d,csi:1716
iXa @ VM3562 m=cdos,cr,hsm,jsa,mb4ZUb,cEt90b,SNUn3,qddgKe,sTsDMc,dtl0hd,eHDfl,YV5bee,d,csi:931
(anonymous) @ VM3562 m=cdos,cr,hsm,jsa,mb4ZUb,cEt90b,SNUn3,qddgKe,sTsDMc,dtl0hd,eHDfl,YV5bee,d,csi:927
(anonymous) @ VM3562 m=cdos,cr,hsm,jsa,mb4ZUb,cEt90b,SNUn3,qddgKe,sTsDMc,dtl0hd,eHDfl,YV5bee,d,csi:725
b @ VM3562 m=cdos,cr,hsm,jsa,mb4ZUb,cEt90b,SNUn3,qddgKe,sTsDMc,dtl0hd,eHDfl,YV5bee,d,csi:723
(anonymous) @ VM3562 m=cdos,cr,hsm,jsa,mb4ZUb,cEt90b,SNUn3,qddgKe,sTsDMc,dtl0hd,eHDfl,YV5bee,d,csi:725
(anonymous) @ VM3562 m=cdos,cr,hsm,jsa,mb4ZUb,cEt90b,SNUn3,qddgKe,sTsDMc,dtl0hd,eHDfl,YV5bee,d,csi:406
e.wa @ VM3562 m=cdos,cr,hsm,jsa,mb4ZUb,cEt90b,SNUn3,qddgKe,sTsDMc,dtl0hd,eHDfl,YV5bee,d,csi:594
QIa @ VM3562 m=cdos,cr,hsm,jsa,mb4ZUb,cEt90b,SNUn3,qddgKe,sTsDMc,dtl0hd,eHDfl,YV5bee,d,csi:597
MIa @ VM3562 m=cdos,cr,hsm,jsa,mb4ZUb,cEt90b,SNUn3,qddgKe,sTsDMc,dtl0hd,eHDfl,YV5bee,d,csi:597
_.Lg.t4a @ VM3562 m=cdos,cr,hsm,jsa,mb4ZUb,cEt90b,SNUn3,qddgKe,sTsDMc,dtl0hd,eHDfl,YV5bee,d,csi:597
wla @ VM3562 m=cdos,cr,hsm,jsa,mb4ZUb,cEt90b,SNUn3,qddgKe,sTsDMc,dtl0hd,eHDfl,YV5bee,d,csi:200
(anonymous) @ VM3562 m=cdos,cr,hsm,jsa,mb4ZUb,cEt90b,SNUn3,qddgKe,sTsDMc,dtl0hd,eHDfl,YV5bee,d,csi:406
Promise.then
then @ VM3562 m=cdos,cr,hsm,jsa,mb4ZUb,cEt90b,SNUn3,qddgKe,sTsDMc,dtl0hd,eHDfl,YV5bee,d,csi:420
sIa @ VM3562 m=cdos,cr,hsm,jsa,mb4ZUb,cEt90b,SNUn3,qddgKe,sTsDMc,dtl0hd,eHDfl,YV5bee,d,csi:588
_.wn @ VM3562 m=cdos,cr,hsm,jsa,mb4ZUb,cEt90b,SNUn3,qddgKe,sTsDMc,dtl0hd,eHDfl,YV5bee,d,csi:588
NIa @ VM3562 m=cdos,cr,hsm,jsa,mb4ZUb,cEt90b,SNUn3,qddgKe,sTsDMc,dtl0hd,eHDfl,YV5bee,d,csi:596
_.Lg.OP @ VM3562 m=cdos,cr,hsm,jsa,mb4ZUb,cEt90b,SNUn3,qddgKe,sTsDMc,dtl0hd,eHDfl,YV5bee,d,csi:595
(anonymous) @ VM3562 m=cdos,cr,hsm,jsa,mb4ZUb,cEt90b,SNUn3,qddgKe,sTsDMc,dtl0hd,eHDfl,YV5bee,d,csi:589
f @ VM3562 m=cdos,cr,hsm,jsa,mb4ZUb,cEt90b,SNUn3,qddgKe,sTsDMc,dtl0hd,eHDfl,YV5bee,d,csi:591
(anonymous) @ VM3562 m=cdos,cr,hsm,jsa,mb4ZUb,cEt90b,SNUn3,qddgKe,sTsDMc,dtl0hd,eHDfl,YV5bee,d,csi:428
g @ VM3562 m=cdos,cr,hsm,jsa,mb4ZUb,cEt90b,SNUn3,qddgKe,sTsDMc,dtl0hd,eHDfl,YV5bee,d,csi:596
(anonymous) @ VM3562 m=cdos,cr,hsm,jsa,mb4ZUb,cEt90b,SNUn3,qddgKe,sTsDMc,dtl0hd,eHDfl,YV5bee,d,csi:406
Promise.then
then @ VM3562 m=cdos,cr,hsm,jsa,mb4ZUb,cEt90b,SNUn3,qddgKe,sTsDMc,dtl0hd,eHDfl,YV5bee,d,csi:420
PIa @ VM3562 m=cdos,cr,hsm,jsa,mb4ZUb,cEt90b,SNUn3,qddgKe,sTsDMc,dtl0hd,eHDfl,YV5bee,d,csi:596
DIa @ VM3562 m=cdos,cr,hsm,jsa,mb4ZUb,cEt90b,SNUn3,qddgKe,sTsDMc,dtl0hd,eHDfl,YV5bee,d,csi:596
_.EIa @ VM3562 m=cdos,cr,hsm,jsa,mb4ZUb,cEt90b,SNUn3,qddgKe,sTsDMc,dtl0hd,eHDfl,YV5bee,d,csi:590
(anonymous) @ VM3562 m=cdos,cr,hsm,jsa,mb4ZUb,cEt90b,SNUn3,qddgKe,sTsDMc,dtl0hd,eHDfl,YV5bee,d,csi:591
_.Lg @ VM3562 m=cdos,cr,hsm,jsa,mb4ZUb,cEt90b,SNUn3,qddgKe,sTsDMc,dtl0hd,eHDfl,YV5bee,d,csi:589
_.Eh @ VM3562 m=cdos,cr,hsm,jsa,mb4ZUb,cEt90b,SNUn3,qddgKe,sTsDMc,dtl0hd,eHDfl,YV5bee,d,csi:591
RMa @ VM3562 m=cdos,cr,hsm,jsa,mb4ZUb,cEt90b,SNUn3,qddgKe,sTsDMc,dtl0hd,eHDfl,YV5bee,d,csi:725
UMa @ VM3562 m=cdos,cr,hsm,jsa,mb4ZUb,cEt90b,SNUn3,qddgKe,sTsDMc,dtl0hd,eHDfl,YV5bee,d,csi:728
_.SMa @ VM3562 m=cdos,cr,hsm,jsa,mb4ZUb,cEt90b,SNUn3,qddgKe,sTsDMc,dtl0hd,eHDfl,YV5bee,d,csi:726
(anonymous) @ VM3562 m=cdos,cr,hsm,jsa,mb4ZUb,cEt90b,SNUn3,qddgKe,sTsDMc,dtl0hd,eHDfl,YV5bee,d,csi:725
_.vf @ VM3562 m=cdos,cr,hsm,jsa,mb4ZUb,cEt90b,SNUn3,qddgKe,sTsDMc,dtl0hd,eHDfl,YV5bee,d,csi:723
_.Noa @ VM3562 m=cdos,cr,hsm,jsa,mb4ZUb,cEt90b,SNUn3,qddgKe,sTsDMc,dtl0hd,eHDfl,YV5bee,d,csi:725
_.jXa @ VM3562 m=cdos,cr,hsm,jsa,mb4ZUb,cEt90b,SNUn3,qddgKe,sTsDMc,dtl0hd,eHDfl,YV5bee,d,csi:927
cG @ VM3562 m=cdos,cr,hsm,jsa,mb4ZUb,cEt90b,SNUn3,qddgKe,sTsDMc,dtl0hd,eHDfl,YV5bee,d,csi:942
nXa @ VM3562 m=cdos,cr,hsm,jsa,mb4ZUb,cEt90b,SNUn3,qddgKe,sTsDMc,dtl0hd,eHDfl,YV5bee,d,csi:934
oXa @ VM3562 m=cdos,cr,hsm,jsa,mb4ZUb,cEt90b,SNUn3,qddgKe,sTsDMc,dtl0hd,eHDfl,YV5bee,d,csi:933
(anonymous) @ VM3562 m=cdos,cr,hsm,jsa,mb4ZUb,cEt90b,SNUn3,qddgKe,sTsDMc,dtl0hd,eHDfl,YV5bee,d,csi:943
OWa.qM.MWa.MCa @ VM3562 m=cdos,cr,hsm,jsa,mb4ZUb,cEt90b,SNUn3,qddgKe,sTsDMc,dtl0hd,eHDfl,YV5bee,d,csi:920
dispatch @ VM3562 m=cdos,cr,hsm,jsa,mb4ZUb,cEt90b,SNUn3,qddgKe,sTsDMc,dtl0hd,eHDfl,YV5bee,d,csi:920
dispatch @ VM3562 m=cdos,cr,hsm,jsa,mb4ZUb,cEt90b,SNUn3,qddgKe,sTsDMc,dtl0hd,eHDfl,YV5bee,d,csi:921
(anonymous) @ VM3562 m=cdos,cr,hsm,jsa,mb4ZUb,cEt90b,SNUn3,qddgKe,sTsDMc,dtl0hd,eHDfl,YV5bee,d,csi:380
F @ sj-proxy?url=https%3A%2F%2Fgoogle.com:18
E.handleEvent @ sj-proxy?url=https%3A%2F%2Fgoogle.com:18
f @ sj-proxy?url=https%3A%2F%2Fgoogle.com:18
trigger @ sj-proxy?url=https%3A%2F%2Fgoogle.com:18
trigger @ VM3562 m=cdos,cr,hsm,jsa,mb4ZUb,cEt90b,SNUn3,qddgKe,sTsDMc,dtl0hd,eHDfl,YV5bee,d,csi:942
xra @ VM3562 m=cdos,cr,hsm,jsa,mb4ZUb,cEt90b,SNUn3,qddgKe,sTsDMc,dtl0hd,eHDfl,YV5bee,d,csi:927
_.Sg @ VM3562 m=cdos,cr,hsm,jsa,mb4ZUb,cEt90b,SNUn3,qddgKe,sTsDMc,dtl0hd,eHDfl,YV5bee,d,csi:288
(anonymous) @ VM3562 m=cdos,cr,hsm,jsa,mb4ZUb,cEt90b,SNUn3,qddgKe,sTsDMc,dtl0hd,eHDfl,YV5bee,d,csi:808
YPa @ VM3562 m=cdos,cr,hsm,jsa,mb4ZUb,cEt90b,SNUn3,qddgKe,sTsDMc,dtl0hd,eHDfl,YV5bee,d,csi:808
ZPa @ VM3562 m=cdos,cr,hsm,jsa,mb4ZUb,cEt90b,SNUn3,qddgKe,sTsDMc,dtl0hd,eHDfl,YV5bee,d,csi:805
QPa @ VM3562 m=cdos,cr,hsm,jsa,mb4ZUb,cEt90b,SNUn3,qddgKe,sTsDMc,dtl0hd,eHDfl,YV5bee,d,csi:807
PPa @ VM3562 m=cdos,cr,hsm,jsa,mb4ZUb,cEt90b,SNUn3,qddgKe,sTsDMc,dtl0hd,eHDfl,YV5bee,d,csi:801
(anonymous) @ VM3562 m=cdos,cr,hsm,jsa,mb4ZUb,cEt90b,SNUn3,qddgKe,sTsDMc,dtl0hd,eHDfl,YV5bee,d,csi:809
a.Ba @ VM3562 m=cdos,cr,hsm,jsa,mb4ZUb,cEt90b,SNUn3,qddgKe,sTsDMc,dtl0hd,eHDfl,YV5bee,d,csi:811
(anonymous) @ VM3562 m=cdos,cr,hsm,jsa,mb4ZUb,cEt90b,SNUn3,qddgKe,sTsDMc,dtl0hd,eHDfl,YV5bee,d,csi:406
a.port1.onmessage @ VM3562 m=cdos,cr,hsm,jsa,mb4ZUb,cEt90b,SNUn3,qddgKe,sTsDMc,dtl0hd,eHDfl,YV5bee,d,csi:588
postMessage
(anonymous) @ VM3562 m=cdos,cr,hsm,jsa,mb4ZUb,cEt90b,SNUn3,qddgKe,sTsDMc,dtl0hd,eHDfl,YV5bee,d,csi:588
_.ie @ VM3562 m=cdos,cr,hsm,jsa,mb4ZUb,cEt90b,SNUn3,qddgKe,sTsDMc,dtl0hd,eHDfl,YV5bee,d,csi:200
Ra @ VM3562 m=cdos,cr,hsm,jsa,mb4ZUb,cEt90b,SNUn3,qddgKe,sTsDMc,dtl0hd,eHDfl,YV5bee,d,csi:809
(anonymous) @ VM3562 m=cdos,cr,hsm,jsa,mb4ZUb,cEt90b,SNUn3,qddgKe,sTsDMc,dtl0hd,eHDfl,YV5bee,d,csi:811
_.Lg @ VM3562 m=cdos,cr,hsm,jsa,mb4ZUb,cEt90b,SNUn3,qddgKe,sTsDMc,dtl0hd,eHDfl,YV5bee,d,csi:589
_.cQa @ VM3562 m=cdos,cr,hsm,jsa,mb4ZUb,cEt90b,SNUn3,qddgKe,sTsDMc,dtl0hd,eHDfl,YV5bee,d,csi:811
dirty @ VM3562 m=cdos,cr,hsm,jsa,mb4ZUb,cEt90b,SNUn3,qddgKe,sTsDMc,dtl0hd,eHDfl,YV5bee,d,csi:809
(anonymous) @ VM3562 m=cdos,cr,hsm,jsa,mb4ZUb,cEt90b,SNUn3,qddgKe,sTsDMc,dtl0hd,eHDfl,YV5bee,d,csi:375
U @ sj-proxy?url=https%3A%2F%2Fgoogle.com:35
(anonymous) @ sj-proxy?url=https%3A%2F%2Fgoogle.com:36
B @ sj-proxy?url=https%3A%2F%2Fgoogle.com:30
y @ sj-proxy?url=https%3A%2F%2Fgoogle.com:30
W @ sj-proxy?url=https%3A%2F%2Fgoogle.com:35
F @ sj-proxy?url=https%3A%2F%2Fgoogle.com:37
XMLHttpRequest.send
(anonymous) @ sj-proxy?url=https%3A%2F%2Fgoogle.com:34
d @ sj-proxy?url=https%3A%2F%2Fgoogle.com:26
pa @ sj-proxy?url=https%3A%2F%2Fgoogle.com:34
e @ sj-proxy?url=https%3A%2F%2Fgoogle.com:27
(anonymous) @ sj-proxy?url=https%3A%2F%2Fgoogle.com:37
(anonymous) @ sj-proxy?url=https%3A%2F%2Fgoogle.com:37
sj-proxy?url=https%3A%2F%2Fgoogle.com:1 Access to XMLHttpRequest at 'https://play.google.com/log?format=json&hasfast=true' from origin 'http://localhost:8080' has been blocked by CORS policy: The 'Access-Control-Allow-Origin' header has a value 'http://play.google.com' that is not equal to the supplied origin.
VM3562 m=cdos,cr,hsm,jsa,mb4ZUb,cEt90b,SNUn3,qddgKe,sTsDMc,dtl0hd,eHDfl,YV5bee,d,csi:422  POST https://play.google.com/log?format=json&hasfast=true net::ERR_FAILED 200 (OK)
(anonymous) @ VM3562 m=cdos,cr,hsm,jsa,mb4ZUb,cEt90b,SNUn3,qddgKe,sTsDMc,dtl0hd,eHDfl,YV5bee,d,csi:422
_.rh.send @ VM3565 rs=AA2YrTsQS372_IBtlHypMBVngIiWg5aPdw:120
_.vh @ VM3565 rs=AA2YrTsQS372_IBtlHypMBVngIiWg5aPdw:117
send @ VM3565 rs=AA2YrTsQS372_IBtlHypMBVngIiWg5aPdw:123
m @ VM3565 rs=AA2YrTsQS372_IBtlHypMBVngIiWg5aPdw:102
flush @ VM3565 rs=AA2YrTsQS372_IBtlHypMBVngIiWg5aPdw:102
c @ VM3565 rs=AA2YrTsQS372_IBtlHypMBVngIiWg5aPdw:90
sf @ VM3565 rs=AA2YrTsQS372_IBtlHypMBVngIiWg5aPdw:82
(anonymous) @ VM3565 rs=AA2YrTsQS372_IBtlHypMBVngIiWg5aPdw:82
setTimeout
start @ VM3565 rs=AA2YrTsQS372_IBtlHypMBVngIiWg5aPdw:82
log @ VM3565 rs=AA2YrTsQS372_IBtlHypMBVngIiWg5aPdw:99
_.wg @ VM3565 rs=AA2YrTsQS372_IBtlHypMBVngIiWg5aPdw:91
log @ VM3565 rs=AA2YrTsQS372_IBtlHypMBVngIiWg5aPdw:126
_.gj @ VM3565 rs=AA2YrTsQS372_IBtlHypMBVngIiWg5aPdw:166
_.Ph @ VM3565 rs=AA2YrTsQS372_IBtlHypMBVngIiWg5aPdw:128
i @ VM3565 rs=AA2YrTsQS372_IBtlHypMBVngIiWg5aPdw:166
_.hj @ VM3565 rs=AA2YrTsQS372_IBtlHypMBVngIiWg5aPdw:166
(anonymous) @ VM3565 rs=AA2YrTsQS372_IBtlHypMBVngIiWg5aPdw:166
(anonymous) @ VM3565 rs=AA2YrTsQS372_IBtlHypMBVngIiWg5aPdw:572
sj-proxy?url=https%3A%2F%2Fgoogle.com:1 Access to XMLHttpRequest at 'https://google.com/complete/s?q&cp=0&client=gws-wiz&xssi=t&gs_pcrt=undefined&hl=en&authuser=0&psi=-MA0au3PF5Ly0PEPwr-cgAU.1781842168574&dpr=1&nolsbt=1' from origin 'http://localhost:8080' has been blocked by CORS policy: No 'Access-Control-Allow-Origin' header is present on the requested resource.
VM3562 m=cdos,cr,hsm,jsa,mb4ZUb,cEt90b,SNUn3,qddgKe,sTsDMc,dtl0hd,eHDfl,YV5bee,d,csi:422  GET https://google.com/complete/s?q&cp=0&client=gws-wiz&xssi=t&gs_pcrt=undefined&hl=en&authuser=0&psi=-MA0au3PF5Ly0PEPwr-cgAU.1781842168574&dpr=1&nolsbt=1 net::ERR_FAILED 200 (OK)
(anonymous) @ VM3562 m=cdos,cr,hsm,jsa,mb4ZUb,cEt90b,SNUn3,qddgKe,sTsDMc,dtl0hd,eHDfl,YV5bee,d,csi:422
_.aa.send @ VM3562 m=cdos,cr,hsm,jsa,mb4ZUb,cEt90b,SNUn3,qddgKe,sTsDMc,dtl0hd,eHDfl,YV5bee,d,csi:991
(anonymous) @ VM3562 m=cdos,cr,hsm,jsa,mb4ZUb,cEt90b,SNUn3,qddgKe,sTsDMc,dtl0hd,eHDfl,YV5bee,d,csi:2472
Oa @ VM3562 m=cdos,cr,hsm,jsa,mb4ZUb,cEt90b,SNUn3,qddgKe,sTsDMc,dtl0hd,eHDfl,YV5bee,d,csi:2471
p7d @ VM3562 m=cdos,cr,hsm,jsa,mb4ZUb,cEt90b,SNUn3,qddgKe,sTsDMc,dtl0hd,eHDfl,YV5bee,d,csi:2465
uH @ VM3562 m=cdos,cr,hsm,jsa,mb4ZUb,cEt90b,SNUn3,qddgKe,sTsDMc,dtl0hd,eHDfl,YV5bee,d,csi:2471
uH @ VM3562 m=cdos,cr,hsm,jsa,mb4ZUb,cEt90b,SNUn3,qddgKe,sTsDMc,dtl0hd,eHDfl,YV5bee,d,csi:2620
d$d @ VM3562 m=cdos,cr,hsm,jsa,mb4ZUb,cEt90b,SNUn3,qddgKe,sTsDMc,dtl0hd,eHDfl,YV5bee,d,csi:2600
Bb @ VM3562 m=cdos,cr,hsm,jsa,mb4ZUb,cEt90b,SNUn3,qddgKe,sTsDMc,dtl0hd,eHDfl,YV5bee,d,csi:2621
Sa @ VM3562 m=cdos,cr,hsm,jsa,mb4ZUb,cEt90b,SNUn3,qddgKe,sTsDMc,dtl0hd,eHDfl,YV5bee,d,csi:2622
(anonymous) @ VM3562 m=cdos,cr,hsm,jsa,mb4ZUb,cEt90b,SNUn3,qddgKe,sTsDMc,dtl0hd,eHDfl,YV5bee,d,csi:938
map @ VM3562 m=cdos,cr,hsm,jsa,mb4ZUb,cEt90b,SNUn3,qddgKe,sTsDMc,dtl0hd,eHDfl,YV5bee,d,csi:724
sXa @ VM3562 m=cdos,cr,hsm,jsa,mb4ZUb,cEt90b,SNUn3,qddgKe,sTsDMc,dtl0hd,eHDfl,YV5bee,d,csi:938
(anonymous) @ VM3562 m=cdos,cr,hsm,jsa,mb4ZUb,cEt90b,SNUn3,qddgKe,sTsDMc,dtl0hd,eHDfl,YV5bee,d,csi:935
flatMap @ VM3562 m=cdos,cr,hsm,jsa,mb4ZUb,cEt90b,SNUn3,qddgKe,sTsDMc,dtl0hd,eHDfl,YV5bee,d,csi:724
(anonymous) @ VM3562 m=cdos,cr,hsm,jsa,mb4ZUb,cEt90b,SNUn3,qddgKe,sTsDMc,dtl0hd,eHDfl,YV5bee,d,csi:935
flatMap @ VM3562 m=cdos,cr,hsm,jsa,mb4ZUb,cEt90b,SNUn3,qddgKe,sTsDMc,dtl0hd,eHDfl,YV5bee,d,csi:724
(anonymous) @ VM3562 m=cdos,cr,hsm,jsa,mb4ZUb,cEt90b,SNUn3,qddgKe,sTsDMc,dtl0hd,eHDfl,YV5bee,d,csi:935
b.run @ VM3562 m=cdos,cr,hsm,jsa,mb4ZUb,cEt90b,SNUn3,qddgKe,sTsDMc,dtl0hd,eHDfl,YV5bee,d,csi:418
run @ VM3562 m=cdos,cr,hsm,jsa,mb4ZUb,cEt90b,SNUn3,qddgKe,sTsDMc,dtl0hd,eHDfl,YV5bee,d,csi:921
enter @ VM3562 m=cdos,cr,hsm,jsa,mb4ZUb,cEt90b,SNUn3,qddgKe,sTsDMc,dtl0hd,eHDfl,YV5bee,d,csi:923
qya @ VM3562 m=cdos,cr,hsm,jsa,mb4ZUb,cEt90b,SNUn3,qddgKe,sTsDMc,dtl0hd,eHDfl,YV5bee,d,csi:383
(anonymous) @ VM3562 m=cdos,cr,hsm,jsa,mb4ZUb,cEt90b,SNUn3,qddgKe,sTsDMc,dtl0hd,eHDfl,YV5bee,d,csi:385
nXa @ VM3562 m=cdos,cr,hsm,jsa,mb4ZUb,cEt90b,SNUn3,qddgKe,sTsDMc,dtl0hd,eHDfl,YV5bee,d,csi:935
oXa @ VM3562 m=cdos,cr,hsm,jsa,mb4ZUb,cEt90b,SNUn3,qddgKe,sTsDMc,dtl0hd,eHDfl,YV5bee,d,csi:933
(anonymous) @ VM3562 m=cdos,cr,hsm,jsa,mb4ZUb,cEt90b,SNUn3,qddgKe,sTsDMc,dtl0hd,eHDfl,YV5bee,d,csi:943
OWa.qM.MWa.MCa @ VM3562 m=cdos,cr,hsm,jsa,mb4ZUb,cEt90b,SNUn3,qddgKe,sTsDMc,dtl0hd,eHDfl,YV5bee,d,csi:920
dispatch @ VM3562 m=cdos,cr,hsm,jsa,mb4ZUb,cEt90b,SNUn3,qddgKe,sTsDMc,dtl0hd,eHDfl,YV5bee,d,csi:920
dispatch @ VM3562 m=cdos,cr,hsm,jsa,mb4ZUb,cEt90b,SNUn3,qddgKe,sTsDMc,dtl0hd,eHDfl,YV5bee,d,csi:921
(anonymous) @ VM3562 m=cdos,cr,hsm,jsa,mb4ZUb,cEt90b,SNUn3,qddgKe,sTsDMc,dtl0hd,eHDfl,YV5bee,d,csi:380
F @ sj-proxy?url=https%3A%2F%2Fgoogle.com:18
E.handleEvent @ sj-proxy?url=https%3A%2F%2Fgoogle.com:18
f @ sj-proxy?url=https%3A%2F%2Fgoogle.com:18
trigger @ sj-proxy?url=https%3A%2F%2Fgoogle.com:18
trigger @ VM3562 m=cdos,cr,hsm,jsa,mb4ZUb,cEt90b,SNUn3,qddgKe,sTsDMc,dtl0hd,eHDfl,YV5bee,d,csi:942
xra @ VM3562 m=cdos,cr,hsm,jsa,mb4ZUb,cEt90b,SNUn3,qddgKe,sTsDMc,dtl0hd,eHDfl,YV5bee,d,csi:927
_.Sg @ VM3562 m=cdos,cr,hsm,jsa,mb4ZUb,cEt90b,SNUn3,qddgKe,sTsDMc,dtl0hd,eHDfl,YV5bee,d,csi:288
trigger @ VM3562 m=cdos,cr,hsm,jsa,mb4ZUb,cEt90b,SNUn3,qddgKe,sTsDMc,dtl0hd,eHDfl,YV5bee,d,csi:819
Ba @ VM3562 m=cdos,cr,hsm,jsa,mb4ZUb,cEt90b,SNUn3,qddgKe,sTsDMc,dtl0hd,eHDfl,YV5bee,d,csi:2149
onClick @ VM3562 m=cdos,cr,hsm,jsa,mb4ZUb,cEt90b,SNUn3,qddgKe,sTsDMc,dtl0hd,eHDfl,YV5bee,d,csi:2146
(anonymous) @ VM3562 m=cdos,cr,hsm,jsa,mb4ZUb,cEt90b,SNUn3,qddgKe,sTsDMc,dtl0hd,eHDfl,YV5bee,d,csi:938
map @ VM3562 m=cdos,cr,hsm,jsa,mb4ZUb,cEt90b,SNUn3,qddgKe,sTsDMc,dtl0hd,eHDfl,YV5bee,d,csi:724
sXa @ VM3562 m=cdos,cr,hsm,jsa,mb4ZUb,cEt90b,SNUn3,qddgKe,sTsDMc,dtl0hd,eHDfl,YV5bee,d,csi:938
(anonymous) @ VM3562 m=cdos,cr,hsm,jsa,mb4ZUb,cEt90b,SNUn3,qddgKe,sTsDMc,dtl0hd,eHDfl,YV5bee,d,csi:935
flatMap @ VM3562 m=cdos,cr,hsm,jsa,mb4ZUb,cEt90b,SNUn3,qddgKe,sTsDMc,dtl0hd,eHDfl,YV5bee,d,csi:724
(anonymous) @ VM3562 m=cdos,cr,hsm,jsa,mb4ZUb,cEt90b,SNUn3,qddgKe,sTsDMc,dtl0hd,eHDfl,YV5bee,d,csi:935
flatMap @ VM3562 m=cdos,cr,hsm,jsa,mb4ZUb,cEt90b,SNUn3,qddgKe,sTsDMc,dtl0hd,eHDfl,YV5bee,d,csi:724
(anonymous) @ VM3562 m=cdos,cr,hsm,jsa,mb4ZUb,cEt90b,SNUn3,qddgKe,sTsDMc,dtl0hd,eHDfl,YV5bee,d,csi:935
b.run @ VM3562 m=cdos,cr,hsm,jsa,mb4ZUb,cEt90b,SNUn3,qddgKe,sTsDMc,dtl0hd,eHDfl,YV5bee,d,csi:418
run @ VM3562 m=cdos,cr,hsm,jsa,mb4ZUb,cEt90b,SNUn3,qddgKe,sTsDMc,dtl0hd,eHDfl,YV5bee,d,csi:921
enter @ VM3562 m=cdos,cr,hsm,jsa,mb4ZUb,cEt90b,SNUn3,qddgKe,sTsDMc,dtl0hd,eHDfl,YV5bee,d,csi:923
(anonymous) @ VM3562 m=cdos,cr,hsm,jsa,mb4ZUb,cEt90b,SNUn3,qddgKe,sTsDMc,dtl0hd,eHDfl,YV5bee,d,csi:385
nXa @ VM3562 m=cdos,cr,hsm,jsa,mb4ZUb,cEt90b,SNUn3,qddgKe,sTsDMc,dtl0hd,eHDfl,YV5bee,d,csi:935
oXa @ VM3562 m=cdos,cr,hsm,jsa,mb4ZUb,cEt90b,SNUn3,qddgKe,sTsDMc,dtl0hd,eHDfl,YV5bee,d,csi:933
(anonymous) @ VM3562 m=cdos,cr,hsm,jsa,mb4ZUb,cEt90b,SNUn3,qddgKe,sTsDMc,dtl0hd,eHDfl,YV5bee,d,csi:943
OWa.qM.MWa.MCa @ VM3562 m=cdos,cr,hsm,jsa,mb4ZUb,cEt90b,SNUn3,qddgKe,sTsDMc,dtl0hd,eHDfl,YV5bee,d,csi:920
dispatch @ VM3562 m=cdos,cr,hsm,jsa,mb4ZUb,cEt90b,SNUn3,qddgKe,sTsDMc,dtl0hd,eHDfl,YV5bee,d,csi:920
dispatch @ VM3562 m=cdos,cr,hsm,jsa,mb4ZUb,cEt90b,SNUn3,qddgKe,sTsDMc,dtl0hd,eHDfl,YV5bee,d,csi:921
(anonymous) @ VM3562 m=cdos,cr,hsm,jsa,mb4ZUb,cEt90b,SNUn3,qddgKe,sTsDMc,dtl0hd,eHDfl,YV5bee,d,csi:380
F @ sj-proxy?url=https%3A%2F%2Fgoogle.com:18
E.handleEvent @ sj-proxy?url=https%3A%2F%2Fgoogle.com:18
f @ sj-proxy?url=https%3A%2F%2Fgoogle.com:18
(anonymous) @ sj-proxy?url=https%3A%2F%2Fgoogle.com:18
sj-proxy?url=https%3A%2F%2Fgoogle.com:1 Access to fetch at 'https://google.com/xjs/_/js/md=2/k=xjs.hd.en.rRRcCZse8Zo.2019.O/am=AAAAAAAAAAAAAAAAAAAAAAAAAAAAAAAAAAAAAAAAAAAAAAAAAAAAAAAAwABAAAAAAACAQAAAAAAAAAAAAAAADCAAAAAAAAAAAAAAAAAAAIBAQAAAQAAAAAAAAACAAAAAAAAEAAAAAAAAAAwACAAIIAEAADAIAAAAAAAAAAAAAAAAAABABAAAAAABAMAfDDACAAAAAAAAACQAAAAAAAAAAABYAAAABQAAAAiAAAAAAAAAAAAAAAAAAAAAAAIAAAAAAAAAAAAAABAAAABAAQAAAAABAAAAAAAAAAAAAAAAAAAAAAIAAAAAAAAAAAAAAEAAAAUAAAIAgAAAAAAAAAAAAAAAAACgAwAAAAABAAAAAAAAAAAAAAAAAAA4AAAEBAAAAAAAABAIBAAIAAAAAB0AgQcYUlMAAAAAAAAAAAAAAAAAAAAAAAAAARTALiRQEAABAAAAAAAAAAAAAAAAAAAAAAAAAACA0FMAAAAAAACLAQ/rs=ACT90oG554MnuY0oLmc4dAE3QpoYrM_9vQ?cb=121509378' from origin 'http://localhost:8080' has been blocked by CORS policy: No 'Access-Control-Allow-Origin' header is present on the requested resource.
VM3562 m=cdos,cr,hsm,jsa,mb4ZUb,cEt90b,SNUn3,qddgKe,sTsDMc,dtl0hd,eHDfl,YV5bee,d,csi:801  GET https://google.com/xjs/_/js/md=2/k=xjs.hd.en.rRRcCZse8Zo.2019.O/am=AAAAAAAAAAAAAAAAAAAAAAAAAAAAAAAAAAAAAAAAAAAAAAAAAAAAAAAAwABAAAAAAACAQAAAAAAAAAAAAAAADCAAAAAAAAAAAAAAAAAAAIBAQAAAQAAAAAAAAACAAAAAAAAEAAAAAAAAAAwACAAIIAEAADAIAAAAAAAAAAAAAAAAAABABAAAAAABAMAfDDACAAAAAAAAACQAAAAAAAAAAABYAAAABQAAAAiAAAAAAAAAAAAAAAAAAAAAAAIAAAAAAAAAAAAAABAAAABAAQAAAAABAAAAAAAAAAAAAAAAAAAAAAIAAAAAAAAAAAAAAEAAAAUAAAIAgAAAAAAAAAAAAAAAAACgAwAAAAABAAAAAAAAAAAAAAAAAAA4AAAEBAAAAAAAABAIBAAIAAAAAB0AgQcYUlMAAAAAAAAAAAAAAAAAAAAAAAAAARTALiRQEAABAAAAAAAAAAAAAAAAAAAAAAAAAACA0FMAAAAAAACLAQ/rs=ACT90oG554MnuY0oLmc4dAE3QpoYrM_9vQ?cb=121509378 net::ERR_FAILED 200 (OK)
_.GPa @ VM3562 m=cdos,cr,hsm,jsa,mb4ZUb,cEt90b,SNUn3,qddgKe,sTsDMc,dtl0hd,eHDfl,YV5bee,d,csi:801
(anonymous) @ VM3562 m=cdos,cr,hsm,jsa,mb4ZUb,cEt90b,SNUn3,qddgKe,sTsDMc,dtl0hd,eHDfl,YV5bee,d,csi:796
(anonymous) @ VM3562 m=cdos,cr,hsm,jsa,mb4ZUb,cEt90b,SNUn3,qddgKe,sTsDMc,dtl0hd,eHDfl,YV5bee,d,csi:775
BOa @ VM3562 m=cdos,cr,hsm,jsa,mb4ZUb,cEt90b,SNUn3,qddgKe,sTsDMc,dtl0hd,eHDfl,YV5bee,d,csi:775
(anonymous) @ VM3562 m=cdos,cr,hsm,jsa,mb4ZUb,cEt90b,SNUn3,qddgKe,sTsDMc,dtl0hd,eHDfl,YV5bee,d,csi:775
COa @ VM3562 m=cdos,cr,hsm,jsa,mb4ZUb,cEt90b,SNUn3,qddgKe,sTsDMc,dtl0hd,eHDfl,YV5bee,d,csi:775
DPa @ VM3562 m=cdos,cr,hsm,jsa,mb4ZUb,cEt90b,SNUn3,qddgKe,sTsDMc,dtl0hd,eHDfl,YV5bee,d,csi:796
oPa @ VM3562 m=cdos,cr,hsm,jsa,mb4ZUb,cEt90b,SNUn3,qddgKe,sTsDMc,dtl0hd,eHDfl,YV5bee,d,csi:792
(anonymous) @ VM3562 m=cdos,cr,hsm,jsa,mb4ZUb,cEt90b,SNUn3,qddgKe,sTsDMc,dtl0hd,eHDfl,YV5bee,d,csi:792
oa @ VM3562 m=cdos,cr,hsm,jsa,mb4ZUb,cEt90b,SNUn3,qddgKe,sTsDMc,dtl0hd,eHDfl,YV5bee,d,csi:977
execute @ VM3562 m=cdos,cr,hsm,jsa,mb4ZUb,cEt90b,SNUn3,qddgKe,sTsDMc,dtl0hd,eHDfl,YV5bee,d,csi:977
(anonymous) @ VM3562 m=cdos,cr,hsm,jsa,mb4ZUb,cEt90b,SNUn3,qddgKe,sTsDMc,dtl0hd,eHDfl,YV5bee,d,csi:1035
(anonymous) @ VM3562 m=cdos,cr,hsm,jsa,mb4ZUb,cEt90b,SNUn3,qddgKe,sTsDMc,dtl0hd,eHDfl,YV5bee,d,csi:406
a.port1.onmessage @ VM3562 m=cdos,cr,hsm,jsa,mb4ZUb,cEt90b,SNUn3,qddgKe,sTsDMc,dtl0hd,eHDfl,YV5bee,d,csi:588
postMessage
(anonymous) @ VM3562 m=cdos,cr,hsm,jsa,mb4ZUb,cEt90b,SNUn3,qddgKe,sTsDMc,dtl0hd,eHDfl,YV5bee,d,csi:588
_.ie @ VM3562 m=cdos,cr,hsm,jsa,mb4ZUb,cEt90b,SNUn3,qddgKe,sTsDMc,dtl0hd,eHDfl,YV5bee,d,csi:200
Acb @ VM3562 m=cdos,cr,hsm,jsa,mb4ZUb,cEt90b,SNUn3,qddgKe,sTsDMc,dtl0hd,eHDfl,YV5bee,d,csi:1035
Aa @ VM3562 m=cdos,cr,hsm,jsa,mb4ZUb,cEt90b,SNUn3,qddgKe,sTsDMc,dtl0hd,eHDfl,YV5bee,d,csi:1035
ZVa @ VM3562 m=cdos,cr,hsm,jsa,mb4ZUb,cEt90b,SNUn3,qddgKe,sTsDMc,dtl0hd,eHDfl,YV5bee,d,csi:1023
(anonymous) @ VM3562 m=cdos,cr,hsm,jsa,mb4ZUb,cEt90b,SNUn3,qddgKe,sTsDMc,dtl0hd,eHDfl,YV5bee,d,csi:979
wla @ VM3562 m=cdos,cr,hsm,jsa,mb4ZUb,cEt90b,SNUn3,qddgKe,sTsDMc,dtl0hd,eHDfl,YV5bee,d,csi:200
(anonymous) @ VM3562 m=cdos,cr,hsm,jsa,mb4ZUb,cEt90b,SNUn3,qddgKe,sTsDMc,dtl0hd,eHDfl,YV5bee,d,csi:406
Promise.then
then @ VM3562 m=cdos,cr,hsm,jsa,mb4ZUb,cEt90b,SNUn3,qddgKe,sTsDMc,dtl0hd,eHDfl,YV5bee,d,csi:420
sIa @ VM3562 m=cdos,cr,hsm,jsa,mb4ZUb,cEt90b,SNUn3,qddgKe,sTsDMc,dtl0hd,eHDfl,YV5bee,d,csi:588
_.wn @ VM3562 m=cdos,cr,hsm,jsa,mb4ZUb,cEt90b,SNUn3,qddgKe,sTsDMc,dtl0hd,eHDfl,YV5bee,d,csi:588
W6a @ VM3562 m=cdos,cr,hsm,jsa,mb4ZUb,cEt90b,SNUn3,qddgKe,sTsDMc,dtl0hd,eHDfl,YV5bee,d,csi:979
Oza.Ga @ VM3562 m=cdos,cr,hsm,jsa,mb4ZUb,cEt90b,SNUn3,qddgKe,sTsDMc,dtl0hd,eHDfl,YV5bee,d,csi:980
M6a @ VM3562 m=cdos,cr,hsm,jsa,mb4ZUb,cEt90b,SNUn3,qddgKe,sTsDMc,dtl0hd,eHDfl,YV5bee,d,csi:976
_.N6a @ VM3562 m=cdos,cr,hsm,jsa,mb4ZUb,cEt90b,SNUn3,qddgKe,sTsDMc,dtl0hd,eHDfl,YV5bee,d,csi:976
ka @ VM3562 m=cdos,cr,hsm,jsa,mb4ZUb,cEt90b,SNUn3,qddgKe,sTsDMc,dtl0hd,eHDfl,YV5bee,d,csi:978
(anonymous) @ VM3562 m=cdos,cr,hsm,jsa,mb4ZUb,cEt90b,SNUn3,qddgKe,sTsDMc,dtl0hd,eHDfl,YV5bee,d,csi:977
(anonymous) @ VM3562 m=cdos,cr,hsm,jsa,mb4ZUb,cEt90b,SNUn3,qddgKe,sTsDMc,dtl0hd,eHDfl,YV5bee,d,csi:406
setTimeout
setTimeout @ VM3562 m=cdos,cr,hsm,jsa,mb4ZUb,cEt90b,SNUn3,qddgKe,sTsDMc,dtl0hd,eHDfl,YV5bee,d,csi:420
V6a @ VM3562 m=cdos,cr,hsm,jsa,mb4ZUb,cEt90b,SNUn3,qddgKe,sTsDMc,dtl0hd,eHDfl,YV5bee,d,csi:977
setTimeout @ VM3562 m=cdos,cr,hsm,jsa,mb4ZUb,cEt90b,SNUn3,qddgKe,sTsDMc,dtl0hd,eHDfl,YV5bee,d,csi:978
setTimeout @ VM3562 m=cdos,cr,hsm,jsa,mb4ZUb,cEt90b,SNUn3,qddgKe,sTsDMc,dtl0hd,eHDfl,YV5bee,d,csi:1001
setTimeout @ VM3562 m=cdos,cr,hsm,jsa,mb4ZUb,cEt90b,SNUn3,qddgKe,sTsDMc,dtl0hd,eHDfl,YV5bee,d,csi:1044
setTimeout @ VM3562 m=cdos,cr,hsm,jsa,mb4ZUb,cEt90b,SNUn3,qddgKe,sTsDMc,dtl0hd,eHDfl,YV5bee,d,csi:674
(anonymous) @ VM3562 m=cdos,cr,hsm,jsa,mb4ZUb,cEt90b,SNUn3,qddgKe,sTsDMc,dtl0hd,eHDfl,YV5bee,d,csi:792
(anonymous) @ VM3562 m=cdos,cr,hsm,jsa,mb4ZUb,cEt90b,SNUn3,qddgKe,sTsDMc,dtl0hd,eHDfl,YV5bee,d,csi:792
(anonymous) @ VM3562 m=cdos,cr,hsm,jsa,mb4ZUb,cEt90b,SNUn3,qddgKe,sTsDMc,dtl0hd,eHDfl,YV5bee,d,csi:406
(anonymous) @ VM3562 m=cdos,cr,hsm,jsa,mb4ZUb,cEt90b,SNUn3,qddgKe,sTsDMc,dtl0hd,eHDfl,YV5bee,d,csi:406
Promise.then
then @ VM3562 m=cdos,cr,hsm,jsa,mb4ZUb,cEt90b,SNUn3,qddgKe,sTsDMc,dtl0hd,eHDfl,YV5bee,d,csi:420
catch @ VM3562 m=cdos,cr,hsm,jsa,mb4ZUb,cEt90b,SNUn3,qddgKe,sTsDMc,dtl0hd,eHDfl,YV5bee,d,csi:420
oPa @ VM3562 m=cdos,cr,hsm,jsa,mb4ZUb,cEt90b,SNUn3,qddgKe,sTsDMc,dtl0hd,eHDfl,YV5bee,d,csi:792
iPa @ VM3562 m=cdos,cr,hsm,jsa,mb4ZUb,cEt90b,SNUn3,qddgKe,sTsDMc,dtl0hd,eHDfl,YV5bee,d,csi:784
kPa @ VM3562 m=cdos,cr,hsm,jsa,mb4ZUb,cEt90b,SNUn3,qddgKe,sTsDMc,dtl0hd,eHDfl,YV5bee,d,csi:780
ePa @ VM3562 m=cdos,cr,hsm,jsa,mb4ZUb,cEt90b,SNUn3,qddgKe,sTsDMc,dtl0hd,eHDfl,YV5bee,d,csi:782
uMa @ VM3562 m=cdos,cr,hsm,jsa,mb4ZUb,cEt90b,SNUn3,qddgKe,sTsDMc,dtl0hd,eHDfl,YV5bee,d,csi:779
go.Oa @ VM3562 m=cdos,cr,hsm,jsa,mb4ZUb,cEt90b,SNUn3,qddgKe,sTsDMc,dtl0hd,eHDfl,YV5bee,d,csi:712
sMa @ VM3562 m=cdos,cr,hsm,jsa,mb4ZUb,cEt90b,SNUn3,qddgKe,sTsDMc,dtl0hd,eHDfl,YV5bee,d,csi:711
Mta @ VM3562 m=cdos,cr,hsm,jsa,mb4ZUb,cEt90b,SNUn3,qddgKe,sTsDMc,dtl0hd,eHDfl,YV5bee,d,csi:710
_.Ota @ VM3562 m=cdos,cr,hsm,jsa,mb4ZUb,cEt90b,SNUn3,qddgKe,sTsDMc,dtl0hd,eHDfl,YV5bee,d,csi:321
thl @ VM3562 m=cdos,cr,hsm,jsa,mb4ZUb,cEt90b,SNUn3,qddgKe,sTsDMc,dtl0hd,eHDfl,YV5bee,d,csi:2798
(anonymous) @ VM3562 m=cdos,cr,hsm,jsa,mb4ZUb,cEt90b,SNUn3,qddgKe,sTsDMc,dtl0hd,eHDfl,YV5bee,d,csi:2799
(anonymous) @ VM3562 m=cdos,cr,hsm,jsa,mb4ZUb,cEt90b,SNUn3,qddgKe,sTsDMc,dtl0hd,eHDfl,YV5bee,d,csi:406
Promise.then
then @ VM3562 m=cdos,cr,hsm,jsa,mb4ZUb,cEt90b,SNUn3,qddgKe,sTsDMc,dtl0hd,eHDfl,YV5bee,d,csi:420
whl @ VM3562 m=cdos,cr,hsm,jsa,mb4ZUb,cEt90b,SNUn3,qddgKe,sTsDMc,dtl0hd,eHDfl,YV5bee,d,csi:2799
xhl @ VM3562 m=cdos,cr,hsm,jsa,mb4ZUb,cEt90b,SNUn3,qddgKe,sTsDMc,dtl0hd,eHDfl,YV5bee,d,csi:2799
(anonymous) @ VM3562 m=cdos,cr,hsm,jsa,mb4ZUb,cEt90b,SNUn3,qddgKe,sTsDMc,dtl0hd,eHDfl,YV5bee,d,csi:2800
(anonymous) @ VM3562 m=cdos,cr,hsm,jsa,mb4ZUb,cEt90b,SNUn3,qddgKe,sTsDMc,dtl0hd,eHDfl,YV5bee,d,csi:2800
(anonymous) @ VM3562 m=cdos,cr,hsm,jsa,mb4ZUb,cEt90b,SNUn3,qddgKe,sTsDMc,dtl0hd,eHDfl,YV5bee,d,csi:406
e.wa @ VM3562 m=cdos,cr,hsm,jsa,mb4ZUb,cEt90b,SNUn3,qddgKe,sTsDMc,dtl0hd,eHDfl,YV5bee,d,csi:594
QIa @ VM3562 m=cdos,cr,hsm,jsa,mb4ZUb,cEt90b,SNUn3,qddgKe,sTsDMc,dtl0hd,eHDfl,YV5bee,d,csi:597
MIa @ VM3562 m=cdos,cr,hsm,jsa,mb4ZUb,cEt90b,SNUn3,qddgKe,sTsDMc,dtl0hd,eHDfl,YV5bee,d,csi:597
_.Lg.t4a @ VM3562 m=cdos,cr,hsm,jsa,mb4ZUb,cEt90b,SNUn3,qddgKe,sTsDMc,dtl0hd,eHDfl,YV5bee,d,csi:597
wla @ VM3562 m=cdos,cr,hsm,jsa,mb4ZUb,cEt90b,SNUn3,qddgKe,sTsDMc,dtl0hd,eHDfl,YV5bee,d,csi:200
(anonymous) @ VM3562 m=cdos,cr,hsm,jsa,mb4ZUb,cEt90b,SNUn3,qddgKe,sTsDMc,dtl0hd,eHDfl,YV5bee,d,csi:406
Promise.then
then @ VM3562 m=cdos,cr,hsm,jsa,mb4ZUb,cEt90b,SNUn3,qddgKe,sTsDMc,dtl0hd,eHDfl,YV5bee,d,csi:420
sIa @ VM3562 m=cdos,cr,hsm,jsa,mb4ZUb,cEt90b,SNUn3,qddgKe,sTsDMc,dtl0hd,eHDfl,YV5bee,d,csi:588
_.wn @ VM3562 m=cdos,cr,hsm,jsa,mb4ZUb,cEt90b,SNUn3,qddgKe,sTsDMc,dtl0hd,eHDfl,YV5bee,d,csi:588
W6a @ VM3562 m=cdos,cr,hsm,jsa,mb4ZUb,cEt90b,SNUn3,qddgKe,sTsDMc,dtl0hd,eHDfl,YV5bee,d,csi:979
Oza.Ga @ VM3562 m=cdos,cr,hsm,jsa,mb4ZUb,cEt90b,SNUn3,qddgKe,sTsDMc,dtl0hd,eHDfl,YV5bee,d,csi:980
M6a @ VM3562 m=cdos,cr,hsm,jsa,mb4ZUb,cEt90b,SNUn3,qddgKe,sTsDMc,dtl0hd,eHDfl,YV5bee,d,csi:976
execute @ VM3562 m=cdos,cr,hsm,jsa,mb4ZUb,cEt90b,SNUn3,qddgKe,sTsDMc,dtl0hd,eHDfl,YV5bee,d,csi:977
(anonymous) @ VM3562 m=cdos,cr,hsm,jsa,mb4ZUb,cEt90b,SNUn3,qddgKe,sTsDMc,dtl0hd,eHDfl,YV5bee,d,csi:1035
(anonymous) @ VM3562 m=cdos,cr,hsm,jsa,mb4ZUb,cEt90b,SNUn3,qddgKe,sTsDMc,dtl0hd,eHDfl,YV5bee,d,csi:406
a.port1.onmessage @ VM3562 m=cdos,cr,hsm,jsa,mb4ZUb,cEt90b,SNUn3,qddgKe,sTsDMc,dtl0hd,eHDfl,YV5bee,d,csi:588
postMessage
(anonymous) @ VM3562 m=cdos,cr,hsm,jsa,mb4ZUb,cEt90b,SNUn3,qddgKe,sTsDMc,dtl0hd,eHDfl,YV5bee,d,csi:588
_.ie @ VM3562 m=cdos,cr,hsm,jsa,mb4ZUb,cEt90b,SNUn3,qddgKe,sTsDMc,dtl0hd,eHDfl,YV5bee,d,csi:200
Acb @ VM3562 m=cdos,cr,hsm,jsa,mb4ZUb,cEt90b,SNUn3,qddgKe,sTsDMc,dtl0hd,eHDfl,YV5bee,d,csi:1035
Aa @ VM3562 m=cdos,cr,hsm,jsa,mb4ZUb,cEt90b,SNUn3,qddgKe,sTsDMc,dtl0hd,eHDfl,YV5bee,d,csi:1035
ZVa @ VM3562 m=cdos,cr,hsm,jsa,mb4ZUb,cEt90b,SNUn3,qddgKe,sTsDMc,dtl0hd,eHDfl,YV5bee,d,csi:1023
(anonymous) @ VM3562 m=cdos,cr,hsm,jsa,mb4ZUb,cEt90b,SNUn3,qddgKe,sTsDMc,dtl0hd,eHDfl,YV5bee,d,csi:979
wla @ VM3562 m=cdos,cr,hsm,jsa,mb4ZUb,cEt90b,SNUn3,qddgKe,sTsDMc,dtl0hd,eHDfl,YV5bee,d,csi:200
(anonymous) @ VM3562 m=cdos,cr,hsm,jsa,mb4ZUb,cEt90b,SNUn3,qddgKe,sTsDMc,dtl0hd,eHDfl,YV5bee,d,csi:406
Promise.then
then @ VM3562 m=cdos,cr,hsm,jsa,mb4ZUb,cEt90b,SNUn3,qddgKe,sTsDMc,dtl0hd,eHDfl,YV5bee,d,csi:420
sIa @ VM3562 m=cdos,cr,hsm,jsa,mb4ZUb,cEt90b,SNUn3,qddgKe,sTsDMc,dtl0hd,eHDfl,YV5bee,d,csi:588
_.wn @ VM3562 m=cdos,cr,hsm,jsa,mb4ZUb,cEt90b,SNUn3,qddgKe,sTsDMc,dtl0hd,eHDfl,YV5bee,d,csi:588
NIa @ VM3562 m=cdos,cr,hsm,jsa,mb4ZUb,cEt90b,SNUn3,qddgKe,sTsDMc,dtl0hd,eHDfl,YV5bee,d,csi:596
_.Lg.OP @ VM3562 m=cdos,cr,hsm,jsa,mb4ZUb,cEt90b,SNUn3,qddgKe,sTsDMc,dtl0hd,eHDfl,YV5bee,d,csi:595
(anonymous) @ VM3562 m=cdos,cr,hsm,jsa,mb4ZUb,cEt90b,SNUn3,qddgKe,sTsDMc,dtl0hd,eHDfl,YV5bee,d,csi:589
AXa @ VM3562 m=cdos,cr,hsm,jsa,mb4ZUb,cEt90b,SNUn3,qddgKe,sTsDMc,dtl0hd,eHDfl,YV5bee,d,csi:945
initialize @ VM3562 m=cdos,cr,hsm,jsa,mb4ZUb,cEt90b,SNUn3,qddgKe,sTsDMc,dtl0hd,eHDfl,YV5bee,d,csi:946
_.aa.onLoad @ VM3562 m=cdos,cr,hsm,jsa,mb4ZUb,cEt90b,SNUn3,qddgKe,sTsDMc,dtl0hd,eHDfl,YV5bee,d,csi:699
oMa @ VM3562 m=cdos,cr,hsm,jsa,mb4ZUb,cEt90b,SNUn3,qddgKe,sTsDMc,dtl0hd,eHDfl,YV5bee,d,csi:714
go.Abb @ VM3562 m=cdos,cr,hsm,jsa,mb4ZUb,cEt90b,SNUn3,qddgKe,sTsDMc,dtl0hd,eHDfl,YV5bee,d,csi:705
_._ModuleManager_initialize @ VM3562 m=cdos,cr,hsm,jsa,mb4ZUb,cEt90b,SNUn3,qddgKe,sTsDMc,dtl0hd,eHDfl,YV5bee,d,csi:1046
(anonymous) @ VM3562 m=cdos,cr,hsm,jsa,mb4ZUb,cEt90b,SNUn3,qddgKe,sTsDMc,dtl0hd,eHDfl,YV5bee,d,csi:1047
(anonymous) @ VM3562 m=cdos,cr,hsm,jsa,mb4ZUb,cEt90b,SNUn3,qddgKe,sTsDMc,dtl0hd,eHDfl,YV5bee,d,csi:2881
sj-proxy?url=https%3A%2F%2Fgoogle.com:1 Access to XMLHttpRequest at 'https://google.com/complete/s?q=d&cp=1&client=gws-wiz&xssi=t&gs_pcrt=undefined&hl=en&authuser=0&psi=-MA0au3PF5Ly0PEPwr-cgAU.1781842168574&dpr=1' from origin 'http://localhost:8080' has been blocked by CORS policy: No 'Access-Control-Allow-Origin' header is present on the requested resource.
VM3562 m=cdos,cr,hsm,jsa,mb4ZUb,cEt90b,SNUn3,qddgKe,sTsDMc,dtl0hd,eHDfl,YV5bee,d,csi:422  GET https://google.com/complete/s?q=d&cp=1&client=gws-wiz&xssi=t&gs_pcrt=undefined&hl=en&authuser=0&psi=-MA0au3PF5Ly0PEPwr-cgAU.1781842168574&dpr=1 net::ERR_FAILED 200 (OK)
(anonymous) @ VM3562 m=cdos,cr,hsm,jsa,mb4ZUb,cEt90b,SNUn3,qddgKe,sTsDMc,dtl0hd,eHDfl,YV5bee,d,csi:422
_.aa.send @ VM3562 m=cdos,cr,hsm,jsa,mb4ZUb,cEt90b,SNUn3,qddgKe,sTsDMc,dtl0hd,eHDfl,YV5bee,d,csi:991
(anonymous) @ VM3562 m=cdos,cr,hsm,jsa,mb4ZUb,cEt90b,SNUn3,qddgKe,sTsDMc,dtl0hd,eHDfl,YV5bee,d,csi:2472
Oa @ VM3562 m=cdos,cr,hsm,jsa,mb4ZUb,cEt90b,SNUn3,qddgKe,sTsDMc,dtl0hd,eHDfl,YV5bee,d,csi:2471
p7d @ VM3562 m=cdos,cr,hsm,jsa,mb4ZUb,cEt90b,SNUn3,qddgKe,sTsDMc,dtl0hd,eHDfl,YV5bee,d,csi:2465
uH @ VM3562 m=cdos,cr,hsm,jsa,mb4ZUb,cEt90b,SNUn3,qddgKe,sTsDMc,dtl0hd,eHDfl,YV5bee,d,csi:2471
uH @ VM3562 m=cdos,cr,hsm,jsa,mb4ZUb,cEt90b,SNUn3,qddgKe,sTsDMc,dtl0hd,eHDfl,YV5bee,d,csi:2620
d$d @ VM3562 m=cdos,cr,hsm,jsa,mb4ZUb,cEt90b,SNUn3,qddgKe,sTsDMc,dtl0hd,eHDfl,YV5bee,d,csi:2600
Bb @ VM3562 m=cdos,cr,hsm,jsa,mb4ZUb,cEt90b,SNUn3,qddgKe,sTsDMc,dtl0hd,eHDfl,YV5bee,d,csi:2621
(anonymous) @ VM3562 m=cdos,cr,hsm,jsa,mb4ZUb,cEt90b,SNUn3,qddgKe,sTsDMc,dtl0hd,eHDfl,YV5bee,d,csi:938
map @ VM3562 m=cdos,cr,hsm,jsa,mb4ZUb,cEt90b,SNUn3,qddgKe,sTsDMc,dtl0hd,eHDfl,YV5bee,d,csi:724
sXa @ VM3562 m=cdos,cr,hsm,jsa,mb4ZUb,cEt90b,SNUn3,qddgKe,sTsDMc,dtl0hd,eHDfl,YV5bee,d,csi:938
(anonymous) @ VM3562 m=cdos,cr,hsm,jsa,mb4ZUb,cEt90b,SNUn3,qddgKe,sTsDMc,dtl0hd,eHDfl,YV5bee,d,csi:935
flatMap @ VM3562 m=cdos,cr,hsm,jsa,mb4ZUb,cEt90b,SNUn3,qddgKe,sTsDMc,dtl0hd,eHDfl,YV5bee,d,csi:724
(anonymous) @ VM3562 m=cdos,cr,hsm,jsa,mb4ZUb,cEt90b,SNUn3,qddgKe,sTsDMc,dtl0hd,eHDfl,YV5bee,d,csi:935
flatMap @ VM3562 m=cdos,cr,hsm,jsa,mb4ZUb,cEt90b,SNUn3,qddgKe,sTsDMc,dtl0hd,eHDfl,YV5bee,d,csi:724
(anonymous) @ VM3562 m=cdos,cr,hsm,jsa,mb4ZUb,cEt90b,SNUn3,qddgKe,sTsDMc,dtl0hd,eHDfl,YV5bee,d,csi:935
b.run @ VM3562 m=cdos,cr,hsm,jsa,mb4ZUb,cEt90b,SNUn3,qddgKe,sTsDMc,dtl0hd,eHDfl,YV5bee,d,csi:418
run @ VM3562 m=cdos,cr,hsm,jsa,mb4ZUb,cEt90b,SNUn3,qddgKe,sTsDMc,dtl0hd,eHDfl,YV5bee,d,csi:921
enter @ VM3562 m=cdos,cr,hsm,jsa,mb4ZUb,cEt90b,SNUn3,qddgKe,sTsDMc,dtl0hd,eHDfl,YV5bee,d,csi:923
qya @ VM3562 m=cdos,cr,hsm,jsa,mb4ZUb,cEt90b,SNUn3,qddgKe,sTsDMc,dtl0hd,eHDfl,YV5bee,d,csi:383
(anonymous) @ VM3562 m=cdos,cr,hsm,jsa,mb4ZUb,cEt90b,SNUn3,qddgKe,sTsDMc,dtl0hd,eHDfl,YV5bee,d,csi:385
nXa @ VM3562 m=cdos,cr,hsm,jsa,mb4ZUb,cEt90b,SNUn3,qddgKe,sTsDMc,dtl0hd,eHDfl,YV5bee,d,csi:935
oXa @ VM3562 m=cdos,cr,hsm,jsa,mb4ZUb,cEt90b,SNUn3,qddgKe,sTsDMc,dtl0hd,eHDfl,YV5bee,d,csi:933
(anonymous) @ VM3562 m=cdos,cr,hsm,jsa,mb4ZUb,cEt90b,SNUn3,qddgKe,sTsDMc,dtl0hd,eHDfl,YV5bee,d,csi:943
OWa.qM.MWa.MCa @ VM3562 m=cdos,cr,hsm,jsa,mb4ZUb,cEt90b,SNUn3,qddgKe,sTsDMc,dtl0hd,eHDfl,YV5bee,d,csi:920
dispatch @ VM3562 m=cdos,cr,hsm,jsa,mb4ZUb,cEt90b,SNUn3,qddgKe,sTsDMc,dtl0hd,eHDfl,YV5bee,d,csi:920
dispatch @ VM3562 m=cdos,cr,hsm,jsa,mb4ZUb,cEt90b,SNUn3,qddgKe,sTsDMc,dtl0hd,eHDfl,YV5bee,d,csi:921
(anonymous) @ VM3562 m=cdos,cr,hsm,jsa,mb4ZUb,cEt90b,SNUn3,qddgKe,sTsDMc,dtl0hd,eHDfl,YV5bee,d,csi:380
F @ sj-proxy?url=https%3A%2F%2Fgoogle.com:18
E.handleEvent @ sj-proxy?url=https%3A%2F%2Fgoogle.com:18
f @ sj-proxy?url=https%3A%2F%2Fgoogle.com:18
trigger @ sj-proxy?url=https%3A%2F%2Fgoogle.com:18
trigger @ VM3562 m=cdos,cr,hsm,jsa,mb4ZUb,cEt90b,SNUn3,qddgKe,sTsDMc,dtl0hd,eHDfl,YV5bee,d,csi:942
xra @ VM3562 m=cdos,cr,hsm,jsa,mb4ZUb,cEt90b,SNUn3,qddgKe,sTsDMc,dtl0hd,eHDfl,YV5bee,d,csi:927
_.Sg @ VM3562 m=cdos,cr,hsm,jsa,mb4ZUb,cEt90b,SNUn3,qddgKe,sTsDMc,dtl0hd,eHDfl,YV5bee,d,csi:288
trigger @ VM3562 m=cdos,cr,hsm,jsa,mb4ZUb,cEt90b,SNUn3,qddgKe,sTsDMc,dtl0hd,eHDfl,YV5bee,d,csi:819
y0d @ VM3562 m=cdos,cr,hsm,jsa,mb4ZUb,cEt90b,SNUn3,qddgKe,sTsDMc,dtl0hd,eHDfl,YV5bee,d,csi:2142
onInput @ VM3562 m=cdos,cr,hsm,jsa,mb4ZUb,cEt90b,SNUn3,qddgKe,sTsDMc,dtl0hd,eHDfl,YV5bee,d,csi:2147
(anonymous) @ VM3562 m=cdos,cr,hsm,jsa,mb4ZUb,cEt90b,SNUn3,qddgKe,sTsDMc,dtl0hd,eHDfl,YV5bee,d,csi:938
map @ VM3562 m=cdos,cr,hsm,jsa,mb4ZUb,cEt90b,SNUn3,qddgKe,sTsDMc,dtl0hd,eHDfl,YV5bee,d,csi:724
sXa @ VM3562 m=cdos,cr,hsm,jsa,mb4ZUb,cEt90b,SNUn3,qddgKe,sTsDMc,dtl0hd,eHDfl,YV5bee,d,csi:938
(anonymous) @ VM3562 m=cdos,cr,hsm,jsa,mb4ZUb,cEt90b,SNUn3,qddgKe,sTsDMc,dtl0hd,eHDfl,YV5bee,d,csi:935
flatMap @ VM3562 m=cdos,cr,hsm,jsa,mb4ZUb,cEt90b,SNUn3,qddgKe,sTsDMc,dtl0hd,eHDfl,YV5bee,d,csi:724
(anonymous) @ VM3562 m=cdos,cr,hsm,jsa,mb4ZUb,cEt90b,SNUn3,qddgKe,sTsDMc,dtl0hd,eHDfl,YV5bee,d,csi:935
flatMap @ VM3562 m=cdos,cr,hsm,jsa,mb4ZUb,cEt90b,SNUn3,qddgKe,sTsDMc,dtl0hd,eHDfl,YV5bee,d,csi:724
(anonymous) @ VM3562 m=cdos,cr,hsm,jsa,mb4ZUb,cEt90b,SNUn3,qddgKe,sTsDMc,dtl0hd,eHDfl,YV5bee,d,csi:935
b.run @ VM3562 m=cdos,cr,hsm,jsa,mb4ZUb,cEt90b,SNUn3,qddgKe,sTsDMc,dtl0hd,eHDfl,YV5bee,d,csi:418
run @ VM3562 m=cdos,cr,hsm,jsa,mb4ZUb,cEt90b,SNUn3,qddgKe,sTsDMc,dtl0hd,eHDfl,YV5bee,d,csi:921
enter @ VM3562 m=cdos,cr,hsm,jsa,mb4ZUb,cEt90b,SNUn3,qddgKe,sTsDMc,dtl0hd,eHDfl,YV5bee,d,csi:923
(anonymous) @ VM3562 m=cdos,cr,hsm,jsa,mb4ZUb,cEt90b,SNUn3,qddgKe,sTsDMc,dtl0hd,eHDfl,YV5bee,d,csi:385
nXa @ VM3562 m=cdos,cr,hsm,jsa,mb4ZUb,cEt90b,SNUn3,qddgKe,sTsDMc,dtl0hd,eHDfl,YV5bee,d,csi:935
oXa @ VM3562 m=cdos,cr,hsm,jsa,mb4ZUb,cEt90b,SNUn3,qddgKe,sTsDMc,dtl0hd,eHDfl,YV5bee,d,csi:933
(anonymous) @ VM3562 m=cdos,cr,hsm,jsa,mb4ZUb,cEt90b,SNUn3,qddgKe,sTsDMc,dtl0hd,eHDfl,YV5bee,d,csi:943
OWa.qM.MWa.MCa @ VM3562 m=cdos,cr,hsm,jsa,mb4ZUb,cEt90b,SNUn3,qddgKe,sTsDMc,dtl0hd,eHDfl,YV5bee,d,csi:920
dispatch @ VM3562 m=cdos,cr,hsm,jsa,mb4ZUb,cEt90b,SNUn3,qddgKe,sTsDMc,dtl0hd,eHDfl,YV5bee,d,csi:920
dispatch @ VM3562 m=cdos,cr,hsm,jsa,mb4ZUb,cEt90b,SNUn3,qddgKe,sTsDMc,dtl0hd,eHDfl,YV5bee,d,csi:921
(anonymous) @ VM3562 m=cdos,cr,hsm,jsa,mb4ZUb,cEt90b,SNUn3,qddgKe,sTsDMc,dtl0hd,eHDfl,YV5bee,d,csi:380
F @ sj-proxy?url=https%3A%2F%2Fgoogle.com:18
E.handleEvent @ sj-proxy?url=https%3A%2F%2Fgoogle.com:18
f @ sj-proxy?url=https%3A%2F%2Fgoogle.com:18
(anonymous) @ sj-proxy?url=https%3A%2F%2Fgoogle.com:18
sj-proxy?url=https%3A%2F%2Fgoogle.com:1 Access to XMLHttpRequest at 'https://google.com/complete/s?q=da&cp=2&client=gws-wiz&xssi=t&gs_pcrt=undefined&hl=en&authuser=0&psi=-MA0au3PF5Ly0PEPwr-cgAU.1781842168574&dpr=1' from origin 'http://localhost:8080' has been blocked by CORS policy: No 'Access-Control-Allow-Origin' header is present on the requested resource.
VM3562 m=cdos,cr,hsm,jsa,mb4ZUb,cEt90b,SNUn3,qddgKe,sTsDMc,dtl0hd,eHDfl,YV5bee,d,csi:422  GET https://google.com/complete/s?q=da&cp=2&client=gws-wiz&xssi=t&gs_pcrt=undefined&hl=en&authuser=0&psi=-MA0au3PF5Ly0PEPwr-cgAU.1781842168574&dpr=1 net::ERR_FAILED 200 (OK)
(anonymous) @ VM3562 m=cdos,cr,hsm,jsa,mb4ZUb,cEt90b,SNUn3,qddgKe,sTsDMc,dtl0hd,eHDfl,YV5bee,d,csi:422
_.aa.send @ VM3562 m=cdos,cr,hsm,jsa,mb4ZUb,cEt90b,SNUn3,qddgKe,sTsDMc,dtl0hd,eHDfl,YV5bee,d,csi:991
(anonymous) @ VM3562 m=cdos,cr,hsm,jsa,mb4ZUb,cEt90b,SNUn3,qddgKe,sTsDMc,dtl0hd,eHDfl,YV5bee,d,csi:2472
Oa @ VM3562 m=cdos,cr,hsm,jsa,mb4ZUb,cEt90b,SNUn3,qddgKe,sTsDMc,dtl0hd,eHDfl,YV5bee,d,csi:2471
p7d @ VM3562 m=cdos,cr,hsm,jsa,mb4ZUb,cEt90b,SNUn3,qddgKe,sTsDMc,dtl0hd,eHDfl,YV5bee,d,csi:2465
uH @ VM3562 m=cdos,cr,hsm,jsa,mb4ZUb,cEt90b,SNUn3,qddgKe,sTsDMc,dtl0hd,eHDfl,YV5bee,d,csi:2471
uH @ VM3562 m=cdos,cr,hsm,jsa,mb4ZUb,cEt90b,SNUn3,qddgKe,sTsDMc,dtl0hd,eHDfl,YV5bee,d,csi:2620
d$d @ VM3562 m=cdos,cr,hsm,jsa,mb4ZUb,cEt90b,SNUn3,qddgKe,sTsDMc,dtl0hd,eHDfl,YV5bee,d,csi:2600
Bb @ VM3562 m=cdos,cr,hsm,jsa,mb4ZUb,cEt90b,SNUn3,qddgKe,sTsDMc,dtl0hd,eHDfl,YV5bee,d,csi:2621
(anonymous) @ VM3562 m=cdos,cr,hsm,jsa,mb4ZUb,cEt90b,SNUn3,qddgKe,sTsDMc,dtl0hd,eHDfl,YV5bee,d,csi:938
map @ VM3562 m=cdos,cr,hsm,jsa,mb4ZUb,cEt90b,SNUn3,qddgKe,sTsDMc,dtl0hd,eHDfl,YV5bee,d,csi:724
sXa @ VM3562 m=cdos,cr,hsm,jsa,mb4ZUb,cEt90b,SNUn3,qddgKe,sTsDMc,dtl0hd,eHDfl,YV5bee,d,csi:938
(anonymous) @ VM3562 m=cdos,cr,hsm,jsa,mb4ZUb,cEt90b,SNUn3,qddgKe,sTsDMc,dtl0hd,eHDfl,YV5bee,d,csi:935
flatMap @ VM3562 m=cdos,cr,hsm,jsa,mb4ZUb,cEt90b,SNUn3,qddgKe,sTsDMc,dtl0hd,eHDfl,YV5bee,d,csi:724
(anonymous) @ VM3562 m=cdos,cr,hsm,jsa,mb4ZUb,cEt90b,SNUn3,qddgKe,sTsDMc,dtl0hd,eHDfl,YV5bee,d,csi:935
flatMap @ VM3562 m=cdos,cr,hsm,jsa,mb4ZUb,cEt90b,SNUn3,qddgKe,sTsDMc,dtl0hd,eHDfl,YV5bee,d,csi:724
(anonymous) @ VM3562 m=cdos,cr,hsm,jsa,mb4ZUb,cEt90b,SNUn3,qddgKe,sTsDMc,dtl0hd,eHDfl,YV5bee,d,csi:935
b.run @ VM3562 m=cdos,cr,hsm,jsa,mb4ZUb,cEt90b,SNUn3,qddgKe,sTsDMc,dtl0hd,eHDfl,YV5bee,d,csi:418
run @ VM3562 m=cdos,cr,hsm,jsa,mb4ZUb,cEt90b,SNUn3,qddgKe,sTsDMc,dtl0hd,eHDfl,YV5bee,d,csi:921
enter @ VM3562 m=cdos,cr,hsm,jsa,mb4ZUb,cEt90b,SNUn3,qddgKe,sTsDMc,dtl0hd,eHDfl,YV5bee,d,csi:923
qya @ VM3562 m=cdos,cr,hsm,jsa,mb4ZUb,cEt90b,SNUn3,qddgKe,sTsDMc,dtl0hd,eHDfl,YV5bee,d,csi:383
(anonymous) @ VM3562 m=cdos,cr,hsm,jsa,mb4ZUb,cEt90b,SNUn3,qddgKe,sTsDMc,dtl0hd,eHDfl,YV5bee,d,csi:385
nXa @ VM3562 m=cdos,cr,hsm,jsa,mb4ZUb,cEt90b,SNUn3,qddgKe,sTsDMc,dtl0hd,eHDfl,YV5bee,d,csi:935
oXa @ VM3562 m=cdos,cr,hsm,jsa,mb4ZUb,cEt90b,SNUn3,qddgKe,sTsDMc,dtl0hd,eHDfl,YV5bee,d,csi:933
(anonymous) @ VM3562 m=cdos,cr,hsm,jsa,mb4ZUb,cEt90b,SNUn3,qddgKe,sTsDMc,dtl0hd,eHDfl,YV5bee,d,csi:943
OWa.qM.MWa.MCa @ VM3562 m=cdos,cr,hsm,jsa,mb4ZUb,cEt90b,SNUn3,qddgKe,sTsDMc,dtl0hd,eHDfl,YV5bee,d,csi:920
dispatch @ VM3562 m=cdos,cr,hsm,jsa,mb4ZUb,cEt90b,SNUn3,qddgKe,sTsDMc,dtl0hd,eHDfl,YV5bee,d,csi:920
dispatch @ VM3562 m=cdos,cr,hsm,jsa,mb4ZUb,cEt90b,SNUn3,qddgKe,sTsDMc,dtl0hd,eHDfl,YV5bee,d,csi:921
(anonymous) @ VM3562 m=cdos,cr,hsm,jsa,mb4ZUb,cEt90b,SNUn3,qddgKe,sTsDMc,dtl0hd,eHDfl,YV5bee,d,csi:380
F @ sj-proxy?url=https%3A%2F%2Fgoogle.com:18
E.handleEvent @ sj-proxy?url=https%3A%2F%2Fgoogle.com:18
f @ sj-proxy?url=https%3A%2F%2Fgoogle.com:18
trigger @ sj-proxy?url=https%3A%2F%2Fgoogle.com:18
trigger @ VM3562 m=cdos,cr,hsm,jsa,mb4ZUb,cEt90b,SNUn3,qddgKe,sTsDMc,dtl0hd,eHDfl,YV5bee,d,csi:942
xra @ VM3562 m=cdos,cr,hsm,jsa,mb4ZUb,cEt90b,SNUn3,qddgKe,sTsDMc,dtl0hd,eHDfl,YV5bee,d,csi:927
_.Sg @ VM3562 m=cdos,cr,hsm,jsa,mb4ZUb,cEt90b,SNUn3,qddgKe,sTsDMc,dtl0hd,eHDfl,YV5bee,d,csi:288
trigger @ VM3562 m=cdos,cr,hsm,jsa,mb4ZUb,cEt90b,SNUn3,qddgKe,sTsDMc,dtl0hd,eHDfl,YV5bee,d,csi:819
y0d @ VM3562 m=cdos,cr,hsm,jsa,mb4ZUb,cEt90b,SNUn3,qddgKe,sTsDMc,dtl0hd,eHDfl,YV5bee,d,csi:2142
onInput @ VM3562 m=cdos,cr,hsm,jsa,mb4ZUb,cEt90b,SNUn3,qddgKe,sTsDMc,dtl0hd,eHDfl,YV5bee,d,csi:2147
(anonymous) @ VM3562 m=cdos,cr,hsm,jsa,mb4ZUb,cEt90b,SNUn3,qddgKe,sTsDMc,dtl0hd,eHDfl,YV5bee,d,csi:938
map @ VM3562 m=cdos,cr,hsm,jsa,mb4ZUb,cEt90b,SNUn3,qddgKe,sTsDMc,dtl0hd,eHDfl,YV5bee,d,csi:724
sXa @ VM3562 m=cdos,cr,hsm,jsa,mb4ZUb,cEt90b,SNUn3,qddgKe,sTsDMc,dtl0hd,eHDfl,YV5bee,d,csi:938
(anonymous) @ VM3562 m=cdos,cr,hsm,jsa,mb4ZUb,cEt90b,SNUn3,qddgKe,sTsDMc,dtl0hd,eHDfl,YV5bee,d,csi:935
flatMap @ VM3562 m=cdos,cr,hsm,jsa,mb4ZUb,cEt90b,SNUn3,qddgKe,sTsDMc,dtl0hd,eHDfl,YV5bee,d,csi:724
(anonymous) @ VM3562 m=cdos,cr,hsm,jsa,mb4ZUb,cEt90b,SNUn3,qddgKe,sTsDMc,dtl0hd,eHDfl,YV5bee,d,csi:935
flatMap @ VM3562 m=cdos,cr,hsm,jsa,mb4ZUb,cEt90b,SNUn3,qddgKe,sTsDMc,dtl0hd,eHDfl,YV5bee,d,csi:724
(anonymous) @ VM3562 m=cdos,cr,hsm,jsa,mb4ZUb,cEt90b,SNUn3,qddgKe,sTsDMc,dtl0hd,eHDfl,YV5bee,d,csi:935
b.run @ VM3562 m=cdos,cr,hsm,jsa,mb4ZUb,cEt90b,SNUn3,qddgKe,sTsDMc,dtl0hd,eHDfl,YV5bee,d,csi:418
run @ VM3562 m=cdos,cr,hsm,jsa,mb4ZUb,cEt90b,SNUn3,qddgKe,sTsDMc,dtl0hd,eHDfl,YV5bee,d,csi:921
enter @ VM3562 m=cdos,cr,hsm,jsa,mb4ZUb,cEt90b,SNUn3,qddgKe,sTsDMc,dtl0hd,eHDfl,YV5bee,d,csi:923
(anonymous) @ VM3562 m=cdos,cr,hsm,jsa,mb4ZUb,cEt90b,SNUn3,qddgKe,sTsDMc,dtl0hd,eHDfl,YV5bee,d,csi:385
nXa @ VM3562 m=cdos,cr,hsm,jsa,mb4ZUb,cEt90b,SNUn3,qddgKe,sTsDMc,dtl0hd,eHDfl,YV5bee,d,csi:935
oXa @ VM3562 m=cdos,cr,hsm,jsa,mb4ZUb,cEt90b,SNUn3,qddgKe,sTsDMc,dtl0hd,eHDfl,YV5bee,d,csi:933
(anonymous) @ VM3562 m=cdos,cr,hsm,jsa,mb4ZUb,cEt90b,SNUn3,qddgKe,sTsDMc,dtl0hd,eHDfl,YV5bee,d,csi:943
OWa.qM.MWa.MCa @ VM3562 m=cdos,cr,hsm,jsa,mb4ZUb,cEt90b,SNUn3,qddgKe,sTsDMc,dtl0hd,eHDfl,YV5bee,d,csi:920
dispatch @ VM3562 m=cdos,cr,hsm,jsa,mb4ZUb,cEt90b,SNUn3,qddgKe,sTsDMc,dtl0hd,eHDfl,YV5bee,d,csi:920
dispatch @ VM3562 m=cdos,cr,hsm,jsa,mb4ZUb,cEt90b,SNUn3,qddgKe,sTsDMc,dtl0hd,eHDfl,YV5bee,d,csi:921
(anonymous) @ VM3562 m=cdos,cr,hsm,jsa,mb4ZUb,cEt90b,SNUn3,qddgKe,sTsDMc,dtl0hd,eHDfl,YV5bee,d,csi:380
F @ sj-proxy?url=https%3A%2F%2Fgoogle.com:18
E.handleEvent @ sj-proxy?url=https%3A%2F%2Fgoogle.com:18
f @ sj-proxy?url=https%3A%2F%2Fgoogle.com:18
(anonymous) @ sj-proxy?url=https%3A%2F%2Fgoogle.com:18
sj-proxy?url=https%3A%2F%2Fgoogle.com:1 Access to XMLHttpRequest at 'https://google.com/complete/s?q=dai&cp=3&client=gws-wiz&xssi=t&gs_pcrt=undefined&hl=en&authuser=0&psi=-MA0au3PF5Ly0PEPwr-cgAU.1781842168574&dpr=1' from origin 'http://localhost:8080' has been blocked by CORS policy: No 'Access-Control-Allow-Origin' header is present on the requested resource.
VM3562 m=cdos,cr,hsm,jsa,mb4ZUb,cEt90b,SNUn3,qddgKe,sTsDMc,dtl0hd,eHDfl,YV5bee,d,csi:422  GET https://google.com/complete/s?q=dai&cp=3&client=gws-wiz&xssi=t&gs_pcrt=undefined&hl=en&authuser=0&psi=-MA0au3PF5Ly0PEPwr-cgAU.1781842168574&dpr=1 net::ERR_FAILED 200 (OK)
(anonymous) @ VM3562 m=cdos,cr,hsm,jsa,mb4ZUb,cEt90b,SNUn3,qddgKe,sTsDMc,dtl0hd,eHDfl,YV5bee,d,csi:422
_.aa.send @ VM3562 m=cdos,cr,hsm,jsa,mb4ZUb,cEt90b,SNUn3,qddgKe,sTsDMc,dtl0hd,eHDfl,YV5bee,d,csi:991
(anonymous) @ VM3562 m=cdos,cr,hsm,jsa,mb4ZUb,cEt90b,SNUn3,qddgKe,sTsDMc,dtl0hd,eHDfl,YV5bee,d,csi:2472
Oa @ VM3562 m=cdos,cr,hsm,jsa,mb4ZUb,cEt90b,SNUn3,qddgKe,sTsDMc,dtl0hd,eHDfl,YV5bee,d,csi:2471
p7d @ VM3562 m=cdos,cr,hsm,jsa,mb4ZUb,cEt90b,SNUn3,qddgKe,sTsDMc,dtl0hd,eHDfl,YV5bee,d,csi:2465
uH @ VM3562 m=cdos,cr,hsm,jsa,mb4ZUb,cEt90b,SNUn3,qddgKe,sTsDMc,dtl0hd,eHDfl,YV5bee,d,csi:2471
uH @ VM3562 m=cdos,cr,hsm,jsa,mb4ZUb,cEt90b,SNUn3,qddgKe,sTsDMc,dtl0hd,eHDfl,YV5bee,d,csi:2620
d$d @ VM3562 m=cdos,cr,hsm,jsa,mb4ZUb,cEt90b,SNUn3,qddgKe,sTsDMc,dtl0hd,eHDfl,YV5bee,d,csi:2600
Bb @ VM3562 m=cdos,cr,hsm,jsa,mb4ZUb,cEt90b,SNUn3,qddgKe,sTsDMc,dtl0hd,eHDfl,YV5bee,d,csi:2621
(anonymous) @ VM3562 m=cdos,cr,hsm,jsa,mb4ZUb,cEt90b,SNUn3,qddgKe,sTsDMc,dtl0hd,eHDfl,YV5bee,d,csi:938
map @ VM3562 m=cdos,cr,hsm,jsa,mb4ZUb,cEt90b,SNUn3,qddgKe,sTsDMc,dtl0hd,eHDfl,YV5bee,d,csi:724
sXa @ VM3562 m=cdos,cr,hsm,jsa,mb4ZUb,cEt90b,SNUn3,qddgKe,sTsDMc,dtl0hd,eHDfl,YV5bee,d,csi:938
(anonymous) @ VM3562 m=cdos,cr,hsm,jsa,mb4ZUb,cEt90b,SNUn3,qddgKe,sTsDMc,dtl0hd,eHDfl,YV5bee,d,csi:935
flatMap @ VM3562 m=cdos,cr,hsm,jsa,mb4ZUb,cEt90b,SNUn3,qddgKe,sTsDMc,dtl0hd,eHDfl,YV5bee,d,csi:724
(anonymous) @ VM3562 m=cdos,cr,hsm,jsa,mb4ZUb,cEt90b,SNUn3,qddgKe,sTsDMc,dtl0hd,eHDfl,YV5bee,d,csi:935
flatMap @ VM3562 m=cdos,cr,hsm,jsa,mb4ZUb,cEt90b,SNUn3,qddgKe,sTsDMc,dtl0hd,eHDfl,YV5bee,d,csi:724
(anonymous) @ VM3562 m=cdos,cr,hsm,jsa,mb4ZUb,cEt90b,SNUn3,qddgKe,sTsDMc,dtl0hd,eHDfl,YV5bee,d,csi:935
b.run @ VM3562 m=cdos,cr,hsm,jsa,mb4ZUb,cEt90b,SNUn3,qddgKe,sTsDMc,dtl0hd,eHDfl,YV5bee,d,csi:418
run @ VM3562 m=cdos,cr,hsm,jsa,mb4ZUb,cEt90b,SNUn3,qddgKe,sTsDMc,dtl0hd,eHDfl,YV5bee,d,csi:921
enter @ VM3562 m=cdos,cr,hsm,jsa,mb4ZUb,cEt90b,SNUn3,qddgKe,sTsDMc,dtl0hd,eHDfl,YV5bee,d,csi:923
qya @ VM3562 m=cdos,cr,hsm,jsa,mb4ZUb,cEt90b,SNUn3,qddgKe,sTsDMc,dtl0hd,eHDfl,YV5bee,d,csi:383
(anonymous) @ VM3562 m=cdos,cr,hsm,jsa,mb4ZUb,cEt90b,SNUn3,qddgKe,sTsDMc,dtl0hd,eHDfl,YV5bee,d,csi:385
nXa @ VM3562 m=cdos,cr,hsm,jsa,mb4ZUb,cEt90b,SNUn3,qddgKe,sTsDMc,dtl0hd,eHDfl,YV5bee,d,csi:935
oXa @ VM3562 m=cdos,cr,hsm,jsa,mb4ZUb,cEt90b,SNUn3,qddgKe,sTsDMc,dtl0hd,eHDfl,YV5bee,d,csi:933
(anonymous) @ VM3562 m=cdos,cr,hsm,jsa,mb4ZUb,cEt90b,SNUn3,qddgKe,sTsDMc,dtl0hd,eHDfl,YV5bee,d,csi:943
OWa.qM.MWa.MCa @ VM3562 m=cdos,cr,hsm,jsa,mb4ZUb,cEt90b,SNUn3,qddgKe,sTsDMc,dtl0hd,eHDfl,YV5bee,d,csi:920
dispatch @ VM3562 m=cdos,cr,hsm,jsa,mb4ZUb,cEt90b,SNUn3,qddgKe,sTsDMc,dtl0hd,eHDfl,YV5bee,d,csi:920
dispatch @ VM3562 m=cdos,cr,hsm,jsa,mb4ZUb,cEt90b,SNUn3,qddgKe,sTsDMc,dtl0hd,eHDfl,YV5bee,d,csi:921
(anonymous) @ VM3562 m=cdos,cr,hsm,jsa,mb4ZUb,cEt90b,SNUn3,qddgKe,sTsDMc,dtl0hd,eHDfl,YV5bee,d,csi:380
F @ sj-proxy?url=https%3A%2F%2Fgoogle.com:18
E.handleEvent @ sj-proxy?url=https%3A%2F%2Fgoogle.com:18
f @ sj-proxy?url=https%3A%2F%2Fgoogle.com:18
trigger @ sj-proxy?url=https%3A%2F%2Fgoogle.com:18
trigger @ VM3562 m=cdos,cr,hsm,jsa,mb4ZUb,cEt90b,SNUn3,qddgKe,sTsDMc,dtl0hd,eHDfl,YV5bee,d,csi:942
xra @ VM3562 m=cdos,cr,hsm,jsa,mb4ZUb,cEt90b,SNUn3,qddgKe,sTsDMc,dtl0hd,eHDfl,YV5bee,d,csi:927
_.Sg @ VM3562 m=cdos,cr,hsm,jsa,mb4ZUb,cEt90b,SNUn3,qddgKe,sTsDMc,dtl0hd,eHDfl,YV5bee,d,csi:288
trigger @ VM3562 m=cdos,cr,hsm,jsa,mb4ZUb,cEt90b,SNUn3,qddgKe,sTsDMc,dtl0hd,eHDfl,YV5bee,d,csi:819
y0d @ VM3562 m=cdos,cr,hsm,jsa,mb4ZUb,cEt90b,SNUn3,qddgKe,sTsDMc,dtl0hd,eHDfl,YV5bee,d,csi:2142
onInput @ VM3562 m=cdos,cr,hsm,jsa,mb4ZUb,cEt90b,SNUn3,qddgKe,sTsDMc,dtl0hd,eHDfl,YV5bee,d,csi:2147
(anonymous) @ VM3562 m=cdos,cr,hsm,jsa,mb4ZUb,cEt90b,SNUn3,qddgKe,sTsDMc,dtl0hd,eHDfl,YV5bee,d,csi:938
map @ VM3562 m=cdos,cr,hsm,jsa,mb4ZUb,cEt90b,SNUn3,qddgKe,sTsDMc,dtl0hd,eHDfl,YV5bee,d,csi:724
sXa @ VM3562 m=cdos,cr,hsm,jsa,mb4ZUb,cEt90b,SNUn3,qddgKe,sTsDMc,dtl0hd,eHDfl,YV5bee,d,csi:938
(anonymous) @ VM3562 m=cdos,cr,hsm,jsa,mb4ZUb,cEt90b,SNUn3,qddgKe,sTsDMc,dtl0hd,eHDfl,YV5bee,d,csi:935
flatMap @ VM3562 m=cdos,cr,hsm,jsa,mb4ZUb,cEt90b,SNUn3,qddgKe,sTsDMc,dtl0hd,eHDfl,YV5bee,d,csi:724
(anonymous) @ VM3562 m=cdos,cr,hsm,jsa,mb4ZUb,cEt90b,SNUn3,qddgKe,sTsDMc,dtl0hd,eHDfl,YV5bee,d,csi:935
flatMap @ VM3562 m=cdos,cr,hsm,jsa,mb4ZUb,cEt90b,SNUn3,qddgKe,sTsDMc,dtl0hd,eHDfl,YV5bee,d,csi:724
(anonymous) @ VM3562 m=cdos,cr,hsm,jsa,mb4ZUb,cEt90b,SNUn3,qddgKe,sTsDMc,dtl0hd,eHDfl,YV5bee,d,csi:935
b.run @ VM3562 m=cdos,cr,hsm,jsa,mb4ZUb,cEt90b,SNUn3,qddgKe,sTsDMc,dtl0hd,eHDfl,YV5bee,d,csi:418
run @ VM3562 m=cdos,cr,hsm,jsa,mb4ZUb,cEt90b,SNUn3,qddgKe,sTsDMc,dtl0hd,eHDfl,YV5bee,d,csi:921
enter @ VM3562 m=cdos,cr,hsm,jsa,mb4ZUb,cEt90b,SNUn3,qddgKe,sTsDMc,dtl0hd,eHDfl,YV5bee,d,csi:923
(anonymous) @ VM3562 m=cdos,cr,hsm,jsa,mb4ZUb,cEt90b,SNUn3,qddgKe,sTsDMc,dtl0hd,eHDfl,YV5bee,d,csi:385
nXa @ VM3562 m=cdos,cr,hsm,jsa,mb4ZUb,cEt90b,SNUn3,qddgKe,sTsDMc,dtl0hd,eHDfl,YV5bee,d,csi:935
oXa @ VM3562 m=cdos,cr,hsm,jsa,mb4ZUb,cEt90b,SNUn3,qddgKe,sTsDMc,dtl0hd,eHDfl,YV5bee,d,csi:933
(anonymous) @ VM3562 m=cdos,cr,hsm,jsa,mb4ZUb,cEt90b,SNUn3,qddgKe,sTsDMc,dtl0hd,eHDfl,YV5bee,d,csi:943
OWa.qM.MWa.MCa @ VM3562 m=cdos,cr,hsm,jsa,mb4ZUb,cEt90b,SNUn3,qddgKe,sTsDMc,dtl0hd,eHDfl,YV5bee,d,csi:920
dispatch @ VM3562 m=cdos,cr,hsm,jsa,mb4ZUb,cEt90b,SNUn3,qddgKe,sTsDMc,dtl0hd,eHDfl,YV5bee,d,csi:920
dispatch @ VM3562 m=cdos,cr,hsm,jsa,mb4ZUb,cEt90b,SNUn3,qddgKe,sTsDMc,dtl0hd,eHDfl,YV5bee,d,csi:921
(anonymous) @ VM3562 m=cdos,cr,hsm,jsa,mb4ZUb,cEt90b,SNUn3,qddgKe,sTsDMc,dtl0hd,eHDfl,YV5bee,d,csi:380
F @ sj-proxy?url=https%3A%2F%2Fgoogle.com:18
E.handleEvent @ sj-proxy?url=https%3A%2F%2Fgoogle.com:18
f @ sj-proxy?url=https%3A%2F%2Fgoogle.com:18
(anonymous) @ sj-proxy?url=https%3A%2F%2Fgoogle.com:18
sj-proxy?url=https%3A%2F%2Fgoogle.com:1 Access to fetch at 'https://google.com/xjs/_/js/md=2/k=xjs.hd.en.rRRcCZse8Zo.2019.O/am=AAAAAAAAAAAAAAAAAAAAAAAAAAAAAAAAAAAAAAAAAAAAAAAAAAAAAAAAwABAAAAAAACAQAAAAAAAAAAAAAAADCAAAAAAAAAAAAAAAAAAAIBAQAAAQAAAAAAAAACAAAAAAAAEAAAAAAAAAAwACAAIIAEAADAIAAAAAAAAAAAAAAAAAABABAAAAAABAMAfDDACAAAAAAAAACQAAAAAAAAAAABYAAAABQAAAAiAAAAAAAAAAAAAAAAAAAAAAAIAAAAAAAAAAAAAABAAAABAAQAAAAABAAAAAAAAAAAAAAAAAAAAAAIAAAAAAAAAAAAAAEAAAAUAAAIAgAAAAAAAAAAAAAAAAACgAwAAAAABAAAAAAAAAAAAAAAAAAA4AAAEBAAAAAAAABAIBAAIAAAAAB0AgQcYUlMAAAAAAAAAAAAAAAAAAAAAAAAAARTALiRQEAABAAAAAAAAAAAAAAAAAAAAAAAAAACA0FMAAAAAAACLAQ/rs=ACT90oG554MnuY0oLmc4dAE3QpoYrM_9vQ?cb=121509378' from origin 'http://localhost:8080' has been blocked by CORS policy: No 'Access-Control-Allow-Origin' header is present on the requested resource.
VM3562 m=cdos,cr,hsm,jsa,mb4ZUb,cEt90b,SNUn3,qddgKe,sTsDMc,dtl0hd,eHDfl,YV5bee,d,csi:801  GET https://google.com/xjs/_/js/md=2/k=xjs.hd.en.rRRcCZse8Zo.2019.O/am=AAAAAAAAAAAAAAAAAAAAAAAAAAAAAAAAAAAAAAAAAAAAAAAAAAAAAAAAwABAAAAAAACAQAAAAAAAAAAAAAAADCAAAAAAAAAAAAAAAAAAAIBAQAAAQAAAAAAAAACAAAAAAAAEAAAAAAAAAAwACAAIIAEAADAIAAAAAAAAAAAAAAAAAABABAAAAAABAMAfDDACAAAAAAAAACQAAAAAAAAAAABYAAAABQAAAAiAAAAAAAAAAAAAAAAAAAAAAAIAAAAAAAAAAAAAABAAAABAAQAAAAABAAAAAAAAAAAAAAAAAAAAAAIAAAAAAAAAAAAAAEAAAAUAAAIAgAAAAAAAAAAAAAAAAACgAwAAAAABAAAAAAAAAAAAAAAAAAA4AAAEBAAAAAAAABAIBAAIAAAAAB0AgQcYUlMAAAAAAAAAAAAAAAAAAAAAAAAAARTALiRQEAABAAAAAAAAAAAAAAAAAAAAAAAAAACA0FMAAAAAAACLAQ/rs=ACT90oG554MnuY0oLmc4dAE3QpoYrM_9vQ?cb=121509378 net::ERR_FAILED 200 (OK)
_.GPa @ VM3562 m=cdos,cr,hsm,jsa,mb4ZUb,cEt90b,SNUn3,qddgKe,sTsDMc,dtl0hd,eHDfl,YV5bee,d,csi:801
(anonymous) @ VM3562 m=cdos,cr,hsm,jsa,mb4ZUb,cEt90b,SNUn3,qddgKe,sTsDMc,dtl0hd,eHDfl,YV5bee,d,csi:796
(anonymous) @ VM3562 m=cdos,cr,hsm,jsa,mb4ZUb,cEt90b,SNUn3,qddgKe,sTsDMc,dtl0hd,eHDfl,YV5bee,d,csi:775
BOa @ VM3562 m=cdos,cr,hsm,jsa,mb4ZUb,cEt90b,SNUn3,qddgKe,sTsDMc,dtl0hd,eHDfl,YV5bee,d,csi:775
(anonymous) @ VM3562 m=cdos,cr,hsm,jsa,mb4ZUb,cEt90b,SNUn3,qddgKe,sTsDMc,dtl0hd,eHDfl,YV5bee,d,csi:775
COa @ VM3562 m=cdos,cr,hsm,jsa,mb4ZUb,cEt90b,SNUn3,qddgKe,sTsDMc,dtl0hd,eHDfl,YV5bee,d,csi:775
DPa @ VM3562 m=cdos,cr,hsm,jsa,mb4ZUb,cEt90b,SNUn3,qddgKe,sTsDMc,dtl0hd,eHDfl,YV5bee,d,csi:796
oPa @ VM3562 m=cdos,cr,hsm,jsa,mb4ZUb,cEt90b,SNUn3,qddgKe,sTsDMc,dtl0hd,eHDfl,YV5bee,d,csi:792
(anonymous) @ VM3562 m=cdos,cr,hsm,jsa,mb4ZUb,cEt90b,SNUn3,qddgKe,sTsDMc,dtl0hd,eHDfl,YV5bee,d,csi:792
oa @ VM3562 m=cdos,cr,hsm,jsa,mb4ZUb,cEt90b,SNUn3,qddgKe,sTsDMc,dtl0hd,eHDfl,YV5bee,d,csi:977
execute @ VM3562 m=cdos,cr,hsm,jsa,mb4ZUb,cEt90b,SNUn3,qddgKe,sTsDMc,dtl0hd,eHDfl,YV5bee,d,csi:977
(anonymous) @ VM3562 m=cdos,cr,hsm,jsa,mb4ZUb,cEt90b,SNUn3,qddgKe,sTsDMc,dtl0hd,eHDfl,YV5bee,d,csi:1035
(anonymous) @ VM3562 m=cdos,cr,hsm,jsa,mb4ZUb,cEt90b,SNUn3,qddgKe,sTsDMc,dtl0hd,eHDfl,YV5bee,d,csi:406
a.port1.onmessage @ VM3562 m=cdos,cr,hsm,jsa,mb4ZUb,cEt90b,SNUn3,qddgKe,sTsDMc,dtl0hd,eHDfl,YV5bee,d,csi:588
postMessage
(anonymous) @ VM3562 m=cdos,cr,hsm,jsa,mb4ZUb,cEt90b,SNUn3,qddgKe,sTsDMc,dtl0hd,eHDfl,YV5bee,d,csi:588
_.ie @ VM3562 m=cdos,cr,hsm,jsa,mb4ZUb,cEt90b,SNUn3,qddgKe,sTsDMc,dtl0hd,eHDfl,YV5bee,d,csi:200
Acb @ VM3562 m=cdos,cr,hsm,jsa,mb4ZUb,cEt90b,SNUn3,qddgKe,sTsDMc,dtl0hd,eHDfl,YV5bee,d,csi:1035
Aa @ VM3562 m=cdos,cr,hsm,jsa,mb4ZUb,cEt90b,SNUn3,qddgKe,sTsDMc,dtl0hd,eHDfl,YV5bee,d,csi:1035
ZVa @ VM3562 m=cdos,cr,hsm,jsa,mb4ZUb,cEt90b,SNUn3,qddgKe,sTsDMc,dtl0hd,eHDfl,YV5bee,d,csi:1023
(anonymous) @ VM3562 m=cdos,cr,hsm,jsa,mb4ZUb,cEt90b,SNUn3,qddgKe,sTsDMc,dtl0hd,eHDfl,YV5bee,d,csi:979
wla @ VM3562 m=cdos,cr,hsm,jsa,mb4ZUb,cEt90b,SNUn3,qddgKe,sTsDMc,dtl0hd,eHDfl,YV5bee,d,csi:200
(anonymous) @ VM3562 m=cdos,cr,hsm,jsa,mb4ZUb,cEt90b,SNUn3,qddgKe,sTsDMc,dtl0hd,eHDfl,YV5bee,d,csi:406
Promise.then
then @ VM3562 m=cdos,cr,hsm,jsa,mb4ZUb,cEt90b,SNUn3,qddgKe,sTsDMc,dtl0hd,eHDfl,YV5bee,d,csi:420
sIa @ VM3562 m=cdos,cr,hsm,jsa,mb4ZUb,cEt90b,SNUn3,qddgKe,sTsDMc,dtl0hd,eHDfl,YV5bee,d,csi:588
_.wn @ VM3562 m=cdos,cr,hsm,jsa,mb4ZUb,cEt90b,SNUn3,qddgKe,sTsDMc,dtl0hd,eHDfl,YV5bee,d,csi:588
W6a @ VM3562 m=cdos,cr,hsm,jsa,mb4ZUb,cEt90b,SNUn3,qddgKe,sTsDMc,dtl0hd,eHDfl,YV5bee,d,csi:979
Oza.Ga @ VM3562 m=cdos,cr,hsm,jsa,mb4ZUb,cEt90b,SNUn3,qddgKe,sTsDMc,dtl0hd,eHDfl,YV5bee,d,csi:980
M6a @ VM3562 m=cdos,cr,hsm,jsa,mb4ZUb,cEt90b,SNUn3,qddgKe,sTsDMc,dtl0hd,eHDfl,YV5bee,d,csi:976
_.N6a @ VM3562 m=cdos,cr,hsm,jsa,mb4ZUb,cEt90b,SNUn3,qddgKe,sTsDMc,dtl0hd,eHDfl,YV5bee,d,csi:976
ka @ VM3562 m=cdos,cr,hsm,jsa,mb4ZUb,cEt90b,SNUn3,qddgKe,sTsDMc,dtl0hd,eHDfl,YV5bee,d,csi:978
(anonymous) @ VM3562 m=cdos,cr,hsm,jsa,mb4ZUb,cEt90b,SNUn3,qddgKe,sTsDMc,dtl0hd,eHDfl,YV5bee,d,csi:977
(anonymous) @ VM3562 m=cdos,cr,hsm,jsa,mb4ZUb,cEt90b,SNUn3,qddgKe,sTsDMc,dtl0hd,eHDfl,YV5bee,d,csi:406
setTimeout
setTimeout @ VM3562 m=cdos,cr,hsm,jsa,mb4ZUb,cEt90b,SNUn3,qddgKe,sTsDMc,dtl0hd,eHDfl,YV5bee,d,csi:420
V6a @ VM3562 m=cdos,cr,hsm,jsa,mb4ZUb,cEt90b,SNUn3,qddgKe,sTsDMc,dtl0hd,eHDfl,YV5bee,d,csi:977
setTimeout @ VM3562 m=cdos,cr,hsm,jsa,mb4ZUb,cEt90b,SNUn3,qddgKe,sTsDMc,dtl0hd,eHDfl,YV5bee,d,csi:978
setTimeout @ VM3562 m=cdos,cr,hsm,jsa,mb4ZUb,cEt90b,SNUn3,qddgKe,sTsDMc,dtl0hd,eHDfl,YV5bee,d,csi:1001
setTimeout @ VM3562 m=cdos,cr,hsm,jsa,mb4ZUb,cEt90b,SNUn3,qddgKe,sTsDMc,dtl0hd,eHDfl,YV5bee,d,csi:1044
setTimeout @ VM3562 m=cdos,cr,hsm,jsa,mb4ZUb,cEt90b,SNUn3,qddgKe,sTsDMc,dtl0hd,eHDfl,YV5bee,d,csi:674
(anonymous) @ VM3562 m=cdos,cr,hsm,jsa,mb4ZUb,cEt90b,SNUn3,qddgKe,sTsDMc,dtl0hd,eHDfl,YV5bee,d,csi:792
(anonymous) @ VM3562 m=cdos,cr,hsm,jsa,mb4ZUb,cEt90b,SNUn3,qddgKe,sTsDMc,dtl0hd,eHDfl,YV5bee,d,csi:792
(anonymous) @ VM3562 m=cdos,cr,hsm,jsa,mb4ZUb,cEt90b,SNUn3,qddgKe,sTsDMc,dtl0hd,eHDfl,YV5bee,d,csi:406
(anonymous) @ VM3562 m=cdos,cr,hsm,jsa,mb4ZUb,cEt90b,SNUn3,qddgKe,sTsDMc,dtl0hd,eHDfl,YV5bee,d,csi:406
Promise.then
then @ VM3562 m=cdos,cr,hsm,jsa,mb4ZUb,cEt90b,SNUn3,qddgKe,sTsDMc,dtl0hd,eHDfl,YV5bee,d,csi:420
catch @ VM3562 m=cdos,cr,hsm,jsa,mb4ZUb,cEt90b,SNUn3,qddgKe,sTsDMc,dtl0hd,eHDfl,YV5bee,d,csi:420
oPa @ VM3562 m=cdos,cr,hsm,jsa,mb4ZUb,cEt90b,SNUn3,qddgKe,sTsDMc,dtl0hd,eHDfl,YV5bee,d,csi:792
(anonymous) @ VM3562 m=cdos,cr,hsm,jsa,mb4ZUb,cEt90b,SNUn3,qddgKe,sTsDMc,dtl0hd,eHDfl,YV5bee,d,csi:792
oa @ VM3562 m=cdos,cr,hsm,jsa,mb4ZUb,cEt90b,SNUn3,qddgKe,sTsDMc,dtl0hd,eHDfl,YV5bee,d,csi:977
execute @ VM3562 m=cdos,cr,hsm,jsa,mb4ZUb,cEt90b,SNUn3,qddgKe,sTsDMc,dtl0hd,eHDfl,YV5bee,d,csi:977
(anonymous) @ VM3562 m=cdos,cr,hsm,jsa,mb4ZUb,cEt90b,SNUn3,qddgKe,sTsDMc,dtl0hd,eHDfl,YV5bee,d,csi:1035
(anonymous) @ VM3562 m=cdos,cr,hsm,jsa,mb4ZUb,cEt90b,SNUn3,qddgKe,sTsDMc,dtl0hd,eHDfl,YV5bee,d,csi:406
a.port1.onmessage @ VM3562 m=cdos,cr,hsm,jsa,mb4ZUb,cEt90b,SNUn3,qddgKe,sTsDMc,dtl0hd,eHDfl,YV5bee,d,csi:588
postMessage
(anonymous) @ VM3562 m=cdos,cr,hsm,jsa,mb4ZUb,cEt90b,SNUn3,qddgKe,sTsDMc,dtl0hd,eHDfl,YV5bee,d,csi:588
_.ie @ VM3562 m=cdos,cr,hsm,jsa,mb4ZUb,cEt90b,SNUn3,qddgKe,sTsDMc,dtl0hd,eHDfl,YV5bee,d,csi:200
Acb @ VM3562 m=cdos,cr,hsm,jsa,mb4ZUb,cEt90b,SNUn3,qddgKe,sTsDMc,dtl0hd,eHDfl,YV5bee,d,csi:1035
Aa @ VM3562 m=cdos,cr,hsm,jsa,mb4ZUb,cEt90b,SNUn3,qddgKe,sTsDMc,dtl0hd,eHDfl,YV5bee,d,csi:1035
ZVa @ VM3562 m=cdos,cr,hsm,jsa,mb4ZUb,cEt90b,SNUn3,qddgKe,sTsDMc,dtl0hd,eHDfl,YV5bee,d,csi:1023
(anonymous) @ VM3562 m=cdos,cr,hsm,jsa,mb4ZUb,cEt90b,SNUn3,qddgKe,sTsDMc,dtl0hd,eHDfl,YV5bee,d,csi:979
wla @ VM3562 m=cdos,cr,hsm,jsa,mb4ZUb,cEt90b,SNUn3,qddgKe,sTsDMc,dtl0hd,eHDfl,YV5bee,d,csi:200
(anonymous) @ VM3562 m=cdos,cr,hsm,jsa,mb4ZUb,cEt90b,SNUn3,qddgKe,sTsDMc,dtl0hd,eHDfl,YV5bee,d,csi:406
Promise.then
then @ VM3562 m=cdos,cr,hsm,jsa,mb4ZUb,cEt90b,SNUn3,qddgKe,sTsDMc,dtl0hd,eHDfl,YV5bee,d,csi:420
sIa @ VM3562 m=cdos,cr,hsm,jsa,mb4ZUb,cEt90b,SNUn3,qddgKe,sTsDMc,dtl0hd,eHDfl,YV5bee,d,csi:588
_.wn @ VM3562 m=cdos,cr,hsm,jsa,mb4ZUb,cEt90b,SNUn3,qddgKe,sTsDMc,dtl0hd,eHDfl,YV5bee,d,csi:588
W6a @ VM3562 m=cdos,cr,hsm,jsa,mb4ZUb,cEt90b,SNUn3,qddgKe,sTsDMc,dtl0hd,eHDfl,YV5bee,d,csi:979
Oza.Ga @ VM3562 m=cdos,cr,hsm,jsa,mb4ZUb,cEt90b,SNUn3,qddgKe,sTsDMc,dtl0hd,eHDfl,YV5bee,d,csi:980
M6a @ VM3562 m=cdos,cr,hsm,jsa,mb4ZUb,cEt90b,SNUn3,qddgKe,sTsDMc,dtl0hd,eHDfl,YV5bee,d,csi:976
_.N6a @ VM3562 m=cdos,cr,hsm,jsa,mb4ZUb,cEt90b,SNUn3,qddgKe,sTsDMc,dtl0hd,eHDfl,YV5bee,d,csi:976
ka @ VM3562 m=cdos,cr,hsm,jsa,mb4ZUb,cEt90b,SNUn3,qddgKe,sTsDMc,dtl0hd,eHDfl,YV5bee,d,csi:978
(anonymous) @ VM3562 m=cdos,cr,hsm,jsa,mb4ZUb,cEt90b,SNUn3,qddgKe,sTsDMc,dtl0hd,eHDfl,YV5bee,d,csi:977
(anonymous) @ VM3562 m=cdos,cr,hsm,jsa,mb4ZUb,cEt90b,SNUn3,qddgKe,sTsDMc,dtl0hd,eHDfl,YV5bee,d,csi:406
setTimeout
setTimeout @ VM3562 m=cdos,cr,hsm,jsa,mb4ZUb,cEt90b,SNUn3,qddgKe,sTsDMc,dtl0hd,eHDfl,YV5bee,d,csi:420
V6a @ VM3562 m=cdos,cr,hsm,jsa,mb4ZUb,cEt90b,SNUn3,qddgKe,sTsDMc,dtl0hd,eHDfl,YV5bee,d,csi:977
setTimeout @ VM3562 m=cdos,cr,hsm,jsa,mb4ZUb,cEt90b,SNUn3,qddgKe,sTsDMc,dtl0hd,eHDfl,YV5bee,d,csi:978
setTimeout @ VM3562 m=cdos,cr,hsm,jsa,mb4ZUb,cEt90b,SNUn3,qddgKe,sTsDMc,dtl0hd,eHDfl,YV5bee,d,csi:1001
setTimeout @ VM3562 m=cdos,cr,hsm,jsa,mb4ZUb,cEt90b,SNUn3,qddgKe,sTsDMc,dtl0hd,eHDfl,YV5bee,d,csi:1044
setTimeout @ VM3562 m=cdos,cr,hsm,jsa,mb4ZUb,cEt90b,SNUn3,qddgKe,sTsDMc,dtl0hd,eHDfl,YV5bee,d,csi:674
(anonymous) @ VM3562 m=cdos,cr,hsm,jsa,mb4ZUb,cEt90b,SNUn3,qddgKe,sTsDMc,dtl0hd,eHDfl,YV5bee,d,csi:792
(anonymous) @ VM3562 m=cdos,cr,hsm,jsa,mb4ZUb,cEt90b,SNUn3,qddgKe,sTsDMc,dtl0hd,eHDfl,YV5bee,d,csi:792
(anonymous) @ VM3562 m=cdos,cr,hsm,jsa,mb4ZUb,cEt90b,SNUn3,qddgKe,sTsDMc,dtl0hd,eHDfl,YV5bee,d,csi:406
(anonymous) @ VM3562 m=cdos,cr,hsm,jsa,mb4ZUb,cEt90b,SNUn3,qddgKe,sTsDMc,dtl0hd,eHDfl,YV5bee,d,csi:406
Promise.then
then @ VM3562 m=cdos,cr,hsm,jsa,mb4ZUb,cEt90b,SNUn3,qddgKe,sTsDMc,dtl0hd,eHDfl,YV5bee,d,csi:420
catch @ VM3562 m=cdos,cr,hsm,jsa,mb4ZUb,cEt90b,SNUn3,qddgKe,sTsDMc,dtl0hd,eHDfl,YV5bee,d,csi:420
oPa @ VM3562 m=cdos,cr,hsm,jsa,mb4ZUb,cEt90b,SNUn3,qddgKe,sTsDMc,dtl0hd,eHDfl,YV5bee,d,csi:792
iPa @ VM3562 m=cdos,cr,hsm,jsa,mb4ZUb,cEt90b,SNUn3,qddgKe,sTsDMc,dtl0hd,eHDfl,YV5bee,d,csi:784
kPa @ VM3562 m=cdos,cr,hsm,jsa,mb4ZUb,cEt90b,SNUn3,qddgKe,sTsDMc,dtl0hd,eHDfl,YV5bee,d,csi:780
ePa @ VM3562 m=cdos,cr,hsm,jsa,mb4ZUb,cEt90b,SNUn3,qddgKe,sTsDMc,dtl0hd,eHDfl,YV5bee,d,csi:782
uMa @ VM3562 m=cdos,cr,hsm,jsa,mb4ZUb,cEt90b,SNUn3,qddgKe,sTsDMc,dtl0hd,eHDfl,YV5bee,d,csi:779
go.Oa @ VM3562 m=cdos,cr,hsm,jsa,mb4ZUb,cEt90b,SNUn3,qddgKe,sTsDMc,dtl0hd,eHDfl,YV5bee,d,csi:712
sMa @ VM3562 m=cdos,cr,hsm,jsa,mb4ZUb,cEt90b,SNUn3,qddgKe,sTsDMc,dtl0hd,eHDfl,YV5bee,d,csi:711
Mta @ VM3562 m=cdos,cr,hsm,jsa,mb4ZUb,cEt90b,SNUn3,qddgKe,sTsDMc,dtl0hd,eHDfl,YV5bee,d,csi:710
_.Ota @ VM3562 m=cdos,cr,hsm,jsa,mb4ZUb,cEt90b,SNUn3,qddgKe,sTsDMc,dtl0hd,eHDfl,YV5bee,d,csi:321
thl @ VM3562 m=cdos,cr,hsm,jsa,mb4ZUb,cEt90b,SNUn3,qddgKe,sTsDMc,dtl0hd,eHDfl,YV5bee,d,csi:2798
(anonymous) @ VM3562 m=cdos,cr,hsm,jsa,mb4ZUb,cEt90b,SNUn3,qddgKe,sTsDMc,dtl0hd,eHDfl,YV5bee,d,csi:2799
(anonymous) @ VM3562 m=cdos,cr,hsm,jsa,mb4ZUb,cEt90b,SNUn3,qddgKe,sTsDMc,dtl0hd,eHDfl,YV5bee,d,csi:406
Promise.then
then @ VM3562 m=cdos,cr,hsm,jsa,mb4ZUb,cEt90b,SNUn3,qddgKe,sTsDMc,dtl0hd,eHDfl,YV5bee,d,csi:420
whl @ VM3562 m=cdos,cr,hsm,jsa,mb4ZUb,cEt90b,SNUn3,qddgKe,sTsDMc,dtl0hd,eHDfl,YV5bee,d,csi:2799
xhl @ VM3562 m=cdos,cr,hsm,jsa,mb4ZUb,cEt90b,SNUn3,qddgKe,sTsDMc,dtl0hd,eHDfl,YV5bee,d,csi:2799
(anonymous) @ VM3562 m=cdos,cr,hsm,jsa,mb4ZUb,cEt90b,SNUn3,qddgKe,sTsDMc,dtl0hd,eHDfl,YV5bee,d,csi:2800
(anonymous) @ VM3562 m=cdos,cr,hsm,jsa,mb4ZUb,cEt90b,SNUn3,qddgKe,sTsDMc,dtl0hd,eHDfl,YV5bee,d,csi:2800
(anonymous) @ VM3562 m=cdos,cr,hsm,jsa,mb4ZUb,cEt90b,SNUn3,qddgKe,sTsDMc,dtl0hd,eHDfl,YV5bee,d,csi:406
e.wa @ VM3562 m=cdos,cr,hsm,jsa,mb4ZUb,cEt90b,SNUn3,qddgKe,sTsDMc,dtl0hd,eHDfl,YV5bee,d,csi:594
QIa @ VM3562 m=cdos,cr,hsm,jsa,mb4ZUb,cEt90b,SNUn3,qddgKe,sTsDMc,dtl0hd,eHDfl,YV5bee,d,csi:597
MIa @ VM3562 m=cdos,cr,hsm,jsa,mb4ZUb,cEt90b,SNUn3,qddgKe,sTsDMc,dtl0hd,eHDfl,YV5bee,d,csi:597
_.Lg.t4a @ VM3562 m=cdos,cr,hsm,jsa,mb4ZUb,cEt90b,SNUn3,qddgKe,sTsDMc,dtl0hd,eHDfl,YV5bee,d,csi:597
wla @ VM3562 m=cdos,cr,hsm,jsa,mb4ZUb,cEt90b,SNUn3,qddgKe,sTsDMc,dtl0hd,eHDfl,YV5bee,d,csi:200
(anonymous) @ VM3562 m=cdos,cr,hsm,jsa,mb4ZUb,cEt90b,SNUn3,qddgKe,sTsDMc,dtl0hd,eHDfl,YV5bee,d,csi:406
Promise.then
then @ VM3562 m=cdos,cr,hsm,jsa,mb4ZUb,cEt90b,SNUn3,qddgKe,sTsDMc,dtl0hd,eHDfl,YV5bee,d,csi:420
sIa @ VM3562 m=cdos,cr,hsm,jsa,mb4ZUb,cEt90b,SNUn3,qddgKe,sTsDMc,dtl0hd,eHDfl,YV5bee,d,csi:588
_.wn @ VM3562 m=cdos,cr,hsm,jsa,mb4ZUb,cEt90b,SNUn3,qddgKe,sTsDMc,dtl0hd,eHDfl,YV5bee,d,csi:588
W6a @ VM3562 m=cdos,cr,hsm,jsa,mb4ZUb,cEt90b,SNUn3,qddgKe,sTsDMc,dtl0hd,eHDfl,YV5bee,d,csi:979
Oza.Ga @ VM3562 m=cdos,cr,hsm,jsa,mb4ZUb,cEt90b,SNUn3,qddgKe,sTsDMc,dtl0hd,eHDfl,YV5bee,d,csi:980
M6a @ VM3562 m=cdos,cr,hsm,jsa,mb4ZUb,cEt90b,SNUn3,qddgKe,sTsDMc,dtl0hd,eHDfl,YV5bee,d,csi:976
execute @ VM3562 m=cdos,cr,hsm,jsa,mb4ZUb,cEt90b,SNUn3,qddgKe,sTsDMc,dtl0hd,eHDfl,YV5bee,d,csi:977
(anonymous) @ VM3562 m=cdos,cr,hsm,jsa,mb4ZUb,cEt90b,SNUn3,qddgKe,sTsDMc,dtl0hd,eHDfl,YV5bee,d,csi:1035
(anonymous) @ VM3562 m=cdos,cr,hsm,jsa,mb4ZUb,cEt90b,SNUn3,qddgKe,sTsDMc,dtl0hd,eHDfl,YV5bee,d,csi:406
a.port1.onmessage @ VM3562 m=cdos,cr,hsm,jsa,mb4ZUb,cEt90b,SNUn3,qddgKe,sTsDMc,dtl0hd,eHDfl,YV5bee,d,csi:588
postMessage
(anonymous) @ VM3562 m=cdos,cr,hsm,jsa,mb4ZUb,cEt90b,SNUn3,qddgKe,sTsDMc,dtl0hd,eHDfl,YV5bee,d,csi:588
_.ie @ VM3562 m=cdos,cr,hsm,jsa,mb4ZUb,cEt90b,SNUn3,qddgKe,sTsDMc,dtl0hd,eHDfl,YV5bee,d,csi:200
Acb @ VM3562 m=cdos,cr,hsm,jsa,mb4ZUb,cEt90b,SNUn3,qddgKe,sTsDMc,dtl0hd,eHDfl,YV5bee,d,csi:1035
Aa @ VM3562 m=cdos,cr,hsm,jsa,mb4ZUb,cEt90b,SNUn3,qddgKe,sTsDMc,dtl0hd,eHDfl,YV5bee,d,csi:1035
ZVa @ VM3562 m=cdos,cr,hsm,jsa,mb4ZUb,cEt90b,SNUn3,qddgKe,sTsDMc,dtl0hd,eHDfl,YV5bee,d,csi:1023
(anonymous) @ VM3562 m=cdos,cr,hsm,jsa,mb4ZUb,cEt90b,SNUn3,qddgKe,sTsDMc,dtl0hd,eHDfl,YV5bee,d,csi:979
wla @ VM3562 m=cdos,cr,hsm,jsa,mb4ZUb,cEt90b,SNUn3,qddgKe,sTsDMc,dtl0hd,eHDfl,YV5bee,d,csi:200
(anonymous) @ VM3562 m=cdos,cr,hsm,jsa,mb4ZUb,cEt90b,SNUn3,qddgKe,sTsDMc,dtl0hd,eHDfl,YV5bee,d,csi:406
Promise.then
then @ VM3562 m=cdos,cr,hsm,jsa,mb4ZUb,cEt90b,SNUn3,qddgKe,sTsDMc,dtl0hd,eHDfl,YV5bee,d,csi:420
sIa @ VM3562 m=cdos,cr,hsm,jsa,mb4ZUb,cEt90b,SNUn3,qddgKe,sTsDMc,dtl0hd,eHDfl,YV5bee,d,csi:588
_.wn @ VM3562 m=cdos,cr,hsm,jsa,mb4ZUb,cEt90b,SNUn3,qddgKe,sTsDMc,dtl0hd,eHDfl,YV5bee,d,csi:588
NIa @ VM3562 m=cdos,cr,hsm,jsa,mb4ZUb,cEt90b,SNUn3,qddgKe,sTsDMc,dtl0hd,eHDfl,YV5bee,d,csi:596
_.Lg.OP @ VM3562 m=cdos,cr,hsm,jsa,mb4ZUb,cEt90b,SNUn3,qddgKe,sTsDMc,dtl0hd,eHDfl,YV5bee,d,csi:595
(anonymous) @ VM3562 m=cdos,cr,hsm,jsa,mb4ZUb,cEt90b,SNUn3,qddgKe,sTsDMc,dtl0hd,eHDfl,YV5bee,d,csi:589
AXa @ VM3562 m=cdos,cr,hsm,jsa,mb4ZUb,cEt90b,SNUn3,qddgKe,sTsDMc,dtl0hd,eHDfl,YV5bee,d,csi:945
initialize @ VM3562 m=cdos,cr,hsm,jsa,mb4ZUb,cEt90b,SNUn3,qddgKe,sTsDMc,dtl0hd,eHDfl,YV5bee,d,csi:946
_.aa.onLoad @ VM3562 m=cdos,cr,hsm,jsa,mb4ZUb,cEt90b,SNUn3,qddgKe,sTsDMc,dtl0hd,eHDfl,YV5bee,d,csi:699
oMa @ VM3562 m=cdos,cr,hsm,jsa,mb4ZUb,cEt90b,SNUn3,qddgKe,sTsDMc,dtl0hd,eHDfl,YV5bee,d,csi:714
go.Abb @ VM3562 m=cdos,cr,hsm,jsa,mb4ZUb,cEt90b,SNUn3,qddgKe,sTsDMc,dtl0hd,eHDfl,YV5bee,d,csi:705
_._ModuleManager_initialize @ VM3562 m=cdos,cr,hsm,jsa,mb4ZUb,cEt90b,SNUn3,qddgKe,sTsDMc,dtl0hd,eHDfl,YV5bee,d,csi:1046
(anonymous) @ VM3562 m=cdos,cr,hsm,jsa,mb4ZUb,cEt90b,SNUn3,qddgKe,sTsDMc,dtl0hd,eHDfl,YV5bee,d,csi:1047
(anonymous) @ VM3562 m=cdos,cr,hsm,jsa,mb4ZUb,cEt90b,SNUn3,qddgKe,sTsDMc,dtl0hd,eHDfl,YV5bee,d,csi:2881
sj-proxy?url=https%3A%2F%2Fgoogle.com:1 Access to XMLHttpRequest at 'https://google.com/complete/s?q=dail&cp=4&client=gws-wiz&xssi=t&gs_pcrt=undefined&hl=en&authuser=0&psi=-MA0au3PF5Ly0PEPwr-cgAU.1781842168574&dpr=1' from origin 'http://localhost:8080' has been blocked by CORS policy: No 'Access-Control-Allow-Origin' header is present on the requested resource.
VM3562 m=cdos,cr,hsm,jsa,mb4ZUb,cEt90b,SNUn3,qddgKe,sTsDMc,dtl0hd,eHDfl,YV5bee,d,csi:422  GET https://google.com/complete/s?q=dail&cp=4&client=gws-wiz&xssi=t&gs_pcrt=undefined&hl=en&authuser=0&psi=-MA0au3PF5Ly0PEPwr-cgAU.1781842168574&dpr=1 net::ERR_FAILED 200 (OK)
(anonymous) @ VM3562 m=cdos,cr,hsm,jsa,mb4ZUb,cEt90b,SNUn3,qddgKe,sTsDMc,dtl0hd,eHDfl,YV5bee,d,csi:422
_.aa.send @ VM3562 m=cdos,cr,hsm,jsa,mb4ZUb,cEt90b,SNUn3,qddgKe,sTsDMc,dtl0hd,eHDfl,YV5bee,d,csi:991
(anonymous) @ VM3562 m=cdos,cr,hsm,jsa,mb4ZUb,cEt90b,SNUn3,qddgKe,sTsDMc,dtl0hd,eHDfl,YV5bee,d,csi:2472
Oa @ VM3562 m=cdos,cr,hsm,jsa,mb4ZUb,cEt90b,SNUn3,qddgKe,sTsDMc,dtl0hd,eHDfl,YV5bee,d,csi:2471
p7d @ VM3562 m=cdos,cr,hsm,jsa,mb4ZUb,cEt90b,SNUn3,qddgKe,sTsDMc,dtl0hd,eHDfl,YV5bee,d,csi:2465
uH @ VM3562 m=cdos,cr,hsm,jsa,mb4ZUb,cEt90b,SNUn3,qddgKe,sTsDMc,dtl0hd,eHDfl,YV5bee,d,csi:2471
uH @ VM3562 m=cdos,cr,hsm,jsa,mb4ZUb,cEt90b,SNUn3,qddgKe,sTsDMc,dtl0hd,eHDfl,YV5bee,d,csi:2620
d$d @ VM3562 m=cdos,cr,hsm,jsa,mb4ZUb,cEt90b,SNUn3,qddgKe,sTsDMc,dtl0hd,eHDfl,YV5bee,d,csi:2600
Bb @ VM3562 m=cdos,cr,hsm,jsa,mb4ZUb,cEt90b,SNUn3,qddgKe,sTsDMc,dtl0hd,eHDfl,YV5bee,d,csi:2621
(anonymous) @ VM3562 m=cdos,cr,hsm,jsa,mb4ZUb,cEt90b,SNUn3,qddgKe,sTsDMc,dtl0hd,eHDfl,YV5bee,d,csi:938
map @ VM3562 m=cdos,cr,hsm,jsa,mb4ZUb,cEt90b,SNUn3,qddgKe,sTsDMc,dtl0hd,eHDfl,YV5bee,d,csi:724
sXa @ VM3562 m=cdos,cr,hsm,jsa,mb4ZUb,cEt90b,SNUn3,qddgKe,sTsDMc,dtl0hd,eHDfl,YV5bee,d,csi:938
(anonymous) @ VM3562 m=cdos,cr,hsm,jsa,mb4ZUb,cEt90b,SNUn3,qddgKe,sTsDMc,dtl0hd,eHDfl,YV5bee,d,csi:935
flatMap @ VM3562 m=cdos,cr,hsm,jsa,mb4ZUb,cEt90b,SNUn3,qddgKe,sTsDMc,dtl0hd,eHDfl,YV5bee,d,csi:724
(anonymous) @ VM3562 m=cdos,cr,hsm,jsa,mb4ZUb,cEt90b,SNUn3,qddgKe,sTsDMc,dtl0hd,eHDfl,YV5bee,d,csi:935
flatMap @ VM3562 m=cdos,cr,hsm,jsa,mb4ZUb,cEt90b,SNUn3,qddgKe,sTsDMc,dtl0hd,eHDfl,YV5bee,d,csi:724
(anonymous) @ VM3562 m=cdos,cr,hsm,jsa,mb4ZUb,cEt90b,SNUn3,qddgKe,sTsDMc,dtl0hd,eHDfl,YV5bee,d,csi:935
b.run @ VM3562 m=cdos,cr,hsm,jsa,mb4ZUb,cEt90b,SNUn3,qddgKe,sTsDMc,dtl0hd,eHDfl,YV5bee,d,csi:418
run @ VM3562 m=cdos,cr,hsm,jsa,mb4ZUb,cEt90b,SNUn3,qddgKe,sTsDMc,dtl0hd,eHDfl,YV5bee,d,csi:921
enter @ VM3562 m=cdos,cr,hsm,jsa,mb4ZUb,cEt90b,SNUn3,qddgKe,sTsDMc,dtl0hd,eHDfl,YV5bee,d,csi:923
qya @ VM3562 m=cdos,cr,hsm,jsa,mb4ZUb,cEt90b,SNUn3,qddgKe,sTsDMc,dtl0hd,eHDfl,YV5bee,d,csi:383
(anonymous) @ VM3562 m=cdos,cr,hsm,jsa,mb4ZUb,cEt90b,SNUn3,qddgKe,sTsDMc,dtl0hd,eHDfl,YV5bee,d,csi:385
nXa @ VM3562 m=cdos,cr,hsm,jsa,mb4ZUb,cEt90b,SNUn3,qddgKe,sTsDMc,dtl0hd,eHDfl,YV5bee,d,csi:935
oXa @ VM3562 m=cdos,cr,hsm,jsa,mb4ZUb,cEt90b,SNUn3,qddgKe,sTsDMc,dtl0hd,eHDfl,YV5bee,d,csi:933
(anonymous) @ VM3562 m=cdos,cr,hsm,jsa,mb4ZUb,cEt90b,SNUn3,qddgKe,sTsDMc,dtl0hd,eHDfl,YV5bee,d,csi:943
OWa.qM.MWa.MCa @ VM3562 m=cdos,cr,hsm,jsa,mb4ZUb,cEt90b,SNUn3,qddgKe,sTsDMc,dtl0hd,eHDfl,YV5bee,d,csi:920
dispatch @ VM3562 m=cdos,cr,hsm,jsa,mb4ZUb,cEt90b,SNUn3,qddgKe,sTsDMc,dtl0hd,eHDfl,YV5bee,d,csi:920
dispatch @ VM3562 m=cdos,cr,hsm,jsa,mb4ZUb,cEt90b,SNUn3,qddgKe,sTsDMc,dtl0hd,eHDfl,YV5bee,d,csi:921
(anonymous) @ VM3562 m=cdos,cr,hsm,jsa,mb4ZUb,cEt90b,SNUn3,qddgKe,sTsDMc,dtl0hd,eHDfl,YV5bee,d,csi:380
F @ sj-proxy?url=https%3A%2F%2Fgoogle.com:18
E.handleEvent @ sj-proxy?url=https%3A%2F%2Fgoogle.com:18
f @ sj-proxy?url=https%3A%2F%2Fgoogle.com:18
trigger @ sj-proxy?url=https%3A%2F%2Fgoogle.com:18
trigger @ VM3562 m=cdos,cr,hsm,jsa,mb4ZUb,cEt90b,SNUn3,qddgKe,sTsDMc,dtl0hd,eHDfl,YV5bee,d,csi:942
xra @ VM3562 m=cdos,cr,hsm,jsa,mb4ZUb,cEt90b,SNUn3,qddgKe,sTsDMc,dtl0hd,eHDfl,YV5bee,d,csi:927
_.Sg @ VM3562 m=cdos,cr,hsm,jsa,mb4ZUb,cEt90b,SNUn3,qddgKe,sTsDMc,dtl0hd,eHDfl,YV5bee,d,csi:288
trigger @ VM3562 m=cdos,cr,hsm,jsa,mb4ZUb,cEt90b,SNUn3,qddgKe,sTsDMc,dtl0hd,eHDfl,YV5bee,d,csi:819
y0d @ VM3562 m=cdos,cr,hsm,jsa,mb4ZUb,cEt90b,SNUn3,qddgKe,sTsDMc,dtl0hd,eHDfl,YV5bee,d,csi:2142
onInput @ VM3562 m=cdos,cr,hsm,jsa,mb4ZUb,cEt90b,SNUn3,qddgKe,sTsDMc,dtl0hd,eHDfl,YV5bee,d,csi:2147
(anonymous) @ VM3562 m=cdos,cr,hsm,jsa,mb4ZUb,cEt90b,SNUn3,qddgKe,sTsDMc,dtl0hd,eHDfl,YV5bee,d,csi:938
map @ VM3562 m=cdos,cr,hsm,jsa,mb4ZUb,cEt90b,SNUn3,qddgKe,sTsDMc,dtl0hd,eHDfl,YV5bee,d,csi:724
sXa @ VM3562 m=cdos,cr,hsm,jsa,mb4ZUb,cEt90b,SNUn3,qddgKe,sTsDMc,dtl0hd,eHDfl,YV5bee,d,csi:938
(anonymous) @ VM3562 m=cdos,cr,hsm,jsa,mb4ZUb,cEt90b,SNUn3,qddgKe,sTsDMc,dtl0hd,eHDfl,YV5bee,d,csi:935
flatMap @ VM3562 m=cdos,cr,hsm,jsa,mb4ZUb,cEt90b,SNUn3,qddgKe,sTsDMc,dtl0hd,eHDfl,YV5bee,d,csi:724
(anonymous) @ VM3562 m=cdos,cr,hsm,jsa,mb4ZUb,cEt90b,SNUn3,qddgKe,sTsDMc,dtl0hd,eHDfl,YV5bee,d,csi:935
flatMap @ VM3562 m=cdos,cr,hsm,jsa,mb4ZUb,cEt90b,SNUn3,qddgKe,sTsDMc,dtl0hd,eHDfl,YV5bee,d,csi:724
(anonymous) @ VM3562 m=cdos,cr,hsm,jsa,mb4ZUb,cEt90b,SNUn3,qddgKe,sTsDMc,dtl0hd,eHDfl,YV5bee,d,csi:935
b.run @ VM3562 m=cdos,cr,hsm,jsa,mb4ZUb,cEt90b,SNUn3,qddgKe,sTsDMc,dtl0hd,eHDfl,YV5bee,d,csi:418
run @ VM3562 m=cdos,cr,hsm,jsa,mb4ZUb,cEt90b,SNUn3,qddgKe,sTsDMc,dtl0hd,eHDfl,YV5bee,d,csi:921
enter @ VM3562 m=cdos,cr,hsm,jsa,mb4ZUb,cEt90b,SNUn3,qddgKe,sTsDMc,dtl0hd,eHDfl,YV5bee,d,csi:923
(anonymous) @ VM3562 m=cdos,cr,hsm,jsa,mb4ZUb,cEt90b,SNUn3,qddgKe,sTsDMc,dtl0hd,eHDfl,YV5bee,d,csi:385
nXa @ VM3562 m=cdos,cr,hsm,jsa,mb4ZUb,cEt90b,SNUn3,qddgKe,sTsDMc,dtl0hd,eHDfl,YV5bee,d,csi:935
oXa @ VM3562 m=cdos,cr,hsm,jsa,mb4ZUb,cEt90b,SNUn3,qddgKe,sTsDMc,dtl0hd,eHDfl,YV5bee,d,csi:933
(anonymous) @ VM3562 m=cdos,cr,hsm,jsa,mb4ZUb,cEt90b,SNUn3,qddgKe,sTsDMc,dtl0hd,eHDfl,YV5bee,d,csi:943
OWa.qM.MWa.MCa @ VM3562 m=cdos,cr,hsm,jsa,mb4ZUb,cEt90b,SNUn3,qddgKe,sTsDMc,dtl0hd,eHDfl,YV5bee,d,csi:920
dispatch @ VM3562 m=cdos,cr,hsm,jsa,mb4ZUb,cEt90b,SNUn3,qddgKe,sTsDMc,dtl0hd,eHDfl,YV5bee,d,csi:920
dispatch @ VM3562 m=cdos,cr,hsm,jsa,mb4ZUb,cEt90b,SNUn3,qddgKe,sTsDMc,dtl0hd,eHDfl,YV5bee,d,csi:921
(anonymous) @ VM3562 m=cdos,cr,hsm,jsa,mb4ZUb,cEt90b,SNUn3,qddgKe,sTsDMc,dtl0hd,eHDfl,YV5bee,d,csi:380
F @ sj-proxy?url=https%3A%2F%2Fgoogle.com:18
E.handleEvent @ sj-proxy?url=https%3A%2F%2Fgoogle.com:18
f @ sj-proxy?url=https%3A%2F%2Fgoogle.com:18
(anonymous) @ sj-proxy?url=https%3A%2F%2Fgoogle.com:18
sj-proxy?url=https%3A%2F%2Fgoogle.com:1 Access to XMLHttpRequest at 'https://google.com/complete/s?q=daily&cp=5&client=gws-wiz&xssi=t&gs_pcrt=undefined&hl=en&authuser=0&psi=-MA0au3PF5Ly0PEPwr-cgAU.1781842168574&dpr=1' from origin 'http://localhost:8080' has been blocked by CORS policy: No 'Access-Control-Allow-Origin' header is present on the requested resource.
VM3562 m=cdos,cr,hsm,jsa,mb4ZUb,cEt90b,SNUn3,qddgKe,sTsDMc,dtl0hd,eHDfl,YV5bee,d,csi:422  GET https://google.com/complete/s?q=daily&cp=5&client=gws-wiz&xssi=t&gs_pcrt=undefined&hl=en&authuser=0&psi=-MA0au3PF5Ly0PEPwr-cgAU.1781842168574&dpr=1 net::ERR_FAILED 200 (OK)
(anonymous) @ VM3562 m=cdos,cr,hsm,jsa,mb4ZUb,cEt90b,SNUn3,qddgKe,sTsDMc,dtl0hd,eHDfl,YV5bee,d,csi:422
_.aa.send @ VM3562 m=cdos,cr,hsm,jsa,mb4ZUb,cEt90b,SNUn3,qddgKe,sTsDMc,dtl0hd,eHDfl,YV5bee,d,csi:991
(anonymous) @ VM3562 m=cdos,cr,hsm,jsa,mb4ZUb,cEt90b,SNUn3,qddgKe,sTsDMc,dtl0hd,eHDfl,YV5bee,d,csi:2472
Oa @ VM3562 m=cdos,cr,hsm,jsa,mb4ZUb,cEt90b,SNUn3,qddgKe,sTsDMc,dtl0hd,eHDfl,YV5bee,d,csi:2471
p7d @ VM3562 m=cdos,cr,hsm,jsa,mb4ZUb,cEt90b,SNUn3,qddgKe,sTsDMc,dtl0hd,eHDfl,YV5bee,d,csi:2465
uH @ VM3562 m=cdos,cr,hsm,jsa,mb4ZUb,cEt90b,SNUn3,qddgKe,sTsDMc,dtl0hd,eHDfl,YV5bee,d,csi:2471
uH @ VM3562 m=cdos,cr,hsm,jsa,mb4ZUb,cEt90b,SNUn3,qddgKe,sTsDMc,dtl0hd,eHDfl,YV5bee,d,csi:2620
d$d @ VM3562 m=cdos,cr,hsm,jsa,mb4ZUb,cEt90b,SNUn3,qddgKe,sTsDMc,dtl0hd,eHDfl,YV5bee,d,csi:2600
Bb @ VM3562 m=cdos,cr,hsm,jsa,mb4ZUb,cEt90b,SNUn3,qddgKe,sTsDMc,dtl0hd,eHDfl,YV5bee,d,csi:2621
(anonymous) @ VM3562 m=cdos,cr,hsm,jsa,mb4ZUb,cEt90b,SNUn3,qddgKe,sTsDMc,dtl0hd,eHDfl,YV5bee,d,csi:938
map @ VM3562 m=cdos,cr,hsm,jsa,mb4ZUb,cEt90b,SNUn3,qddgKe,sTsDMc,dtl0hd,eHDfl,YV5bee,d,csi:724
sXa @ VM3562 m=cdos,cr,hsm,jsa,mb4ZUb,cEt90b,SNUn3,qddgKe,sTsDMc,dtl0hd,eHDfl,YV5bee,d,csi:938
(anonymous) @ VM3562 m=cdos,cr,hsm,jsa,mb4ZUb,cEt90b,SNUn3,qddgKe,sTsDMc,dtl0hd,eHDfl,YV5bee,d,csi:935
flatMap @ VM3562 m=cdos,cr,hsm,jsa,mb4ZUb,cEt90b,SNUn3,qddgKe,sTsDMc,dtl0hd,eHDfl,YV5bee,d,csi:724
(anonymous) @ VM3562 m=cdos,cr,hsm,jsa,mb4ZUb,cEt90b,SNUn3,qddgKe,sTsDMc,dtl0hd,eHDfl,YV5bee,d,csi:935
flatMap @ VM3562 m=cdos,cr,hsm,jsa,mb4ZUb,cEt90b,SNUn3,qddgKe,sTsDMc,dtl0hd,eHDfl,YV5bee,d,csi:724
(anonymous) @ VM3562 m=cdos,cr,hsm,jsa,mb4ZUb,cEt90b,SNUn3,qddgKe,sTsDMc,dtl0hd,eHDfl,YV5bee,d,csi:935
b.run @ VM3562 m=cdos,cr,hsm,jsa,mb4ZUb,cEt90b,SNUn3,qddgKe,sTsDMc,dtl0hd,eHDfl,YV5bee,d,csi:418
run @ VM3562 m=cdos,cr,hsm,jsa,mb4ZUb,cEt90b,SNUn3,qddgKe,sTsDMc,dtl0hd,eHDfl,YV5bee,d,csi:921
enter @ VM3562 m=cdos,cr,hsm,jsa,mb4ZUb,cEt90b,SNUn3,qddgKe,sTsDMc,dtl0hd,eHDfl,YV5bee,d,csi:923
qya @ VM3562 m=cdos,cr,hsm,jsa,mb4ZUb,cEt90b,SNUn3,qddgKe,sTsDMc,dtl0hd,eHDfl,YV5bee,d,csi:383
(anonymous) @ VM3562 m=cdos,cr,hsm,jsa,mb4ZUb,cEt90b,SNUn3,qddgKe,sTsDMc,dtl0hd,eHDfl,YV5bee,d,csi:385
nXa @ VM3562 m=cdos,cr,hsm,jsa,mb4ZUb,cEt90b,SNUn3,qddgKe,sTsDMc,dtl0hd,eHDfl,YV5bee,d,csi:935
oXa @ VM3562 m=cdos,cr,hsm,jsa,mb4ZUb,cEt90b,SNUn3,qddgKe,sTsDMc,dtl0hd,eHDfl,YV5bee,d,csi:933
(anonymous) @ VM3562 m=cdos,cr,hsm,jsa,mb4ZUb,cEt90b,SNUn3,qddgKe,sTsDMc,dtl0hd,eHDfl,YV5bee,d,csi:943
OWa.qM.MWa.MCa @ VM3562 m=cdos,cr,hsm,jsa,mb4ZUb,cEt90b,SNUn3,qddgKe,sTsDMc,dtl0hd,eHDfl,YV5bee,d,csi:920
dispatch @ VM3562 m=cdos,cr,hsm,jsa,mb4ZUb,cEt90b,SNUn3,qddgKe,sTsDMc,dtl0hd,eHDfl,YV5bee,d,csi:920
dispatch @ VM3562 m=cdos,cr,hsm,jsa,mb4ZUb,cEt90b,SNUn3,qddgKe,sTsDMc,dtl0hd,eHDfl,YV5bee,d,csi:921
(anonymous) @ VM3562 m=cdos,cr,hsm,jsa,mb4ZUb,cEt90b,SNUn3,qddgKe,sTsDMc,dtl0hd,eHDfl,YV5bee,d,csi:380
F @ sj-proxy?url=https%3A%2F%2Fgoogle.com:18
E.handleEvent @ sj-proxy?url=https%3A%2F%2Fgoogle.com:18
f @ sj-proxy?url=https%3A%2F%2Fgoogle.com:18
trigger @ sj-proxy?url=https%3A%2F%2Fgoogle.com:18
trigger @ VM3562 m=cdos,cr,hsm,jsa,mb4ZUb,cEt90b,SNUn3,qddgKe,sTsDMc,dtl0hd,eHDfl,YV5bee,d,csi:942
xra @ VM3562 m=cdos,cr,hsm,jsa,mb4ZUb,cEt90b,SNUn3,qddgKe,sTsDMc,dtl0hd,eHDfl,YV5bee,d,csi:927
_.Sg @ VM3562 m=cdos,cr,hsm,jsa,mb4ZUb,cEt90b,SNUn3,qddgKe,sTsDMc,dtl0hd,eHDfl,YV5bee,d,csi:288
trigger @ VM3562 m=cdos,cr,hsm,jsa,mb4ZUb,cEt90b,SNUn3,qddgKe,sTsDMc,dtl0hd,eHDfl,YV5bee,d,csi:819
y0d @ VM3562 m=cdos,cr,hsm,jsa,mb4ZUb,cEt90b,SNUn3,qddgKe,sTsDMc,dtl0hd,eHDfl,YV5bee,d,csi:2142
onInput @ VM3562 m=cdos,cr,hsm,jsa,mb4ZUb,cEt90b,SNUn3,qddgKe,sTsDMc,dtl0hd,eHDfl,YV5bee,d,csi:2147
(anonymous) @ VM3562 m=cdos,cr,hsm,jsa,mb4ZUb,cEt90b,SNUn3,qddgKe,sTsDMc,dtl0hd,eHDfl,YV5bee,d,csi:938
map @ VM3562 m=cdos,cr,hsm,jsa,mb4ZUb,cEt90b,SNUn3,qddgKe,sTsDMc,dtl0hd,eHDfl,YV5bee,d,csi:724
sXa @ VM3562 m=cdos,cr,hsm,jsa,mb4ZUb,cEt90b,SNUn3,qddgKe,sTsDMc,dtl0hd,eHDfl,YV5bee,d,csi:938
(anonymous) @ VM3562 m=cdos,cr,hsm,jsa,mb4ZUb,cEt90b,SNUn3,qddgKe,sTsDMc,dtl0hd,eHDfl,YV5bee,d,csi:935
flatMap @ VM3562 m=cdos,cr,hsm,jsa,mb4ZUb,cEt90b,SNUn3,qddgKe,sTsDMc,dtl0hd,eHDfl,YV5bee,d,csi:724
(anonymous) @ VM3562 m=cdos,cr,hsm,jsa,mb4ZUb,cEt90b,SNUn3,qddgKe,sTsDMc,dtl0hd,eHDfl,YV5bee,d,csi:935
flatMap @ VM3562 m=cdos,cr,hsm,jsa,mb4ZUb,cEt90b,SNUn3,qddgKe,sTsDMc,dtl0hd,eHDfl,YV5bee,d,csi:724
(anonymous) @ VM3562 m=cdos,cr,hsm,jsa,mb4ZUb,cEt90b,SNUn3,qddgKe,sTsDMc,dtl0hd,eHDfl,YV5bee,d,csi:935
b.run @ VM3562 m=cdos,cr,hsm,jsa,mb4ZUb,cEt90b,SNUn3,qddgKe,sTsDMc,dtl0hd,eHDfl,YV5bee,d,csi:418
run @ VM3562 m=cdos,cr,hsm,jsa,mb4ZUb,cEt90b,SNUn3,qddgKe,sTsDMc,dtl0hd,eHDfl,YV5bee,d,csi:921
enter @ VM3562 m=cdos,cr,hsm,jsa,mb4ZUb,cEt90b,SNUn3,qddgKe,sTsDMc,dtl0hd,eHDfl,YV5bee,d,csi:923
(anonymous) @ VM3562 m=cdos,cr,hsm,jsa,mb4ZUb,cEt90b,SNUn3,qddgKe,sTsDMc,dtl0hd,eHDfl,YV5bee,d,csi:385
nXa @ VM3562 m=cdos,cr,hsm,jsa,mb4ZUb,cEt90b,SNUn3,qddgKe,sTsDMc,dtl0hd,eHDfl,YV5bee,d,csi:935
oXa @ VM3562 m=cdos,cr,hsm,jsa,mb4ZUb,cEt90b,SNUn3,qddgKe,sTsDMc,dtl0hd,eHDfl,YV5bee,d,csi:933
(anonymous) @ VM3562 m=cdos,cr,hsm,jsa,mb4ZUb,cEt90b,SNUn3,qddgKe,sTsDMc,dtl0hd,eHDfl,YV5bee,d,csi:943
OWa.qM.MWa.MCa @ VM3562 m=cdos,cr,hsm,jsa,mb4ZUb,cEt90b,SNUn3,qddgKe,sTsDMc,dtl0hd,eHDfl,YV5bee,d,csi:920
dispatch @ VM3562 m=cdos,cr,hsm,jsa,mb4ZUb,cEt90b,SNUn3,qddgKe,sTsDMc,dtl0hd,eHDfl,YV5bee,d,csi:920
dispatch @ VM3562 m=cdos,cr,hsm,jsa,mb4ZUb,cEt90b,SNUn3,qddgKe,sTsDMc,dtl0hd,eHDfl,YV5bee,d,csi:921
(anonymous) @ VM3562 m=cdos,cr,hsm,jsa,mb4ZUb,cEt90b,SNUn3,qddgKe,sTsDMc,dtl0hd,eHDfl,YV5bee,d,csi:380
F @ sj-proxy?url=https%3A%2F%2Fgoogle.com:18
E.handleEvent @ sj-proxy?url=https%3A%2F%2Fgoogle.com:18
f @ sj-proxy?url=https%3A%2F%2Fgoogle.com:18
(anonymous) @ sj-proxy?url=https%3A%2F%2Fgoogle.com:18
sj-proxy?url=https%3A%2F%2Fgoogle.com:1 Access to XMLHttpRequest at 'https://google.com/complete/s?q=dailym&cp=6&client=gws-wiz&xssi=t&gs_pcrt=undefined&hl=en&authuser=0&psi=-MA0au3PF5Ly0PEPwr-cgAU.1781842168574&dpr=1' from origin 'http://localhost:8080' has been blocked by CORS policy: No 'Access-Control-Allow-Origin' header is present on the requested resource.
VM3562 m=cdos,cr,hsm,jsa,mb4ZUb,cEt90b,SNUn3,qddgKe,sTsDMc,dtl0hd,eHDfl,YV5bee,d,csi:422  GET https://google.com/complete/s?q=dailym&cp=6&client=gws-wiz&xssi=t&gs_pcrt=undefined&hl=en&authuser=0&psi=-MA0au3PF5Ly0PEPwr-cgAU.1781842168574&dpr=1 net::ERR_FAILED 200 (OK)
(anonymous) @ VM3562 m=cdos,cr,hsm,jsa,mb4ZUb,cEt90b,SNUn3,qddgKe,sTsDMc,dtl0hd,eHDfl,YV5bee,d,csi:422
_.aa.send @ VM3562 m=cdos,cr,hsm,jsa,mb4ZUb,cEt90b,SNUn3,qddgKe,sTsDMc,dtl0hd,eHDfl,YV5bee,d,csi:991
(anonymous) @ VM3562 m=cdos,cr,hsm,jsa,mb4ZUb,cEt90b,SNUn3,qddgKe,sTsDMc,dtl0hd,eHDfl,YV5bee,d,csi:2472
Oa @ VM3562 m=cdos,cr,hsm,jsa,mb4ZUb,cEt90b,SNUn3,qddgKe,sTsDMc,dtl0hd,eHDfl,YV5bee,d,csi:2471
p7d @ VM3562 m=cdos,cr,hsm,jsa,mb4ZUb,cEt90b,SNUn3,qddgKe,sTsDMc,dtl0hd,eHDfl,YV5bee,d,csi:2465
uH @ VM3562 m=cdos,cr,hsm,jsa,mb4ZUb,cEt90b,SNUn3,qddgKe,sTsDMc,dtl0hd,eHDfl,YV5bee,d,csi:2471
uH @ VM3562 m=cdos,cr,hsm,jsa,mb4ZUb,cEt90b,SNUn3,qddgKe,sTsDMc,dtl0hd,eHDfl,YV5bee,d,csi:2620
d$d @ VM3562 m=cdos,cr,hsm,jsa,mb4ZUb,cEt90b,SNUn3,qddgKe,sTsDMc,dtl0hd,eHDfl,YV5bee,d,csi:2600
Bb @ VM3562 m=cdos,cr,hsm,jsa,mb4ZUb,cEt90b,SNUn3,qddgKe,sTsDMc,dtl0hd,eHDfl,YV5bee,d,csi:2621
(anonymous) @ VM3562 m=cdos,cr,hsm,jsa,mb4ZUb,cEt90b,SNUn3,qddgKe,sTsDMc,dtl0hd,eHDfl,YV5bee,d,csi:938
map @ VM3562 m=cdos,cr,hsm,jsa,mb4ZUb,cEt90b,SNUn3,qddgKe,sTsDMc,dtl0hd,eHDfl,YV5bee,d,csi:724
sXa @ VM3562 m=cdos,cr,hsm,jsa,mb4ZUb,cEt90b,SNUn3,qddgKe,sTsDMc,dtl0hd,eHDfl,YV5bee,d,csi:938
(anonymous) @ VM3562 m=cdos,cr,hsm,jsa,mb4ZUb,cEt90b,SNUn3,qddgKe,sTsDMc,dtl0hd,eHDfl,YV5bee,d,csi:935
flatMap @ VM3562 m=cdos,cr,hsm,jsa,mb4ZUb,cEt90b,SNUn3,qddgKe,sTsDMc,dtl0hd,eHDfl,YV5bee,d,csi:724
(anonymous) @ VM3562 m=cdos,cr,hsm,jsa,mb4ZUb,cEt90b,SNUn3,qddgKe,sTsDMc,dtl0hd,eHDfl,YV5bee,d,csi:935
flatMap @ VM3562 m=cdos,cr,hsm,jsa,mb4ZUb,cEt90b,SNUn3,qddgKe,sTsDMc,dtl0hd,eHDfl,YV5bee,d,csi:724
(anonymous) @ VM3562 m=cdos,cr,hsm,jsa,mb4ZUb,cEt90b,SNUn3,qddgKe,sTsDMc,dtl0hd,eHDfl,YV5bee,d,csi:935
b.run @ VM3562 m=cdos,cr,hsm,jsa,mb4ZUb,cEt90b,SNUn3,qddgKe,sTsDMc,dtl0hd,eHDfl,YV5bee,d,csi:418
run @ VM3562 m=cdos,cr,hsm,jsa,mb4ZUb,cEt90b,SNUn3,qddgKe,sTsDMc,dtl0hd,eHDfl,YV5bee,d,csi:921
enter @ VM3562 m=cdos,cr,hsm,jsa,mb4ZUb,cEt90b,SNUn3,qddgKe,sTsDMc,dtl0hd,eHDfl,YV5bee,d,csi:923
qya @ VM3562 m=cdos,cr,hsm,jsa,mb4ZUb,cEt90b,SNUn3,qddgKe,sTsDMc,dtl0hd,eHDfl,YV5bee,d,csi:383
(anonymous) @ VM3562 m=cdos,cr,hsm,jsa,mb4ZUb,cEt90b,SNUn3,qddgKe,sTsDMc,dtl0hd,eHDfl,YV5bee,d,csi:385
nXa @ VM3562 m=cdos,cr,hsm,jsa,mb4ZUb,cEt90b,SNUn3,qddgKe,sTsDMc,dtl0hd,eHDfl,YV5bee,d,csi:935
oXa @ VM3562 m=cdos,cr,hsm,jsa,mb4ZUb,cEt90b,SNUn3,qddgKe,sTsDMc,dtl0hd,eHDfl,YV5bee,d,csi:933
(anonymous) @ VM3562 m=cdos,cr,hsm,jsa,mb4ZUb,cEt90b,SNUn3,qddgKe,sTsDMc,dtl0hd,eHDfl,YV5bee,d,csi:943
OWa.qM.MWa.MCa @ VM3562 m=cdos,cr,hsm,jsa,mb4ZUb,cEt90b,SNUn3,qddgKe,sTsDMc,dtl0hd,eHDfl,YV5bee,d,csi:920
dispatch @ VM3562 m=cdos,cr,hsm,jsa,mb4ZUb,cEt90b,SNUn3,qddgKe,sTsDMc,dtl0hd,eHDfl,YV5bee,d,csi:920
dispatch @ VM3562 m=cdos,cr,hsm,jsa,mb4ZUb,cEt90b,SNUn3,qddgKe,sTsDMc,dtl0hd,eHDfl,YV5bee,d,csi:921
(anonymous) @ VM3562 m=cdos,cr,hsm,jsa,mb4ZUb,cEt90b,SNUn3,qddgKe,sTsDMc,dtl0hd,eHDfl,YV5bee,d,csi:380
F @ sj-proxy?url=https%3A%2F%2Fgoogle.com:18
E.handleEvent @ sj-proxy?url=https%3A%2F%2Fgoogle.com:18
f @ sj-proxy?url=https%3A%2F%2Fgoogle.com:18
trigger @ sj-proxy?url=https%3A%2F%2Fgoogle.com:18
trigger @ VM3562 m=cdos,cr,hsm,jsa,mb4ZUb,cEt90b,SNUn3,qddgKe,sTsDMc,dtl0hd,eHDfl,YV5bee,d,csi:942
xra @ VM3562 m=cdos,cr,hsm,jsa,mb4ZUb,cEt90b,SNUn3,qddgKe,sTsDMc,dtl0hd,eHDfl,YV5bee,d,csi:927
_.Sg @ VM3562 m=cdos,cr,hsm,jsa,mb4ZUb,cEt90b,SNUn3,qddgKe,sTsDMc,dtl0hd,eHDfl,YV5bee,d,csi:288
trigger @ VM3562 m=cdos,cr,hsm,jsa,mb4ZUb,cEt90b,SNUn3,qddgKe,sTsDMc,dtl0hd,eHDfl,YV5bee,d,csi:819
y0d @ VM3562 m=cdos,cr,hsm,jsa,mb4ZUb,cEt90b,SNUn3,qddgKe,sTsDMc,dtl0hd,eHDfl,YV5bee,d,csi:2142
onInput @ VM3562 m=cdos,cr,hsm,jsa,mb4ZUb,cEt90b,SNUn3,qddgKe,sTsDMc,dtl0hd,eHDfl,YV5bee,d,csi:2147
(anonymous) @ VM3562 m=cdos,cr,hsm,jsa,mb4ZUb,cEt90b,SNUn3,qddgKe,sTsDMc,dtl0hd,eHDfl,YV5bee,d,csi:938
map @ VM3562 m=cdos,cr,hsm,jsa,mb4ZUb,cEt90b,SNUn3,qddgKe,sTsDMc,dtl0hd,eHDfl,YV5bee,d,csi:724
sXa @ VM3562 m=cdos,cr,hsm,jsa,mb4ZUb,cEt90b,SNUn3,qddgKe,sTsDMc,dtl0hd,eHDfl,YV5bee,d,csi:938
(anonymous) @ VM3562 m=cdos,cr,hsm,jsa,mb4ZUb,cEt90b,SNUn3,qddgKe,sTsDMc,dtl0hd,eHDfl,YV5bee,d,csi:935
flatMap @ VM3562 m=cdos,cr,hsm,jsa,mb4ZUb,cEt90b,SNUn3,qddgKe,sTsDMc,dtl0hd,eHDfl,YV5bee,d,csi:724
(anonymous) @ VM3562 m=cdos,cr,hsm,jsa,mb4ZUb,cEt90b,SNUn3,qddgKe,sTsDMc,dtl0hd,eHDfl,YV5bee,d,csi:935
flatMap @ VM3562 m=cdos,cr,hsm,jsa,mb4ZUb,cEt90b,SNUn3,qddgKe,sTsDMc,dtl0hd,eHDfl,YV5bee,d,csi:724
(anonymous) @ VM3562 m=cdos,cr,hsm,jsa,mb4ZUb,cEt90b,SNUn3,qddgKe,sTsDMc,dtl0hd,eHDfl,YV5bee,d,csi:935
b.run @ VM3562 m=cdos,cr,hsm,jsa,mb4ZUb,cEt90b,SNUn3,qddgKe,sTsDMc,dtl0hd,eHDfl,YV5bee,d,csi:418
run @ VM3562 m=cdos,cr,hsm,jsa,mb4ZUb,cEt90b,SNUn3,qddgKe,sTsDMc,dtl0hd,eHDfl,YV5bee,d,csi:921
enter @ VM3562 m=cdos,cr,hsm,jsa,mb4ZUb,cEt90b,SNUn3,qddgKe,sTsDMc,dtl0hd,eHDfl,YV5bee,d,csi:923
(anonymous) @ VM3562 m=cdos,cr,hsm,jsa,mb4ZUb,cEt90b,SNUn3,qddgKe,sTsDMc,dtl0hd,eHDfl,YV5bee,d,csi:385
nXa @ VM3562 m=cdos,cr,hsm,jsa,mb4ZUb,cEt90b,SNUn3,qddgKe,sTsDMc,dtl0hd,eHDfl,YV5bee,d,csi:935
oXa @ VM3562 m=cdos,cr,hsm,jsa,mb4ZUb,cEt90b,SNUn3,qddgKe,sTsDMc,dtl0hd,eHDfl,YV5bee,d,csi:933
(anonymous) @ VM3562 m=cdos,cr,hsm,jsa,mb4ZUb,cEt90b,SNUn3,qddgKe,sTsDMc,dtl0hd,eHDfl,YV5bee,d,csi:943
OWa.qM.MWa.MCa @ VM3562 m=cdos,cr,hsm,jsa,mb4ZUb,cEt90b,SNUn3,qddgKe,sTsDMc,dtl0hd,eHDfl,YV5bee,d,csi:920
dispatch @ VM3562 m=cdos,cr,hsm,jsa,mb4ZUb,cEt90b,SNUn3,qddgKe,sTsDMc,dtl0hd,eHDfl,YV5bee,d,csi:920
dispatch @ VM3562 m=cdos,cr,hsm,jsa,mb4ZUb,cEt90b,SNUn3,qddgKe,sTsDMc,dtl0hd,eHDfl,YV5bee,d,csi:921
(anonymous) @ VM3562 m=cdos,cr,hsm,jsa,mb4ZUb,cEt90b,SNUn3,qddgKe,sTsDMc,dtl0hd,eHDfl,YV5bee,d,csi:380
F @ sj-proxy?url=https%3A%2F%2Fgoogle.com:18
E.handleEvent @ sj-proxy?url=https%3A%2F%2Fgoogle.com:18
f @ sj-proxy?url=https%3A%2F%2Fgoogle.com:18
(anonymous) @ sj-proxy?url=https%3A%2F%2Fgoogle.com:18
sj-proxy?url=https%3A%2F%2Fgoogle.com:1 Access to XMLHttpRequest at 'https://play.google.com/log?format=json&hasfast=true' from origin 'http://localhost:8080' has been blocked by CORS policy: The 'Access-Control-Allow-Origin' header has a value 'http://play.google.com' that is not equal to the supplied origin.
VM3562 m=cdos,cr,hsm,jsa,mb4ZUb,cEt90b,SNUn3,qddgKe,sTsDMc,dtl0hd,eHDfl,YV5bee,d,csi:422  POST https://play.google.com/log?format=json&hasfast=true net::ERR_FAILED 200 (OK)
(anonymous) @ VM3562 m=cdos,cr,hsm,jsa,mb4ZUb,cEt90b,SNUn3,qddgKe,sTsDMc,dtl0hd,eHDfl,YV5bee,d,csi:422
_.rh.send @ VM3565 rs=AA2YrTsQS372_IBtlHypMBVngIiWg5aPdw:120
_.vh @ VM3565 rs=AA2YrTsQS372_IBtlHypMBVngIiWg5aPdw:117
send @ VM3565 rs=AA2YrTsQS372_IBtlHypMBVngIiWg5aPdw:123
m @ VM3565 rs=AA2YrTsQS372_IBtlHypMBVngIiWg5aPdw:102
flush @ VM3565 rs=AA2YrTsQS372_IBtlHypMBVngIiWg5aPdw:102
c @ VM3565 rs=AA2YrTsQS372_IBtlHypMBVngIiWg5aPdw:90
sf @ VM3565 rs=AA2YrTsQS372_IBtlHypMBVngIiWg5aPdw:82
(anonymous) @ VM3565 rs=AA2YrTsQS372_IBtlHypMBVngIiWg5aPdw:82
(anonymous) @ VM3562 m=cdos,cr,hsm,jsa,mb4ZUb,cEt90b,SNUn3,qddgKe,sTsDMc,dtl0hd,eHDfl,YV5bee,d,csi:406
setTimeout
setTimeout @ VM3562 m=cdos,cr,hsm,jsa,mb4ZUb,cEt90b,SNUn3,qddgKe,sTsDMc,dtl0hd,eHDfl,YV5bee,d,csi:420
start @ VM3565 rs=AA2YrTsQS372_IBtlHypMBVngIiWg5aPdw:82
l @ VM3565 rs=AA2YrTsQS372_IBtlHypMBVngIiWg5aPdw:101
(anonymous) @ VM3565 rs=AA2YrTsQS372_IBtlHypMBVngIiWg5aPdw:123
nh @ VM3565 rs=AA2YrTsQS372_IBtlHypMBVngIiWg5aPdw:117
_.p.dispatchEvent @ VM3565 rs=AA2YrTsQS372_IBtlHypMBVngIiWg5aPdw:115
xh @ VM3565 rs=AA2YrTsQS372_IBtlHypMBVngIiWg5aPdw:120
zh @ VM3565 rs=AA2YrTsQS372_IBtlHypMBVngIiWg5aPdw:122
_.rh.P @ VM3565 rs=AA2YrTsQS372_IBtlHypMBVngIiWg5aPdw:121
_.rh.M @ VM3565 rs=AA2YrTsQS372_IBtlHypMBVngIiWg5aPdw:121
XMLHttpRequest.send
(anonymous) @ VM3562 m=cdos,cr,hsm,jsa,mb4ZUb,cEt90b,SNUn3,qddgKe,sTsDMc,dtl0hd,eHDfl,YV5bee,d,csi:422
_.rh.send @ VM3565 rs=AA2YrTsQS372_IBtlHypMBVngIiWg5aPdw:120
_.vh @ VM3565 rs=AA2YrTsQS372_IBtlHypMBVngIiWg5aPdw:117
send @ VM3565 rs=AA2YrTsQS372_IBtlHypMBVngIiWg5aPdw:123
m @ VM3565 rs=AA2YrTsQS372_IBtlHypMBVngIiWg5aPdw:102
flush @ VM3565 rs=AA2YrTsQS372_IBtlHypMBVngIiWg5aPdw:102
c @ VM3565 rs=AA2YrTsQS372_IBtlHypMBVngIiWg5aPdw:90
sf @ VM3565 rs=AA2YrTsQS372_IBtlHypMBVngIiWg5aPdw:82
(anonymous) @ VM3565 rs=AA2YrTsQS372_IBtlHypMBVngIiWg5aPdw:82
setTimeout
start @ VM3565 rs=AA2YrTsQS372_IBtlHypMBVngIiWg5aPdw:82
log @ VM3565 rs=AA2YrTsQS372_IBtlHypMBVngIiWg5aPdw:99
_.wg @ VM3565 rs=AA2YrTsQS372_IBtlHypMBVngIiWg5aPdw:91
log @ VM3565 rs=AA2YrTsQS372_IBtlHypMBVngIiWg5aPdw:126
_.gj @ VM3565 rs=AA2YrTsQS372_IBtlHypMBVngIiWg5aPdw:166
_.Ph @ VM3565 rs=AA2YrTsQS372_IBtlHypMBVngIiWg5aPdw:128
i @ VM3565 rs=AA2YrTsQS372_IBtlHypMBVngIiWg5aPdw:166
_.hj @ VM3565 rs=AA2YrTsQS372_IBtlHypMBVngIiWg5aPdw:166
(anonymous) @ VM3565 rs=AA2YrTsQS372_IBtlHypMBVngIiWg5aPdw:166
(anonymous) @ VM3565 rs=AA2YrTsQS372_IBtlHypMBVngIiWg5aPdw:572
sj-proxy?url=https%3A%2F%2Fgoogle.com:1 Access to XMLHttpRequest at 'https://google.com/complete/s?q=dailymo&cp=7&client=gws-wiz&xssi=t&gs_pcrt=undefined&hl=en&authuser=0&psi=-MA0au3PF5Ly0PEPwr-cgAU.1781842168574&dpr=1' from origin 'http://localhost:8080' has been blocked by CORS policy: No 'Access-Control-Allow-Origin' header is present on the requested resource.
VM3562 m=cdos,cr,hsm,jsa,mb4ZUb,cEt90b,SNUn3,qddgKe,sTsDMc,dtl0hd,eHDfl,YV5bee,d,csi:422  GET https://google.com/complete/s?q=dailymo&cp=7&client=gws-wiz&xssi=t&gs_pcrt=undefined&hl=en&authuser=0&psi=-MA0au3PF5Ly0PEPwr-cgAU.1781842168574&dpr=1 net::ERR_FAILED 200 (OK)
(anonymous) @ VM3562 m=cdos,cr,hsm,jsa,mb4ZUb,cEt90b,SNUn3,qddgKe,sTsDMc,dtl0hd,eHDfl,YV5bee,d,csi:422
_.aa.send @ VM3562 m=cdos,cr,hsm,jsa,mb4ZUb,cEt90b,SNUn3,qddgKe,sTsDMc,dtl0hd,eHDfl,YV5bee,d,csi:991
(anonymous) @ VM3562 m=cdos,cr,hsm,jsa,mb4ZUb,cEt90b,SNUn3,qddgKe,sTsDMc,dtl0hd,eHDfl,YV5bee,d,csi:2472
Oa @ VM3562 m=cdos,cr,hsm,jsa,mb4ZUb,cEt90b,SNUn3,qddgKe,sTsDMc,dtl0hd,eHDfl,YV5bee,d,csi:2471
p7d @ VM3562 m=cdos,cr,hsm,jsa,mb4ZUb,cEt90b,SNUn3,qddgKe,sTsDMc,dtl0hd,eHDfl,YV5bee,d,csi:2465
uH @ VM3562 m=cdos,cr,hsm,jsa,mb4ZUb,cEt90b,SNUn3,qddgKe,sTsDMc,dtl0hd,eHDfl,YV5bee,d,csi:2471
uH @ VM3562 m=cdos,cr,hsm,jsa,mb4ZUb,cEt90b,SNUn3,qddgKe,sTsDMc,dtl0hd,eHDfl,YV5bee,d,csi:2620
d$d @ VM3562 m=cdos,cr,hsm,jsa,mb4ZUb,cEt90b,SNUn3,qddgKe,sTsDMc,dtl0hd,eHDfl,YV5bee,d,csi:2600
Bb @ VM3562 m=cdos,cr,hsm,jsa,mb4ZUb,cEt90b,SNUn3,qddgKe,sTsDMc,dtl0hd,eHDfl,YV5bee,d,csi:2621
(anonymous) @ VM3562 m=cdos,cr,hsm,jsa,mb4ZUb,cEt90b,SNUn3,qddgKe,sTsDMc,dtl0hd,eHDfl,YV5bee,d,csi:938
map @ VM3562 m=cdos,cr,hsm,jsa,mb4ZUb,cEt90b,SNUn3,qddgKe,sTsDMc,dtl0hd,eHDfl,YV5bee,d,csi:724
sXa @ VM3562 m=cdos,cr,hsm,jsa,mb4ZUb,cEt90b,SNUn3,qddgKe,sTsDMc,dtl0hd,eHDfl,YV5bee,d,csi:938
(anonymous) @ VM3562 m=cdos,cr,hsm,jsa,mb4ZUb,cEt90b,SNUn3,qddgKe,sTsDMc,dtl0hd,eHDfl,YV5bee,d,csi:935
flatMap @ VM3562 m=cdos,cr,hsm,jsa,mb4ZUb,cEt90b,SNUn3,qddgKe,sTsDMc,dtl0hd,eHDfl,YV5bee,d,csi:724
(anonymous) @ VM3562 m=cdos,cr,hsm,jsa,mb4ZUb,cEt90b,SNUn3,qddgKe,sTsDMc,dtl0hd,eHDfl,YV5bee,d,csi:935
flatMap @ VM3562 m=cdos,cr,hsm,jsa,mb4ZUb,cEt90b,SNUn3,qddgKe,sTsDMc,dtl0hd,eHDfl,YV5bee,d,csi:724
(anonymous) @ VM3562 m=cdos,cr,hsm,jsa,mb4ZUb,cEt90b,SNUn3,qddgKe,sTsDMc,dtl0hd,eHDfl,YV5bee,d,csi:935
b.run @ VM3562 m=cdos,cr,hsm,jsa,mb4ZUb,cEt90b,SNUn3,qddgKe,sTsDMc,dtl0hd,eHDfl,YV5bee,d,csi:418
run @ VM3562 m=cdos,cr,hsm,jsa,mb4ZUb,cEt90b,SNUn3,qddgKe,sTsDMc,dtl0hd,eHDfl,YV5bee,d,csi:921
enter @ VM3562 m=cdos,cr,hsm,jsa,mb4ZUb,cEt90b,SNUn3,qddgKe,sTsDMc,dtl0hd,eHDfl,YV5bee,d,csi:923
qya @ VM3562 m=cdos,cr,hsm,jsa,mb4ZUb,cEt90b,SNUn3,qddgKe,sTsDMc,dtl0hd,eHDfl,YV5bee,d,csi:383
(anonymous) @ VM3562 m=cdos,cr,hsm,jsa,mb4ZUb,cEt90b,SNUn3,qddgKe,sTsDMc,dtl0hd,eHDfl,YV5bee,d,csi:385
nXa @ VM3562 m=cdos,cr,hsm,jsa,mb4ZUb,cEt90b,SNUn3,qddgKe,sTsDMc,dtl0hd,eHDfl,YV5bee,d,csi:935
oXa @ VM3562 m=cdos,cr,hsm,jsa,mb4ZUb,cEt90b,SNUn3,qddgKe,sTsDMc,dtl0hd,eHDfl,YV5bee,d,csi:933
(anonymous) @ VM3562 m=cdos,cr,hsm,jsa,mb4ZUb,cEt90b,SNUn3,qddgKe,sTsDMc,dtl0hd,eHDfl,YV5bee,d,csi:943
OWa.qM.MWa.MCa @ VM3562 m=cdos,cr,hsm,jsa,mb4ZUb,cEt90b,SNUn3,qddgKe,sTsDMc,dtl0hd,eHDfl,YV5bee,d,csi:920
dispatch @ VM3562 m=cdos,cr,hsm,jsa,mb4ZUb,cEt90b,SNUn3,qddgKe,sTsDMc,dtl0hd,eHDfl,YV5bee,d,csi:920
dispatch @ VM3562 m=cdos,cr,hsm,jsa,mb4ZUb,cEt90b,SNUn3,qddgKe,sTsDMc,dtl0hd,eHDfl,YV5bee,d,csi:921
(anonymous) @ VM3562 m=cdos,cr,hsm,jsa,mb4ZUb,cEt90b,SNUn3,qddgKe,sTsDMc,dtl0hd,eHDfl,YV5bee,d,csi:380
F @ sj-proxy?url=https%3A%2F%2Fgoogle.com:18
E.handleEvent @ sj-proxy?url=https%3A%2F%2Fgoogle.com:18
f @ sj-proxy?url=https%3A%2F%2Fgoogle.com:18
trigger @ sj-proxy?url=https%3A%2F%2Fgoogle.com:18
trigger @ VM3562 m=cdos,cr,hsm,jsa,mb4ZUb,cEt90b,SNUn3,qddgKe,sTsDMc,dtl0hd,eHDfl,YV5bee,d,csi:942
xra @ VM3562 m=cdos,cr,hsm,jsa,mb4ZUb,cEt90b,SNUn3,qddgKe,sTsDMc,dtl0hd,eHDfl,YV5bee,d,csi:927
_.Sg @ VM3562 m=cdos,cr,hsm,jsa,mb4ZUb,cEt90b,SNUn3,qddgKe,sTsDMc,dtl0hd,eHDfl,YV5bee,d,csi:288
trigger @ VM3562 m=cdos,cr,hsm,jsa,mb4ZUb,cEt90b,SNUn3,qddgKe,sTsDMc,dtl0hd,eHDfl,YV5bee,d,csi:819
y0d @ VM3562 m=cdos,cr,hsm,jsa,mb4ZUb,cEt90b,SNUn3,qddgKe,sTsDMc,dtl0hd,eHDfl,YV5bee,d,csi:2142
onInput @ VM3562 m=cdos,cr,hsm,jsa,mb4ZUb,cEt90b,SNUn3,qddgKe,sTsDMc,dtl0hd,eHDfl,YV5bee,d,csi:2147
(anonymous) @ VM3562 m=cdos,cr,hsm,jsa,mb4ZUb,cEt90b,SNUn3,qddgKe,sTsDMc,dtl0hd,eHDfl,YV5bee,d,csi:938
map @ VM3562 m=cdos,cr,hsm,jsa,mb4ZUb,cEt90b,SNUn3,qddgKe,sTsDMc,dtl0hd,eHDfl,YV5bee,d,csi:724
sXa @ VM3562 m=cdos,cr,hsm,jsa,mb4ZUb,cEt90b,SNUn3,qddgKe,sTsDMc,dtl0hd,eHDfl,YV5bee,d,csi:938
(anonymous) @ VM3562 m=cdos,cr,hsm,jsa,mb4ZUb,cEt90b,SNUn3,qddgKe,sTsDMc,dtl0hd,eHDfl,YV5bee,d,csi:935
flatMap @ VM3562 m=cdos,cr,hsm,jsa,mb4ZUb,cEt90b,SNUn3,qddgKe,sTsDMc,dtl0hd,eHDfl,YV5bee,d,csi:724
(anonymous) @ VM3562 m=cdos,cr,hsm,jsa,mb4ZUb,cEt90b,SNUn3,qddgKe,sTsDMc,dtl0hd,eHDfl,YV5bee,d,csi:935
flatMap @ VM3562 m=cdos,cr,hsm,jsa,mb4ZUb,cEt90b,SNUn3,qddgKe,sTsDMc,dtl0hd,eHDfl,YV5bee,d,csi:724
(anonymous) @ VM3562 m=cdos,cr,hsm,jsa,mb4ZUb,cEt90b,SNUn3,qddgKe,sTsDMc,dtl0hd,eHDfl,YV5bee,d,csi:935
b.run @ VM3562 m=cdos,cr,hsm,jsa,mb4ZUb,cEt90b,SNUn3,qddgKe,sTsDMc,dtl0hd,eHDfl,YV5bee,d,csi:418
run @ VM3562 m=cdos,cr,hsm,jsa,mb4ZUb,cEt90b,SNUn3,qddgKe,sTsDMc,dtl0hd,eHDfl,YV5bee,d,csi:921
enter @ VM3562 m=cdos,cr,hsm,jsa,mb4ZUb,cEt90b,SNUn3,qddgKe,sTsDMc,dtl0hd,eHDfl,YV5bee,d,csi:923
(anonymous) @ VM3562 m=cdos,cr,hsm,jsa,mb4ZUb,cEt90b,SNUn3,qddgKe,sTsDMc,dtl0hd,eHDfl,YV5bee,d,csi:385
nXa @ VM3562 m=cdos,cr,hsm,jsa,mb4ZUb,cEt90b,SNUn3,qddgKe,sTsDMc,dtl0hd,eHDfl,YV5bee,d,csi:935
oXa @ VM3562 m=cdos,cr,hsm,jsa,mb4ZUb,cEt90b,SNUn3,qddgKe,sTsDMc,dtl0hd,eHDfl,YV5bee,d,csi:933
(anonymous) @ VM3562 m=cdos,cr,hsm,jsa,mb4ZUb,cEt90b,SNUn3,qddgKe,sTsDMc,dtl0hd,eHDfl,YV5bee,d,csi:943
OWa.qM.MWa.MCa @ VM3562 m=cdos,cr,hsm,jsa,mb4ZUb,cEt90b,SNUn3,qddgKe,sTsDMc,dtl0hd,eHDfl,YV5bee,d,csi:920
dispatch @ VM3562 m=cdos,cr,hsm,jsa,mb4ZUb,cEt90b,SNUn3,qddgKe,sTsDMc,dtl0hd,eHDfl,YV5bee,d,csi:920
dispatch @ VM3562 m=cdos,cr,hsm,jsa,mb4ZUb,cEt90b,SNUn3,qddgKe,sTsDMc,dtl0hd,eHDfl,YV5bee,d,csi:921
(anonymous) @ VM3562 m=cdos,cr,hsm,jsa,mb4ZUb,cEt90b,SNUn3,qddgKe,sTsDMc,dtl0hd,eHDfl,YV5bee,d,csi:380
F @ sj-proxy?url=https%3A%2F%2Fgoogle.com:18
E.handleEvent @ sj-proxy?url=https%3A%2F%2Fgoogle.com:18
f @ sj-proxy?url=https%3A%2F%2Fgoogle.com:18
(anonymous) @ sj-proxy?url=https%3A%2F%2Fgoogle.com:18
sj-proxy?url=https%3A%2F%2Fgoogle.com:1 Access to XMLHttpRequest at 'https://google.com/complete/s?q=dailymot&cp=8&client=gws-wiz&xssi=t&gs_pcrt=undefined&hl=en&authuser=0&psi=-MA0au3PF5Ly0PEPwr-cgAU.1781842168574&dpr=1' from origin 'http://localhost:8080' has been blocked by CORS policy: No 'Access-Control-Allow-Origin' header is present on the requested resource.
VM3562 m=cdos,cr,hsm,jsa,mb4ZUb,cEt90b,SNUn3,qddgKe,sTsDMc,dtl0hd,eHDfl,YV5bee,d,csi:422  GET https://google.com/complete/s?q=dailymot&cp=8&client=gws-wiz&xssi=t&gs_pcrt=undefined&hl=en&authuser=0&psi=-MA0au3PF5Ly0PEPwr-cgAU.1781842168574&dpr=1 net::ERR_FAILED 200 (OK)
(anonymous) @ VM3562 m=cdos,cr,hsm,jsa,mb4ZUb,cEt90b,SNUn3,qddgKe,sTsDMc,dtl0hd,eHDfl,YV5bee,d,csi:422
_.aa.send @ VM3562 m=cdos,cr,hsm,jsa,mb4ZUb,cEt90b,SNUn3,qddgKe,sTsDMc,dtl0hd,eHDfl,YV5bee,d,csi:991
(anonymous) @ VM3562 m=cdos,cr,hsm,jsa,mb4ZUb,cEt90b,SNUn3,qddgKe,sTsDMc,dtl0hd,eHDfl,YV5bee,d,csi:2472
Oa @ VM3562 m=cdos,cr,hsm,jsa,mb4ZUb,cEt90b,SNUn3,qddgKe,sTsDMc,dtl0hd,eHDfl,YV5bee,d,csi:2471
p7d @ VM3562 m=cdos,cr,hsm,jsa,mb4ZUb,cEt90b,SNUn3,qddgKe,sTsDMc,dtl0hd,eHDfl,YV5bee,d,csi:2465
uH @ VM3562 m=cdos,cr,hsm,jsa,mb4ZUb,cEt90b,SNUn3,qddgKe,sTsDMc,dtl0hd,eHDfl,YV5bee,d,csi:2471
uH @ VM3562 m=cdos,cr,hsm,jsa,mb4ZUb,cEt90b,SNUn3,qddgKe,sTsDMc,dtl0hd,eHDfl,YV5bee,d,csi:2620
d$d @ VM3562 m=cdos,cr,hsm,jsa,mb4ZUb,cEt90b,SNUn3,qddgKe,sTsDMc,dtl0hd,eHDfl,YV5bee,d,csi:2600
Bb @ VM3562 m=cdos,cr,hsm,jsa,mb4ZUb,cEt90b,SNUn3,qddgKe,sTsDMc,dtl0hd,eHDfl,YV5bee,d,csi:2621
(anonymous) @ VM3562 m=cdos,cr,hsm,jsa,mb4ZUb,cEt90b,SNUn3,qddgKe,sTsDMc,dtl0hd,eHDfl,YV5bee,d,csi:938
map @ VM3562 m=cdos,cr,hsm,jsa,mb4ZUb,cEt90b,SNUn3,qddgKe,sTsDMc,dtl0hd,eHDfl,YV5bee,d,csi:724
sXa @ VM3562 m=cdos,cr,hsm,jsa,mb4ZUb,cEt90b,SNUn3,qddgKe,sTsDMc,dtl0hd,eHDfl,YV5bee,d,csi:938
(anonymous) @ VM3562 m=cdos,cr,hsm,jsa,mb4ZUb,cEt90b,SNUn3,qddgKe,sTsDMc,dtl0hd,eHDfl,YV5bee,d,csi:935
flatMap @ VM3562 m=cdos,cr,hsm,jsa,mb4ZUb,cEt90b,SNUn3,qddgKe,sTsDMc,dtl0hd,eHDfl,YV5bee,d,csi:724
(anonymous) @ VM3562 m=cdos,cr,hsm,jsa,mb4ZUb,cEt90b,SNUn3,qddgKe,sTsDMc,dtl0hd,eHDfl,YV5bee,d,csi:935
flatMap @ VM3562 m=cdos,cr,hsm,jsa,mb4ZUb,cEt90b,SNUn3,qddgKe,sTsDMc,dtl0hd,eHDfl,YV5bee,d,csi:724
(anonymous) @ VM3562 m=cdos,cr,hsm,jsa,mb4ZUb,cEt90b,SNUn3,qddgKe,sTsDMc,dtl0hd,eHDfl,YV5bee,d,csi:935
b.run @ VM3562 m=cdos,cr,hsm,jsa,mb4ZUb,cEt90b,SNUn3,qddgKe,sTsDMc,dtl0hd,eHDfl,YV5bee,d,csi:418
run @ VM3562 m=cdos,cr,hsm,jsa,mb4ZUb,cEt90b,SNUn3,qddgKe,sTsDMc,dtl0hd,eHDfl,YV5bee,d,csi:921
enter @ VM3562 m=cdos,cr,hsm,jsa,mb4ZUb,cEt90b,SNUn3,qddgKe,sTsDMc,dtl0hd,eHDfl,YV5bee,d,csi:923
qya @ VM3562 m=cdos,cr,hsm,jsa,mb4ZUb,cEt90b,SNUn3,qddgKe,sTsDMc,dtl0hd,eHDfl,YV5bee,d,csi:383
(anonymous) @ VM3562 m=cdos,cr,hsm,jsa,mb4ZUb,cEt90b,SNUn3,qddgKe,sTsDMc,dtl0hd,eHDfl,YV5bee,d,csi:385
nXa @ VM3562 m=cdos,cr,hsm,jsa,mb4ZUb,cEt90b,SNUn3,qddgKe,sTsDMc,dtl0hd,eHDfl,YV5bee,d,csi:935
oXa @ VM3562 m=cdos,cr,hsm,jsa,mb4ZUb,cEt90b,SNUn3,qddgKe,sTsDMc,dtl0hd,eHDfl,YV5bee,d,csi:933
(anonymous) @ VM3562 m=cdos,cr,hsm,jsa,mb4ZUb,cEt90b,SNUn3,qddgKe,sTsDMc,dtl0hd,eHDfl,YV5bee,d,csi:943
OWa.qM.MWa.MCa @ VM3562 m=cdos,cr,hsm,jsa,mb4ZUb,cEt90b,SNUn3,qddgKe,sTsDMc,dtl0hd,eHDfl,YV5bee,d,csi:920
dispatch @ VM3562 m=cdos,cr,hsm,jsa,mb4ZUb,cEt90b,SNUn3,qddgKe,sTsDMc,dtl0hd,eHDfl,YV5bee,d,csi:920
dispatch @ VM3562 m=cdos,cr,hsm,jsa,mb4ZUb,cEt90b,SNUn3,qddgKe,sTsDMc,dtl0hd,eHDfl,YV5bee,d,csi:921
(anonymous) @ VM3562 m=cdos,cr,hsm,jsa,mb4ZUb,cEt90b,SNUn3,qddgKe,sTsDMc,dtl0hd,eHDfl,YV5bee,d,csi:380
F @ sj-proxy?url=https%3A%2F%2Fgoogle.com:18
E.handleEvent @ sj-proxy?url=https%3A%2F%2Fgoogle.com:18
f @ sj-proxy?url=https%3A%2F%2Fgoogle.com:18
trigger @ sj-proxy?url=https%3A%2F%2Fgoogle.com:18
trigger @ VM3562 m=cdos,cr,hsm,jsa,mb4ZUb,cEt90b,SNUn3,qddgKe,sTsDMc,dtl0hd,eHDfl,YV5bee,d,csi:942
xra @ VM3562 m=cdos,cr,hsm,jsa,mb4ZUb,cEt90b,SNUn3,qddgKe,sTsDMc,dtl0hd,eHDfl,YV5bee,d,csi:927
_.Sg @ VM3562 m=cdos,cr,hsm,jsa,mb4ZUb,cEt90b,SNUn3,qddgKe,sTsDMc,dtl0hd,eHDfl,YV5bee,d,csi:288
trigger @ VM3562 m=cdos,cr,hsm,jsa,mb4ZUb,cEt90b,SNUn3,qddgKe,sTsDMc,dtl0hd,eHDfl,YV5bee,d,csi:819
y0d @ VM3562 m=cdos,cr,hsm,jsa,mb4ZUb,cEt90b,SNUn3,qddgKe,sTsDMc,dtl0hd,eHDfl,YV5bee,d,csi:2142
onInput @ VM3562 m=cdos,cr,hsm,jsa,mb4ZUb,cEt90b,SNUn3,qddgKe,sTsDMc,dtl0hd,eHDfl,YV5bee,d,csi:2147
(anonymous) @ VM3562 m=cdos,cr,hsm,jsa,mb4ZUb,cEt90b,SNUn3,qddgKe,sTsDMc,dtl0hd,eHDfl,YV5bee,d,csi:938
map @ VM3562 m=cdos,cr,hsm,jsa,mb4ZUb,cEt90b,SNUn3,qddgKe,sTsDMc,dtl0hd,eHDfl,YV5bee,d,csi:724
sXa @ VM3562 m=cdos,cr,hsm,jsa,mb4ZUb,cEt90b,SNUn3,qddgKe,sTsDMc,dtl0hd,eHDfl,YV5bee,d,csi:938
(anonymous) @ VM3562 m=cdos,cr,hsm,jsa,mb4ZUb,cEt90b,SNUn3,qddgKe,sTsDMc,dtl0hd,eHDfl,YV5bee,d,csi:935
flatMap @ VM3562 m=cdos,cr,hsm,jsa,mb4ZUb,cEt90b,SNUn3,qddgKe,sTsDMc,dtl0hd,eHDfl,YV5bee,d,csi:724
(anonymous) @ VM3562 m=cdos,cr,hsm,jsa,mb4ZUb,cEt90b,SNUn3,qddgKe,sTsDMc,dtl0hd,eHDfl,YV5bee,d,csi:935
flatMap @ VM3562 m=cdos,cr,hsm,jsa,mb4ZUb,cEt90b,SNUn3,qddgKe,sTsDMc,dtl0hd,eHDfl,YV5bee,d,csi:724
(anonymous) @ VM3562 m=cdos,cr,hsm,jsa,mb4ZUb,cEt90b,SNUn3,qddgKe,sTsDMc,dtl0hd,eHDfl,YV5bee,d,csi:935
b.run @ VM3562 m=cdos,cr,hsm,jsa,mb4ZUb,cEt90b,SNUn3,qddgKe,sTsDMc,dtl0hd,eHDfl,YV5bee,d,csi:418
run @ VM3562 m=cdos,cr,hsm,jsa,mb4ZUb,cEt90b,SNUn3,qddgKe,sTsDMc,dtl0hd,eHDfl,YV5bee,d,csi:921
enter @ VM3562 m=cdos,cr,hsm,jsa,mb4ZUb,cEt90b,SNUn3,qddgKe,sTsDMc,dtl0hd,eHDfl,YV5bee,d,csi:923
(anonymous) @ VM3562 m=cdos,cr,hsm,jsa,mb4ZUb,cEt90b,SNUn3,qddgKe,sTsDMc,dtl0hd,eHDfl,YV5bee,d,csi:385
nXa @ VM3562 m=cdos,cr,hsm,jsa,mb4ZUb,cEt90b,SNUn3,qddgKe,sTsDMc,dtl0hd,eHDfl,YV5bee,d,csi:935
oXa @ VM3562 m=cdos,cr,hsm,jsa,mb4ZUb,cEt90b,SNUn3,qddgKe,sTsDMc,dtl0hd,eHDfl,YV5bee,d,csi:933
(anonymous) @ VM3562 m=cdos,cr,hsm,jsa,mb4ZUb,cEt90b,SNUn3,qddgKe,sTsDMc,dtl0hd,eHDfl,YV5bee,d,csi:943
OWa.qM.MWa.MCa @ VM3562 m=cdos,cr,hsm,jsa,mb4ZUb,cEt90b,SNUn3,qddgKe,sTsDMc,dtl0hd,eHDfl,YV5bee,d,csi:920
dispatch @ VM3562 m=cdos,cr,hsm,jsa,mb4ZUb,cEt90b,SNUn3,qddgKe,sTsDMc,dtl0hd,eHDfl,YV5bee,d,csi:920
dispatch @ VM3562 m=cdos,cr,hsm,jsa,mb4ZUb,cEt90b,SNUn3,qddgKe,sTsDMc,dtl0hd,eHDfl,YV5bee,d,csi:921
(anonymous) @ VM3562 m=cdos,cr,hsm,jsa,mb4ZUb,cEt90b,SNUn3,qddgKe,sTsDMc,dtl0hd,eHDfl,YV5bee,d,csi:380
F @ sj-proxy?url=https%3A%2F%2Fgoogle.com:18
E.handleEvent @ sj-proxy?url=https%3A%2F%2Fgoogle.com:18
f @ sj-proxy?url=https%3A%2F%2Fgoogle.com:18
(anonymous) @ sj-proxy?url=https%3A%2F%2Fgoogle.com:18
sj-proxy?url=https%3A%2F%2Fgoogle.com:1 Access to XMLHttpRequest at 'https://google.com/complete/s?q=dailymoti&cp=9&client=gws-wiz&xssi=t&gs_pcrt=undefined&hl=en&authuser=0&psi=-MA0au3PF5Ly0PEPwr-cgAU.1781842168574&dpr=1' from origin 'http://localhost:8080' has been blocked by CORS policy: No 'Access-Control-Allow-Origin' header is present on the requested resource.
VM3562 m=cdos,cr,hsm,jsa,mb4ZUb,cEt90b,SNUn3,qddgKe,sTsDMc,dtl0hd,eHDfl,YV5bee,d,csi:422  GET https://google.com/complete/s?q=dailymoti&cp=9&client=gws-wiz&xssi=t&gs_pcrt=undefined&hl=en&authuser=0&psi=-MA0au3PF5Ly0PEPwr-cgAU.1781842168574&dpr=1 net::ERR_FAILED 200 (OK)
(anonymous) @ VM3562 m=cdos,cr,hsm,jsa,mb4ZUb,cEt90b,SNUn3,qddgKe,sTsDMc,dtl0hd,eHDfl,YV5bee,d,csi:422
_.aa.send @ VM3562 m=cdos,cr,hsm,jsa,mb4ZUb,cEt90b,SNUn3,qddgKe,sTsDMc,dtl0hd,eHDfl,YV5bee,d,csi:991
(anonymous) @ VM3562 m=cdos,cr,hsm,jsa,mb4ZUb,cEt90b,SNUn3,qddgKe,sTsDMc,dtl0hd,eHDfl,YV5bee,d,csi:2472
Oa @ VM3562 m=cdos,cr,hsm,jsa,mb4ZUb,cEt90b,SNUn3,qddgKe,sTsDMc,dtl0hd,eHDfl,YV5bee,d,csi:2471
p7d @ VM3562 m=cdos,cr,hsm,jsa,mb4ZUb,cEt90b,SNUn3,qddgKe,sTsDMc,dtl0hd,eHDfl,YV5bee,d,csi:2465
uH @ VM3562 m=cdos,cr,hsm,jsa,mb4ZUb,cEt90b,SNUn3,qddgKe,sTsDMc,dtl0hd,eHDfl,YV5bee,d,csi:2471
uH @ VM3562 m=cdos,cr,hsm,jsa,mb4ZUb,cEt90b,SNUn3,qddgKe,sTsDMc,dtl0hd,eHDfl,YV5bee,d,csi:2620
d$d @ VM3562 m=cdos,cr,hsm,jsa,mb4ZUb,cEt90b,SNUn3,qddgKe,sTsDMc,dtl0hd,eHDfl,YV5bee,d,csi:2600
Bb @ VM3562 m=cdos,cr,hsm,jsa,mb4ZUb,cEt90b,SNUn3,qddgKe,sTsDMc,dtl0hd,eHDfl,YV5bee,d,csi:2621
(anonymous) @ VM3562 m=cdos,cr,hsm,jsa,mb4ZUb,cEt90b,SNUn3,qddgKe,sTsDMc,dtl0hd,eHDfl,YV5bee,d,csi:938
map @ VM3562 m=cdos,cr,hsm,jsa,mb4ZUb,cEt90b,SNUn3,qddgKe,sTsDMc,dtl0hd,eHDfl,YV5bee,d,csi:724
sXa @ VM3562 m=cdos,cr,hsm,jsa,mb4ZUb,cEt90b,SNUn3,qddgKe,sTsDMc,dtl0hd,eHDfl,YV5bee,d,csi:938
(anonymous) @ VM3562 m=cdos,cr,hsm,jsa,mb4ZUb,cEt90b,SNUn3,qddgKe,sTsDMc,dtl0hd,eHDfl,YV5bee,d,csi:935
flatMap @ VM3562 m=cdos,cr,hsm,jsa,mb4ZUb,cEt90b,SNUn3,qddgKe,sTsDMc,dtl0hd,eHDfl,YV5bee,d,csi:724
(anonymous) @ VM3562 m=cdos,cr,hsm,jsa,mb4ZUb,cEt90b,SNUn3,qddgKe,sTsDMc,dtl0hd,eHDfl,YV5bee,d,csi:935
flatMap @ VM3562 m=cdos,cr,hsm,jsa,mb4ZUb,cEt90b,SNUn3,qddgKe,sTsDMc,dtl0hd,eHDfl,YV5bee,d,csi:724
(anonymous) @ VM3562 m=cdos,cr,hsm,jsa,mb4ZUb,cEt90b,SNUn3,qddgKe,sTsDMc,dtl0hd,eHDfl,YV5bee,d,csi:935
b.run @ VM3562 m=cdos,cr,hsm,jsa,mb4ZUb,cEt90b,SNUn3,qddgKe,sTsDMc,dtl0hd,eHDfl,YV5bee,d,csi:418
run @ VM3562 m=cdos,cr,hsm,jsa,mb4ZUb,cEt90b,SNUn3,qddgKe,sTsDMc,dtl0hd,eHDfl,YV5bee,d,csi:921
enter @ VM3562 m=cdos,cr,hsm,jsa,mb4ZUb,cEt90b,SNUn3,qddgKe,sTsDMc,dtl0hd,eHDfl,YV5bee,d,csi:923
qya @ VM3562 m=cdos,cr,hsm,jsa,mb4ZUb,cEt90b,SNUn3,qddgKe,sTsDMc,dtl0hd,eHDfl,YV5bee,d,csi:383
(anonymous) @ VM3562 m=cdos,cr,hsm,jsa,mb4ZUb,cEt90b,SNUn3,qddgKe,sTsDMc,dtl0hd,eHDfl,YV5bee,d,csi:385
nXa @ VM3562 m=cdos,cr,hsm,jsa,mb4ZUb,cEt90b,SNUn3,qddgKe,sTsDMc,dtl0hd,eHDfl,YV5bee,d,csi:935
oXa @ VM3562 m=cdos,cr,hsm,jsa,mb4ZUb,cEt90b,SNUn3,qddgKe,sTsDMc,dtl0hd,eHDfl,YV5bee,d,csi:933
(anonymous) @ VM3562 m=cdos,cr,hsm,jsa,mb4ZUb,cEt90b,SNUn3,qddgKe,sTsDMc,dtl0hd,eHDfl,YV5bee,d,csi:943
OWa.qM.MWa.MCa @ VM3562 m=cdos,cr,hsm,jsa,mb4ZUb,cEt90b,SNUn3,qddgKe,sTsDMc,dtl0hd,eHDfl,YV5bee,d,csi:920
dispatch @ VM3562 m=cdos,cr,hsm,jsa,mb4ZUb,cEt90b,SNUn3,qddgKe,sTsDMc,dtl0hd,eHDfl,YV5bee,d,csi:920
dispatch @ VM3562 m=cdos,cr,hsm,jsa,mb4ZUb,cEt90b,SNUn3,qddgKe,sTsDMc,dtl0hd,eHDfl,YV5bee,d,csi:921
(anonymous) @ VM3562 m=cdos,cr,hsm,jsa,mb4ZUb,cEt90b,SNUn3,qddgKe,sTsDMc,dtl0hd,eHDfl,YV5bee,d,csi:380
F @ sj-proxy?url=https%3A%2F%2Fgoogle.com:18
E.handleEvent @ sj-proxy?url=https%3A%2F%2Fgoogle.com:18
f @ sj-proxy?url=https%3A%2F%2Fgoogle.com:18
trigger @ sj-proxy?url=https%3A%2F%2Fgoogle.com:18
trigger @ VM3562 m=cdos,cr,hsm,jsa,mb4ZUb,cEt90b,SNUn3,qddgKe,sTsDMc,dtl0hd,eHDfl,YV5bee,d,csi:942
xra @ VM3562 m=cdos,cr,hsm,jsa,mb4ZUb,cEt90b,SNUn3,qddgKe,sTsDMc,dtl0hd,eHDfl,YV5bee,d,csi:927
_.Sg @ VM3562 m=cdos,cr,hsm,jsa,mb4ZUb,cEt90b,SNUn3,qddgKe,sTsDMc,dtl0hd,eHDfl,YV5bee,d,csi:288
trigger @ VM3562 m=cdos,cr,hsm,jsa,mb4ZUb,cEt90b,SNUn3,qddgKe,sTsDMc,dtl0hd,eHDfl,YV5bee,d,csi:819
y0d @ VM3562 m=cdos,cr,hsm,jsa,mb4ZUb,cEt90b,SNUn3,qddgKe,sTsDMc,dtl0hd,eHDfl,YV5bee,d,csi:2142
onInput @ VM3562 m=cdos,cr,hsm,jsa,mb4ZUb,cEt90b,SNUn3,qddgKe,sTsDMc,dtl0hd,eHDfl,YV5bee,d,csi:2147
(anonymous) @ VM3562 m=cdos,cr,hsm,jsa,mb4ZUb,cEt90b,SNUn3,qddgKe,sTsDMc,dtl0hd,eHDfl,YV5bee,d,csi:938
map @ VM3562 m=cdos,cr,hsm,jsa,mb4ZUb,cEt90b,SNUn3,qddgKe,sTsDMc,dtl0hd,eHDfl,YV5bee,d,csi:724
sXa @ VM3562 m=cdos,cr,hsm,jsa,mb4ZUb,cEt90b,SNUn3,qddgKe,sTsDMc,dtl0hd,eHDfl,YV5bee,d,csi:938
(anonymous) @ VM3562 m=cdos,cr,hsm,jsa,mb4ZUb,cEt90b,SNUn3,qddgKe,sTsDMc,dtl0hd,eHDfl,YV5bee,d,csi:935
flatMap @ VM3562 m=cdos,cr,hsm,jsa,mb4ZUb,cEt90b,SNUn3,qddgKe,sTsDMc,dtl0hd,eHDfl,YV5bee,d,csi:724
(anonymous) @ VM3562 m=cdos,cr,hsm,jsa,mb4ZUb,cEt90b,SNUn3,qddgKe,sTsDMc,dtl0hd,eHDfl,YV5bee,d,csi:935
flatMap @ VM3562 m=cdos,cr,hsm,jsa,mb4ZUb,cEt90b,SNUn3,qddgKe,sTsDMc,dtl0hd,eHDfl,YV5bee,d,csi:724
(anonymous) @ VM3562 m=cdos,cr,hsm,jsa,mb4ZUb,cEt90b,SNUn3,qddgKe,sTsDMc,dtl0hd,eHDfl,YV5bee,d,csi:935
b.run @ VM3562 m=cdos,cr,hsm,jsa,mb4ZUb,cEt90b,SNUn3,qddgKe,sTsDMc,dtl0hd,eHDfl,YV5bee,d,csi:418
run @ VM3562 m=cdos,cr,hsm,jsa,mb4ZUb,cEt90b,SNUn3,qddgKe,sTsDMc,dtl0hd,eHDfl,YV5bee,d,csi:921
enter @ VM3562 m=cdos,cr,hsm,jsa,mb4ZUb,cEt90b,SNUn3,qddgKe,sTsDMc,dtl0hd,eHDfl,YV5bee,d,csi:923
(anonymous) @ VM3562 m=cdos,cr,hsm,jsa,mb4ZUb,cEt90b,SNUn3,qddgKe,sTsDMc,dtl0hd,eHDfl,YV5bee,d,csi:385
nXa @ VM3562 m=cdos,cr,hsm,jsa,mb4ZUb,cEt90b,SNUn3,qddgKe,sTsDMc,dtl0hd,eHDfl,YV5bee,d,csi:935
oXa @ VM3562 m=cdos,cr,hsm,jsa,mb4ZUb,cEt90b,SNUn3,qddgKe,sTsDMc,dtl0hd,eHDfl,YV5bee,d,csi:933
(anonymous) @ VM3562 m=cdos,cr,hsm,jsa,mb4ZUb,cEt90b,SNUn3,qddgKe,sTsDMc,dtl0hd,eHDfl,YV5bee,d,csi:943
OWa.qM.MWa.MCa @ VM3562 m=cdos,cr,hsm,jsa,mb4ZUb,cEt90b,SNUn3,qddgKe,sTsDMc,dtl0hd,eHDfl,YV5bee,d,csi:920
dispatch @ VM3562 m=cdos,cr,hsm,jsa,mb4ZUb,cEt90b,SNUn3,qddgKe,sTsDMc,dtl0hd,eHDfl,YV5bee,d,csi:920
dispatch @ VM3562 m=cdos,cr,hsm,jsa,mb4ZUb,cEt90b,SNUn3,qddgKe,sTsDMc,dtl0hd,eHDfl,YV5bee,d,csi:921
(anonymous) @ VM3562 m=cdos,cr,hsm,jsa,mb4ZUb,cEt90b,SNUn3,qddgKe,sTsDMc,dtl0hd,eHDfl,YV5bee,d,csi:380
F @ sj-proxy?url=https%3A%2F%2Fgoogle.com:18
E.handleEvent @ sj-proxy?url=https%3A%2F%2Fgoogle.com:18
f @ sj-proxy?url=https%3A%2F%2Fgoogle.com:18
(anonymous) @ sj-proxy?url=https%3A%2F%2Fgoogle.com:18
sj-proxy?url=https%3A%2F%2Fgoogle.com:1 Access to XMLHttpRequest at 'https://google.com/complete/s?q=dailymotio&cp=10&client=gws-wiz&xssi=t&gs_pcrt=undefined&hl=en&authuser=0&psi=-MA0au3PF5Ly0PEPwr-cgAU.1781842168574&dpr=1' from origin 'http://localhost:8080' has been blocked by CORS policy: No 'Access-Control-Allow-Origin' header is present on the requested resource.
VM3562 m=cdos,cr,hsm,jsa,mb4ZUb,cEt90b,SNUn3,qddgKe,sTsDMc,dtl0hd,eHDfl,YV5bee,d,csi:422  GET https://google.com/complete/s?q=dailymotio&cp=10&client=gws-wiz&xssi=t&gs_pcrt=undefined&hl=en&authuser=0&psi=-MA0au3PF5Ly0PEPwr-cgAU.1781842168574&dpr=1 net::ERR_FAILED 200 (OK)
(anonymous) @ VM3562 m=cdos,cr,hsm,jsa,mb4ZUb,cEt90b,SNUn3,qddgKe,sTsDMc,dtl0hd,eHDfl,YV5bee,d,csi:422
_.aa.send @ VM3562 m=cdos,cr,hsm,jsa,mb4ZUb,cEt90b,SNUn3,qddgKe,sTsDMc,dtl0hd,eHDfl,YV5bee,d,csi:991
(anonymous) @ VM3562 m=cdos,cr,hsm,jsa,mb4ZUb,cEt90b,SNUn3,qddgKe,sTsDMc,dtl0hd,eHDfl,YV5bee,d,csi:2472
Oa @ VM3562 m=cdos,cr,hsm,jsa,mb4ZUb,cEt90b,SNUn3,qddgKe,sTsDMc,dtl0hd,eHDfl,YV5bee,d,csi:2471
p7d @ VM3562 m=cdos,cr,hsm,jsa,mb4ZUb,cEt90b,SNUn3,qddgKe,sTsDMc,dtl0hd,eHDfl,YV5bee,d,csi:2465
uH @ VM3562 m=cdos,cr,hsm,jsa,mb4ZUb,cEt90b,SNUn3,qddgKe,sTsDMc,dtl0hd,eHDfl,YV5bee,d,csi:2471
uH @ VM3562 m=cdos,cr,hsm,jsa,mb4ZUb,cEt90b,SNUn3,qddgKe,sTsDMc,dtl0hd,eHDfl,YV5bee,d,csi:2620
d$d @ VM3562 m=cdos,cr,hsm,jsa,mb4ZUb,cEt90b,SNUn3,qddgKe,sTsDMc,dtl0hd,eHDfl,YV5bee,d,csi:2600
Bb @ VM3562 m=cdos,cr,hsm,jsa,mb4ZUb,cEt90b,SNUn3,qddgKe,sTsDMc,dtl0hd,eHDfl,YV5bee,d,csi:2621
(anonymous) @ VM3562 m=cdos,cr,hsm,jsa,mb4ZUb,cEt90b,SNUn3,qddgKe,sTsDMc,dtl0hd,eHDfl,YV5bee,d,csi:938
map @ VM3562 m=cdos,cr,hsm,jsa,mb4ZUb,cEt90b,SNUn3,qddgKe,sTsDMc,dtl0hd,eHDfl,YV5bee,d,csi:724
sXa @ VM3562 m=cdos,cr,hsm,jsa,mb4ZUb,cEt90b,SNUn3,qddgKe,sTsDMc,dtl0hd,eHDfl,YV5bee,d,csi:938
(anonymous) @ VM3562 m=cdos,cr,hsm,jsa,mb4ZUb,cEt90b,SNUn3,qddgKe,sTsDMc,dtl0hd,eHDfl,YV5bee,d,csi:935
flatMap @ VM3562 m=cdos,cr,hsm,jsa,mb4ZUb,cEt90b,SNUn3,qddgKe,sTsDMc,dtl0hd,eHDfl,YV5bee,d,csi:724
(anonymous) @ VM3562 m=cdos,cr,hsm,jsa,mb4ZUb,cEt90b,SNUn3,qddgKe,sTsDMc,dtl0hd,eHDfl,YV5bee,d,csi:935
flatMap @ VM3562 m=cdos,cr,hsm,jsa,mb4ZUb,cEt90b,SNUn3,qddgKe,sTsDMc,dtl0hd,eHDfl,YV5bee,d,csi:724
(anonymous) @ VM3562 m=cdos,cr,hsm,jsa,mb4ZUb,cEt90b,SNUn3,qddgKe,sTsDMc,dtl0hd,eHDfl,YV5bee,d,csi:935
b.run @ VM3562 m=cdos,cr,hsm,jsa,mb4ZUb,cEt90b,SNUn3,qddgKe,sTsDMc,dtl0hd,eHDfl,YV5bee,d,csi:418
run @ VM3562 m=cdos,cr,hsm,jsa,mb4ZUb,cEt90b,SNUn3,qddgKe,sTsDMc,dtl0hd,eHDfl,YV5bee,d,csi:921
enter @ VM3562 m=cdos,cr,hsm,jsa,mb4ZUb,cEt90b,SNUn3,qddgKe,sTsDMc,dtl0hd,eHDfl,YV5bee,d,csi:923
qya @ VM3562 m=cdos,cr,hsm,jsa,mb4ZUb,cEt90b,SNUn3,qddgKe,sTsDMc,dtl0hd,eHDfl,YV5bee,d,csi:383
(anonymous) @ VM3562 m=cdos,cr,hsm,jsa,mb4ZUb,cEt90b,SNUn3,qddgKe,sTsDMc,dtl0hd,eHDfl,YV5bee,d,csi:385
nXa @ VM3562 m=cdos,cr,hsm,jsa,mb4ZUb,cEt90b,SNUn3,qddgKe,sTsDMc,dtl0hd,eHDfl,YV5bee,d,csi:935
oXa @ VM3562 m=cdos,cr,hsm,jsa,mb4ZUb,cEt90b,SNUn3,qddgKe,sTsDMc,dtl0hd,eHDfl,YV5bee,d,csi:933
(anonymous) @ VM3562 m=cdos,cr,hsm,jsa,mb4ZUb,cEt90b,SNUn3,qddgKe,sTsDMc,dtl0hd,eHDfl,YV5bee,d,csi:943
OWa.qM.MWa.MCa @ VM3562 m=cdos,cr,hsm,jsa,mb4ZUb,cEt90b,SNUn3,qddgKe,sTsDMc,dtl0hd,eHDfl,YV5bee,d,csi:920
dispatch @ VM3562 m=cdos,cr,hsm,jsa,mb4ZUb,cEt90b,SNUn3,qddgKe,sTsDMc,dtl0hd,eHDfl,YV5bee,d,csi:920
dispatch @ VM3562 m=cdos,cr,hsm,jsa,mb4ZUb,cEt90b,SNUn3,qddgKe,sTsDMc,dtl0hd,eHDfl,YV5bee,d,csi:921
(anonymous) @ VM3562 m=cdos,cr,hsm,jsa,mb4ZUb,cEt90b,SNUn3,qddgKe,sTsDMc,dtl0hd,eHDfl,YV5bee,d,csi:380
F @ sj-proxy?url=https%3A%2F%2Fgoogle.com:18
E.handleEvent @ sj-proxy?url=https%3A%2F%2Fgoogle.com:18
f @ sj-proxy?url=https%3A%2F%2Fgoogle.com:18
trigger @ sj-proxy?url=https%3A%2F%2Fgoogle.com:18
trigger @ VM3562 m=cdos,cr,hsm,jsa,mb4ZUb,cEt90b,SNUn3,qddgKe,sTsDMc,dtl0hd,eHDfl,YV5bee,d,csi:942
xra @ VM3562 m=cdos,cr,hsm,jsa,mb4ZUb,cEt90b,SNUn3,qddgKe,sTsDMc,dtl0hd,eHDfl,YV5bee,d,csi:927
_.Sg @ VM3562 m=cdos,cr,hsm,jsa,mb4ZUb,cEt90b,SNUn3,qddgKe,sTsDMc,dtl0hd,eHDfl,YV5bee,d,csi:288
trigger @ VM3562 m=cdos,cr,hsm,jsa,mb4ZUb,cEt90b,SNUn3,qddgKe,sTsDMc,dtl0hd,eHDfl,YV5bee,d,csi:819
y0d @ VM3562 m=cdos,cr,hsm,jsa,mb4ZUb,cEt90b,SNUn3,qddgKe,sTsDMc,dtl0hd,eHDfl,YV5bee,d,csi:2142
onInput @ VM3562 m=cdos,cr,hsm,jsa,mb4ZUb,cEt90b,SNUn3,qddgKe,sTsDMc,dtl0hd,eHDfl,YV5bee,d,csi:2147
(anonymous) @ VM3562 m=cdos,cr,hsm,jsa,mb4ZUb,cEt90b,SNUn3,qddgKe,sTsDMc,dtl0hd,eHDfl,YV5bee,d,csi:938
map @ VM3562 m=cdos,cr,hsm,jsa,mb4ZUb,cEt90b,SNUn3,qddgKe,sTsDMc,dtl0hd,eHDfl,YV5bee,d,csi:724
sXa @ VM3562 m=cdos,cr,hsm,jsa,mb4ZUb,cEt90b,SNUn3,qddgKe,sTsDMc,dtl0hd,eHDfl,YV5bee,d,csi:938
(anonymous) @ VM3562 m=cdos,cr,hsm,jsa,mb4ZUb,cEt90b,SNUn3,qddgKe,sTsDMc,dtl0hd,eHDfl,YV5bee,d,csi:935
flatMap @ VM3562 m=cdos,cr,hsm,jsa,mb4ZUb,cEt90b,SNUn3,qddgKe,sTsDMc,dtl0hd,eHDfl,YV5bee,d,csi:724
(anonymous) @ VM3562 m=cdos,cr,hsm,jsa,mb4ZUb,cEt90b,SNUn3,qddgKe,sTsDMc,dtl0hd,eHDfl,YV5bee,d,csi:935
flatMap @ VM3562 m=cdos,cr,hsm,jsa,mb4ZUb,cEt90b,SNUn3,qddgKe,sTsDMc,dtl0hd,eHDfl,YV5bee,d,csi:724
(anonymous) @ VM3562 m=cdos,cr,hsm,jsa,mb4ZUb,cEt90b,SNUn3,qddgKe,sTsDMc,dtl0hd,eHDfl,YV5bee,d,csi:935
b.run @ VM3562 m=cdos,cr,hsm,jsa,mb4ZUb,cEt90b,SNUn3,qddgKe,sTsDMc,dtl0hd,eHDfl,YV5bee,d,csi:418
run @ VM3562 m=cdos,cr,hsm,jsa,mb4ZUb,cEt90b,SNUn3,qddgKe,sTsDMc,dtl0hd,eHDfl,YV5bee,d,csi:921
enter @ VM3562 m=cdos,cr,hsm,jsa,mb4ZUb,cEt90b,SNUn3,qddgKe,sTsDMc,dtl0hd,eHDfl,YV5bee,d,csi:923
(anonymous) @ VM3562 m=cdos,cr,hsm,jsa,mb4ZUb,cEt90b,SNUn3,qddgKe,sTsDMc,dtl0hd,eHDfl,YV5bee,d,csi:385
nXa @ VM3562 m=cdos,cr,hsm,jsa,mb4ZUb,cEt90b,SNUn3,qddgKe,sTsDMc,dtl0hd,eHDfl,YV5bee,d,csi:935
oXa @ VM3562 m=cdos,cr,hsm,jsa,mb4ZUb,cEt90b,SNUn3,qddgKe,sTsDMc,dtl0hd,eHDfl,YV5bee,d,csi:933
(anonymous) @ VM3562 m=cdos,cr,hsm,jsa,mb4ZUb,cEt90b,SNUn3,qddgKe,sTsDMc,dtl0hd,eHDfl,YV5bee,d,csi:943
OWa.qM.MWa.MCa @ VM3562 m=cdos,cr,hsm,jsa,mb4ZUb,cEt90b,SNUn3,qddgKe,sTsDMc,dtl0hd,eHDfl,YV5bee,d,csi:920
dispatch @ VM3562 m=cdos,cr,hsm,jsa,mb4ZUb,cEt90b,SNUn3,qddgKe,sTsDMc,dtl0hd,eHDfl,YV5bee,d,csi:920
dispatch @ VM3562 m=cdos,cr,hsm,jsa,mb4ZUb,cEt90b,SNUn3,qddgKe,sTsDMc,dtl0hd,eHDfl,YV5bee,d,csi:921
(anonymous) @ VM3562 m=cdos,cr,hsm,jsa,mb4ZUb,cEt90b,SNUn3,qddgKe,sTsDMc,dtl0hd,eHDfl,YV5bee,d,csi:380
F @ sj-proxy?url=https%3A%2F%2Fgoogle.com:18
E.handleEvent @ sj-proxy?url=https%3A%2F%2Fgoogle.com:18
f @ sj-proxy?url=https%3A%2F%2Fgoogle.com:18
(anonymous) @ sj-proxy?url=https%3A%2F%2Fgoogle.com:18
sj-proxy?url=https%3A%2F%2Fgoogle.com:1 Access to XMLHttpRequest at 'https://google.com/complete/s?q=dailymotion&cp=11&client=gws-wiz&xssi=t&gs_pcrt=undefined&hl=en&authuser=0&psi=-MA0au3PF5Ly0PEPwr-cgAU.1781842168574&dpr=1' from origin 'http://localhost:8080' has been blocked by CORS policy: No 'Access-Control-Allow-Origin' header is present on the requested resource.
VM3562 m=cdos,cr,hsm,jsa,mb4ZUb,cEt90b,SNUn3,qddgKe,sTsDMc,dtl0hd,eHDfl,YV5bee,d,csi:422  GET https://google.com/complete/s?q=dailymotion&cp=11&client=gws-wiz&xssi=t&gs_pcrt=undefined&hl=en&authuser=0&psi=-MA0au3PF5Ly0PEPwr-cgAU.1781842168574&dpr=1 net::ERR_FAILED 200 (OK)
(anonymous) @ VM3562 m=cdos,cr,hsm,jsa,mb4ZUb,cEt90b,SNUn3,qddgKe,sTsDMc,dtl0hd,eHDfl,YV5bee,d,csi:422
_.aa.send @ VM3562 m=cdos,cr,hsm,jsa,mb4ZUb,cEt90b,SNUn3,qddgKe,sTsDMc,dtl0hd,eHDfl,YV5bee,d,csi:991
(anonymous) @ VM3562 m=cdos,cr,hsm,jsa,mb4ZUb,cEt90b,SNUn3,qddgKe,sTsDMc,dtl0hd,eHDfl,YV5bee,d,csi:2472
Oa @ VM3562 m=cdos,cr,hsm,jsa,mb4ZUb,cEt90b,SNUn3,qddgKe,sTsDMc,dtl0hd,eHDfl,YV5bee,d,csi:2471
p7d @ VM3562 m=cdos,cr,hsm,jsa,mb4ZUb,cEt90b,SNUn3,qddgKe,sTsDMc,dtl0hd,eHDfl,YV5bee,d,csi:2465
uH @ VM3562 m=cdos,cr,hsm,jsa,mb4ZUb,cEt90b,SNUn3,qddgKe,sTsDMc,dtl0hd,eHDfl,YV5bee,d,csi:2471
uH @ VM3562 m=cdos,cr,hsm,jsa,mb4ZUb,cEt90b,SNUn3,qddgKe,sTsDMc,dtl0hd,eHDfl,YV5bee,d,csi:2620
d$d @ VM3562 m=cdos,cr,hsm,jsa,mb4ZUb,cEt90b,SNUn3,qddgKe,sTsDMc,dtl0hd,eHDfl,YV5bee,d,csi:2600
Bb @ VM3562 m=cdos,cr,hsm,jsa,mb4ZUb,cEt90b,SNUn3,qddgKe,sTsDMc,dtl0hd,eHDfl,YV5bee,d,csi:2621
(anonymous) @ VM3562 m=cdos,cr,hsm,jsa,mb4ZUb,cEt90b,SNUn3,qddgKe,sTsDMc,dtl0hd,eHDfl,YV5bee,d,csi:938
map @ VM3562 m=cdos,cr,hsm,jsa,mb4ZUb,cEt90b,SNUn3,qddgKe,sTsDMc,dtl0hd,eHDfl,YV5bee,d,csi:724
sXa @ VM3562 m=cdos,cr,hsm,jsa,mb4ZUb,cEt90b,SNUn3,qddgKe,sTsDMc,dtl0hd,eHDfl,YV5bee,d,csi:938
(anonymous) @ VM3562 m=cdos,cr,hsm,jsa,mb4ZUb,cEt90b,SNUn3,qddgKe,sTsDMc,dtl0hd,eHDfl,YV5bee,d,csi:935
flatMap @ VM3562 m=cdos,cr,hsm,jsa,mb4ZUb,cEt90b,SNUn3,qddgKe,sTsDMc,dtl0hd,eHDfl,YV5bee,d,csi:724
(anonymous) @ VM3562 m=cdos,cr,hsm,jsa,mb4ZUb,cEt90b,SNUn3,qddgKe,sTsDMc,dtl0hd,eHDfl,YV5bee,d,csi:935
flatMap @ VM3562 m=cdos,cr,hsm,jsa,mb4ZUb,cEt90b,SNUn3,qddgKe,sTsDMc,dtl0hd,eHDfl,YV5bee,d,csi:724
(anonymous) @ VM3562 m=cdos,cr,hsm,jsa,mb4ZUb,cEt90b,SNUn3,qddgKe,sTsDMc,dtl0hd,eHDfl,YV5bee,d,csi:935
b.run @ VM3562 m=cdos,cr,hsm,jsa,mb4ZUb,cEt90b,SNUn3,qddgKe,sTsDMc,dtl0hd,eHDfl,YV5bee,d,csi:418
run @ VM3562 m=cdos,cr,hsm,jsa,mb4ZUb,cEt90b,SNUn3,qddgKe,sTsDMc,dtl0hd,eHDfl,YV5bee,d,csi:921
enter @ VM3562 m=cdos,cr,hsm,jsa,mb4ZUb,cEt90b,SNUn3,qddgKe,sTsDMc,dtl0hd,eHDfl,YV5bee,d,csi:923
qya @ VM3562 m=cdos,cr,hsm,jsa,mb4ZUb,cEt90b,SNUn3,qddgKe,sTsDMc,dtl0hd,eHDfl,YV5bee,d,csi:383
(anonymous) @ VM3562 m=cdos,cr,hsm,jsa,mb4ZUb,cEt90b,SNUn3,qddgKe,sTsDMc,dtl0hd,eHDfl,YV5bee,d,csi:385
nXa @ VM3562 m=cdos,cr,hsm,jsa,mb4ZUb,cEt90b,SNUn3,qddgKe,sTsDMc,dtl0hd,eHDfl,YV5bee,d,csi:935
oXa @ VM3562 m=cdos,cr,hsm,jsa,mb4ZUb,cEt90b,SNUn3,qddgKe,sTsDMc,dtl0hd,eHDfl,YV5bee,d,csi:933
(anonymous) @ VM3562 m=cdos,cr,hsm,jsa,mb4ZUb,cEt90b,SNUn3,qddgKe,sTsDMc,dtl0hd,eHDfl,YV5bee,d,csi:943
OWa.qM.MWa.MCa @ VM3562 m=cdos,cr,hsm,jsa,mb4ZUb,cEt90b,SNUn3,qddgKe,sTsDMc,dtl0hd,eHDfl,YV5bee,d,csi:920
dispatch @ VM3562 m=cdos,cr,hsm,jsa,mb4ZUb,cEt90b,SNUn3,qddgKe,sTsDMc,dtl0hd,eHDfl,YV5bee,d,csi:920
dispatch @ VM3562 m=cdos,cr,hsm,jsa,mb4ZUb,cEt90b,SNUn3,qddgKe,sTsDMc,dtl0hd,eHDfl,YV5bee,d,csi:921
(anonymous) @ VM3562 m=cdos,cr,hsm,jsa,mb4ZUb,cEt90b,SNUn3,qddgKe,sTsDMc,dtl0hd,eHDfl,YV5bee,d,csi:380
F @ sj-proxy?url=https%3A%2F%2Fgoogle.com:18
E.handleEvent @ sj-proxy?url=https%3A%2F%2Fgoogle.com:18
f @ sj-proxy?url=https%3A%2F%2Fgoogle.com:18
trigger @ sj-proxy?url=https%3A%2F%2Fgoogle.com:18
trigger @ VM3562 m=cdos,cr,hsm,jsa,mb4ZUb,cEt90b,SNUn3,qddgKe,sTsDMc,dtl0hd,eHDfl,YV5bee,d,csi:942
xra @ VM3562 m=cdos,cr,hsm,jsa,mb4ZUb,cEt90b,SNUn3,qddgKe,sTsDMc,dtl0hd,eHDfl,YV5bee,d,csi:927
_.Sg @ VM3562 m=cdos,cr,hsm,jsa,mb4ZUb,cEt90b,SNUn3,qddgKe,sTsDMc,dtl0hd,eHDfl,YV5bee,d,csi:288
trigger @ VM3562 m=cdos,cr,hsm,jsa,mb4ZUb,cEt90b,SNUn3,qddgKe,sTsDMc,dtl0hd,eHDfl,YV5bee,d,csi:819
y0d @ VM3562 m=cdos,cr,hsm,jsa,mb4ZUb,cEt90b,SNUn3,qddgKe,sTsDMc,dtl0hd,eHDfl,YV5bee,d,csi:2142
onInput @ VM3562 m=cdos,cr,hsm,jsa,mb4ZUb,cEt90b,SNUn3,qddgKe,sTsDMc,dtl0hd,eHDfl,YV5bee,d,csi:2147
(anonymous) @ VM3562 m=cdos,cr,hsm,jsa,mb4ZUb,cEt90b,SNUn3,qddgKe,sTsDMc,dtl0hd,eHDfl,YV5bee,d,csi:938
map @ VM3562 m=cdos,cr,hsm,jsa,mb4ZUb,cEt90b,SNUn3,qddgKe,sTsDMc,dtl0hd,eHDfl,YV5bee,d,csi:724
sXa @ VM3562 m=cdos,cr,hsm,jsa,mb4ZUb,cEt90b,SNUn3,qddgKe,sTsDMc,dtl0hd,eHDfl,YV5bee,d,csi:938
(anonymous) @ VM3562 m=cdos,cr,hsm,jsa,mb4ZUb,cEt90b,SNUn3,qddgKe,sTsDMc,dtl0hd,eHDfl,YV5bee,d,csi:935
flatMap @ VM3562 m=cdos,cr,hsm,jsa,mb4ZUb,cEt90b,SNUn3,qddgKe,sTsDMc,dtl0hd,eHDfl,YV5bee,d,csi:724
(anonymous) @ VM3562 m=cdos,cr,hsm,jsa,mb4ZUb,cEt90b,SNUn3,qddgKe,sTsDMc,dtl0hd,eHDfl,YV5bee,d,csi:935
flatMap @ VM3562 m=cdos,cr,hsm,jsa,mb4ZUb,cEt90b,SNUn3,qddgKe,sTsDMc,dtl0hd,eHDfl,YV5bee,d,csi:724
(anonymous) @ VM3562 m=cdos,cr,hsm,jsa,mb4ZUb,cEt90b,SNUn3,qddgKe,sTsDMc,dtl0hd,eHDfl,YV5bee,d,csi:935
b.run @ VM3562 m=cdos,cr,hsm,jsa,mb4ZUb,cEt90b,SNUn3,qddgKe,sTsDMc,dtl0hd,eHDfl,YV5bee,d,csi:418
run @ VM3562 m=cdos,cr,hsm,jsa,mb4ZUb,cEt90b,SNUn3,qddgKe,sTsDMc,dtl0hd,eHDfl,YV5bee,d,csi:921
enter @ VM3562 m=cdos,cr,hsm,jsa,mb4ZUb,cEt90b,SNUn3,qddgKe,sTsDMc,dtl0hd,eHDfl,YV5bee,d,csi:923
(anonymous) @ VM3562 m=cdos,cr,hsm,jsa,mb4ZUb,cEt90b,SNUn3,qddgKe,sTsDMc,dtl0hd,eHDfl,YV5bee,d,csi:385
nXa @ VM3562 m=cdos,cr,hsm,jsa,mb4ZUb,cEt90b,SNUn3,qddgKe,sTsDMc,dtl0hd,eHDfl,YV5bee,d,csi:935
oXa @ VM3562 m=cdos,cr,hsm,jsa,mb4ZUb,cEt90b,SNUn3,qddgKe,sTsDMc,dtl0hd,eHDfl,YV5bee,d,csi:933
(anonymous) @ VM3562 m=cdos,cr,hsm,jsa,mb4ZUb,cEt90b,SNUn3,qddgKe,sTsDMc,dtl0hd,eHDfl,YV5bee,d,csi:943
OWa.qM.MWa.MCa @ VM3562 m=cdos,cr,hsm,jsa,mb4ZUb,cEt90b,SNUn3,qddgKe,sTsDMc,dtl0hd,eHDfl,YV5bee,d,csi:920
dispatch @ VM3562 m=cdos,cr,hsm,jsa,mb4ZUb,cEt90b,SNUn3,qddgKe,sTsDMc,dtl0hd,eHDfl,YV5bee,d,csi:920
dispatch @ VM3562 m=cdos,cr,hsm,jsa,mb4ZUb,cEt90b,SNUn3,qddgKe,sTsDMc,dtl0hd,eHDfl,YV5bee,d,csi:921
(anonymous) @ VM3562 m=cdos,cr,hsm,jsa,mb4ZUb,cEt90b,SNUn3,qddgKe,sTsDMc,dtl0hd,eHDfl,YV5bee,d,csi:380
F @ sj-proxy?url=https%3A%2F%2Fgoogle.com:18
E.handleEvent @ sj-proxy?url=https%3A%2F%2Fgoogle.com:18
f @ sj-proxy?url=https%3A%2F%2Fgoogle.com:18
(anonymous) @ sj-proxy?url=https%3A%2F%2Fgoogle.com:18
(index):1 Refused to display 'https://www.google.com/' in a frame because it set 'X-Frame-Options' to 'sameorigin'.
